15:04:41 **** Build of configuration Debug for project frdmk66f_adc16_low_power_peripheral ****
make -r -j4 all 
Building file: ../utilities/fsl_assert.c
Building file: ../utilities/fsl_debug_console.c
Building file: ../startup/startup_mk66f18.c
Building file: ../source/adc16_low_power_peripheral.c
Invoking: MCU C Compiler
Invoking: MCU C Compiler
arm-none-eabi-gcc -std=gnu99 -DCPU_MK66FN2M0VMD18 -DFRDM_K66F -DFREEDOM -DMCUXPRESSO_SDK -DCPU_MK66FN2M0VMD18_cm4 -DSDK_DEBUGCONSOLE=0 -DCR_INTEGER_PRINTF -D__MCUXPRESSO -D__USE_CMSIS -DDEBUG -D__REDLIB__ -I"C:\Users\guoj69\Desktop\lab 0\frdmk66f_adc16_low_power_peripheral\source" -I"C:\Users\guoj69\Desktop\lab 0\frdmk66f_adc16_low_power_peripheral\utilities" -I"C:\Users\guoj69\Desktop\lab 0\frdmk66f_adc16_low_power_peripheral\drivers" -I"C:\Users\guoj69\Desktop\lab 0\frdmk66f_adc16_low_power_peripheral\device" -I"C:\Users\guoj69\Desktop\lab 0\frdmk66f_adc16_low_power_peripheral\component\uart" -I"C:\Users\guoj69\Desktop\lab 0\frdmk66f_adc16_low_power_peripheral\component\lists" -I"C:\Users\guoj69\Desktop\lab 0\frdmk66f_adc16_low_power_peripheral\CMSIS" -I"C:\Users\guoj69\Desktop\lab 0\frdmk66f_adc16_low_power_peripheral\board" -I"C:\Users\guoj69\Desktop\lab 0\frdmk66f_adc16_low_power_peripheral\frdmk66f\demo_apps\adc16_low_power_peripheral" -O0 -fno-common -g3 -c -ffunction-sections -fdata-sections -ffreestanding -fno-builtin -fmerge-constants -fmacro-prefix-map="../utilities/"= -mcpu=cortex-m4 -mfpu=fpv4-sp-d16 -mfloat-abi=hard -mthumb -D__REDLIB__ -fstack-usage -specs=redlib.specs -MMD -MP -MF"utilities/fsl_assert.d" -MT"utilities/fsl_assert.o" -MT"utilities/fsl_assert.d" -o "utilities/fsl_assert.o" "../utilities/fsl_assert.c"
Invoking: MCU C Compiler
arm-none-eabi-gcc -std=gnu99 -DCPU_MK66FN2M0VMD18 -DFRDM_K66F -DFREEDOM -DMCUXPRESSO_SDK -DCPU_MK66FN2M0VMD18_cm4 -DSDK_DEBUGCONSOLE=0 -DCR_INTEGER_PRINTF -D__MCUXPRESSO -D__USE_CMSIS -DDEBUG -D__REDLIB__ -I"C:\Users\guoj69\Desktop\lab 0\frdmk66f_adc16_low_power_peripheral\source" -I"C:\Users\guoj69\Desktop\lab 0\frdmk66f_adc16_low_power_peripheral\utilities" -I"C:\Users\guoj69\Desktop\lab 0\frdmk66f_adc16_low_power_peripheral\drivers" -I"C:\Users\guoj69\Desktop\lab 0\frdmk66f_adc16_low_power_peripheral\device" -I"C:\Users\guoj69\Desktop\lab 0\frdmk66f_adc16_low_power_peripheral\component\uart" -I"C:\Users\guoj69\Desktop\lab 0\frdmk66f_adc16_low_power_peripheral\component\lists" -I"C:\Users\guoj69\Desktop\lab 0\frdmk66f_adc16_low_power_peripheral\CMSIS" -I"C:\Users\guoj69\Desktop\lab 0\frdmk66f_adc16_low_power_peripheral\board" -I"C:\Users\guoj69\Desktop\lab 0\frdmk66f_adc16_low_power_peripheral\frdmk66f\demo_apps\adc16_low_power_peripheral" -O0 -fno-common -g3 -c -ffunction-sections -fdata-sections -ffreestanding -fno-builtin -fmerge-constants -fmacro-prefix-map="../utilities/"= -mcpu=cortex-m4 -mfpu=fpv4-sp-d16 -mfloat-abi=hard -mthumb -D__REDLIB__ -fstack-usage -specs=redlib.specs -MMD -MP -MF"utilities/fsl_debug_console.d" -MT"utilities/fsl_debug_console.o" -MT"utilities/fsl_debug_console.d" -o "utilities/fsl_debug_console.o" "../utilities/fsl_debug_console.c"
Invoking: MCU C Compiler
arm-none-eabi-gcc -std=gnu99 -DCPU_MK66FN2M0VMD18 -DFRDM_K66F -DFREEDOM -DMCUXPRESSO_SDK -DCPU_MK66FN2M0VMD18_cm4 -DSDK_DEBUGCONSOLE=0 -DCR_INTEGER_PRINTF -D__MCUXPRESSO -D__USE_CMSIS -DDEBUG -D__REDLIB__ -I"C:\Users\guoj69\Desktop\lab 0\frdmk66f_adc16_low_power_peripheral\source" -I"C:\Users\guoj69\Desktop\lab 0\frdmk66f_adc16_low_power_peripheral\utilities" -I"C:\Users\guoj69\Desktop\lab 0\frdmk66f_adc16_low_power_peripheral\drivers" -I"C:\Users\guoj69\Desktop\lab 0\frdmk66f_adc16_low_power_peripheral\device" -I"C:\Users\guoj69\Desktop\lab 0\frdmk66f_adc16_low_power_peripheral\component\uart" -I"C:\Users\guoj69\Desktop\lab 0\frdmk66f_adc16_low_power_peripheral\component\lists" -I"C:\Users\guoj69\Desktop\lab 0\frdmk66f_adc16_low_power_peripheral\CMSIS" -I"C:\Users\guoj69\Desktop\lab 0\frdmk66f_adc16_low_power_peripheral\board" -I"C:\Users\guoj69\Desktop\lab 0\frdmk66f_adc16_low_power_peripheral\frdmk66f\demo_apps\adc16_low_power_peripheral" -O0 -fno-common -g3 -c -ffunction-sections -fdata-sections -ffreestanding -fno-builtin -fmerge-constants -fmacro-prefix-map="../startup/"= -mcpu=cortex-m4 -mfpu=fpv4-sp-d16 -mfloat-abi=hard -mthumb -D__REDLIB__ -fstack-usage -specs=redlib.specs -MMD -MP -MF"startup/startup_mk66f18.d" -MT"startup/startup_mk66f18.o" -MT"startup/startup_mk66f18.d" -o "startup/startup_mk66f18.o" "../startup/startup_mk66f18.c"
arm-none-eabi-gcc -std=gnu99 -DCPU_MK66FN2M0VMD18 -DFRDM_K66F -DFREEDOM -DMCUXPRESSO_SDK -DCPU_MK66FN2M0VMD18_cm4 -DSDK_DEBUGCONSOLE=0 -DCR_INTEGER_PRINTF -D__MCUXPRESSO -D__USE_CMSIS -DDEBUG -D__REDLIB__ -I"C:\Users\guoj69\Desktop\lab 0\frdmk66f_adc16_low_power_peripheral\source" -I"C:\Users\guoj69\Desktop\lab 0\frdmk66f_adc16_low_power_peripheral\utilities" -I"C:\Users\guoj69\Desktop\lab 0\frdmk66f_adc16_low_power_peripheral\drivers" -I"C:\Users\guoj69\Desktop\lab 0\frdmk66f_adc16_low_power_peripheral\device" -I"C:\Users\guoj69\Desktop\lab 0\frdmk66f_adc16_low_power_peripheral\component\uart" -I"C:\Users\guoj69\Desktop\lab 0\frdmk66f_adc16_low_power_peripheral\component\lists" -I"C:\Users\guoj69\Desktop\lab 0\frdmk66f_adc16_low_power_peripheral\CMSIS" -I"C:\Users\guoj69\Desktop\lab 0\frdmk66f_adc16_low_power_peripheral\board" -I"C:\Users\guoj69\Desktop\lab 0\frdmk66f_adc16_low_power_peripheral\frdmk66f\demo_apps\adc16_low_power_peripheral" -O0 -fno-common -g3 -c -ffunction-sections -fdata-sections -ffreestanding -fno-builtin -fmerge-constants -fmacro-prefix-map="../source/"= -mcpu=cortex-m4 -mfpu=fpv4-sp-d16 -mfloat-abi=hard -mthumb -D__REDLIB__ -fstack-usage -specs=redlib.specs -MMD -MP -MF"source/adc16_low_power_peripheral.d" -MT"source/adc16_low_power_peripheral.o" -MT"source/adc16_low_power_peripheral.d" -o "source/adc16_low_power_peripheral.o" "../source/adc16_low_power_peripheral.c"
Finished building: ../startup/startup_mk66f18.c
 
Finished building: ../utilities/fsl_assert.c
Building file: ../source/semihost_hardfault.c
Finished building: ../utilities/fsl_debug_console.c
 
Invoking: MCU C Compiler
 
arm-none-eabi-gcc -std=gnu99 -DCPU_MK66FN2M0VMD18 -DFRDM_K66F -DFREEDOM -DMCUXPRESSO_SDK -DCPU_MK66FN2M0VMD18_cm4 -DSDK_DEBUGCONSOLE=0 -DCR_INTEGER_PRINTF -D__MCUXPRESSO -D__USE_CMSIS -DDEBUG -D__REDLIB__ -I"C:\Users\guoj69\Desktop\lab 0\frdmk66f_adc16_low_power_peripheral\source" -I"C:\Users\guoj69\Desktop\lab 0\frdmk66f_adc16_low_power_peripheral\utilities" -I"C:\Users\guoj69\Desktop\lab 0\frdmk66f_adc16_low_power_peripheral\drivers" -I"C:\Users\guoj69\Desktop\lab 0\frdmk66f_adc16_low_power_peripheral\device" -I"C:\Users\guoj69\Desktop\lab 0\frdmk66f_adc16_low_power_peripheral\component\uart" -I"C:\Users\guoj69\Desktop\lab 0\frdmk66f_adc16_low_power_peripheral\component\lists" -I"C:\Users\guoj69\Desktop\lab 0\frdmk66f_adc16_low_power_peripheral\CMSIS" -I"C:\Users\guoj69\Desktop\lab 0\frdmk66f_adc16_low_power_peripheral\board" -I"C:\Users\guoj69\Desktop\lab 0\frdmk66f_adc16_low_power_peripheral\frdmk66f\demo_apps\adc16_low_power_peripheral" -O0 -fno-common -g3 -c -ffunction-sections -fdata-sections -ffreestanding -fno-builtin -fmerge-constants -fmacro-prefix-map="../source/"= -mcpu=cortex-m4 -mfpu=fpv4-sp-d16 -mfloat-abi=hard -mthumb -D__REDLIB__ -fstack-usage -specs=redlib.specs -MMD -MP -MF"source/semihost_hardfault.d" -MT"source/semihost_hardfault.o" -MT"source/semihost_hardfault.d" -o "source/semihost_hardfault.o" "../source/semihost_hardfault.c"
Building file: ../drivers/fsl_adc16.c
Finished building: ../source/adc16_low_power_peripheral.c
Invoking: MCU C Compiler
arm-none-eabi-gcc -std=gnu99 -DCPU_MK66FN2M0VMD18 -DFRDM_K66F -DFREEDOM -DMCUXPRESSO_SDK -DCPU_MK66FN2M0VMD18_cm4 -DSDK_DEBUGCONSOLE=0 -DCR_INTEGER_PRINTF -D__MCUXPRESSO -D__USE_CMSIS -DDEBUG -D__REDLIB__ -I"C:\Users\guoj69\Desktop\lab 0\frdmk66f_adc16_low_power_peripheral\source" -I"C:\Users\guoj69\Desktop\lab 0\frdmk66f_adc16_low_power_peripheral\utilities" -I"C:\Users\guoj69\Desktop\lab 0\frdmk66f_adc16_low_power_peripheral\drivers" -I"C:\Users\guoj69\Desktop\lab 0\frdmk66f_adc16_low_power_peripheral\device" -I"C:\Users\guoj69\Desktop\lab 0\frdmk66f_adc16_low_power_peripheral\component\uart" -I"C:\Users\guoj69\Desktop\lab 0\frdmk66f_adc16_low_power_peripheral\component\lists" -I"C:\Users\guoj69\Desktop\lab 0\frdmk66f_adc16_low_power_peripheral\CMSIS" -I"C:\Users\guoj69\Desktop\lab 0\frdmk66f_adc16_low_power_peripheral\board" -I"C:\Users\guoj69\Desktop\lab 0\frdmk66f_adc16_low_power_peripheral\frdmk66f\demo_apps\adc16_low_power_peripheral" -O0 -fno-common -g3 -c -ffunction-sections -fdata-sections -ffreestanding -fno-builtin -fmerge-constants -fmacro-prefix-map="../drivers/"= -mcpu=cortex-m4 -mfpu=fpv4-sp-d16 -mfloat-abi=hard -mthumb -D__REDLIB__ -fstack-usage -specs=redlib.specs -MMD -MP -MF"drivers/fsl_adc16.d" -MT"drivers/fsl_adc16.o" -MT"drivers/fsl_adc16.d" -o "drivers/fsl_adc16.o" "../drivers/fsl_adc16.c"
Building file: ../drivers/fsl_clock.c
 
Invoking: MCU C Compiler
Building file: ../drivers/fsl_common.c
arm-none-eabi-gcc -std=gnu99 -DCPU_MK66FN2M0VMD18 -DFRDM_K66F -DFREEDOM -DMCUXPRESSO_SDK -DCPU_MK66FN2M0VMD18_cm4 -DSDK_DEBUGCONSOLE=0 -DCR_INTEGER_PRINTF -D__MCUXPRESSO -D__USE_CMSIS -DDEBUG -D__REDLIB__ -I"C:\Users\guoj69\Desktop\lab 0\frdmk66f_adc16_low_power_peripheral\source" -I"C:\Users\guoj69\Desktop\lab 0\frdmk66f_adc16_low_power_peripheral\utilities" -I"C:\Users\guoj69\Desktop\lab 0\frdmk66f_adc16_low_power_peripheral\drivers" -I"C:\Users\guoj69\Desktop\lab 0\frdmk66f_adc16_low_power_peripheral\device" -I"C:\Users\guoj69\Desktop\lab 0\frdmk66f_adc16_low_power_peripheral\component\uart" -I"C:\Users\guoj69\Desktop\lab 0\frdmk66f_adc16_low_power_peripheral\component\lists" -I"C:\Users\guoj69\Desktop\lab 0\frdmk66f_adc16_low_power_peripheral\CMSIS" -I"C:\Users\guoj69\Desktop\lab 0\frdmk66f_adc16_low_power_peripheral\board" -I"C:\Users\guoj69\Desktop\lab 0\frdmk66f_adc16_low_power_peripheral\frdmk66f\demo_apps\adc16_low_power_peripheral" -O0 -fno-common -g3 -c -ffunction-sections -fdata-sections -ffreestanding -fno-builtin -fmerge-constants -fmacro-prefix-map="../drivers/"= -mcpu=cortex-m4 -mfpu=fpv4-sp-d16 -mfloat-abi=hard -mthumb -D__REDLIB__ -fstack-usage -specs=redlib.specs -MMD -MP -MF"drivers/fsl_clock.d" -MT"drivers/fsl_clock.o" -MT"drivers/fsl_clock.d" -o "drivers/fsl_clock.o" "../drivers/fsl_clock.c"
Invoking: MCU C Compiler
arm-none-eabi-gcc -std=gnu99 -DCPU_MK66FN2M0VMD18 -DFRDM_K66F -DFREEDOM -DMCUXPRESSO_SDK -DCPU_MK66FN2M0VMD18_cm4 -DSDK_DEBUGCONSOLE=0 -DCR_INTEGER_PRINTF -D__MCUXPRESSO -D__USE_CMSIS -DDEBUG -D__REDLIB__ -I"C:\Users\guoj69\Desktop\lab 0\frdmk66f_adc16_low_power_peripheral\source" -I"C:\Users\guoj69\Desktop\lab 0\frdmk66f_adc16_low_power_peripheral\utilities" -I"C:\Users\guoj69\Desktop\lab 0\frdmk66f_adc16_low_power_peripheral\drivers" -I"C:\Users\guoj69\Desktop\lab 0\frdmk66f_adc16_low_power_peripheral\device" -I"C:\Users\guoj69\Desktop\lab 0\frdmk66f_adc16_low_power_peripheral\component\uart" -I"C:\Users\guoj69\Desktop\lab 0\frdmk66f_adc16_low_power_peripheral\component\lists" -I"C:\Users\guoj69\Desktop\lab 0\frdmk66f_adc16_low_power_peripheral\CMSIS" -I"C:\Users\guoj69\Desktop\lab 0\frdmk66f_adc16_low_power_peripheral\board" -I"C:\Users\guoj69\Desktop\lab 0\frdmk66f_adc16_low_power_peripheral\frdmk66f\demo_apps\adc16_low_power_peripheral" -O0 -fno-common -g3 -c -ffunction-sections -fdata-sections -ffreestanding -fno-builtin -fmerge-constants -fmacro-prefix-map="../drivers/"= -mcpu=cortex-m4 -mfpu=fpv4-sp-d16 -mfloat-abi=hard -mthumb -D__REDLIB__ -fstack-usage -specs=redlib.specs -MMD -MP -MF"drivers/fsl_common.d" -MT"drivers/fsl_common.o" -MT"drivers/fsl_common.d" -o "drivers/fsl_common.o" "../drivers/fsl_common.c"
Finished building: ../source/semihost_hardfault.c
 
Building file: ../drivers/fsl_common_arm.c
Invoking: MCU C Compiler
arm-none-eabi-gcc -std=gnu99 -DCPU_MK66FN2M0VMD18 -DFRDM_K66F -DFREEDOM -DMCUXPRESSO_SDK -DCPU_MK66FN2M0VMD18_cm4 -DSDK_DEBUGCONSOLE=0 -DCR_INTEGER_PRINTF -D__MCUXPRESSO -D__USE_CMSIS -DDEBUG -D__REDLIB__ -I"C:\Users\guoj69\Desktop\lab 0\frdmk66f_adc16_low_power_peripheral\source" -I"C:\Users\guoj69\Desktop\lab 0\frdmk66f_adc16_low_power_peripheral\utilities" -I"C:\Users\guoj69\Desktop\lab 0\frdmk66f_adc16_low_power_peripheral\drivers" -I"C:\Users\guoj69\Desktop\lab 0\frdmk66f_adc16_low_power_peripheral\device" -I"C:\Users\guoj69\Desktop\lab 0\frdmk66f_adc16_low_power_peripheral\component\uart" -I"C:\Users\guoj69\Desktop\lab 0\frdmk66f_adc16_low_power_peripheral\component\lists" -I"C:\Users\guoj69\Desktop\lab 0\frdmk66f_adc16_low_power_peripheral\CMSIS" -I"C:\Users\guoj69\Desktop\lab 0\frdmk66f_adc16_low_power_peripheral\board" -I"C:\Users\guoj69\Desktop\lab 0\frdmk66f_adc16_low_power_peripheral\frdmk66f\demo_apps\adc16_low_power_peripheral" -O0 -fno-common -g3 -c -ffunction-sections -fdata-sections -ffreestanding -fno-builtin -fmerge-constants -fmacro-prefix-map="../drivers/"= -mcpu=cortex-m4 -mfpu=fpv4-sp-d16 -mfloat-abi=hard -mthumb -D__REDLIB__ -fstack-usage -specs=redlib.specs -MMD -MP -MF"drivers/fsl_common_arm.d" -MT"drivers/fsl_common_arm.o" -MT"drivers/fsl_common_arm.d" -o "drivers/fsl_common_arm.o" "../drivers/fsl_common_arm.c"
Finished building: ../drivers/fsl_adc16.c
Finished building: ../drivers/fsl_common.c
 
 
Building file: ../drivers/fsl_ftfx_cache.c
Building file: ../drivers/fsl_ftfx_controller.c
Invoking: MCU C Compiler
arm-none-eabi-gcc -std=gnu99 -DCPU_MK66FN2M0VMD18 -DFRDM_K66F -DFREEDOM -DMCUXPRESSO_SDK -DCPU_MK66FN2M0VMD18_cm4 -DSDK_DEBUGCONSOLE=0 -DCR_INTEGER_PRINTF -D__MCUXPRESSO -D__USE_CMSIS -DDEBUG -D__REDLIB__ -I"C:\Users\guoj69\Desktop\lab 0\frdmk66f_adc16_low_power_peripheral\source" -I"C:\Users\guoj69\Desktop\lab 0\frdmk66f_adc16_low_power_peripheral\utilities" -I"C:\Users\guoj69\Desktop\lab 0\frdmk66f_adc16_low_power_peripheral\drivers" -I"C:\Users\guoj69\Desktop\lab 0\frdmk66f_adc16_low_power_peripheral\device" -I"C:\Users\guoj69\Desktop\lab 0\frdmk66f_adc16_low_power_peripheral\component\uart" -I"C:\Users\guoj69\Desktop\lab 0\frdmk66f_adc16_low_power_peripheral\component\lists" -I"C:\Users\guoj69\Desktop\lab 0\frdmk66f_adc16_low_power_peripheral\CMSIS" -I"C:\Users\guoj69\Desktop\lab 0\frdmk66f_adc16_low_power_peripheral\board" -I"C:\Users\guoj69\Desktop\lab 0\frdmk66f_adc16_low_power_peripheral\frdmk66f\demo_apps\adc16_low_power_peripheral" -O0 -fno-common -g3 -c -ffunction-sections -fdata-sections -ffreestanding -fno-builtin -fmerge-constants -fmacro-prefix-map="../drivers/"= -mcpu=cortex-m4 -mfpu=fpv4-sp-d16 -mfloat-abi=hard -mthumb -D__REDLIB__ -fstack-usage -specs=redlib.specs -MMD -MP -MF"drivers/fsl_ftfx_cache.d" -MT"drivers/fsl_ftfx_cache.o" -MT"drivers/fsl_ftfx_cache.d" -o "drivers/fsl_ftfx_cache.o" "../drivers/fsl_ftfx_cache.c"
Invoking: MCU C Compiler
arm-none-eabi-gcc -std=gnu99 -DCPU_MK66FN2M0VMD18 -DFRDM_K66F -DFREEDOM -DMCUXPRESSO_SDK -DCPU_MK66FN2M0VMD18_cm4 -DSDK_DEBUGCONSOLE=0 -DCR_INTEGER_PRINTF -D__MCUXPRESSO -D__USE_CMSIS -DDEBUG -D__REDLIB__ -I"C:\Users\guoj69\Desktop\lab 0\frdmk66f_adc16_low_power_peripheral\source" -I"C:\Users\guoj69\Desktop\lab 0\frdmk66f_adc16_low_power_peripheral\utilities" -I"C:\Users\guoj69\Desktop\lab 0\frdmk66f_adc16_low_power_peripheral\drivers" -I"C:\Users\guoj69\Desktop\lab 0\frdmk66f_adc16_low_power_peripheral\device" -I"C:\Users\guoj69\Desktop\lab 0\frdmk66f_adc16_low_power_peripheral\component\uart" -I"C:\Users\guoj69\Desktop\lab 0\frdmk66f_adc16_low_power_peripheral\component\lists" -I"C:\Users\guoj69\Desktop\lab 0\frdmk66f_adc16_low_power_peripheral\CMSIS" -I"C:\Users\guoj69\Desktop\lab 0\frdmk66f_adc16_low_power_peripheral\board" -I"C:\Users\guoj69\Desktop\lab 0\frdmk66f_adc16_low_power_peripheral\frdmk66f\demo_apps\adc16_low_power_peripheral" -O0 -fno-common -g3 -c -ffunction-sections -fdata-sections -ffreestanding -fno-builtin -fmerge-constants -fmacro-prefix-map="../drivers/"= -mcpu=cortex-m4 -mfpu=fpv4-sp-d16 -mfloat-abi=hard -mthumb -D__REDLIB__ -fstack-usage -specs=redlib.specs -MMD -MP -MF"drivers/fsl_ftfx_controller.d" -MT"drivers/fsl_ftfx_controller.o" -MT"drivers/fsl_ftfx_controller.d" -o "drivers/fsl_ftfx_controller.o" "../drivers/fsl_ftfx_controller.c"
Finished building: ../drivers/fsl_clock.c
 
Finished building: ../drivers/fsl_common_arm.c
Building file: ../drivers/fsl_ftfx_flash.c
Invoking: MCU C Compiler
arm-none-eabi-gcc -std=gnu99 -DCPU_MK66FN2M0VMD18 -DFRDM_K66F -DFREEDOM -DMCUXPRESSO_SDK -DCPU_MK66FN2M0VMD18_cm4 -DSDK_DEBUGCONSOLE=0 -DCR_INTEGER_PRINTF -D__MCUXPRESSO -D__USE_CMSIS -DDEBUG -D__REDLIB__ -I"C:\Users\guoj69\Desktop\lab 0\frdmk66f_adc16_low_power_peripheral\source" -I"C:\Users\guoj69\Desktop\lab 0\frdmk66f_adc16_low_power_peripheral\utilities" -I"C:\Users\guoj69\Desktop\lab 0\frdmk66f_adc16_low_power_peripheral\drivers" -I"C:\Users\guoj69\Desktop\lab 0\frdmk66f_adc16_low_power_peripheral\device" -I"C:\Users\guoj69\Desktop\lab 0\frdmk66f_adc16_low_power_peripheral\component\uart" -I"C:\Users\guoj69\Desktop\lab 0\frdmk66f_adc16_low_power_peripheral\component\lists" -I"C:\Users\guoj69\Desktop\lab 0\frdmk66f_adc16_low_power_peripheral\CMSIS" -I"C:\Users\guoj69\Desktop\lab 0\frdmk66f_adc16_low_power_peripheral\board" -I"C:\Users\guoj69\Desktop\lab 0\frdmk66f_adc16_low_power_peripheral\frdmk66f\demo_apps\adc16_low_power_peripheral" -O0 -fno-common -g3 -c -ffunction-sections -fdata-sections -ffreestanding -fno-builtin -fmerge-constants -fmacro-prefix-map="../drivers/"= -mcpu=cortex-m4 -mfpu=fpv4-sp-d16 -mfloat-abi=hard -mthumb -D__REDLIB__ -fstack-usage -specs=redlib.specs -MMD -MP -MF"drivers/fsl_ftfx_flash.d" -MT"drivers/fsl_ftfx_flash.o" -MT"drivers/fsl_ftfx_flash.d" -o "drivers/fsl_ftfx_flash.o" "../drivers/fsl_ftfx_flash.c"
 
Building file: ../drivers/fsl_ftfx_flexnvm.c
Invoking: MCU C Compiler
arm-none-eabi-gcc -std=gnu99 -DCPU_MK66FN2M0VMD18 -DFRDM_K66F -DFREEDOM -DMCUXPRESSO_SDK -DCPU_MK66FN2M0VMD18_cm4 -DSDK_DEBUGCONSOLE=0 -DCR_INTEGER_PRINTF -D__MCUXPRESSO -D__USE_CMSIS -DDEBUG -D__REDLIB__ -I"C:\Users\guoj69\Desktop\lab 0\frdmk66f_adc16_low_power_peripheral\source" -I"C:\Users\guoj69\Desktop\lab 0\frdmk66f_adc16_low_power_peripheral\utilities" -I"C:\Users\guoj69\Desktop\lab 0\frdmk66f_adc16_low_power_peripheral\drivers" -I"C:\Users\guoj69\Desktop\lab 0\frdmk66f_adc16_low_power_peripheral\device" -I"C:\Users\guoj69\Desktop\lab 0\frdmk66f_adc16_low_power_peripheral\component\uart" -I"C:\Users\guoj69\Desktop\lab 0\frdmk66f_adc16_low_power_peripheral\component\lists" -I"C:\Users\guoj69\Desktop\lab 0\frdmk66f_adc16_low_power_peripheral\CMSIS" -I"C:\Users\guoj69\Desktop\lab 0\frdmk66f_adc16_low_power_peripheral\board" -I"C:\Users\guoj69\Desktop\lab 0\frdmk66f_adc16_low_power_peripheral\frdmk66f\demo_apps\adc16_low_power_peripheral" -O0 -fno-common -g3 -c -ffunction-sections -fdata-sections -ffreestanding -fno-builtin -fmerge-constants -fmacro-prefix-map="../drivers/"= -mcpu=cortex-m4 -mfpu=fpv4-sp-d16 -mfloat-abi=hard -mthumb -D__REDLIB__ -fstack-usage -specs=redlib.specs -MMD -MP -MF"drivers/fsl_ftfx_flexnvm.d" -MT"drivers/fsl_ftfx_flexnvm.o" -MT"drivers/fsl_ftfx_flexnvm.d" -o "drivers/fsl_ftfx_flexnvm.o" "../drivers/fsl_ftfx_flexnvm.c"
Finished building: ../drivers/fsl_ftfx_cache.c
 
Building file: ../drivers/fsl_gpio.c
Invoking: MCU C Compiler
arm-none-eabi-gcc -std=gnu99 -DCPU_MK66FN2M0VMD18 -DFRDM_K66F -DFREEDOM -DMCUXPRESSO_SDK -DCPU_MK66FN2M0VMD18_cm4 -DSDK_DEBUGCONSOLE=0 -DCR_INTEGER_PRINTF -D__MCUXPRESSO -D__USE_CMSIS -DDEBUG -D__REDLIB__ -I"C:\Users\guoj69\Desktop\lab 0\frdmk66f_adc16_low_power_peripheral\source" -I"C:\Users\guoj69\Desktop\lab 0\frdmk66f_adc16_low_power_peripheral\utilities" -I"C:\Users\guoj69\Desktop\lab 0\frdmk66f_adc16_low_power_peripheral\drivers" -I"C:\Users\guoj69\Desktop\lab 0\frdmk66f_adc16_low_power_peripheral\device" -I"C:\Users\guoj69\Desktop\lab 0\frdmk66f_adc16_low_power_peripheral\component\uart" -I"C:\Users\guoj69\Desktop\lab 0\frdmk66f_adc16_low_power_peripheral\component\lists" -I"C:\Users\guoj69\Desktop\lab 0\frdmk66f_adc16_low_power_peripheral\CMSIS" -I"C:\Users\guoj69\Desktop\lab 0\frdmk66f_adc16_low_power_peripheral\board" -I"C:\Users\guoj69\Desktop\lab 0\frdmk66f_adc16_low_power_peripheral\frdmk66f\demo_apps\adc16_low_power_peripheral" -O0 -fno-common -g3 -c -ffunction-sections -fdata-sections -ffreestanding -fno-builtin -fmerge-constants -fmacro-prefix-map="../drivers/"= -mcpu=cortex-m4 -mfpu=fpv4-sp-d16 -mfloat-abi=hard -mthumb -D__REDLIB__ -fstack-usage -specs=redlib.specs -MMD -MP -MF"drivers/fsl_gpio.d" -MT"drivers/fsl_gpio.o" -MT"drivers/fsl_gpio.d" -o "drivers/fsl_gpio.o" "../drivers/fsl_gpio.c"
Finished building: ../drivers/fsl_ftfx_controller.c
 
Building file: ../drivers/fsl_lptmr.c
Invoking: MCU C Compiler
arm-none-eabi-gcc -std=gnu99 -DCPU_MK66FN2M0VMD18 -DFRDM_K66F -DFREEDOM -DMCUXPRESSO_SDK -DCPU_MK66FN2M0VMD18_cm4 -DSDK_DEBUGCONSOLE=0 -DCR_INTEGER_PRINTF -D__MCUXPRESSO -D__USE_CMSIS -DDEBUG -D__REDLIB__ -I"C:\Users\guoj69\Desktop\lab 0\frdmk66f_adc16_low_power_peripheral\source" -I"C:\Users\guoj69\Desktop\lab 0\frdmk66f_adc16_low_power_peripheral\utilities" -I"C:\Users\guoj69\Desktop\lab 0\frdmk66f_adc16_low_power_peripheral\drivers" -I"C:\Users\guoj69\Desktop\lab 0\frdmk66f_adc16_low_power_peripheral\device" -I"C:\Users\guoj69\Desktop\lab 0\frdmk66f_adc16_low_power_peripheral\component\uart" -I"C:\Users\guoj69\Desktop\lab 0\frdmk66f_adc16_low_power_peripheral\component\lists" -I"C:\Users\guoj69\Desktop\lab 0\frdmk66f_adc16_low_power_peripheral\CMSIS" -I"C:\Users\guoj69\Desktop\lab 0\frdmk66f_adc16_low_power_peripheral\board" -I"C:\Users\guoj69\Desktop\lab 0\frdmk66f_adc16_low_power_peripheral\frdmk66f\demo_apps\adc16_low_power_peripheral" -O0 -fno-common -g3 -c -ffunction-sections -fdata-sections -ffreestanding -fno-builtin -fmerge-constants -fmacro-prefix-map="../drivers/"= -mcpu=cortex-m4 -mfpu=fpv4-sp-d16 -mfloat-abi=hard -mthumb -D__REDLIB__ -fstack-usage -specs=redlib.specs -MMD -MP -MF"drivers/fsl_lptmr.d" -MT"drivers/fsl_lptmr.o" -MT"drivers/fsl_lptmr.d" -o "drivers/fsl_lptmr.o" "../drivers/fsl_lptmr.c"
Finished building: ../drivers/fsl_ftfx_flexnvm.c
Finished building: ../drivers/fsl_ftfx_flash.c
 
Building file: ../drivers/fsl_lpuart.c
 
Invoking: MCU C Compiler
Building file: ../drivers/fsl_pmc.c
arm-none-eabi-gcc -std=gnu99 -DCPU_MK66FN2M0VMD18 -DFRDM_K66F -DFREEDOM -DMCUXPRESSO_SDK -DCPU_MK66FN2M0VMD18_cm4 -DSDK_DEBUGCONSOLE=0 -DCR_INTEGER_PRINTF -D__MCUXPRESSO -D__USE_CMSIS -DDEBUG -D__REDLIB__ -I"C:\Users\guoj69\Desktop\lab 0\frdmk66f_adc16_low_power_peripheral\source" -I"C:\Users\guoj69\Desktop\lab 0\frdmk66f_adc16_low_power_peripheral\utilities" -I"C:\Users\guoj69\Desktop\lab 0\frdmk66f_adc16_low_power_peripheral\drivers" -I"C:\Users\guoj69\Desktop\lab 0\frdmk66f_adc16_low_power_peripheral\device" -I"C:\Users\guoj69\Desktop\lab 0\frdmk66f_adc16_low_power_peripheral\component\uart" -I"C:\Users\guoj69\Desktop\lab 0\frdmk66f_adc16_low_power_peripheral\component\lists" -I"C:\Users\guoj69\Desktop\lab 0\frdmk66f_adc16_low_power_peripheral\CMSIS" -I"C:\Users\guoj69\Desktop\lab 0\frdmk66f_adc16_low_power_peripheral\board" -I"C:\Users\guoj69\Desktop\lab 0\frdmk66f_adc16_low_power_peripheral\frdmk66f\demo_apps\adc16_low_power_peripheral" -O0 -fno-common -g3 -c -ffunction-sections -fdata-sections -ffreestanding -fno-builtin -fmerge-constants -fmacro-prefix-map="../drivers/"= -mcpu=cortex-m4 -mfpu=fpv4-sp-d16 -mfloat-abi=hard -mthumb -D__REDLIB__ -fstack-usage -specs=redlib.specs -MMD -MP -MF"drivers/fsl_lpuart.d" -MT"drivers/fsl_lpuart.o" -MT"drivers/fsl_lpuart.d" -o "drivers/fsl_lpuart.o" "../drivers/fsl_lpuart.c"
Invoking: MCU C Compiler
arm-none-eabi-gcc -std=gnu99 -DCPU_MK66FN2M0VMD18 -DFRDM_K66F -DFREEDOM -DMCUXPRESSO_SDK -DCPU_MK66FN2M0VMD18_cm4 -DSDK_DEBUGCONSOLE=0 -DCR_INTEGER_PRINTF -D__MCUXPRESSO -D__USE_CMSIS -DDEBUG -D__REDLIB__ -I"C:\Users\guoj69\Desktop\lab 0\frdmk66f_adc16_low_power_peripheral\source" -I"C:\Users\guoj69\Desktop\lab 0\frdmk66f_adc16_low_power_peripheral\utilities" -I"C:\Users\guoj69\Desktop\lab 0\frdmk66f_adc16_low_power_peripheral\drivers" -I"C:\Users\guoj69\Desktop\lab 0\frdmk66f_adc16_low_power_peripheral\device" -I"C:\Users\guoj69\Desktop\lab 0\frdmk66f_adc16_low_power_peripheral\component\uart" -I"C:\Users\guoj69\Desktop\lab 0\frdmk66f_adc16_low_power_peripheral\component\lists" -I"C:\Users\guoj69\Desktop\lab 0\frdmk66f_adc16_low_power_peripheral\CMSIS" -I"C:\Users\guoj69\Desktop\lab 0\frdmk66f_adc16_low_power_peripheral\board" -I"C:\Users\guoj69\Desktop\lab 0\frdmk66f_adc16_low_power_peripheral\frdmk66f\demo_apps\adc16_low_power_peripheral" -O0 -fno-common -g3 -c -ffunction-sections -fdata-sections -ffreestanding -fno-builtin -fmerge-constants -fmacro-prefix-map="../drivers/"= -mcpu=cortex-m4 -mfpu=fpv4-sp-d16 -mfloat-abi=hard -mthumb -D__REDLIB__ -fstack-usage -specs=redlib.specs -MMD -MP -MF"drivers/fsl_pmc.d" -MT"drivers/fsl_pmc.o" -MT"drivers/fsl_pmc.d" -o "drivers/fsl_pmc.o" "../drivers/fsl_pmc.c"
Finished building: ../drivers/fsl_gpio.c
 
Building file: ../drivers/fsl_smc.c
Invoking: MCU C Compiler
arm-none-eabi-gcc -std=gnu99 -DCPU_MK66FN2M0VMD18 -DFRDM_K66F -DFREEDOM -DMCUXPRESSO_SDK -DCPU_MK66FN2M0VMD18_cm4 -DSDK_DEBUGCONSOLE=0 -DCR_INTEGER_PRINTF -D__MCUXPRESSO -D__USE_CMSIS -DDEBUG -D__REDLIB__ -I"C:\Users\guoj69\Desktop\lab 0\frdmk66f_adc16_low_power_peripheral\source" -I"C:\Users\guoj69\Desktop\lab 0\frdmk66f_adc16_low_power_peripheral\utilities" -I"C:\Users\guoj69\Desktop\lab 0\frdmk66f_adc16_low_power_peripheral\drivers" -I"C:\Users\guoj69\Desktop\lab 0\frdmk66f_adc16_low_power_peripheral\device" -I"C:\Users\guoj69\Desktop\lab 0\frdmk66f_adc16_low_power_peripheral\component\uart" -I"C:\Users\guoj69\Desktop\lab 0\frdmk66f_adc16_low_power_peripheral\component\lists" -I"C:\Users\guoj69\Desktop\lab 0\frdmk66f_adc16_low_power_peripheral\CMSIS" -I"C:\Users\guoj69\Desktop\lab 0\frdmk66f_adc16_low_power_peripheral\board" -I"C:\Users\guoj69\Desktop\lab 0\frdmk66f_adc16_low_power_peripheral\frdmk66f\demo_apps\adc16_low_power_peripheral" -O0 -fno-common -g3 -c -ffunction-sections -fdata-sections -ffreestanding -fno-builtin -fmerge-constants -fmacro-prefix-map="../drivers/"= -mcpu=cortex-m4 -mfpu=fpv4-sp-d16 -mfloat-abi=hard -mthumb -D__REDLIB__ -fstack-usage -specs=redlib.specs -MMD -MP -MF"drivers/fsl_smc.d" -MT"drivers/fsl_smc.o" -MT"drivers/fsl_smc.d" -o "drivers/fsl_smc.o" "../drivers/fsl_smc.c"
Finished building: ../drivers/fsl_lptmr.c
 
Building file: ../drivers/fsl_uart.c
Invoking: MCU C Compiler
arm-none-eabi-gcc -std=gnu99 -DCPU_MK66FN2M0VMD18 -DFRDM_K66F -DFREEDOM -DMCUXPRESSO_SDK -DCPU_MK66FN2M0VMD18_cm4 -DSDK_DEBUGCONSOLE=0 -DCR_INTEGER_PRINTF -D__MCUXPRESSO -D__USE_CMSIS -DDEBUG -D__REDLIB__ -I"C:\Users\guoj69\Desktop\lab 0\frdmk66f_adc16_low_power_peripheral\source" -I"C:\Users\guoj69\Desktop\lab 0\frdmk66f_adc16_low_power_peripheral\utilities" -I"C:\Users\guoj69\Desktop\lab 0\frdmk66f_adc16_low_power_peripheral\drivers" -I"C:\Users\guoj69\Desktop\lab 0\frdmk66f_adc16_low_power_peripheral\device" -I"C:\Users\guoj69\Desktop\lab 0\frdmk66f_adc16_low_power_peripheral\component\uart" -I"C:\Users\guoj69\Desktop\lab 0\frdmk66f_adc16_low_power_peripheral\component\lists" -I"C:\Users\guoj69\Desktop\lab 0\frdmk66f_adc16_low_power_peripheral\CMSIS" -I"C:\Users\guoj69\Desktop\lab 0\frdmk66f_adc16_low_power_peripheral\board" -I"C:\Users\guoj69\Desktop\lab 0\frdmk66f_adc16_low_power_peripheral\frdmk66f\demo_apps\adc16_low_power_peripheral" -O0 -fno-common -g3 -c -ffunction-sections -fdata-sections -ffreestanding -fno-builtin -fmerge-constants -fmacro-prefix-map="../drivers/"= -mcpu=cortex-m4 -mfpu=fpv4-sp-d16 -mfloat-abi=hard -mthumb -D__REDLIB__ -fstack-usage -specs=redlib.specs -MMD -MP -MF"drivers/fsl_uart.d" -MT"drivers/fsl_uart.o" -MT"drivers/fsl_uart.d" -o "drivers/fsl_uart.o" "../drivers/fsl_uart.c"
Finished building: ../drivers/fsl_pmc.c
Finished building: ../drivers/fsl_lpuart.c
 
 
Building file: ../device/system_MK66F18.c
Building file: ../component/uart/fsl_adapter_uart.c
Invoking: MCU C Compiler
arm-none-eabi-gcc -std=gnu99 -DCPU_MK66FN2M0VMD18 -DFRDM_K66F -DFREEDOM -DMCUXPRESSO_SDK -DCPU_MK66FN2M0VMD18_cm4 -DSDK_DEBUGCONSOLE=0 -DCR_INTEGER_PRINTF -D__MCUXPRESSO -D__USE_CMSIS -DDEBUG -D__REDLIB__ -I"C:\Users\guoj69\Desktop\lab 0\frdmk66f_adc16_low_power_peripheral\source" -I"C:\Users\guoj69\Desktop\lab 0\frdmk66f_adc16_low_power_peripheral\utilities" -I"C:\Users\guoj69\Desktop\lab 0\frdmk66f_adc16_low_power_peripheral\drivers" -I"C:\Users\guoj69\Desktop\lab 0\frdmk66f_adc16_low_power_peripheral\device" -I"C:\Users\guoj69\Desktop\lab 0\frdmk66f_adc16_low_power_peripheral\component\uart" -I"C:\Users\guoj69\Desktop\lab 0\frdmk66f_adc16_low_power_peripheral\component\lists" -I"C:\Users\guoj69\Desktop\lab 0\frdmk66f_adc16_low_power_peripheral\CMSIS" -I"C:\Users\guoj69\Desktop\lab 0\frdmk66f_adc16_low_power_peripheral\board" -I"C:\Users\guoj69\Desktop\lab 0\frdmk66f_adc16_low_power_peripheral\frdmk66f\demo_apps\adc16_low_power_peripheral" -O0 -fno-common -g3 -c -ffunction-sections -fdata-sections -ffreestanding -fno-builtin -fmerge-constants -fmacro-prefix-map="../device/"= -mcpu=cortex-m4 -mfpu=fpv4-sp-d16 -mfloat-abi=hard -mthumb -D__REDLIB__ -fstack-usage -specs=redlib.specs -MMD -MP -MF"device/system_MK66F18.d" -MT"device/system_MK66F18.o" -MT"device/system_MK66F18.d" -o "device/system_MK66F18.o" "../device/system_MK66F18.c"
Invoking: MCU C Compiler
arm-none-eabi-gcc -std=gnu99 -DCPU_MK66FN2M0VMD18 -DFRDM_K66F -DFREEDOM -DMCUXPRESSO_SDK -DCPU_MK66FN2M0VMD18_cm4 -DSDK_DEBUGCONSOLE=0 -DCR_INTEGER_PRINTF -D__MCUXPRESSO -D__USE_CMSIS -DDEBUG -D__REDLIB__ -I"C:\Users\guoj69\Desktop\lab 0\frdmk66f_adc16_low_power_peripheral\source" -I"C:\Users\guoj69\Desktop\lab 0\frdmk66f_adc16_low_power_peripheral\utilities" -I"C:\Users\guoj69\Desktop\lab 0\frdmk66f_adc16_low_power_peripheral\drivers" -I"C:\Users\guoj69\Desktop\lab 0\frdmk66f_adc16_low_power_peripheral\device" -I"C:\Users\guoj69\Desktop\lab 0\frdmk66f_adc16_low_power_peripheral\component\uart" -I"C:\Users\guoj69\Desktop\lab 0\frdmk66f_adc16_low_power_peripheral\component\lists" -I"C:\Users\guoj69\Desktop\lab 0\frdmk66f_adc16_low_power_peripheral\CMSIS" -I"C:\Users\guoj69\Desktop\lab 0\frdmk66f_adc16_low_power_peripheral\board" -I"C:\Users\guoj69\Desktop\lab 0\frdmk66f_adc16_low_power_peripheral\frdmk66f\demo_apps\adc16_low_power_peripheral" -O0 -fno-common -g3 -c -ffunction-sections -fdata-sections -ffreestanding -fno-builtin -fmerge-constants -fmacro-prefix-map="../component/uart/"= -mcpu=cortex-m4 -mfpu=fpv4-sp-d16 -mfloat-abi=hard -mthumb -D__REDLIB__ -fstack-usage -specs=redlib.specs -MMD -MP -MF"component/uart/fsl_adapter_uart.d" -MT"component/uart/fsl_adapter_uart.o" -MT"component/uart/fsl_adapter_uart.d" -o "component/uart/fsl_adapter_uart.o" "../component/uart/fsl_adapter_uart.c"
Finished building: ../drivers/fsl_smc.c
 
Building file: ../component/lists/fsl_component_generic_list.c
Invoking: MCU C Compiler
arm-none-eabi-gcc -std=gnu99 -DCPU_MK66FN2M0VMD18 -DFRDM_K66F -DFREEDOM -DMCUXPRESSO_SDK -DCPU_MK66FN2M0VMD18_cm4 -DSDK_DEBUGCONSOLE=0 -DCR_INTEGER_PRINTF -D__MCUXPRESSO -D__USE_CMSIS -DDEBUG -D__REDLIB__ -I"C:\Users\guoj69\Desktop\lab 0\frdmk66f_adc16_low_power_peripheral\source" -I"C:\Users\guoj69\Desktop\lab 0\frdmk66f_adc16_low_power_peripheral\utilities" -I"C:\Users\guoj69\Desktop\lab 0\frdmk66f_adc16_low_power_peripheral\drivers" -I"C:\Users\guoj69\Desktop\lab 0\frdmk66f_adc16_low_power_peripheral\device" -I"C:\Users\guoj69\Desktop\lab 0\frdmk66f_adc16_low_power_peripheral\component\uart" -I"C:\Users\guoj69\Desktop\lab 0\frdmk66f_adc16_low_power_peripheral\component\lists" -I"C:\Users\guoj69\Desktop\lab 0\frdmk66f_adc16_low_power_peripheral\CMSIS" -I"C:\Users\guoj69\Desktop\lab 0\frdmk66f_adc16_low_power_peripheral\board" -I"C:\Users\guoj69\Desktop\lab 0\frdmk66f_adc16_low_power_peripheral\frdmk66f\demo_apps\adc16_low_power_peripheral" -O0 -fno-common -g3 -c -ffunction-sections -fdata-sections -ffreestanding -fno-builtin -fmerge-constants -fmacro-prefix-map="../component/lists/"= -mcpu=cortex-m4 -mfpu=fpv4-sp-d16 -mfloat-abi=hard -mthumb -D__REDLIB__ -fstack-usage -specs=redlib.specs -MMD -MP -MF"component/lists/fsl_component_generic_list.d" -MT"component/lists/fsl_component_generic_list.o" -MT"component/lists/fsl_component_generic_list.d" -o "component/lists/fsl_component_generic_list.o" "../component/lists/fsl_component_generic_list.c"
Finished building: ../device/system_MK66F18.c
Finished building: ../drivers/fsl_uart.c
 
 
Building file: ../board/board.c
Finished building: ../component/uart/fsl_adapter_uart.c
Building file: ../board/clock_config.c
Invoking: MCU C Compiler
 
arm-none-eabi-gcc -std=gnu99 -DCPU_MK66FN2M0VMD18 -DFRDM_K66F -DFREEDOM -DMCUXPRESSO_SDK -DCPU_MK66FN2M0VMD18_cm4 -DSDK_DEBUGCONSOLE=0 -DCR_INTEGER_PRINTF -D__MCUXPRESSO -D__USE_CMSIS -DDEBUG -D__REDLIB__ -I"C:\Users\guoj69\Desktop\lab 0\frdmk66f_adc16_low_power_peripheral\source" -I"C:\Users\guoj69\Desktop\lab 0\frdmk66f_adc16_low_power_peripheral\utilities" -I"C:\Users\guoj69\Desktop\lab 0\frdmk66f_adc16_low_power_peripheral\drivers" -I"C:\Users\guoj69\Desktop\lab 0\frdmk66f_adc16_low_power_peripheral\device" -I"C:\Users\guoj69\Desktop\lab 0\frdmk66f_adc16_low_power_peripheral\component\uart" -I"C:\Users\guoj69\Desktop\lab 0\frdmk66f_adc16_low_power_peripheral\component\lists" -I"C:\Users\guoj69\Desktop\lab 0\frdmk66f_adc16_low_power_peripheral\CMSIS" -I"C:\Users\guoj69\Desktop\lab 0\frdmk66f_adc16_low_power_peripheral\board" -I"C:\Users\guoj69\Desktop\lab 0\frdmk66f_adc16_low_power_peripheral\frdmk66f\demo_apps\adc16_low_power_peripheral" -O0 -fno-common -g3 -c -ffunction-sections -fdata-sections -ffreestanding -fno-builtin -fmerge-constants -fmacro-prefix-map="../board/"= -mcpu=cortex-m4 -mfpu=fpv4-sp-d16 -mfloat-abi=hard -mthumb -D__REDLIB__ -fstack-usage -specs=redlib.specs -MMD -MP -MF"board/board.d" -MT"board/board.o" -MT"board/board.d" -o "board/board.o" "../board/board.c"
Invoking: MCU C Compiler
Building file: ../board/peripherals.c
arm-none-eabi-gcc -std=gnu99 -DCPU_MK66FN2M0VMD18 -DFRDM_K66F -DFREEDOM -DMCUXPRESSO_SDK -DCPU_MK66FN2M0VMD18_cm4 -DSDK_DEBUGCONSOLE=0 -DCR_INTEGER_PRINTF -D__MCUXPRESSO -D__USE_CMSIS -DDEBUG -D__REDLIB__ -I"C:\Users\guoj69\Desktop\lab 0\frdmk66f_adc16_low_power_peripheral\source" -I"C:\Users\guoj69\Desktop\lab 0\frdmk66f_adc16_low_power_peripheral\utilities" -I"C:\Users\guoj69\Desktop\lab 0\frdmk66f_adc16_low_power_peripheral\drivers" -I"C:\Users\guoj69\Desktop\lab 0\frdmk66f_adc16_low_power_peripheral\device" -I"C:\Users\guoj69\Desktop\lab 0\frdmk66f_adc16_low_power_peripheral\component\uart" -I"C:\Users\guoj69\Desktop\lab 0\frdmk66f_adc16_low_power_peripheral\component\lists" -I"C:\Users\guoj69\Desktop\lab 0\frdmk66f_adc16_low_power_peripheral\CMSIS" -I"C:\Users\guoj69\Desktop\lab 0\frdmk66f_adc16_low_power_peripheral\board" -I"C:\Users\guoj69\Desktop\lab 0\frdmk66f_adc16_low_power_peripheral\frdmk66f\demo_apps\adc16_low_power_peripheral" -O0 -fno-common -g3 -c -ffunction-sections -fdata-sections -ffreestanding -fno-builtin -fmerge-constants -fmacro-prefix-map="../board/"= -mcpu=cortex-m4 -mfpu=fpv4-sp-d16 -mfloat-abi=hard -mthumb -D__REDLIB__ -fstack-usage -specs=redlib.specs -MMD -MP -MF"board/clock_config.d" -MT"board/clock_config.o" -MT"board/clock_config.d" -o "board/clock_config.o" "../board/clock_config.c"
Invoking: MCU C Compiler
arm-none-eabi-gcc -std=gnu99 -DCPU_MK66FN2M0VMD18 -DFRDM_K66F -DFREEDOM -DMCUXPRESSO_SDK -DCPU_MK66FN2M0VMD18_cm4 -DSDK_DEBUGCONSOLE=0 -DCR_INTEGER_PRINTF -D__MCUXPRESSO -D__USE_CMSIS -DDEBUG -D__REDLIB__ -I"C:\Users\guoj69\Desktop\lab 0\frdmk66f_adc16_low_power_peripheral\source" -I"C:\Users\guoj69\Desktop\lab 0\frdmk66f_adc16_low_power_peripheral\utilities" -I"C:\Users\guoj69\Desktop\lab 0\frdmk66f_adc16_low_power_peripheral\drivers" -I"C:\Users\guoj69\Desktop\lab 0\frdmk66f_adc16_low_power_peripheral\device" -I"C:\Users\guoj69\Desktop\lab 0\frdmk66f_adc16_low_power_peripheral\component\uart" -I"C:\Users\guoj69\Desktop\lab 0\frdmk66f_adc16_low_power_peripheral\component\lists" -I"C:\Users\guoj69\Desktop\lab 0\frdmk66f_adc16_low_power_peripheral\CMSIS" -I"C:\Users\guoj69\Desktop\lab 0\frdmk66f_adc16_low_power_peripheral\board" -I"C:\Users\guoj69\Desktop\lab 0\frdmk66f_adc16_low_power_peripheral\frdmk66f\demo_apps\adc16_low_power_peripheral" -O0 -fno-common -g3 -c -ffunction-sections -fdata-sections -ffreestanding -fno-builtin -fmerge-constants -fmacro-prefix-map="../board/"= -mcpu=cortex-m4 -mfpu=fpv4-sp-d16 -mfloat-abi=hard -mthumb -D__REDLIB__ -fstack-usage -specs=redlib.specs -MMD -MP -MF"board/peripherals.d" -MT"board/peripherals.o" -MT"board/peripherals.d" -o "board/peripherals.o" "../board/peripherals.c"
Finished building: ../component/lists/fsl_component_generic_list.c
 
Building file: ../board/pin_mux.c
Invoking: MCU C Compiler
arm-none-eabi-gcc -std=gnu99 -DCPU_MK66FN2M0VMD18 -DFRDM_K66F -DFREEDOM -DMCUXPRESSO_SDK -DCPU_MK66FN2M0VMD18_cm4 -DSDK_DEBUGCONSOLE=0 -DCR_INTEGER_PRINTF -D__MCUXPRESSO -D__USE_CMSIS -DDEBUG -D__REDLIB__ -I"C:\Users\guoj69\Desktop\lab 0\frdmk66f_adc16_low_power_peripheral\source" -I"C:\Users\guoj69\Desktop\lab 0\frdmk66f_adc16_low_power_peripheral\utilities" -I"C:\Users\guoj69\Desktop\lab 0\frdmk66f_adc16_low_power_peripheral\drivers" -I"C:\Users\guoj69\Desktop\lab 0\frdmk66f_adc16_low_power_peripheral\device" -I"C:\Users\guoj69\Desktop\lab 0\frdmk66f_adc16_low_power_peripheral\component\uart" -I"C:\Users\guoj69\Desktop\lab 0\frdmk66f_adc16_low_power_peripheral\component\lists" -I"C:\Users\guoj69\Desktop\lab 0\frdmk66f_adc16_low_power_peripheral\CMSIS" -I"C:\Users\guoj69\Desktop\lab 0\frdmk66f_adc16_low_power_peripheral\board" -I"C:\Users\guoj69\Desktop\lab 0\frdmk66f_adc16_low_power_peripheral\frdmk66f\demo_apps\adc16_low_power_peripheral" -O0 -fno-common -g3 -c -ffunction-sections -fdata-sections -ffreestanding -fno-builtin -fmerge-constants -fmacro-prefix-map="../board/"= -mcpu=cortex-m4 -mfpu=fpv4-sp-d16 -mfloat-abi=hard -mthumb -D__REDLIB__ -fstack-usage -specs=redlib.specs -MMD -MP -MF"board/pin_mux.d" -MT"board/pin_mux.o" -MT"board/pin_mux.d" -o "board/pin_mux.o" "../board/pin_mux.c"
Finished building: ../board/board.c
 
Finished building: ../board/peripherals.c
Finished building: ../board/clock_config.c
 
 
Finished building: ../board/pin_mux.c
 
Building target: frdmk66f_adc16_low_power_peripheral.axf
Invoking: MCU Linker
arm-none-eabi-gcc -nostdlib -Xlinker -Map="frdmk66f_adc16_low_power_peripheral.map" -Xlinker --gc-sections -Xlinker -print-memory-usage -Xlinker --sort-section=alignment -Xlinker --cref -mcpu=cortex-m4 -mfpu=fpv4-sp-d16 -mfloat-abi=hard -mthumb -T frdmk66f_adc16_low_power_peripheral_Debug.ld -o "frdmk66f_adc16_low_power_peripheral.axf" ./utilities/fsl_assert.o ./utilities/fsl_debug_console.o  ./startup/startup_mk66f18.o  ./source/adc16_low_power_peripheral.o ./source/semihost_hardfault.o  ./drivers/fsl_adc16.o ./drivers/fsl_clock.o ./drivers/fsl_common.o ./drivers/fsl_common_arm.o ./drivers/fsl_ftfx_cache.o ./drivers/fsl_ftfx_controller.o ./drivers/fsl_ftfx_flash.o ./drivers/fsl_ftfx_flexnvm.o ./drivers/fsl_gpio.o ./drivers/fsl_lptmr.o ./drivers/fsl_lpuart.o ./drivers/fsl_pmc.o ./drivers/fsl_smc.o ./drivers/fsl_uart.o  ./device/system_MK66F18.o  ./component/uart/fsl_adapter_uart.o  ./component/lists/fsl_component_generic_list.o  ./board/board.o ./board/clock_config.o ./board/peripherals.o ./board/pin_mux.o   
Memory region         Used Size  Region Size  %age Used
   PROGRAM_FLASH:       16376 B         2 MB      0.78%
      SRAM_UPPER:        8504 B       192 KB      4.33%
      SRAM_LOWER:          0 GB        64 KB      0.00%
        FLEX_RAM:          0 GB         4 KB      0.00%
Finished building target: frdmk66f_adc16_low_power_peripheral.axf
 
Performing post-build steps
arm-none-eabi-size "frdmk66f_adc16_low_power_peripheral.axf"; # arm-none-eabi-objcopy -v -O binary "frdmk66f_adc16_low_power_peripheral.axf" "frdmk66f_adc16_low_power_peripheral.bin" ; # checksum -p MK66FN2M0xxx18 -d "frdmk66f_adc16_low_power_peripheral.bin";
   text	   data	    bss	    dec	    hex	filename
  16320	     56	   8448	  24824	   60f8	frdmk66f_adc16_low_power_peripheral.axf
 

15:04:45 Build Finished. 0 errors, 0 warnings. (took 4s.291ms)

