16:04:06 **** Incremental Build of configuration Debug for project frdmk66f_gpio_led_output ****
make -r -j4 all 
Building file: ../utilities/fsl_debug_console.c
Building file: ../startup/startup_mk66f18.c
Building file: ../utilities/fsl_assert.c
Building file: ../source/gpio_led_output.c
Invoking: MCU C Compiler
Invoking: MCU C Compiler
arm-none-eabi-gcc -std=gnu99 -D__REDLIB__ -DCPU_MK66FN2M0VMD18 -DCPU_MK66FN2M0VMD18_cm4 -DFRDM_K66F -DFREEDOM -DMCUXPRESSO_SDK -DSDK_DEBUGCONSOLE=0 -DCR_INTEGER_PRINTF -DPRINTF_FLOAT_ENABLE=0 -D__MCUXPRESSO -D__USE_CMSIS -DDEBUG -I"C:\Users\guoj69\Desktop\COMPENG4DS4\lab 0\frdmk66f_gpio_led_output\source" -I"C:\Users\guoj69\Desktop\COMPENG4DS4\lab 0\frdmk66f_gpio_led_output\utilities" -I"C:\Users\guoj69\Desktop\COMPENG4DS4\lab 0\frdmk66f_gpio_led_output\drivers" -I"C:\Users\guoj69\Desktop\COMPENG4DS4\lab 0\frdmk66f_gpio_led_output\device" -I"C:\Users\guoj69\Desktop\COMPENG4DS4\lab 0\frdmk66f_gpio_led_output\component\uart" -I"C:\Users\guoj69\Desktop\COMPENG4DS4\lab 0\frdmk66f_gpio_led_output\component\lists" -I"C:\Users\guoj69\Desktop\COMPENG4DS4\lab 0\frdmk66f_gpio_led_output\CMSIS" -I"C:\Users\guoj69\Desktop\COMPENG4DS4\lab 0\frdmk66f_gpio_led_output\board" -I"C:\Users\guoj69\Desktop\COMPENG4DS4\lab 0\frdmk66f_gpio_led_output\frdmk66f\driver_examples\gpio\led_output" -O0 -fno-common -g3 -c -ffunction-sections -fdata-sections -ffreestanding -fno-builtin -fmerge-constants -fmacro-prefix-map="../utilities/"= -mcpu=cortex-m4 -mfpu=fpv4-sp-d16 -mfloat-abi=hard -mthumb -D__REDLIB__ -fstack-usage -specs=redlib.specs -MMD -MP -MF"utilities/fsl_debug_console.d" -MT"utilities/fsl_debug_console.o" -MT"utilities/fsl_debug_console.d" -o "utilities/fsl_debug_console.o" "../utilities/fsl_debug_console.c"
Invoking: MCU C Compiler
Invoking: MCU C Compiler
arm-none-eabi-gcc -std=gnu99 -D__REDLIB__ -DCPU_MK66FN2M0VMD18 -DCPU_MK66FN2M0VMD18_cm4 -DFRDM_K66F -DFREEDOM -DMCUXPRESSO_SDK -DSDK_DEBUGCONSOLE=0 -DCR_INTEGER_PRINTF -DPRINTF_FLOAT_ENABLE=0 -D__MCUXPRESSO -D__USE_CMSIS -DDEBUG -I"C:\Users\guoj69\Desktop\COMPENG4DS4\lab 0\frdmk66f_gpio_led_output\source" -I"C:\Users\guoj69\Desktop\COMPENG4DS4\lab 0\frdmk66f_gpio_led_output\utilities" -I"C:\Users\guoj69\Desktop\COMPENG4DS4\lab 0\frdmk66f_gpio_led_output\drivers" -I"C:\Users\guoj69\Desktop\COMPENG4DS4\lab 0\frdmk66f_gpio_led_output\device" -I"C:\Users\guoj69\Desktop\COMPENG4DS4\lab 0\frdmk66f_gpio_led_output\component\uart" -I"C:\Users\guoj69\Desktop\COMPENG4DS4\lab 0\frdmk66f_gpio_led_output\component\lists" -I"C:\Users\guoj69\Desktop\COMPENG4DS4\lab 0\frdmk66f_gpio_led_output\CMSIS" -I"C:\Users\guoj69\Desktop\COMPENG4DS4\lab 0\frdmk66f_gpio_led_output\board" -I"C:\Users\guoj69\Desktop\COMPENG4DS4\lab 0\frdmk66f_gpio_led_output\frdmk66f\driver_examples\gpio\led_output" -O0 -fno-common -g3 -c -ffunction-sections -fdata-sections -ffreestanding -fno-builtin -fmerge-constants -fmacro-prefix-map="../utilities/"= -mcpu=cortex-m4 -mfpu=fpv4-sp-d16 -mfloat-abi=hard -mthumb -D__REDLIB__ -fstack-usage -specs=redlib.specs -MMD -MP -MF"utilities/fsl_assert.d" -MT"utilities/fsl_assert.o" -MT"utilities/fsl_assert.d" -o "utilities/fsl_assert.o" "../utilities/fsl_assert.c"
arm-none-eabi-gcc -std=gnu99 -D__REDLIB__ -DCPU_MK66FN2M0VMD18 -DCPU_MK66FN2M0VMD18_cm4 -DFRDM_K66F -DFREEDOM -DMCUXPRESSO_SDK -DSDK_DEBUGCONSOLE=0 -DCR_INTEGER_PRINTF -DPRINTF_FLOAT_ENABLE=0 -D__MCUXPRESSO -D__USE_CMSIS -DDEBUG -I"C:\Users\guoj69\Desktop\COMPENG4DS4\lab 0\frdmk66f_gpio_led_output\source" -I"C:\Users\guoj69\Desktop\COMPENG4DS4\lab 0\frdmk66f_gpio_led_output\utilities" -I"C:\Users\guoj69\Desktop\COMPENG4DS4\lab 0\frdmk66f_gpio_led_output\drivers" -I"C:\Users\guoj69\Desktop\COMPENG4DS4\lab 0\frdmk66f_gpio_led_output\device" -I"C:\Users\guoj69\Desktop\COMPENG4DS4\lab 0\frdmk66f_gpio_led_output\component\uart" -I"C:\Users\guoj69\Desktop\COMPENG4DS4\lab 0\frdmk66f_gpio_led_output\component\lists" -I"C:\Users\guoj69\Desktop\COMPENG4DS4\lab 0\frdmk66f_gpio_led_output\CMSIS" -I"C:\Users\guoj69\Desktop\COMPENG4DS4\lab 0\frdmk66f_gpio_led_output\board" -I"C:\Users\guoj69\Desktop\COMPENG4DS4\lab 0\frdmk66f_gpio_led_output\frdmk66f\driver_examples\gpio\led_output" -O0 -fno-common -g3 -c -ffunction-sections -fdata-sections -ffreestanding -fno-builtin -fmerge-constants -fmacro-prefix-map="../startup/"= -mcpu=cortex-m4 -mfpu=fpv4-sp-d16 -mfloat-abi=hard -mthumb -D__REDLIB__ -fstack-usage -specs=redlib.specs -MMD -MP -MF"startup/startup_mk66f18.d" -MT"startup/startup_mk66f18.o" -MT"startup/startup_mk66f18.d" -o "startup/startup_mk66f18.o" "../startup/startup_mk66f18.c"
arm-none-eabi-gcc -std=gnu99 -D__REDLIB__ -DCPU_MK66FN2M0VMD18 -DCPU_MK66FN2M0VMD18_cm4 -DFRDM_K66F -DFREEDOM -DMCUXPRESSO_SDK -DSDK_DEBUGCONSOLE=0 -DCR_INTEGER_PRINTF -DPRINTF_FLOAT_ENABLE=0 -D__MCUXPRESSO -D__USE_CMSIS -DDEBUG -I"C:\Users\guoj69\Desktop\COMPENG4DS4\lab 0\frdmk66f_gpio_led_output\source" -I"C:\Users\guoj69\Desktop\COMPENG4DS4\lab 0\frdmk66f_gpio_led_output\utilities" -I"C:\Users\guoj69\Desktop\COMPENG4DS4\lab 0\frdmk66f_gpio_led_output\drivers" -I"C:\Users\guoj69\Desktop\COMPENG4DS4\lab 0\frdmk66f_gpio_led_output\device" -I"C:\Users\guoj69\Desktop\COMPENG4DS4\lab 0\frdmk66f_gpio_led_output\component\uart" -I"C:\Users\guoj69\Desktop\COMPENG4DS4\lab 0\frdmk66f_gpio_led_output\component\lists" -I"C:\Users\guoj69\Desktop\COMPENG4DS4\lab 0\frdmk66f_gpio_led_output\CMSIS" -I"C:\Users\guoj69\Desktop\COMPENG4DS4\lab 0\frdmk66f_gpio_led_output\board" -I"C:\Users\guoj69\Desktop\COMPENG4DS4\lab 0\frdmk66f_gpio_led_output\frdmk66f\driver_examples\gpio\led_output" -O0 -fno-common -g3 -c -ffunction-sections -fdata-sections -ffreestanding -fno-builtin -fmerge-constants -fmacro-prefix-map="../source/"= -mcpu=cortex-m4 -mfpu=fpv4-sp-d16 -mfloat-abi=hard -mthumb -D__REDLIB__ -fstack-usage -specs=redlib.specs -MMD -MP -MF"source/gpio_led_output.d" -MT"source/gpio_led_output.o" -MT"source/gpio_led_output.d" -o "source/gpio_led_output.o" "../source/gpio_led_output.c"
Finished building: ../startup/startup_mk66f18.c
 
Finished building: ../utilities/fsl_assert.c
Finished building: ../utilities/fsl_debug_console.c
Building file: ../source/semihost_hardfault.c
 
 
Invoking: MCU C Compiler
arm-none-eabi-gcc -std=gnu99 -D__REDLIB__ -DCPU_MK66FN2M0VMD18 -DCPU_MK66FN2M0VMD18_cm4 -DFRDM_K66F -DFREEDOM -DMCUXPRESSO_SDK -DSDK_DEBUGCONSOLE=0 -DCR_INTEGER_PRINTF -DPRINTF_FLOAT_ENABLE=0 -D__MCUXPRESSO -D__USE_CMSIS -DDEBUG -I"C:\Users\guoj69\Desktop\COMPENG4DS4\lab 0\frdmk66f_gpio_led_output\source" -I"C:\Users\guoj69\Desktop\COMPENG4DS4\lab 0\frdmk66f_gpio_led_output\utilities" -I"C:\Users\guoj69\Desktop\COMPENG4DS4\lab 0\frdmk66f_gpio_led_output\drivers" -I"C:\Users\guoj69\Desktop\COMPENG4DS4\lab 0\frdmk66f_gpio_led_output\device" -I"C:\Users\guoj69\Desktop\COMPENG4DS4\lab 0\frdmk66f_gpio_led_output\component\uart" -I"C:\Users\guoj69\Desktop\COMPENG4DS4\lab 0\frdmk66f_gpio_led_output\component\lists" -I"C:\Users\guoj69\Desktop\COMPENG4DS4\lab 0\frdmk66f_gpio_led_output\CMSIS" -I"C:\Users\guoj69\Desktop\COMPENG4DS4\lab 0\frdmk66f_gpio_led_output\board" -I"C:\Users\guoj69\Desktop\COMPENG4DS4\lab 0\frdmk66f_gpio_led_output\frdmk66f\driver_examples\gpio\led_output" -O0 -fno-common -g3 -c -ffunction-sections -fdata-sections -ffreestanding -fno-builtin -fmerge-constants -fmacro-prefix-map="../source/"= -mcpu=cortex-m4 -mfpu=fpv4-sp-d16 -mfloat-abi=hard -mthumb -D__REDLIB__ -fstack-usage -specs=redlib.specs -MMD -MP -MF"source/semihost_hardfault.d" -MT"source/semihost_hardfault.o" -MT"source/semihost_hardfault.d" -o "source/semihost_hardfault.o" "../source/semihost_hardfault.c"
Building file: ../drivers/fsl_clock.c
Building file: ../drivers/fsl_common.c
Finished building: ../source/gpio_led_output.c
Invoking: MCU C Compiler
arm-none-eabi-gcc -std=gnu99 -D__REDLIB__ -DCPU_MK66FN2M0VMD18 -DCPU_MK66FN2M0VMD18_cm4 -DFRDM_K66F -DFREEDOM -DMCUXPRESSO_SDK -DSDK_DEBUGCONSOLE=0 -DCR_INTEGER_PRINTF -DPRINTF_FLOAT_ENABLE=0 -D__MCUXPRESSO -D__USE_CMSIS -DDEBUG -I"C:\Users\guoj69\Desktop\COMPENG4DS4\lab 0\frdmk66f_gpio_led_output\source" -I"C:\Users\guoj69\Desktop\COMPENG4DS4\lab 0\frdmk66f_gpio_led_output\utilities" -I"C:\Users\guoj69\Desktop\COMPENG4DS4\lab 0\frdmk66f_gpio_led_output\drivers" -I"C:\Users\guoj69\Desktop\COMPENG4DS4\lab 0\frdmk66f_gpio_led_output\device" -I"C:\Users\guoj69\Desktop\COMPENG4DS4\lab 0\frdmk66f_gpio_led_output\component\uart" -I"C:\Users\guoj69\Desktop\COMPENG4DS4\lab 0\frdmk66f_gpio_led_output\component\lists" -I"C:\Users\guoj69\Desktop\COMPENG4DS4\lab 0\frdmk66f_gpio_led_output\CMSIS" -I"C:\Users\guoj69\Desktop\COMPENG4DS4\lab 0\frdmk66f_gpio_led_output\board" -I"C:\Users\guoj69\Desktop\COMPENG4DS4\lab 0\frdmk66f_gpio_led_output\frdmk66f\driver_examples\gpio\led_output" -O0 -fno-common -g3 -c -ffunction-sections -fdata-sections -ffreestanding -fno-builtin -fmerge-constants -fmacro-prefix-map="../drivers/"= -mcpu=cortex-m4 -mfpu=fpv4-sp-d16 -mfloat-abi=hard -mthumb -D__REDLIB__ -fstack-usage -specs=redlib.specs -MMD -MP -MF"drivers/fsl_clock.d" -MT"drivers/fsl_clock.o" -MT"drivers/fsl_clock.d" -o "drivers/fsl_clock.o" "../drivers/fsl_clock.c"
 
Invoking: MCU C Compiler
arm-none-eabi-gcc -std=gnu99 -D__REDLIB__ -DCPU_MK66FN2M0VMD18 -DCPU_MK66FN2M0VMD18_cm4 -DFRDM_K66F -DFREEDOM -DMCUXPRESSO_SDK -DSDK_DEBUGCONSOLE=0 -DCR_INTEGER_PRINTF -DPRINTF_FLOAT_ENABLE=0 -D__MCUXPRESSO -D__USE_CMSIS -DDEBUG -I"C:\Users\guoj69\Desktop\COMPENG4DS4\lab 0\frdmk66f_gpio_led_output\source" -I"C:\Users\guoj69\Desktop\COMPENG4DS4\lab 0\frdmk66f_gpio_led_output\utilities" -I"C:\Users\guoj69\Desktop\COMPENG4DS4\lab 0\frdmk66f_gpio_led_output\drivers" -I"C:\Users\guoj69\Desktop\COMPENG4DS4\lab 0\frdmk66f_gpio_led_output\device" -I"C:\Users\guoj69\Desktop\COMPENG4DS4\lab 0\frdmk66f_gpio_led_output\component\uart" -I"C:\Users\guoj69\Desktop\COMPENG4DS4\lab 0\frdmk66f_gpio_led_output\component\lists" -I"C:\Users\guoj69\Desktop\COMPENG4DS4\lab 0\frdmk66f_gpio_led_output\CMSIS" -I"C:\Users\guoj69\Desktop\COMPENG4DS4\lab 0\frdmk66f_gpio_led_output\board" -I"C:\Users\guoj69\Desktop\COMPENG4DS4\lab 0\frdmk66f_gpio_led_output\frdmk66f\driver_examples\gpio\led_output" -O0 -fno-common -g3 -c -ffunction-sections -fdata-sections -ffreestanding -fno-builtin -fmerge-constants -fmacro-prefix-map="../drivers/"= -mcpu=cortex-m4 -mfpu=fpv4-sp-d16 -mfloat-abi=hard -mthumb -D__REDLIB__ -fstack-usage -specs=redlib.specs -MMD -MP -MF"drivers/fsl_common.d" -MT"drivers/fsl_common.o" -MT"drivers/fsl_common.d" -o "drivers/fsl_common.o" "../drivers/fsl_common.c"
Building file: ../drivers/fsl_common_arm.c
Invoking: MCU C Compiler
arm-none-eabi-gcc -std=gnu99 -D__REDLIB__ -DCPU_MK66FN2M0VMD18 -DCPU_MK66FN2M0VMD18_cm4 -DFRDM_K66F -DFREEDOM -DMCUXPRESSO_SDK -DSDK_DEBUGCONSOLE=0 -DCR_INTEGER_PRINTF -DPRINTF_FLOAT_ENABLE=0 -D__MCUXPRESSO -D__USE_CMSIS -DDEBUG -I"C:\Users\guoj69\Desktop\COMPENG4DS4\lab 0\frdmk66f_gpio_led_output\source" -I"C:\Users\guoj69\Desktop\COMPENG4DS4\lab 0\frdmk66f_gpio_led_output\utilities" -I"C:\Users\guoj69\Desktop\COMPENG4DS4\lab 0\frdmk66f_gpio_led_output\drivers" -I"C:\Users\guoj69\Desktop\COMPENG4DS4\lab 0\frdmk66f_gpio_led_output\device" -I"C:\Users\guoj69\Desktop\COMPENG4DS4\lab 0\frdmk66f_gpio_led_output\component\uart" -I"C:\Users\guoj69\Desktop\COMPENG4DS4\lab 0\frdmk66f_gpio_led_output\component\lists" -I"C:\Users\guoj69\Desktop\COMPENG4DS4\lab 0\frdmk66f_gpio_led_output\CMSIS" -I"C:\Users\guoj69\Desktop\COMPENG4DS4\lab 0\frdmk66f_gpio_led_output\board" -I"C:\Users\guoj69\Desktop\COMPENG4DS4\lab 0\frdmk66f_gpio_led_output\frdmk66f\driver_examples\gpio\led_output" -O0 -fno-common -g3 -c -ffunction-sections -fdata-sections -ffreestanding -fno-builtin -fmerge-constants -fmacro-prefix-map="../drivers/"= -mcpu=cortex-m4 -mfpu=fpv4-sp-d16 -mfloat-abi=hard -mthumb -D__REDLIB__ -fstack-usage -specs=redlib.specs -MMD -MP -MF"drivers/fsl_common_arm.d" -MT"drivers/fsl_common_arm.o" -MT"drivers/fsl_common_arm.d" -o "drivers/fsl_common_arm.o" "../drivers/fsl_common_arm.c"
Finished building: ../source/semihost_hardfault.c
 
Building file: ../drivers/fsl_ftfx_cache.c
Invoking: MCU C Compiler
arm-none-eabi-gcc -std=gnu99 -D__REDLIB__ -DCPU_MK66FN2M0VMD18 -DCPU_MK66FN2M0VMD18_cm4 -DFRDM_K66F -DFREEDOM -DMCUXPRESSO_SDK -DSDK_DEBUGCONSOLE=0 -DCR_INTEGER_PRINTF -DPRINTF_FLOAT_ENABLE=0 -D__MCUXPRESSO -D__USE_CMSIS -DDEBUG -I"C:\Users\guoj69\Desktop\COMPENG4DS4\lab 0\frdmk66f_gpio_led_output\source" -I"C:\Users\guoj69\Desktop\COMPENG4DS4\lab 0\frdmk66f_gpio_led_output\utilities" -I"C:\Users\guoj69\Desktop\COMPENG4DS4\lab 0\frdmk66f_gpio_led_output\drivers" -I"C:\Users\guoj69\Desktop\COMPENG4DS4\lab 0\frdmk66f_gpio_led_output\device" -I"C:\Users\guoj69\Desktop\COMPENG4DS4\lab 0\frdmk66f_gpio_led_output\component\uart" -I"C:\Users\guoj69\Desktop\COMPENG4DS4\lab 0\frdmk66f_gpio_led_output\component\lists" -I"C:\Users\guoj69\Desktop\COMPENG4DS4\lab 0\frdmk66f_gpio_led_output\CMSIS" -I"C:\Users\guoj69\Desktop\COMPENG4DS4\lab 0\frdmk66f_gpio_led_output\board" -I"C:\Users\guoj69\Desktop\COMPENG4DS4\lab 0\frdmk66f_gpio_led_output\frdmk66f\driver_examples\gpio\led_output" -O0 -fno-common -g3 -c -ffunction-sections -fdata-sections -ffreestanding -fno-builtin -fmerge-constants -fmacro-prefix-map="../drivers/"= -mcpu=cortex-m4 -mfpu=fpv4-sp-d16 -mfloat-abi=hard -mthumb -D__REDLIB__ -fstack-usage -specs=redlib.specs -MMD -MP -MF"drivers/fsl_ftfx_cache.d" -MT"drivers/fsl_ftfx_cache.o" -MT"drivers/fsl_ftfx_cache.d" -o "drivers/fsl_ftfx_cache.o" "../drivers/fsl_ftfx_cache.c"
Finished building: ../drivers/fsl_common.c
 
Building file: ../drivers/fsl_ftfx_controller.c
Invoking: MCU C Compiler
Finished building: ../drivers/fsl_common_arm.c
arm-none-eabi-gcc -std=gnu99 -D__REDLIB__ -DCPU_MK66FN2M0VMD18 -DCPU_MK66FN2M0VMD18_cm4 -DFRDM_K66F -DFREEDOM -DMCUXPRESSO_SDK -DSDK_DEBUGCONSOLE=0 -DCR_INTEGER_PRINTF -DPRINTF_FLOAT_ENABLE=0 -D__MCUXPRESSO -D__USE_CMSIS -DDEBUG -I"C:\Users\guoj69\Desktop\COMPENG4DS4\lab 0\frdmk66f_gpio_led_output\source" -I"C:\Users\guoj69\Desktop\COMPENG4DS4\lab 0\frdmk66f_gpio_led_output\utilities" -I"C:\Users\guoj69\Desktop\COMPENG4DS4\lab 0\frdmk66f_gpio_led_output\drivers" -I"C:\Users\guoj69\Desktop\COMPENG4DS4\lab 0\frdmk66f_gpio_led_output\device" -I"C:\Users\guoj69\Desktop\COMPENG4DS4\lab 0\frdmk66f_gpio_led_output\component\uart" -I"C:\Users\guoj69\Desktop\COMPENG4DS4\lab 0\frdmk66f_gpio_led_output\component\lists" -I"C:\Users\guoj69\Desktop\COMPENG4DS4\lab 0\frdmk66f_gpio_led_output\CMSIS" -I"C:\Users\guoj69\Desktop\COMPENG4DS4\lab 0\frdmk66f_gpio_led_output\board" -I"C:\Users\guoj69\Desktop\COMPENG4DS4\lab 0\frdmk66f_gpio_led_output\frdmk66f\driver_examples\gpio\led_output" -O0 -fno-common -g3 -c -ffunction-sections -fdata-sections -ffreestanding -fno-builtin -fmerge-constants -fmacro-prefix-map="../drivers/"= -mcpu=cortex-m4 -mfpu=fpv4-sp-d16 -mfloat-abi=hard -mthumb -D__REDLIB__ -fstack-usage -specs=redlib.specs -MMD -MP -MF"drivers/fsl_ftfx_controller.d" -MT"drivers/fsl_ftfx_controller.o" -MT"drivers/fsl_ftfx_controller.d" -o "drivers/fsl_ftfx_controller.o" "../drivers/fsl_ftfx_controller.c"
 
Finished building: ../drivers/fsl_clock.c
Building file: ../drivers/fsl_ftfx_flash.c
Invoking: MCU C Compiler
 
arm-none-eabi-gcc -std=gnu99 -D__REDLIB__ -DCPU_MK66FN2M0VMD18 -DCPU_MK66FN2M0VMD18_cm4 -DFRDM_K66F -DFREEDOM -DMCUXPRESSO_SDK -DSDK_DEBUGCONSOLE=0 -DCR_INTEGER_PRINTF -DPRINTF_FLOAT_ENABLE=0 -D__MCUXPRESSO -D__USE_CMSIS -DDEBUG -I"C:\Users\guoj69\Desktop\COMPENG4DS4\lab 0\frdmk66f_gpio_led_output\source" -I"C:\Users\guoj69\Desktop\COMPENG4DS4\lab 0\frdmk66f_gpio_led_output\utilities" -I"C:\Users\guoj69\Desktop\COMPENG4DS4\lab 0\frdmk66f_gpio_led_output\drivers" -I"C:\Users\guoj69\Desktop\COMPENG4DS4\lab 0\frdmk66f_gpio_led_output\device" -I"C:\Users\guoj69\Desktop\COMPENG4DS4\lab 0\frdmk66f_gpio_led_output\component\uart" -I"C:\Users\guoj69\Desktop\COMPENG4DS4\lab 0\frdmk66f_gpio_led_output\component\lists" -I"C:\Users\guoj69\Desktop\COMPENG4DS4\lab 0\frdmk66f_gpio_led_output\CMSIS" -I"C:\Users\guoj69\Desktop\COMPENG4DS4\lab 0\frdmk66f_gpio_led_output\board" -I"C:\Users\guoj69\Desktop\COMPENG4DS4\lab 0\frdmk66f_gpio_led_output\frdmk66f\driver_examples\gpio\led_output" -O0 -fno-common -g3 -c -ffunction-sections -fdata-sections -ffreestanding -fno-builtin -fmerge-constants -fmacro-prefix-map="../drivers/"= -mcpu=cortex-m4 -mfpu=fpv4-sp-d16 -mfloat-abi=hard -mthumb -D__REDLIB__ -fstack-usage -specs=redlib.specs -MMD -MP -MF"drivers/fsl_ftfx_flash.d" -MT"drivers/fsl_ftfx_flash.o" -MT"drivers/fsl_ftfx_flash.d" -o "drivers/fsl_ftfx_flash.o" "../drivers/fsl_ftfx_flash.c"
Building file: ../drivers/fsl_ftfx_flexnvm.c
Invoking: MCU C Compiler
arm-none-eabi-gcc -std=gnu99 -D__REDLIB__ -DCPU_MK66FN2M0VMD18 -DCPU_MK66FN2M0VMD18_cm4 -DFRDM_K66F -DFREEDOM -DMCUXPRESSO_SDK -DSDK_DEBUGCONSOLE=0 -DCR_INTEGER_PRINTF -DPRINTF_FLOAT_ENABLE=0 -D__MCUXPRESSO -D__USE_CMSIS -DDEBUG -I"C:\Users\guoj69\Desktop\COMPENG4DS4\lab 0\frdmk66f_gpio_led_output\source" -I"C:\Users\guoj69\Desktop\COMPENG4DS4\lab 0\frdmk66f_gpio_led_output\utilities" -I"C:\Users\guoj69\Desktop\COMPENG4DS4\lab 0\frdmk66f_gpio_led_output\drivers" -I"C:\Users\guoj69\Desktop\COMPENG4DS4\lab 0\frdmk66f_gpio_led_output\device" -I"C:\Users\guoj69\Desktop\COMPENG4DS4\lab 0\frdmk66f_gpio_led_output\component\uart" -I"C:\Users\guoj69\Desktop\COMPENG4DS4\lab 0\frdmk66f_gpio_led_output\component\lists" -I"C:\Users\guoj69\Desktop\COMPENG4DS4\lab 0\frdmk66f_gpio_led_output\CMSIS" -I"C:\Users\guoj69\Desktop\COMPENG4DS4\lab 0\frdmk66f_gpio_led_output\board" -I"C:\Users\guoj69\Desktop\COMPENG4DS4\lab 0\frdmk66f_gpio_led_output\frdmk66f\driver_examples\gpio\led_output" -O0 -fno-common -g3 -c -ffunction-sections -fdata-sections -ffreestanding -fno-builtin -fmerge-constants -fmacro-prefix-map="../drivers/"= -mcpu=cortex-m4 -mfpu=fpv4-sp-d16 -mfloat-abi=hard -mthumb -D__REDLIB__ -fstack-usage -specs=redlib.specs -MMD -MP -MF"drivers/fsl_ftfx_flexnvm.d" -MT"drivers/fsl_ftfx_flexnvm.o" -MT"drivers/fsl_ftfx_flexnvm.d" -o "drivers/fsl_ftfx_flexnvm.o" "../drivers/fsl_ftfx_flexnvm.c"
Finished building: ../drivers/fsl_ftfx_cache.c
 
Building file: ../drivers/fsl_gpio.c
Invoking: MCU C Compiler
arm-none-eabi-gcc -std=gnu99 -D__REDLIB__ -DCPU_MK66FN2M0VMD18 -DCPU_MK66FN2M0VMD18_cm4 -DFRDM_K66F -DFREEDOM -DMCUXPRESSO_SDK -DSDK_DEBUGCONSOLE=0 -DCR_INTEGER_PRINTF -DPRINTF_FLOAT_ENABLE=0 -D__MCUXPRESSO -D__USE_CMSIS -DDEBUG -I"C:\Users\guoj69\Desktop\COMPENG4DS4\lab 0\frdmk66f_gpio_led_output\source" -I"C:\Users\guoj69\Desktop\COMPENG4DS4\lab 0\frdmk66f_gpio_led_output\utilities" -I"C:\Users\guoj69\Desktop\COMPENG4DS4\lab 0\frdmk66f_gpio_led_output\drivers" -I"C:\Users\guoj69\Desktop\COMPENG4DS4\lab 0\frdmk66f_gpio_led_output\device" -I"C:\Users\guoj69\Desktop\COMPENG4DS4\lab 0\frdmk66f_gpio_led_output\component\uart" -I"C:\Users\guoj69\Desktop\COMPENG4DS4\lab 0\frdmk66f_gpio_led_output\component\lists" -I"C:\Users\guoj69\Desktop\COMPENG4DS4\lab 0\frdmk66f_gpio_led_output\CMSIS" -I"C:\Users\guoj69\Desktop\COMPENG4DS4\lab 0\frdmk66f_gpio_led_output\board" -I"C:\Users\guoj69\Desktop\COMPENG4DS4\lab 0\frdmk66f_gpio_led_output\frdmk66f\driver_examples\gpio\led_output" -O0 -fno-common -g3 -c -ffunction-sections -fdata-sections -ffreestanding -fno-builtin -fmerge-constants -fmacro-prefix-map="../drivers/"= -mcpu=cortex-m4 -mfpu=fpv4-sp-d16 -mfloat-abi=hard -mthumb -D__REDLIB__ -fstack-usage -specs=redlib.specs -MMD -MP -MF"drivers/fsl_gpio.d" -MT"drivers/fsl_gpio.o" -MT"drivers/fsl_gpio.d" -o "drivers/fsl_gpio.o" "../drivers/fsl_gpio.c"
Finished building: ../drivers/fsl_ftfx_controller.c
 
Finished building: ../drivers/fsl_ftfx_flexnvm.c
Building file: ../drivers/fsl_lpuart.c
 
Invoking: MCU C Compiler
arm-none-eabi-gcc -std=gnu99 -D__REDLIB__ -DCPU_MK66FN2M0VMD18 -DCPU_MK66FN2M0VMD18_cm4 -DFRDM_K66F -DFREEDOM -DMCUXPRESSO_SDK -DSDK_DEBUGCONSOLE=0 -DCR_INTEGER_PRINTF -DPRINTF_FLOAT_ENABLE=0 -D__MCUXPRESSO -D__USE_CMSIS -DDEBUG -I"C:\Users\guoj69\Desktop\COMPENG4DS4\lab 0\frdmk66f_gpio_led_output\source" -I"C:\Users\guoj69\Desktop\COMPENG4DS4\lab 0\frdmk66f_gpio_led_output\utilities" -I"C:\Users\guoj69\Desktop\COMPENG4DS4\lab 0\frdmk66f_gpio_led_output\drivers" -I"C:\Users\guoj69\Desktop\COMPENG4DS4\lab 0\frdmk66f_gpio_led_output\device" -I"C:\Users\guoj69\Desktop\COMPENG4DS4\lab 0\frdmk66f_gpio_led_output\component\uart" -I"C:\Users\guoj69\Desktop\COMPENG4DS4\lab 0\frdmk66f_gpio_led_output\component\lists" -I"C:\Users\guoj69\Desktop\COMPENG4DS4\lab 0\frdmk66f_gpio_led_output\CMSIS" -I"C:\Users\guoj69\Desktop\COMPENG4DS4\lab 0\frdmk66f_gpio_led_output\board" -I"C:\Users\guoj69\Desktop\COMPENG4DS4\lab 0\frdmk66f_gpio_led_output\frdmk66f\driver_examples\gpio\led_output" -O0 -fno-common -g3 -c -ffunction-sections -fdata-sections -ffreestanding -fno-builtin -fmerge-constants -fmacro-prefix-map="../drivers/"= -mcpu=cortex-m4 -mfpu=fpv4-sp-d16 -mfloat-abi=hard -mthumb -D__REDLIB__ -fstack-usage -specs=redlib.specs -MMD -MP -MF"drivers/fsl_lpuart.d" -MT"drivers/fsl_lpuart.o" -MT"drivers/fsl_lpuart.d" -o "drivers/fsl_lpuart.o" "../drivers/fsl_lpuart.c"
Finished building: ../drivers/fsl_ftfx_flash.c
Building file: ../drivers/fsl_smc.c
 
Invoking: MCU C Compiler
arm-none-eabi-gcc -std=gnu99 -D__REDLIB__ -DCPU_MK66FN2M0VMD18 -DCPU_MK66FN2M0VMD18_cm4 -DFRDM_K66F -DFREEDOM -DMCUXPRESSO_SDK -DSDK_DEBUGCONSOLE=0 -DCR_INTEGER_PRINTF -DPRINTF_FLOAT_ENABLE=0 -D__MCUXPRESSO -D__USE_CMSIS -DDEBUG -I"C:\Users\guoj69\Desktop\COMPENG4DS4\lab 0\frdmk66f_gpio_led_output\source" -I"C:\Users\guoj69\Desktop\COMPENG4DS4\lab 0\frdmk66f_gpio_led_output\utilities" -I"C:\Users\guoj69\Desktop\COMPENG4DS4\lab 0\frdmk66f_gpio_led_output\drivers" -I"C:\Users\guoj69\Desktop\COMPENG4DS4\lab 0\frdmk66f_gpio_led_output\device" -I"C:\Users\guoj69\Desktop\COMPENG4DS4\lab 0\frdmk66f_gpio_led_output\component\uart" -I"C:\Users\guoj69\Desktop\COMPENG4DS4\lab 0\frdmk66f_gpio_led_output\component\lists" -I"C:\Users\guoj69\Desktop\COMPENG4DS4\lab 0\frdmk66f_gpio_led_output\CMSIS" -I"C:\Users\guoj69\Desktop\COMPENG4DS4\lab 0\frdmk66f_gpio_led_output\board" -I"C:\Users\guoj69\Desktop\COMPENG4DS4\lab 0\frdmk66f_gpio_led_output\frdmk66f\driver_examples\gpio\led_output" -O0 -fno-common -g3 -c -ffunction-sections -fdata-sections -ffreestanding -fno-builtin -fmerge-constants -fmacro-prefix-map="../drivers/"= -mcpu=cortex-m4 -mfpu=fpv4-sp-d16 -mfloat-abi=hard -mthumb -D__REDLIB__ -fstack-usage -specs=redlib.specs -MMD -MP -MF"drivers/fsl_smc.d" -MT"drivers/fsl_smc.o" -MT"drivers/fsl_smc.d" -o "drivers/fsl_smc.o" "../drivers/fsl_smc.c"
Building file: ../drivers/fsl_uart.c
Invoking: MCU C Compiler
arm-none-eabi-gcc -std=gnu99 -D__REDLIB__ -DCPU_MK66FN2M0VMD18 -DCPU_MK66FN2M0VMD18_cm4 -DFRDM_K66F -DFREEDOM -DMCUXPRESSO_SDK -DSDK_DEBUGCONSOLE=0 -DCR_INTEGER_PRINTF -DPRINTF_FLOAT_ENABLE=0 -D__MCUXPRESSO -D__USE_CMSIS -DDEBUG -I"C:\Users\guoj69\Desktop\COMPENG4DS4\lab 0\frdmk66f_gpio_led_output\source" -I"C:\Users\guoj69\Desktop\COMPENG4DS4\lab 0\frdmk66f_gpio_led_output\utilities" -I"C:\Users\guoj69\Desktop\COMPENG4DS4\lab 0\frdmk66f_gpio_led_output\drivers" -I"C:\Users\guoj69\Desktop\COMPENG4DS4\lab 0\frdmk66f_gpio_led_output\device" -I"C:\Users\guoj69\Desktop\COMPENG4DS4\lab 0\frdmk66f_gpio_led_output\component\uart" -I"C:\Users\guoj69\Desktop\COMPENG4DS4\lab 0\frdmk66f_gpio_led_output\component\lists" -I"C:\Users\guoj69\Desktop\COMPENG4DS4\lab 0\frdmk66f_gpio_led_output\CMSIS" -I"C:\Users\guoj69\Desktop\COMPENG4DS4\lab 0\frdmk66f_gpio_led_output\board" -I"C:\Users\guoj69\Desktop\COMPENG4DS4\lab 0\frdmk66f_gpio_led_output\frdmk66f\driver_examples\gpio\led_output" -O0 -fno-common -g3 -c -ffunction-sections -fdata-sections -ffreestanding -fno-builtin -fmerge-constants -fmacro-prefix-map="../drivers/"= -mcpu=cortex-m4 -mfpu=fpv4-sp-d16 -mfloat-abi=hard -mthumb -D__REDLIB__ -fstack-usage -specs=redlib.specs -MMD -MP -MF"drivers/fsl_uart.d" -MT"drivers/fsl_uart.o" -MT"drivers/fsl_uart.d" -o "drivers/fsl_uart.o" "../drivers/fsl_uart.c"
Finished building: ../drivers/fsl_gpio.c
 
Building file: ../device/system_MK66F18.c
Invoking: MCU C Compiler
arm-none-eabi-gcc -std=gnu99 -D__REDLIB__ -DCPU_MK66FN2M0VMD18 -DCPU_MK66FN2M0VMD18_cm4 -DFRDM_K66F -DFREEDOM -DMCUXPRESSO_SDK -DSDK_DEBUGCONSOLE=0 -DCR_INTEGER_PRINTF -DPRINTF_FLOAT_ENABLE=0 -D__MCUXPRESSO -D__USE_CMSIS -DDEBUG -I"C:\Users\guoj69\Desktop\COMPENG4DS4\lab 0\frdmk66f_gpio_led_output\source" -I"C:\Users\guoj69\Desktop\COMPENG4DS4\lab 0\frdmk66f_gpio_led_output\utilities" -I"C:\Users\guoj69\Desktop\COMPENG4DS4\lab 0\frdmk66f_gpio_led_output\drivers" -I"C:\Users\guoj69\Desktop\COMPENG4DS4\lab 0\frdmk66f_gpio_led_output\device" -I"C:\Users\guoj69\Desktop\COMPENG4DS4\lab 0\frdmk66f_gpio_led_output\component\uart" -I"C:\Users\guoj69\Desktop\COMPENG4DS4\lab 0\frdmk66f_gpio_led_output\component\lists" -I"C:\Users\guoj69\Desktop\COMPENG4DS4\lab 0\frdmk66f_gpio_led_output\CMSIS" -I"C:\Users\guoj69\Desktop\COMPENG4DS4\lab 0\frdmk66f_gpio_led_output\board" -I"C:\Users\guoj69\Desktop\COMPENG4DS4\lab 0\frdmk66f_gpio_led_output\frdmk66f\driver_examples\gpio\led_output" -O0 -fno-common -g3 -c -ffunction-sections -fdata-sections -ffreestanding -fno-builtin -fmerge-constants -fmacro-prefix-map="../device/"= -mcpu=cortex-m4 -mfpu=fpv4-sp-d16 -mfloat-abi=hard -mthumb -D__REDLIB__ -fstack-usage -specs=redlib.specs -MMD -MP -MF"device/system_MK66F18.d" -MT"device/system_MK66F18.o" -MT"device/system_MK66F18.d" -o "device/system_MK66F18.o" "../device/system_MK66F18.c"
Finished building: ../drivers/fsl_lpuart.c
Finished building: ../drivers/fsl_smc.c
 
 
Building file: ../component/uart/fsl_adapter_uart.c
Building file: ../component/lists/fsl_component_generic_list.c
Invoking: MCU C Compiler
Invoking: MCU C Compiler
arm-none-eabi-gcc -std=gnu99 -D__REDLIB__ -DCPU_MK66FN2M0VMD18 -DCPU_MK66FN2M0VMD18_cm4 -DFRDM_K66F -DFREEDOM -DMCUXPRESSO_SDK -DSDK_DEBUGCONSOLE=0 -DCR_INTEGER_PRINTF -DPRINTF_FLOAT_ENABLE=0 -D__MCUXPRESSO -D__USE_CMSIS -DDEBUG -I"C:\Users\guoj69\Desktop\COMPENG4DS4\lab 0\frdmk66f_gpio_led_output\source" -I"C:\Users\guoj69\Desktop\COMPENG4DS4\lab 0\frdmk66f_gpio_led_output\utilities" -I"C:\Users\guoj69\Desktop\COMPENG4DS4\lab 0\frdmk66f_gpio_led_output\drivers" -I"C:\Users\guoj69\Desktop\COMPENG4DS4\lab 0\frdmk66f_gpio_led_output\device" -I"C:\Users\guoj69\Desktop\COMPENG4DS4\lab 0\frdmk66f_gpio_led_output\component\uart" -I"C:\Users\guoj69\Desktop\COMPENG4DS4\lab 0\frdmk66f_gpio_led_output\component\lists" -I"C:\Users\guoj69\Desktop\COMPENG4DS4\lab 0\frdmk66f_gpio_led_output\CMSIS" -I"C:\Users\guoj69\Desktop\COMPENG4DS4\lab 0\frdmk66f_gpio_led_output\board" -I"C:\Users\guoj69\Desktop\COMPENG4DS4\lab 0\frdmk66f_gpio_led_output\frdmk66f\driver_examples\gpio\led_output" -O0 -fno-common -g3 -c -ffunction-sections -fdata-sections -ffreestanding -fno-builtin -fmerge-constants -fmacro-prefix-map="../component/uart/"= -mcpu=cortex-m4 -mfpu=fpv4-sp-d16 -mfloat-abi=hard -mthumb -D__REDLIB__ -fstack-usage -specs=redlib.specs -MMD -MP -MF"component/uart/fsl_adapter_uart.d" -MT"component/uart/fsl_adapter_uart.o" -MT"component/uart/fsl_adapter_uart.d" -o "component/uart/fsl_adapter_uart.o" "../component/uart/fsl_adapter_uart.c"
arm-none-eabi-gcc -std=gnu99 -D__REDLIB__ -DCPU_MK66FN2M0VMD18 -DCPU_MK66FN2M0VMD18_cm4 -DFRDM_K66F -DFREEDOM -DMCUXPRESSO_SDK -DSDK_DEBUGCONSOLE=0 -DCR_INTEGER_PRINTF -DPRINTF_FLOAT_ENABLE=0 -D__MCUXPRESSO -D__USE_CMSIS -DDEBUG -I"C:\Users\guoj69\Desktop\COMPENG4DS4\lab 0\frdmk66f_gpio_led_output\source" -I"C:\Users\guoj69\Desktop\COMPENG4DS4\lab 0\frdmk66f_gpio_led_output\utilities" -I"C:\Users\guoj69\Desktop\COMPENG4DS4\lab 0\frdmk66f_gpio_led_output\drivers" -I"C:\Users\guoj69\Desktop\COMPENG4DS4\lab 0\frdmk66f_gpio_led_output\device" -I"C:\Users\guoj69\Desktop\COMPENG4DS4\lab 0\frdmk66f_gpio_led_output\component\uart" -I"C:\Users\guoj69\Desktop\COMPENG4DS4\lab 0\frdmk66f_gpio_led_output\component\lists" -I"C:\Users\guoj69\Desktop\COMPENG4DS4\lab 0\frdmk66f_gpio_led_output\CMSIS" -I"C:\Users\guoj69\Desktop\COMPENG4DS4\lab 0\frdmk66f_gpio_led_output\board" -I"C:\Users\guoj69\Desktop\COMPENG4DS4\lab 0\frdmk66f_gpio_led_output\frdmk66f\driver_examples\gpio\led_output" -O0 -fno-common -g3 -c -ffunction-sections -fdata-sections -ffreestanding -fno-builtin -fmerge-constants -fmacro-prefix-map="../component/lists/"= -mcpu=cortex-m4 -mfpu=fpv4-sp-d16 -mfloat-abi=hard -mthumb -D__REDLIB__ -fstack-usage -specs=redlib.specs -MMD -MP -MF"component/lists/fsl_component_generic_list.d" -MT"component/lists/fsl_component_generic_list.o" -MT"component/lists/fsl_component_generic_list.d" -o "component/lists/fsl_component_generic_list.o" "../component/lists/fsl_component_generic_list.c"
Finished building: ../drivers/fsl_uart.c
 
Building file: ../board/board.c
Invoking: MCU C Compiler
arm-none-eabi-gcc -std=gnu99 -D__REDLIB__ -DCPU_MK66FN2M0VMD18 -DCPU_MK66FN2M0VMD18_cm4 -DFRDM_K66F -DFREEDOM -DMCUXPRESSO_SDK -DSDK_DEBUGCONSOLE=0 -DCR_INTEGER_PRINTF -DPRINTF_FLOAT_ENABLE=0 -D__MCUXPRESSO -D__USE_CMSIS -DDEBUG -I"C:\Users\guoj69\Desktop\COMPENG4DS4\lab 0\frdmk66f_gpio_led_output\source" -I"C:\Users\guoj69\Desktop\COMPENG4DS4\lab 0\frdmk66f_gpio_led_output\utilities" -I"C:\Users\guoj69\Desktop\COMPENG4DS4\lab 0\frdmk66f_gpio_led_output\drivers" -I"C:\Users\guoj69\Desktop\COMPENG4DS4\lab 0\frdmk66f_gpio_led_output\device" -I"C:\Users\guoj69\Desktop\COMPENG4DS4\lab 0\frdmk66f_gpio_led_output\component\uart" -I"C:\Users\guoj69\Desktop\COMPENG4DS4\lab 0\frdmk66f_gpio_led_output\component\lists" -I"C:\Users\guoj69\Desktop\COMPENG4DS4\lab 0\frdmk66f_gpio_led_output\CMSIS" -I"C:\Users\guoj69\Desktop\COMPENG4DS4\lab 0\frdmk66f_gpio_led_output\board" -I"C:\Users\guoj69\Desktop\COMPENG4DS4\lab 0\frdmk66f_gpio_led_output\frdmk66f\driver_examples\gpio\led_output" -O0 -fno-common -g3 -c -ffunction-sections -fdata-sections -ffreestanding -fno-builtin -fmerge-constants -fmacro-prefix-map="../board/"= -mcpu=cortex-m4 -mfpu=fpv4-sp-d16 -mfloat-abi=hard -mthumb -D__REDLIB__ -fstack-usage -specs=redlib.specs -MMD -MP -MF"board/board.d" -MT"board/board.o" -MT"board/board.d" -o "board/board.o" "../board/board.c"
Finished building: ../device/system_MK66F18.c
 
Building file: ../board/clock_config.c
Invoking: MCU C Compiler
arm-none-eabi-gcc -std=gnu99 -D__REDLIB__ -DCPU_MK66FN2M0VMD18 -DCPU_MK66FN2M0VMD18_cm4 -DFRDM_K66F -DFREEDOM -DMCUXPRESSO_SDK -DSDK_DEBUGCONSOLE=0 -DCR_INTEGER_PRINTF -DPRINTF_FLOAT_ENABLE=0 -D__MCUXPRESSO -D__USE_CMSIS -DDEBUG -I"C:\Users\guoj69\Desktop\COMPENG4DS4\lab 0\frdmk66f_gpio_led_output\source" -I"C:\Users\guoj69\Desktop\COMPENG4DS4\lab 0\frdmk66f_gpio_led_output\utilities" -I"C:\Users\guoj69\Desktop\COMPENG4DS4\lab 0\frdmk66f_gpio_led_output\drivers" -I"C:\Users\guoj69\Desktop\COMPENG4DS4\lab 0\frdmk66f_gpio_led_output\device" -I"C:\Users\guoj69\Desktop\COMPENG4DS4\lab 0\frdmk66f_gpio_led_output\component\uart" -I"C:\Users\guoj69\Desktop\COMPENG4DS4\lab 0\frdmk66f_gpio_led_output\component\lists" -I"C:\Users\guoj69\Desktop\COMPENG4DS4\lab 0\frdmk66f_gpio_led_output\CMSIS" -I"C:\Users\guoj69\Desktop\COMPENG4DS4\lab 0\frdmk66f_gpio_led_output\board" -I"C:\Users\guoj69\Desktop\COMPENG4DS4\lab 0\frdmk66f_gpio_led_output\frdmk66f\driver_examples\gpio\led_output" -O0 -fno-common -g3 -c -ffunction-sections -fdata-sections -ffreestanding -fno-builtin -fmerge-constants -fmacro-prefix-map="../board/"= -mcpu=cortex-m4 -mfpu=fpv4-sp-d16 -mfloat-abi=hard -mthumb -D__REDLIB__ -fstack-usage -specs=redlib.specs -MMD -MP -MF"board/clock_config.d" -MT"board/clock_config.o" -MT"board/clock_config.d" -o "board/clock_config.o" "../board/clock_config.c"
Finished building: ../component/uart/fsl_adapter_uart.c
 
Finished building: ../component/lists/fsl_component_generic_list.c
Building file: ../board/pin_mux.c
 
Invoking: MCU C Compiler
arm-none-eabi-gcc -std=gnu99 -D__REDLIB__ -DCPU_MK66FN2M0VMD18 -DCPU_MK66FN2M0VMD18_cm4 -DFRDM_K66F -DFREEDOM -DMCUXPRESSO_SDK -DSDK_DEBUGCONSOLE=0 -DCR_INTEGER_PRINTF -DPRINTF_FLOAT_ENABLE=0 -D__MCUXPRESSO -D__USE_CMSIS -DDEBUG -I"C:\Users\guoj69\Desktop\COMPENG4DS4\lab 0\frdmk66f_gpio_led_output\source" -I"C:\Users\guoj69\Desktop\COMPENG4DS4\lab 0\frdmk66f_gpio_led_output\utilities" -I"C:\Users\guoj69\Desktop\COMPENG4DS4\lab 0\frdmk66f_gpio_led_output\drivers" -I"C:\Users\guoj69\Desktop\COMPENG4DS4\lab 0\frdmk66f_gpio_led_output\device" -I"C:\Users\guoj69\Desktop\COMPENG4DS4\lab 0\frdmk66f_gpio_led_output\component\uart" -I"C:\Users\guoj69\Desktop\COMPENG4DS4\lab 0\frdmk66f_gpio_led_output\component\lists" -I"C:\Users\guoj69\Desktop\COMPENG4DS4\lab 0\frdmk66f_gpio_led_output\CMSIS" -I"C:\Users\guoj69\Desktop\COMPENG4DS4\lab 0\frdmk66f_gpio_led_output\board" -I"C:\Users\guoj69\Desktop\COMPENG4DS4\lab 0\frdmk66f_gpio_led_output\frdmk66f\driver_examples\gpio\led_output" -O0 -fno-common -g3 -c -ffunction-sections -fdata-sections -ffreestanding -fno-builtin -fmerge-constants -fmacro-prefix-map="../board/"= -mcpu=cortex-m4 -mfpu=fpv4-sp-d16 -mfloat-abi=hard -mthumb -D__REDLIB__ -fstack-usage -specs=redlib.specs -MMD -MP -MF"board/pin_mux.d" -MT"board/pin_mux.o" -MT"board/pin_mux.d" -o "board/pin_mux.o" "../board/pin_mux.c"
Finished building: ../board/board.c
 
Finished building: ../board/clock_config.c
 
Finished building: ../board/pin_mux.c
 
Building target: frdmk66f_gpio_led_output.axf
Invoking: MCU Linker
arm-none-eabi-gcc -nostdlib -Xlinker -Map="frdmk66f_gpio_led_output.map" -Xlinker --gc-sections -Xlinker -print-memory-usage -Xlinker --sort-section=alignment -Xlinker --cref -mcpu=cortex-m4 -mfpu=fpv4-sp-d16 -mfloat-abi=hard -mthumb -T frdmk66f_gpio_led_output_Debug.ld -o "frdmk66f_gpio_led_output.axf" ./utilities/fsl_assert.o ./utilities/fsl_debug_console.o  ./startup/startup_mk66f18.o  ./source/gpio_led_output.o ./source/semihost_hardfault.o  ./drivers/fsl_clock.o ./drivers/fsl_common.o ./drivers/fsl_common_arm.o ./drivers/fsl_ftfx_cache.o ./drivers/fsl_ftfx_controller.o ./drivers/fsl_ftfx_flash.o ./drivers/fsl_ftfx_flexnvm.o ./drivers/fsl_gpio.o ./drivers/fsl_lpuart.o ./drivers/fsl_smc.o ./drivers/fsl_uart.o  ./device/system_MK66F18.o  ./component/uart/fsl_adapter_uart.o  ./component/lists/fsl_component_generic_list.o  ./board/board.o ./board/clock_config.o ./board/pin_mux.o   
Memory region         Used Size  Region Size  %age Used
   PROGRAM_FLASH:       11184 B         2 MB      0.53%
      SRAM_UPPER:        8448 B       192 KB      4.30%
      SRAM_LOWER:          0 GB        64 KB      0.00%
        FLEX_RAM:          0 GB         4 KB      0.00%
Finished building target: frdmk66f_gpio_led_output.axf
 
Performing post-build steps
arm-none-eabi-size "frdmk66f_gpio_led_output.axf"; # arm-none-eabi-objcopy -v -O binary "frdmk66f_gpio_led_output.axf" "frdmk66f_gpio_led_output.bin" ; # checksum -p MK66FN2M0xxx18 -d "frdmk66f_gpio_led_output.bin";
   text	   data	    bss	    dec	    hex	filename
  11168	     16	   8432	  19616	   4ca0	frdmk66f_gpio_led_output.axf
 

16:04:10 Build Finished. 0 errors, 0 warnings. (took 4s.97ms)

