15:25:47 **** Incremental Build of configuration Debug for project frdmk66f_hello_world ****
make -r -j4 all 
make[1]: Nothing to be done for 'main-build'.
Performing post-build steps
arm-none-eabi-size "frdmk66f_hello_world.axf"; # arm-none-eabi-objcopy -v -O binary "frdmk66f_hello_world.axf" "frdmk66f_hello_world.bin" ; # checksum -p MK66FN2M0xxx18 -d "frdmk66f_hello_world.bin";
   text	   data	    bss	    dec	    hex	filename
  11504	     16	   8432	  19952	   4df0	frdmk66f_hello_world.axf
 

15:25:48 Build Finished. 0 errors, 0 warnings. (took 328ms)

