14:04:30 **** Build of configuration Debug for project frdmk66f_hello_world ****
make -r -j4 all 
Building file: ../utilities/fsl_assert.c
Building file: ../utilities/fsl_debug_console.c
Building file: ../startup/startup_mk66f18.c
Building file: ../source/hello_world.c
Invoking: MCU C Compiler
Invoking: MCU C Compiler
arm-none-eabi-gcc -std=gnu99 -D__REDLIB__ -DCPU_MK66FN2M0VMD18 -DPRINTF_FLOAT_ENABLE=0 -DSCANF_FLOAT_ENABLE=0 -DPRINTF_ADVANCED_ENABLE=0 -DSCANF_ADVANCED_ENABLE=0 -DFRDM_K66F -DFREEDOM -DMCUXPRESSO_SDK -DCPU_MK66FN2M0VMD18_cm4 -DSDK_DEBUGCONSOLE=0 -DCR_INTEGER_PRINTF -D__MCUXPRESSO -D__USE_CMSIS -DDEBUG -I"C:\Users\guoj69\Desktop\lab 0\frdmk66f_hello_world\source" -I"C:\Users\guoj69\Desktop\lab 0\frdmk66f_hello_world\utilities" -I"C:\Users\guoj69\Desktop\lab 0\frdmk66f_hello_world\drivers" -I"C:\Users\guoj69\Desktop\lab 0\frdmk66f_hello_world\device" -I"C:\Users\guoj69\Desktop\lab 0\frdmk66f_hello_world\component\uart" -I"C:\Users\guoj69\Desktop\lab 0\frdmk66f_hello_world\component\lists" -I"C:\Users\guoj69\Desktop\lab 0\frdmk66f_hello_world\CMSIS" -I"C:\Users\guoj69\Desktop\lab 0\frdmk66f_hello_world\board" -O0 -fno-common -g3 -c -ffunction-sections -fdata-sections -ffreestanding -fno-builtin -fmerge-constants -fmacro-prefix-map="../utilities/"= -mcpu=cortex-m4 -mfpu=fpv4-sp-d16 -mfloat-abi=hard -mthumb -D__REDLIB__ -fstack-usage -specs=redlib.specs -MMD -MP -MF"utilities/fsl_assert.d" -MT"utilities/fsl_assert.o" -MT"utilities/fsl_assert.d" -o "utilities/fsl_assert.o" "../utilities/fsl_assert.c"
Invoking: MCU C Compiler
arm-none-eabi-gcc -std=gnu99 -D__REDLIB__ -DCPU_MK66FN2M0VMD18 -DPRINTF_FLOAT_ENABLE=0 -DSCANF_FLOAT_ENABLE=0 -DPRINTF_ADVANCED_ENABLE=0 -DSCANF_ADVANCED_ENABLE=0 -DFRDM_K66F -DFREEDOM -DMCUXPRESSO_SDK -DCPU_MK66FN2M0VMD18_cm4 -DSDK_DEBUGCONSOLE=0 -DCR_INTEGER_PRINTF -D__MCUXPRESSO -D__USE_CMSIS -DDEBUG -I"C:\Users\guoj69\Desktop\lab 0\frdmk66f_hello_world\source" -I"C:\Users\guoj69\Desktop\lab 0\frdmk66f_hello_world\utilities" -I"C:\Users\guoj69\Desktop\lab 0\frdmk66f_hello_world\drivers" -I"C:\Users\guoj69\Desktop\lab 0\frdmk66f_hello_world\device" -I"C:\Users\guoj69\Desktop\lab 0\frdmk66f_hello_world\component\uart" -I"C:\Users\guoj69\Desktop\lab 0\frdmk66f_hello_world\component\lists" -I"C:\Users\guoj69\Desktop\lab 0\frdmk66f_hello_world\CMSIS" -I"C:\Users\guoj69\Desktop\lab 0\frdmk66f_hello_world\board" -O0 -fno-common -g3 -c -ffunction-sections -fdata-sections -ffreestanding -fno-builtin -fmerge-constants -fmacro-prefix-map="../utilities/"= -mcpu=cortex-m4 -mfpu=fpv4-sp-d16 -mfloat-abi=hard -mthumb -D__REDLIB__ -fstack-usage -specs=redlib.specs -MMD -MP -MF"utilities/fsl_debug_console.d" -MT"utilities/fsl_debug_console.o" -MT"utilities/fsl_debug_console.d" -o "utilities/fsl_debug_console.o" "../utilities/fsl_debug_console.c"
Invoking: MCU C Compiler
arm-none-eabi-gcc -std=gnu99 -D__REDLIB__ -DCPU_MK66FN2M0VMD18 -DPRINTF_FLOAT_ENABLE=0 -DSCANF_FLOAT_ENABLE=0 -DPRINTF_ADVANCED_ENABLE=0 -DSCANF_ADVANCED_ENABLE=0 -DFRDM_K66F -DFREEDOM -DMCUXPRESSO_SDK -DCPU_MK66FN2M0VMD18_cm4 -DSDK_DEBUGCONSOLE=0 -DCR_INTEGER_PRINTF -D__MCUXPRESSO -D__USE_CMSIS -DDEBUG -I"C:\Users\guoj69\Desktop\lab 0\frdmk66f_hello_world\source" -I"C:\Users\guoj69\Desktop\lab 0\frdmk66f_hello_world\utilities" -I"C:\Users\guoj69\Desktop\lab 0\frdmk66f_hello_world\drivers" -I"C:\Users\guoj69\Desktop\lab 0\frdmk66f_hello_world\device" -I"C:\Users\guoj69\Desktop\lab 0\frdmk66f_hello_world\component\uart" -I"C:\Users\guoj69\Desktop\lab 0\frdmk66f_hello_world\component\lists" -I"C:\Users\guoj69\Desktop\lab 0\frdmk66f_hello_world\CMSIS" -I"C:\Users\guoj69\Desktop\lab 0\frdmk66f_hello_world\board" -O0 -fno-common -g3 -c -ffunction-sections -fdata-sections -ffreestanding -fno-builtin -fmerge-constants -fmacro-prefix-map="../source/"= -mcpu=cortex-m4 -mfpu=fpv4-sp-d16 -mfloat-abi=hard -mthumb -D__REDLIB__ -fstack-usage -specs=redlib.specs -MMD -MP -MF"source/hello_world.d" -MT"source/hello_world.o" -MT"source/hello_world.d" -o "source/hello_world.o" "../source/hello_world.c"
arm-none-eabi-gcc -std=gnu99 -D__REDLIB__ -DCPU_MK66FN2M0VMD18 -DPRINTF_FLOAT_ENABLE=0 -DSCANF_FLOAT_ENABLE=0 -DPRINTF_ADVANCED_ENABLE=0 -DSCANF_ADVANCED_ENABLE=0 -DFRDM_K66F -DFREEDOM -DMCUXPRESSO_SDK -DCPU_MK66FN2M0VMD18_cm4 -DSDK_DEBUGCONSOLE=0 -DCR_INTEGER_PRINTF -D__MCUXPRESSO -D__USE_CMSIS -DDEBUG -I"C:\Users\guoj69\Desktop\lab 0\frdmk66f_hello_world\source" -I"C:\Users\guoj69\Desktop\lab 0\frdmk66f_hello_world\utilities" -I"C:\Users\guoj69\Desktop\lab 0\frdmk66f_hello_world\drivers" -I"C:\Users\guoj69\Desktop\lab 0\frdmk66f_hello_world\device" -I"C:\Users\guoj69\Desktop\lab 0\frdmk66f_hello_world\component\uart" -I"C:\Users\guoj69\Desktop\lab 0\frdmk66f_hello_world\component\lists" -I"C:\Users\guoj69\Desktop\lab 0\frdmk66f_hello_world\CMSIS" -I"C:\Users\guoj69\Desktop\lab 0\frdmk66f_hello_world\board" -O0 -fno-common -g3 -c -ffunction-sections -fdata-sections -ffreestanding -fno-builtin -fmerge-constants -fmacro-prefix-map="../startup/"= -mcpu=cortex-m4 -mfpu=fpv4-sp-d16 -mfloat-abi=hard -mthumb -D__REDLIB__ -fstack-usage -specs=redlib.specs -MMD -MP -MF"startup/startup_mk66f18.d" -MT"startup/startup_mk66f18.o" -MT"startup/startup_mk66f18.d" -o "startup/startup_mk66f18.o" "../startup/startup_mk66f18.c"
Finished building: ../startup/startup_mk66f18.c
 
Building file: ../source/semihost_hardfault.c
Finished building: ../utilities/fsl_assert.c
Finished building: ../utilities/fsl_debug_console.c
Finished building: ../source/hello_world.c
Invoking: MCU C Compiler
 
 
arm-none-eabi-gcc -std=gnu99 -D__REDLIB__ -DCPU_MK66FN2M0VMD18 -DPRINTF_FLOAT_ENABLE=0 -DSCANF_FLOAT_ENABLE=0 -DPRINTF_ADVANCED_ENABLE=0 -DSCANF_ADVANCED_ENABLE=0 -DFRDM_K66F -DFREEDOM -DMCUXPRESSO_SDK -DCPU_MK66FN2M0VMD18_cm4 -DSDK_DEBUGCONSOLE=0 -DCR_INTEGER_PRINTF -D__MCUXPRESSO -D__USE_CMSIS -DDEBUG -I"C:\Users\guoj69\Desktop\lab 0\frdmk66f_hello_world\source" -I"C:\Users\guoj69\Desktop\lab 0\frdmk66f_hello_world\utilities" -I"C:\Users\guoj69\Desktop\lab 0\frdmk66f_hello_world\drivers" -I"C:\Users\guoj69\Desktop\lab 0\frdmk66f_hello_world\device" -I"C:\Users\guoj69\Desktop\lab 0\frdmk66f_hello_world\component\uart" -I"C:\Users\guoj69\Desktop\lab 0\frdmk66f_hello_world\component\lists" -I"C:\Users\guoj69\Desktop\lab 0\frdmk66f_hello_world\CMSIS" -I"C:\Users\guoj69\Desktop\lab 0\frdmk66f_hello_world\board" -O0 -fno-common -g3 -c -ffunction-sections -fdata-sections -ffreestanding -fno-builtin -fmerge-constants -fmacro-prefix-map="../source/"= -mcpu=cortex-m4 -mfpu=fpv4-sp-d16 -mfloat-abi=hard -mthumb -D__REDLIB__ -fstack-usage -specs=redlib.specs -MMD -MP -MF"source/semihost_hardfault.d" -MT"source/semihost_hardfault.o" -MT"source/semihost_hardfault.d" -o "source/semihost_hardfault.o" "../source/semihost_hardfault.c"
 
Building file: ../drivers/fsl_clock.c
Building file: ../drivers/fsl_common.c
Building file: ../drivers/fsl_common_arm.c
Invoking: MCU C Compiler
Invoking: MCU C Compiler
arm-none-eabi-gcc -std=gnu99 -D__REDLIB__ -DCPU_MK66FN2M0VMD18 -DPRINTF_FLOAT_ENABLE=0 -DSCANF_FLOAT_ENABLE=0 -DPRINTF_ADVANCED_ENABLE=0 -DSCANF_ADVANCED_ENABLE=0 -DFRDM_K66F -DFREEDOM -DMCUXPRESSO_SDK -DCPU_MK66FN2M0VMD18_cm4 -DSDK_DEBUGCONSOLE=0 -DCR_INTEGER_PRINTF -D__MCUXPRESSO -D__USE_CMSIS -DDEBUG -I"C:\Users\guoj69\Desktop\lab 0\frdmk66f_hello_world\source" -I"C:\Users\guoj69\Desktop\lab 0\frdmk66f_hello_world\utilities" -I"C:\Users\guoj69\Desktop\lab 0\frdmk66f_hello_world\drivers" -I"C:\Users\guoj69\Desktop\lab 0\frdmk66f_hello_world\device" -I"C:\Users\guoj69\Desktop\lab 0\frdmk66f_hello_world\component\uart" -I"C:\Users\guoj69\Desktop\lab 0\frdmk66f_hello_world\component\lists" -I"C:\Users\guoj69\Desktop\lab 0\frdmk66f_hello_world\CMSIS" -I"C:\Users\guoj69\Desktop\lab 0\frdmk66f_hello_world\board" -O0 -fno-common -g3 -c -ffunction-sections -fdata-sections -ffreestanding -fno-builtin -fmerge-constants -fmacro-prefix-map="../drivers/"= -mcpu=cortex-m4 -mfpu=fpv4-sp-d16 -mfloat-abi=hard -mthumb -D__REDLIB__ -fstack-usage -specs=redlib.specs -MMD -MP -MF"drivers/fsl_clock.d" -MT"drivers/fsl_clock.o" -MT"drivers/fsl_clock.d" -o "drivers/fsl_clock.o" "../drivers/fsl_clock.c"
arm-none-eabi-gcc -std=gnu99 -D__REDLIB__ -DCPU_MK66FN2M0VMD18 -DPRINTF_FLOAT_ENABLE=0 -DSCANF_FLOAT_ENABLE=0 -DPRINTF_ADVANCED_ENABLE=0 -DSCANF_ADVANCED_ENABLE=0 -DFRDM_K66F -DFREEDOM -DMCUXPRESSO_SDK -DCPU_MK66FN2M0VMD18_cm4 -DSDK_DEBUGCONSOLE=0 -DCR_INTEGER_PRINTF -D__MCUXPRESSO -D__USE_CMSIS -DDEBUG -I"C:\Users\guoj69\Desktop\lab 0\frdmk66f_hello_world\source" -I"C:\Users\guoj69\Desktop\lab 0\frdmk66f_hello_world\utilities" -I"C:\Users\guoj69\Desktop\lab 0\frdmk66f_hello_world\drivers" -I"C:\Users\guoj69\Desktop\lab 0\frdmk66f_hello_world\device" -I"C:\Users\guoj69\Desktop\lab 0\frdmk66f_hello_world\component\uart" -I"C:\Users\guoj69\Desktop\lab 0\frdmk66f_hello_world\component\lists" -I"C:\Users\guoj69\Desktop\lab 0\frdmk66f_hello_world\CMSIS" -I"C:\Users\guoj69\Desktop\lab 0\frdmk66f_hello_world\board" -O0 -fno-common -g3 -c -ffunction-sections -fdata-sections -ffreestanding -fno-builtin -fmerge-constants -fmacro-prefix-map="../drivers/"= -mcpu=cortex-m4 -mfpu=fpv4-sp-d16 -mfloat-abi=hard -mthumb -D__REDLIB__ -fstack-usage -specs=redlib.specs -MMD -MP -MF"drivers/fsl_common.d" -MT"drivers/fsl_common.o" -MT"drivers/fsl_common.d" -o "drivers/fsl_common.o" "../drivers/fsl_common.c"
Invoking: MCU C Compiler
arm-none-eabi-gcc -std=gnu99 -D__REDLIB__ -DCPU_MK66FN2M0VMD18 -DPRINTF_FLOAT_ENABLE=0 -DSCANF_FLOAT_ENABLE=0 -DPRINTF_ADVANCED_ENABLE=0 -DSCANF_ADVANCED_ENABLE=0 -DFRDM_K66F -DFREEDOM -DMCUXPRESSO_SDK -DCPU_MK66FN2M0VMD18_cm4 -DSDK_DEBUGCONSOLE=0 -DCR_INTEGER_PRINTF -D__MCUXPRESSO -D__USE_CMSIS -DDEBUG -I"C:\Users\guoj69\Desktop\lab 0\frdmk66f_hello_world\source" -I"C:\Users\guoj69\Desktop\lab 0\frdmk66f_hello_world\utilities" -I"C:\Users\guoj69\Desktop\lab 0\frdmk66f_hello_world\drivers" -I"C:\Users\guoj69\Desktop\lab 0\frdmk66f_hello_world\device" -I"C:\Users\guoj69\Desktop\lab 0\frdmk66f_hello_world\component\uart" -I"C:\Users\guoj69\Desktop\lab 0\frdmk66f_hello_world\component\lists" -I"C:\Users\guoj69\Desktop\lab 0\frdmk66f_hello_world\CMSIS" -I"C:\Users\guoj69\Desktop\lab 0\frdmk66f_hello_world\board" -O0 -fno-common -g3 -c -ffunction-sections -fdata-sections -ffreestanding -fno-builtin -fmerge-constants -fmacro-prefix-map="../drivers/"= -mcpu=cortex-m4 -mfpu=fpv4-sp-d16 -mfloat-abi=hard -mthumb -D__REDLIB__ -fstack-usage -specs=redlib.specs -MMD -MP -MF"drivers/fsl_common_arm.d" -MT"drivers/fsl_common_arm.o" -MT"drivers/fsl_common_arm.d" -o "drivers/fsl_common_arm.o" "../drivers/fsl_common_arm.c"
Finished building: ../source/semihost_hardfault.c
 
Building file: ../drivers/fsl_ftfx_cache.c
Invoking: MCU C Compiler
arm-none-eabi-gcc -std=gnu99 -D__REDLIB__ -DCPU_MK66FN2M0VMD18 -DPRINTF_FLOAT_ENABLE=0 -DSCANF_FLOAT_ENABLE=0 -DPRINTF_ADVANCED_ENABLE=0 -DSCANF_ADVANCED_ENABLE=0 -DFRDM_K66F -DFREEDOM -DMCUXPRESSO_SDK -DCPU_MK66FN2M0VMD18_cm4 -DSDK_DEBUGCONSOLE=0 -DCR_INTEGER_PRINTF -D__MCUXPRESSO -D__USE_CMSIS -DDEBUG -I"C:\Users\guoj69\Desktop\lab 0\frdmk66f_hello_world\source" -I"C:\Users\guoj69\Desktop\lab 0\frdmk66f_hello_world\utilities" -I"C:\Users\guoj69\Desktop\lab 0\frdmk66f_hello_world\drivers" -I"C:\Users\guoj69\Desktop\lab 0\frdmk66f_hello_world\device" -I"C:\Users\guoj69\Desktop\lab 0\frdmk66f_hello_world\component\uart" -I"C:\Users\guoj69\Desktop\lab 0\frdmk66f_hello_world\component\lists" -I"C:\Users\guoj69\Desktop\lab 0\frdmk66f_hello_world\CMSIS" -I"C:\Users\guoj69\Desktop\lab 0\frdmk66f_hello_world\board" -O0 -fno-common -g3 -c -ffunction-sections -fdata-sections -ffreestanding -fno-builtin -fmerge-constants -fmacro-prefix-map="../drivers/"= -mcpu=cortex-m4 -mfpu=fpv4-sp-d16 -mfloat-abi=hard -mthumb -D__REDLIB__ -fstack-usage -specs=redlib.specs -MMD -MP -MF"drivers/fsl_ftfx_cache.d" -MT"drivers/fsl_ftfx_cache.o" -MT"drivers/fsl_ftfx_cache.d" -o "drivers/fsl_ftfx_cache.o" "../drivers/fsl_ftfx_cache.c"
Finished building: ../drivers/fsl_common_arm.c
 
Finished building: ../drivers/fsl_common.c
Building file: ../drivers/fsl_ftfx_controller.c
 
Invoking: MCU C Compiler
Building file: ../drivers/fsl_ftfx_flash.c
arm-none-eabi-gcc -std=gnu99 -D__REDLIB__ -DCPU_MK66FN2M0VMD18 -DPRINTF_FLOAT_ENABLE=0 -DSCANF_FLOAT_ENABLE=0 -DPRINTF_ADVANCED_ENABLE=0 -DSCANF_ADVANCED_ENABLE=0 -DFRDM_K66F -DFREEDOM -DMCUXPRESSO_SDK -DCPU_MK66FN2M0VMD18_cm4 -DSDK_DEBUGCONSOLE=0 -DCR_INTEGER_PRINTF -D__MCUXPRESSO -D__USE_CMSIS -DDEBUG -I"C:\Users\guoj69\Desktop\lab 0\frdmk66f_hello_world\source" -I"C:\Users\guoj69\Desktop\lab 0\frdmk66f_hello_world\utilities" -I"C:\Users\guoj69\Desktop\lab 0\frdmk66f_hello_world\drivers" -I"C:\Users\guoj69\Desktop\lab 0\frdmk66f_hello_world\device" -I"C:\Users\guoj69\Desktop\lab 0\frdmk66f_hello_world\component\uart" -I"C:\Users\guoj69\Desktop\lab 0\frdmk66f_hello_world\component\lists" -I"C:\Users\guoj69\Desktop\lab 0\frdmk66f_hello_world\CMSIS" -I"C:\Users\guoj69\Desktop\lab 0\frdmk66f_hello_world\board" -O0 -fno-common -g3 -c -ffunction-sections -fdata-sections -ffreestanding -fno-builtin -fmerge-constants -fmacro-prefix-map="../drivers/"= -mcpu=cortex-m4 -mfpu=fpv4-sp-d16 -mfloat-abi=hard -mthumb -D__REDLIB__ -fstack-usage -specs=redlib.specs -MMD -MP -MF"drivers/fsl_ftfx_controller.d" -MT"drivers/fsl_ftfx_controller.o" -MT"drivers/fsl_ftfx_controller.d" -o "drivers/fsl_ftfx_controller.o" "../drivers/fsl_ftfx_controller.c"
Invoking: MCU C Compiler
arm-none-eabi-gcc -std=gnu99 -D__REDLIB__ -DCPU_MK66FN2M0VMD18 -DPRINTF_FLOAT_ENABLE=0 -DSCANF_FLOAT_ENABLE=0 -DPRINTF_ADVANCED_ENABLE=0 -DSCANF_ADVANCED_ENABLE=0 -DFRDM_K66F -DFREEDOM -DMCUXPRESSO_SDK -DCPU_MK66FN2M0VMD18_cm4 -DSDK_DEBUGCONSOLE=0 -DCR_INTEGER_PRINTF -D__MCUXPRESSO -D__USE_CMSIS -DDEBUG -I"C:\Users\guoj69\Desktop\lab 0\frdmk66f_hello_world\source" -I"C:\Users\guoj69\Desktop\lab 0\frdmk66f_hello_world\utilities" -I"C:\Users\guoj69\Desktop\lab 0\frdmk66f_hello_world\drivers" -I"C:\Users\guoj69\Desktop\lab 0\frdmk66f_hello_world\device" -I"C:\Users\guoj69\Desktop\lab 0\frdmk66f_hello_world\component\uart" -I"C:\Users\guoj69\Desktop\lab 0\frdmk66f_hello_world\component\lists" -I"C:\Users\guoj69\Desktop\lab 0\frdmk66f_hello_world\CMSIS" -I"C:\Users\guoj69\Desktop\lab 0\frdmk66f_hello_world\board" -O0 -fno-common -g3 -c -ffunction-sections -fdata-sections -ffreestanding -fno-builtin -fmerge-constants -fmacro-prefix-map="../drivers/"= -mcpu=cortex-m4 -mfpu=fpv4-sp-d16 -mfloat-abi=hard -mthumb -D__REDLIB__ -fstack-usage -specs=redlib.specs -MMD -MP -MF"drivers/fsl_ftfx_flash.d" -MT"drivers/fsl_ftfx_flash.o" -MT"drivers/fsl_ftfx_flash.d" -o "drivers/fsl_ftfx_flash.o" "../drivers/fsl_ftfx_flash.c"
Finished building: ../drivers/fsl_clock.c
 
Building file: ../drivers/fsl_ftfx_flexnvm.c
Finished building: ../drivers/fsl_ftfx_cache.c
Invoking: MCU C Compiler
arm-none-eabi-gcc -std=gnu99 -D__REDLIB__ -DCPU_MK66FN2M0VMD18 -DPRINTF_FLOAT_ENABLE=0 -DSCANF_FLOAT_ENABLE=0 -DPRINTF_ADVANCED_ENABLE=0 -DSCANF_ADVANCED_ENABLE=0 -DFRDM_K66F -DFREEDOM -DMCUXPRESSO_SDK -DCPU_MK66FN2M0VMD18_cm4 -DSDK_DEBUGCONSOLE=0 -DCR_INTEGER_PRINTF -D__MCUXPRESSO -D__USE_CMSIS -DDEBUG -I"C:\Users\guoj69\Desktop\lab 0\frdmk66f_hello_world\source" -I"C:\Users\guoj69\Desktop\lab 0\frdmk66f_hello_world\utilities" -I"C:\Users\guoj69\Desktop\lab 0\frdmk66f_hello_world\drivers" -I"C:\Users\guoj69\Desktop\lab 0\frdmk66f_hello_world\device" -I"C:\Users\guoj69\Desktop\lab 0\frdmk66f_hello_world\component\uart" -I"C:\Users\guoj69\Desktop\lab 0\frdmk66f_hello_world\component\lists" -I"C:\Users\guoj69\Desktop\lab 0\frdmk66f_hello_world\CMSIS" -I"C:\Users\guoj69\Desktop\lab 0\frdmk66f_hello_world\board" -O0 -fno-common -g3 -c -ffunction-sections -fdata-sections -ffreestanding -fno-builtin -fmerge-constants -fmacro-prefix-map="../drivers/"= -mcpu=cortex-m4 -mfpu=fpv4-sp-d16 -mfloat-abi=hard -mthumb -D__REDLIB__ -fstack-usage -specs=redlib.specs -MMD -MP -MF"drivers/fsl_ftfx_flexnvm.d" -MT"drivers/fsl_ftfx_flexnvm.o" -MT"drivers/fsl_ftfx_flexnvm.d" -o "drivers/fsl_ftfx_flexnvm.o" "../drivers/fsl_ftfx_flexnvm.c"
 
Building file: ../drivers/fsl_gpio.c
Invoking: MCU C Compiler
arm-none-eabi-gcc -std=gnu99 -D__REDLIB__ -DCPU_MK66FN2M0VMD18 -DPRINTF_FLOAT_ENABLE=0 -DSCANF_FLOAT_ENABLE=0 -DPRINTF_ADVANCED_ENABLE=0 -DSCANF_ADVANCED_ENABLE=0 -DFRDM_K66F -DFREEDOM -DMCUXPRESSO_SDK -DCPU_MK66FN2M0VMD18_cm4 -DSDK_DEBUGCONSOLE=0 -DCR_INTEGER_PRINTF -D__MCUXPRESSO -D__USE_CMSIS -DDEBUG -I"C:\Users\guoj69\Desktop\lab 0\frdmk66f_hello_world\source" -I"C:\Users\guoj69\Desktop\lab 0\frdmk66f_hello_world\utilities" -I"C:\Users\guoj69\Desktop\lab 0\frdmk66f_hello_world\drivers" -I"C:\Users\guoj69\Desktop\lab 0\frdmk66f_hello_world\device" -I"C:\Users\guoj69\Desktop\lab 0\frdmk66f_hello_world\component\uart" -I"C:\Users\guoj69\Desktop\lab 0\frdmk66f_hello_world\component\lists" -I"C:\Users\guoj69\Desktop\lab 0\frdmk66f_hello_world\CMSIS" -I"C:\Users\guoj69\Desktop\lab 0\frdmk66f_hello_world\board" -O0 -fno-common -g3 -c -ffunction-sections -fdata-sections -ffreestanding -fno-builtin -fmerge-constants -fmacro-prefix-map="../drivers/"= -mcpu=cortex-m4 -mfpu=fpv4-sp-d16 -mfloat-abi=hard -mthumb -D__REDLIB__ -fstack-usage -specs=redlib.specs -MMD -MP -MF"drivers/fsl_gpio.d" -MT"drivers/fsl_gpio.o" -MT"drivers/fsl_gpio.d" -o "drivers/fsl_gpio.o" "../drivers/fsl_gpio.c"
Finished building: ../drivers/fsl_ftfx_controller.c
 
Building file: ../drivers/fsl_lpuart.c
Invoking: MCU C Compiler
arm-none-eabi-gcc -std=gnu99 -D__REDLIB__ -DCPU_MK66FN2M0VMD18 -DPRINTF_FLOAT_ENABLE=0 -DSCANF_FLOAT_ENABLE=0 -DPRINTF_ADVANCED_ENABLE=0 -DSCANF_ADVANCED_ENABLE=0 -DFRDM_K66F -DFREEDOM -DMCUXPRESSO_SDK -DCPU_MK66FN2M0VMD18_cm4 -DSDK_DEBUGCONSOLE=0 -DCR_INTEGER_PRINTF -D__MCUXPRESSO -D__USE_CMSIS -DDEBUG -I"C:\Users\guoj69\Desktop\lab 0\frdmk66f_hello_world\source" -I"C:\Users\guoj69\Desktop\lab 0\frdmk66f_hello_world\utilities" -I"C:\Users\guoj69\Desktop\lab 0\frdmk66f_hello_world\drivers" -I"C:\Users\guoj69\Desktop\lab 0\frdmk66f_hello_world\device" -I"C:\Users\guoj69\Desktop\lab 0\frdmk66f_hello_world\component\uart" -I"C:\Users\guoj69\Desktop\lab 0\frdmk66f_hello_world\component\lists" -I"C:\Users\guoj69\Desktop\lab 0\frdmk66f_hello_world\CMSIS" -I"C:\Users\guoj69\Desktop\lab 0\frdmk66f_hello_world\board" -O0 -fno-common -g3 -c -ffunction-sections -fdata-sections -ffreestanding -fno-builtin -fmerge-constants -fmacro-prefix-map="../drivers/"= -mcpu=cortex-m4 -mfpu=fpv4-sp-d16 -mfloat-abi=hard -mthumb -D__REDLIB__ -fstack-usage -specs=redlib.specs -MMD -MP -MF"drivers/fsl_lpuart.d" -MT"drivers/fsl_lpuart.o" -MT"drivers/fsl_lpuart.d" -o "drivers/fsl_lpuart.o" "../drivers/fsl_lpuart.c"
Finished building: ../drivers/fsl_ftfx_flexnvm.c
Finished building: ../drivers/fsl_ftfx_flash.c
 
 
Building file: ../drivers/fsl_smc.c
Building file: ../drivers/fsl_uart.c
Invoking: MCU C Compiler
arm-none-eabi-gcc -std=gnu99 -D__REDLIB__ -DCPU_MK66FN2M0VMD18 -DPRINTF_FLOAT_ENABLE=0 -DSCANF_FLOAT_ENABLE=0 -DPRINTF_ADVANCED_ENABLE=0 -DSCANF_ADVANCED_ENABLE=0 -DFRDM_K66F -DFREEDOM -DMCUXPRESSO_SDK -DCPU_MK66FN2M0VMD18_cm4 -DSDK_DEBUGCONSOLE=0 -DCR_INTEGER_PRINTF -D__MCUXPRESSO -D__USE_CMSIS -DDEBUG -I"C:\Users\guoj69\Desktop\lab 0\frdmk66f_hello_world\source" -I"C:\Users\guoj69\Desktop\lab 0\frdmk66f_hello_world\utilities" -I"C:\Users\guoj69\Desktop\lab 0\frdmk66f_hello_world\drivers" -I"C:\Users\guoj69\Desktop\lab 0\frdmk66f_hello_world\device" -I"C:\Users\guoj69\Desktop\lab 0\frdmk66f_hello_world\component\uart" -I"C:\Users\guoj69\Desktop\lab 0\frdmk66f_hello_world\component\lists" -I"C:\Users\guoj69\Desktop\lab 0\frdmk66f_hello_world\CMSIS" -I"C:\Users\guoj69\Desktop\lab 0\frdmk66f_hello_world\board" -O0 -fno-common -g3 -c -ffunction-sections -fdata-sections -ffreestanding -fno-builtin -fmerge-constants -fmacro-prefix-map="../drivers/"= -mcpu=cortex-m4 -mfpu=fpv4-sp-d16 -mfloat-abi=hard -mthumb -D__REDLIB__ -fstack-usage -specs=redlib.specs -MMD -MP -MF"drivers/fsl_smc.d" -MT"drivers/fsl_smc.o" -MT"drivers/fsl_smc.d" -o "drivers/fsl_smc.o" "../drivers/fsl_smc.c"
Invoking: MCU C Compiler
arm-none-eabi-gcc -std=gnu99 -D__REDLIB__ -DCPU_MK66FN2M0VMD18 -DPRINTF_FLOAT_ENABLE=0 -DSCANF_FLOAT_ENABLE=0 -DPRINTF_ADVANCED_ENABLE=0 -DSCANF_ADVANCED_ENABLE=0 -DFRDM_K66F -DFREEDOM -DMCUXPRESSO_SDK -DCPU_MK66FN2M0VMD18_cm4 -DSDK_DEBUGCONSOLE=0 -DCR_INTEGER_PRINTF -D__MCUXPRESSO -D__USE_CMSIS -DDEBUG -I"C:\Users\guoj69\Desktop\lab 0\frdmk66f_hello_world\source" -I"C:\Users\guoj69\Desktop\lab 0\frdmk66f_hello_world\utilities" -I"C:\Users\guoj69\Desktop\lab 0\frdmk66f_hello_world\drivers" -I"C:\Users\guoj69\Desktop\lab 0\frdmk66f_hello_world\device" -I"C:\Users\guoj69\Desktop\lab 0\frdmk66f_hello_world\component\uart" -I"C:\Users\guoj69\Desktop\lab 0\frdmk66f_hello_world\component\lists" -I"C:\Users\guoj69\Desktop\lab 0\frdmk66f_hello_world\CMSIS" -I"C:\Users\guoj69\Desktop\lab 0\frdmk66f_hello_world\board" -O0 -fno-common -g3 -c -ffunction-sections -fdata-sections -ffreestanding -fno-builtin -fmerge-constants -fmacro-prefix-map="../drivers/"= -mcpu=cortex-m4 -mfpu=fpv4-sp-d16 -mfloat-abi=hard -mthumb -D__REDLIB__ -fstack-usage -specs=redlib.specs -MMD -MP -MF"drivers/fsl_uart.d" -MT"drivers/fsl_uart.o" -MT"drivers/fsl_uart.d" -o "drivers/fsl_uart.o" "../drivers/fsl_uart.c"
Finished building: ../drivers/fsl_gpio.c
 
Building file: ../device/system_MK66F18.c
Invoking: MCU C Compiler
arm-none-eabi-gcc -std=gnu99 -D__REDLIB__ -DCPU_MK66FN2M0VMD18 -DPRINTF_FLOAT_ENABLE=0 -DSCANF_FLOAT_ENABLE=0 -DPRINTF_ADVANCED_ENABLE=0 -DSCANF_ADVANCED_ENABLE=0 -DFRDM_K66F -DFREEDOM -DMCUXPRESSO_SDK -DCPU_MK66FN2M0VMD18_cm4 -DSDK_DEBUGCONSOLE=0 -DCR_INTEGER_PRINTF -D__MCUXPRESSO -D__USE_CMSIS -DDEBUG -I"C:\Users\guoj69\Desktop\lab 0\frdmk66f_hello_world\source" -I"C:\Users\guoj69\Desktop\lab 0\frdmk66f_hello_world\utilities" -I"C:\Users\guoj69\Desktop\lab 0\frdmk66f_hello_world\drivers" -I"C:\Users\guoj69\Desktop\lab 0\frdmk66f_hello_world\device" -I"C:\Users\guoj69\Desktop\lab 0\frdmk66f_hello_world\component\uart" -I"C:\Users\guoj69\Desktop\lab 0\frdmk66f_hello_world\component\lists" -I"C:\Users\guoj69\Desktop\lab 0\frdmk66f_hello_world\CMSIS" -I"C:\Users\guoj69\Desktop\lab 0\frdmk66f_hello_world\board" -O0 -fno-common -g3 -c -ffunction-sections -fdata-sections -ffreestanding -fno-builtin -fmerge-constants -fmacro-prefix-map="../device/"= -mcpu=cortex-m4 -mfpu=fpv4-sp-d16 -mfloat-abi=hard -mthumb -D__REDLIB__ -fstack-usage -specs=redlib.specs -MMD -MP -MF"device/system_MK66F18.d" -MT"device/system_MK66F18.o" -MT"device/system_MK66F18.d" -o "device/system_MK66F18.o" "../device/system_MK66F18.c"
Finished building: ../drivers/fsl_lpuart.c
 
Finished building: ../drivers/fsl_smc.c
Building file: ../component/uart/fsl_adapter_uart.c
Finished building: ../drivers/fsl_uart.c
 
Invoking: MCU C Compiler
Finished building: ../device/system_MK66F18.c
arm-none-eabi-gcc -std=gnu99 -D__REDLIB__ -DCPU_MK66FN2M0VMD18 -DPRINTF_FLOAT_ENABLE=0 -DSCANF_FLOAT_ENABLE=0 -DPRINTF_ADVANCED_ENABLE=0 -DSCANF_ADVANCED_ENABLE=0 -DFRDM_K66F -DFREEDOM -DMCUXPRESSO_SDK -DCPU_MK66FN2M0VMD18_cm4 -DSDK_DEBUGCONSOLE=0 -DCR_INTEGER_PRINTF -D__MCUXPRESSO -D__USE_CMSIS -DDEBUG -I"C:\Users\guoj69\Desktop\lab 0\frdmk66f_hello_world\source" -I"C:\Users\guoj69\Desktop\lab 0\frdmk66f_hello_world\utilities" -I"C:\Users\guoj69\Desktop\lab 0\frdmk66f_hello_world\drivers" -I"C:\Users\guoj69\Desktop\lab 0\frdmk66f_hello_world\device" -I"C:\Users\guoj69\Desktop\lab 0\frdmk66f_hello_world\component\uart" -I"C:\Users\guoj69\Desktop\lab 0\frdmk66f_hello_world\component\lists" -I"C:\Users\guoj69\Desktop\lab 0\frdmk66f_hello_world\CMSIS" -I"C:\Users\guoj69\Desktop\lab 0\frdmk66f_hello_world\board" -O0 -fno-common -g3 -c -ffunction-sections -fdata-sections -ffreestanding -fno-builtin -fmerge-constants -fmacro-prefix-map="../component/uart/"= -mcpu=cortex-m4 -mfpu=fpv4-sp-d16 -mfloat-abi=hard -mthumb -D__REDLIB__ -fstack-usage -specs=redlib.specs -MMD -MP -MF"component/uart/fsl_adapter_uart.d" -MT"component/uart/fsl_adapter_uart.o" -MT"component/uart/fsl_adapter_uart.d" -o "component/uart/fsl_adapter_uart.o" "../component/uart/fsl_adapter_uart.c"
 
Building file: ../component/lists/fsl_component_generic_list.c
 
Invoking: MCU C Compiler
arm-none-eabi-gcc -std=gnu99 -D__REDLIB__ -DCPU_MK66FN2M0VMD18 -DPRINTF_FLOAT_ENABLE=0 -DSCANF_FLOAT_ENABLE=0 -DPRINTF_ADVANCED_ENABLE=0 -DSCANF_ADVANCED_ENABLE=0 -DFRDM_K66F -DFREEDOM -DMCUXPRESSO_SDK -DCPU_MK66FN2M0VMD18_cm4 -DSDK_DEBUGCONSOLE=0 -DCR_INTEGER_PRINTF -D__MCUXPRESSO -D__USE_CMSIS -DDEBUG -I"C:\Users\guoj69\Desktop\lab 0\frdmk66f_hello_world\source" -I"C:\Users\guoj69\Desktop\lab 0\frdmk66f_hello_world\utilities" -I"C:\Users\guoj69\Desktop\lab 0\frdmk66f_hello_world\drivers" -I"C:\Users\guoj69\Desktop\lab 0\frdmk66f_hello_world\device" -I"C:\Users\guoj69\Desktop\lab 0\frdmk66f_hello_world\component\uart" -I"C:\Users\guoj69\Desktop\lab 0\frdmk66f_hello_world\component\lists" -I"C:\Users\guoj69\Desktop\lab 0\frdmk66f_hello_world\CMSIS" -I"C:\Users\guoj69\Desktop\lab 0\frdmk66f_hello_world\board" -O0 -fno-common -g3 -c -ffunction-sections -fdata-sections -ffreestanding -fno-builtin -fmerge-constants -fmacro-prefix-map="../component/lists/"= -mcpu=cortex-m4 -mfpu=fpv4-sp-d16 -mfloat-abi=hard -mthumb -D__REDLIB__ -fstack-usage -specs=redlib.specs -MMD -MP -MF"component/lists/fsl_component_generic_list.d" -MT"component/lists/fsl_component_generic_list.o" -MT"component/lists/fsl_component_generic_list.d" -o "component/lists/fsl_component_generic_list.o" "../component/lists/fsl_component_generic_list.c"
Building file: ../board/board.c
Building file: ../board/clock_config.c
Invoking: MCU C Compiler
Invoking: MCU C Compiler
arm-none-eabi-gcc -std=gnu99 -D__REDLIB__ -DCPU_MK66FN2M0VMD18 -DPRINTF_FLOAT_ENABLE=0 -DSCANF_FLOAT_ENABLE=0 -DPRINTF_ADVANCED_ENABLE=0 -DSCANF_ADVANCED_ENABLE=0 -DFRDM_K66F -DFREEDOM -DMCUXPRESSO_SDK -DCPU_MK66FN2M0VMD18_cm4 -DSDK_DEBUGCONSOLE=0 -DCR_INTEGER_PRINTF -D__MCUXPRESSO -D__USE_CMSIS -DDEBUG -I"C:\Users\guoj69\Desktop\lab 0\frdmk66f_hello_world\source" -I"C:\Users\guoj69\Desktop\lab 0\frdmk66f_hello_world\utilities" -I"C:\Users\guoj69\Desktop\lab 0\frdmk66f_hello_world\drivers" -I"C:\Users\guoj69\Desktop\lab 0\frdmk66f_hello_world\device" -I"C:\Users\guoj69\Desktop\lab 0\frdmk66f_hello_world\component\uart" -I"C:\Users\guoj69\Desktop\lab 0\frdmk66f_hello_world\component\lists" -I"C:\Users\guoj69\Desktop\lab 0\frdmk66f_hello_world\CMSIS" -I"C:\Users\guoj69\Desktop\lab 0\frdmk66f_hello_world\board" -O0 -fno-common -g3 -c -ffunction-sections -fdata-sections -ffreestanding -fno-builtin -fmerge-constants -fmacro-prefix-map="../board/"= -mcpu=cortex-m4 -mfpu=fpv4-sp-d16 -mfloat-abi=hard -mthumb -D__REDLIB__ -fstack-usage -specs=redlib.specs -MMD -MP -MF"board/clock_config.d" -MT"board/clock_config.o" -MT"board/clock_config.d" -o "board/clock_config.o" "../board/clock_config.c"
arm-none-eabi-gcc -std=gnu99 -D__REDLIB__ -DCPU_MK66FN2M0VMD18 -DPRINTF_FLOAT_ENABLE=0 -DSCANF_FLOAT_ENABLE=0 -DPRINTF_ADVANCED_ENABLE=0 -DSCANF_ADVANCED_ENABLE=0 -DFRDM_K66F -DFREEDOM -DMCUXPRESSO_SDK -DCPU_MK66FN2M0VMD18_cm4 -DSDK_DEBUGCONSOLE=0 -DCR_INTEGER_PRINTF -D__MCUXPRESSO -D__USE_CMSIS -DDEBUG -I"C:\Users\guoj69\Desktop\lab 0\frdmk66f_hello_world\source" -I"C:\Users\guoj69\Desktop\lab 0\frdmk66f_hello_world\utilities" -I"C:\Users\guoj69\Desktop\lab 0\frdmk66f_hello_world\drivers" -I"C:\Users\guoj69\Desktop\lab 0\frdmk66f_hello_world\device" -I"C:\Users\guoj69\Desktop\lab 0\frdmk66f_hello_world\component\uart" -I"C:\Users\guoj69\Desktop\lab 0\frdmk66f_hello_world\component\lists" -I"C:\Users\guoj69\Desktop\lab 0\frdmk66f_hello_world\CMSIS" -I"C:\Users\guoj69\Desktop\lab 0\frdmk66f_hello_world\board" -O0 -fno-common -g3 -c -ffunction-sections -fdata-sections -ffreestanding -fno-builtin -fmerge-constants -fmacro-prefix-map="../board/"= -mcpu=cortex-m4 -mfpu=fpv4-sp-d16 -mfloat-abi=hard -mthumb -D__REDLIB__ -fstack-usage -specs=redlib.specs -MMD -MP -MF"board/board.d" -MT"board/board.o" -MT"board/board.d" -o "board/board.o" "../board/board.c"
Finished building: ../component/uart/fsl_adapter_uart.c
Finished building: ../board/clock_config.c
 
Finished building: ../component/lists/fsl_component_generic_list.c
 
Finished building: ../board/board.c
Building file: ../board/pin_mux.c
 
 
Invoking: MCU C Compiler
arm-none-eabi-gcc -std=gnu99 -D__REDLIB__ -DCPU_MK66FN2M0VMD18 -DPRINTF_FLOAT_ENABLE=0 -DSCANF_FLOAT_ENABLE=0 -DPRINTF_ADVANCED_ENABLE=0 -DSCANF_ADVANCED_ENABLE=0 -DFRDM_K66F -DFREEDOM -DMCUXPRESSO_SDK -DCPU_MK66FN2M0VMD18_cm4 -DSDK_DEBUGCONSOLE=0 -DCR_INTEGER_PRINTF -D__MCUXPRESSO -D__USE_CMSIS -DDEBUG -I"C:\Users\guoj69\Desktop\lab 0\frdmk66f_hello_world\source" -I"C:\Users\guoj69\Desktop\lab 0\frdmk66f_hello_world\utilities" -I"C:\Users\guoj69\Desktop\lab 0\frdmk66f_hello_world\drivers" -I"C:\Users\guoj69\Desktop\lab 0\frdmk66f_hello_world\device" -I"C:\Users\guoj69\Desktop\lab 0\frdmk66f_hello_world\component\uart" -I"C:\Users\guoj69\Desktop\lab 0\frdmk66f_hello_world\component\lists" -I"C:\Users\guoj69\Desktop\lab 0\frdmk66f_hello_world\CMSIS" -I"C:\Users\guoj69\Desktop\lab 0\frdmk66f_hello_world\board" -O0 -fno-common -g3 -c -ffunction-sections -fdata-sections -ffreestanding -fno-builtin -fmerge-constants -fmacro-prefix-map="../board/"= -mcpu=cortex-m4 -mfpu=fpv4-sp-d16 -mfloat-abi=hard -mthumb -D__REDLIB__ -fstack-usage -specs=redlib.specs -MMD -MP -MF"board/pin_mux.d" -MT"board/pin_mux.o" -MT"board/pin_mux.d" -o "board/pin_mux.o" "../board/pin_mux.c"
Finished building: ../board/pin_mux.c
 
Building target: frdmk66f_hello_world.axf
Invoking: MCU Linker
arm-none-eabi-gcc -nostdlib -Xlinker -Map="frdmk66f_hello_world.map" -Xlinker --gc-sections -Xlinker -print-memory-usage -Xlinker --sort-section=alignment -Xlinker --cref -mcpu=cortex-m4 -mfpu=fpv4-sp-d16 -mfloat-abi=hard -mthumb -T frdmk66f_hello_world_Debug.ld -o "frdmk66f_hello_world.axf" ./utilities/fsl_assert.o ./utilities/fsl_debug_console.o  ./startup/startup_mk66f18.o  ./source/hello_world.o ./source/semihost_hardfault.o  ./drivers/fsl_clock.o ./drivers/fsl_common.o ./drivers/fsl_common_arm.o ./drivers/fsl_ftfx_cache.o ./drivers/fsl_ftfx_controller.o ./drivers/fsl_ftfx_flash.o ./drivers/fsl_ftfx_flexnvm.o ./drivers/fsl_gpio.o ./drivers/fsl_lpuart.o ./drivers/fsl_smc.o ./drivers/fsl_uart.o  ./device/system_MK66F18.o  ./component/uart/fsl_adapter_uart.o  ./component/lists/fsl_component_generic_list.o  ./board/board.o ./board/clock_config.o ./board/pin_mux.o   
Memory region         Used Size  Region Size  %age Used
   PROGRAM_FLASH:       11304 B         2 MB      0.54%
      SRAM_UPPER:        8448 B       192 KB      4.30%
      SRAM_LOWER:          0 GB        64 KB      0.00%
        FLEX_RAM:          0 GB         4 KB      0.00%
Finished building target: frdmk66f_hello_world.axf
 
Performing post-build steps
arm-none-eabi-size "frdmk66f_hello_world.axf"; # arm-none-eabi-objcopy -v -O binary "frdmk66f_hello_world.axf" "frdmk66f_hello_world.bin" ; # checksum -p MK66FN2M0xxx18 -d "frdmk66f_hello_world.bin";
   text	   data	    bss	    dec	    hex	filename
  11288	     16	   8432	  19736	   4d18	frdmk66f_hello_world.axf
 
14:11:42 **** Incremental Build of configuration Debug for project frdmk66f_hello_world ****
make -r -j4 all 
Building file: ../source/hello_world.c
Invoking: MCU C Compiler
arm-none-eabi-gcc -std=gnu99 -D__REDLIB__ -DCPU_MK66FN2M0VMD18 -DPRINTF_FLOAT_ENABLE=0 -DSCANF_FLOAT_ENABLE=0 -DPRINTF_ADVANCED_ENABLE=0 -DSCANF_ADVANCED_ENABLE=0 -DFRDM_K66F -DFREEDOM -DMCUXPRESSO_SDK -DCPU_MK66FN2M0VMD18_cm4 -DSDK_DEBUGCONSOLE=0 -DCR_INTEGER_PRINTF -D__MCUXPRESSO -D__USE_CMSIS -DDEBUG -I"C:\Users\guoj69\Desktop\lab 0\frdmk66f_hello_world\source" -I"C:\Users\guoj69\Desktop\lab 0\frdmk66f_hello_world\utilities" -I"C:\Users\guoj69\Desktop\lab 0\frdmk66f_hello_world\drivers" -I"C:\Users\guoj69\Desktop\lab 0\frdmk66f_hello_world\device" -I"C:\Users\guoj69\Desktop\lab 0\frdmk66f_hello_world\component\uart" -I"C:\Users\guoj69\Desktop\lab 0\frdmk66f_hello_world\component\lists" -I"C:\Users\guoj69\Desktop\lab 0\frdmk66f_hello_world\CMSIS" -I"C:\Users\guoj69\Desktop\lab 0\frdmk66f_hello_world\board" -O0 -fno-common -g3 -c -ffunction-sections -fdata-sections -ffreestanding -fno-builtin -fmerge-constants -fmacro-prefix-map="../source/"= -mcpu=cortex-m4 -mfpu=fpv4-sp-d16 -mfloat-abi=hard -mthumb -D__REDLIB__ -fstack-usage -specs=redlib.specs -MMD -MP -MF"source/hello_world.d" -MT"source/hello_world.o" -MT"source/hello_world.d" -o "source/hello_world.o" "../source/hello_world.c"
../source/hello_world.c: In function 'testFunction':
../source/hello_world.c:54:22: warning: initialization of 'int *' from 'int' makes pointer from integer without a cast [-Wint-conversion]
   54 |  int *ptr_location = 0x20001000; //Random location in the memory
      |                      ^~~~~~~~~~
Finished building: ../source/hello_world.c
 
Building target: frdmk66f_hello_world.axf
Invoking: MCU Linker
arm-none-eabi-gcc -nostdlib -Xlinker -Map="frdmk66f_hello_world.map" -Xlinker --gc-sections -Xlinker -print-memory-usage -Xlinker --sort-section=alignment -Xlinker --cref -mcpu=cortex-m4 -mfpu=fpv4-sp-d16 -mfloat-abi=hard -mthumb -T frdmk66f_hello_world_Debug.ld -o "frdmk66f_hello_world.axf" ./utilities/fsl_assert.o ./utilities/fsl_debug_console.o  ./startup/startup_mk66f18.o  ./source/hello_world.o ./source/semihost_hardfault.o  ./drivers/fsl_clock.o ./drivers/fsl_common.o ./drivers/fsl_common_arm.o ./drivers/fsl_ftfx_cache.o ./drivers/fsl_ftfx_controller.o ./drivers/fsl_ftfx_flash.o ./drivers/fsl_ftfx_flexnvm.o ./drivers/fsl_gpio.o ./drivers/fsl_lpuart.o ./drivers/fsl_smc.o ./drivers/fsl_uart.o  ./device/system_MK66F18.o  ./component/uart/fsl_adapter_uart.o  ./component/lists/fsl_component_generic_list.o  ./board/board.o ./board/clock_config.o ./board/pin_mux.o   
Memory region         Used Size  Region Size  %age Used
   PROGRAM_FLASH:       11360 B         2 MB      0.54%
      SRAM_UPPER:        8448 B       192 KB      4.30%
      SRAM_LOWER:          0 GB        64 KB      0.00%
        FLEX_RAM:          0 GB         4 KB      0.00%
Finished building target: frdmk66f_hello_world.axf
 
Performing post-build steps
arm-none-eabi-size "frdmk66f_hello_world.axf"; # arm-none-eabi-objcopy -v -O binary "frdmk66f_hello_world.axf" "frdmk66f_hello_world.bin" ; # checksum -p MK66FN2M0xxx18 -d "frdmk66f_hello_world.bin";
   text	   data	    bss	    dec	    hex	filename
  11344	     16	   8432	  19792	   4d50	frdmk66f_hello_world.axf
 
14:13:27 **** Incremental Build of configuration Debug for project frdmk66f_hello_world ****
make -r -j4 all 
make[1]: Nothing to be done for 'main-build'.
Performing post-build steps
arm-none-eabi-size "frdmk66f_hello_world.axf"; # arm-none-eabi-objcopy -v -O binary "frdmk66f_hello_world.axf" "frdmk66f_hello_world.bin" ; # checksum -p MK66FN2M0xxx18 -d "frdmk66f_hello_world.bin";
   text	   data	    bss	    dec	    hex	filename
  11344	     16	   8432	  19792	   4d50	frdmk66f_hello_world.axf
 
14:21:47 **** Incremental Build of configuration Debug for project frdmk66f_hello_world ****
make -r -j4 all 
Building file: ../source/hello_world.c
Invoking: MCU C Compiler
arm-none-eabi-gcc -std=gnu99 -D__REDLIB__ -DCPU_MK66FN2M0VMD18 -DPRINTF_FLOAT_ENABLE=0 -DSCANF_FLOAT_ENABLE=0 -DPRINTF_ADVANCED_ENABLE=0 -DSCANF_ADVANCED_ENABLE=0 -DFRDM_K66F -DFREEDOM -DMCUXPRESSO_SDK -DCPU_MK66FN2M0VMD18_cm4 -DSDK_DEBUGCONSOLE=0 -DCR_INTEGER_PRINTF -D__MCUXPRESSO -D__USE_CMSIS -DDEBUG -I"C:\Users\guoj69\Desktop\lab 0\frdmk66f_hello_world\source" -I"C:\Users\guoj69\Desktop\lab 0\frdmk66f_hello_world\utilities" -I"C:\Users\guoj69\Desktop\lab 0\frdmk66f_hello_world\drivers" -I"C:\Users\guoj69\Desktop\lab 0\frdmk66f_hello_world\device" -I"C:\Users\guoj69\Desktop\lab 0\frdmk66f_hello_world\component\uart" -I"C:\Users\guoj69\Desktop\lab 0\frdmk66f_hello_world\component\lists" -I"C:\Users\guoj69\Desktop\lab 0\frdmk66f_hello_world\CMSIS" -I"C:\Users\guoj69\Desktop\lab 0\frdmk66f_hello_world\board" -O0 -fno-common -g3 -c -ffunction-sections -fdata-sections -ffreestanding -fno-builtin -fmerge-constants -fmacro-prefix-map="../source/"= -mcpu=cortex-m4 -mfpu=fpv4-sp-d16 -mfloat-abi=hard -mthumb -D__REDLIB__ -fstack-usage -specs=redlib.specs -MMD -MP -MF"source/hello_world.d" -MT"source/hello_world.o" -MT"source/hello_world.d" -o "source/hello_world.o" "../source/hello_world.c"
../source/hello_world.c: In function 'testFunction':
../source/hello_world.c:56:22: warning: initialization of 'int *' from 'int' makes pointer from integer without a cast [-Wint-conversion]
   56 |  int *ptr_location = 0x20001000; //Random location in the memory
      |                      ^~~~~~~~~~
Finished building: ../source/hello_world.c
 
Building target: frdmk66f_hello_world.axf
Invoking: MCU Linker
arm-none-eabi-gcc -nostdlib -Xlinker -Map="frdmk66f_hello_world.map" -Xlinker --gc-sections -Xlinker -print-memory-usage -Xlinker --sort-section=alignment -Xlinker --cref -mcpu=cortex-m4 -mfpu=fpv4-sp-d16 -mfloat-abi=hard -mthumb -T frdmk66f_hello_world_Debug.ld -o "frdmk66f_hello_world.axf" ./utilities/fsl_assert.o ./utilities/fsl_debug_console.o  ./startup/startup_mk66f18.o  ./source/hello_world.o ./source/semihost_hardfault.o  ./drivers/fsl_clock.o ./drivers/fsl_common.o ./drivers/fsl_common_arm.o ./drivers/fsl_ftfx_cache.o ./drivers/fsl_ftfx_controller.o ./drivers/fsl_ftfx_flash.o ./drivers/fsl_ftfx_flexnvm.o ./drivers/fsl_gpio.o ./drivers/fsl_lpuart.o ./drivers/fsl_smc.o ./drivers/fsl_uart.o  ./device/system_MK66F18.o  ./component/uart/fsl_adapter_uart.o  ./component/lists/fsl_component_generic_list.o  ./board/board.o ./board/clock_config.o ./board/pin_mux.o   
Memory region         Used Size  Region Size  %age Used
   PROGRAM_FLASH:       11360 B         2 MB      0.54%
      SRAM_UPPER:        8448 B       192 KB      4.30%
      SRAM_LOWER:          0 GB        64 KB      0.00%
        FLEX_RAM:          0 GB         4 KB      0.00%
Finished building target: frdmk66f_hello_world.axf
 
Performing post-build steps
arm-none-eabi-size "frdmk66f_hello_world.axf"; # arm-none-eabi-objcopy -v -O binary "frdmk66f_hello_world.axf" "frdmk66f_hello_world.bin" ; # checksum -p MK66FN2M0xxx18 -d "frdmk66f_hello_world.bin";
   text	   data	    bss	    dec	    hex	filename
  11344	     16	   8432	  19792	   4d50	frdmk66f_hello_world.axf
 
14:26:52 **** Incremental Build of configuration Debug for project frdmk66f_hello_world ****
make -r -j4 all 
Building file: ../source/hello_world.c
Invoking: MCU C Compiler
arm-none-eabi-gcc -std=gnu99 -D__REDLIB__ -DCPU_MK66FN2M0VMD18 -DPRINTF_FLOAT_ENABLE=0 -DSCANF_FLOAT_ENABLE=0 -DPRINTF_ADVANCED_ENABLE=0 -DSCANF_ADVANCED_ENABLE=0 -DFRDM_K66F -DFREEDOM -DMCUXPRESSO_SDK -DCPU_MK66FN2M0VMD18_cm4 -DSDK_DEBUGCONSOLE=0 -DCR_INTEGER_PRINTF -D__MCUXPRESSO -D__USE_CMSIS -DDEBUG -I"C:\Users\guoj69\Desktop\lab 0\frdmk66f_hello_world\source" -I"C:\Users\guoj69\Desktop\lab 0\frdmk66f_hello_world\utilities" -I"C:\Users\guoj69\Desktop\lab 0\frdmk66f_hello_world\drivers" -I"C:\Users\guoj69\Desktop\lab 0\frdmk66f_hello_world\device" -I"C:\Users\guoj69\Desktop\lab 0\frdmk66f_hello_world\component\uart" -I"C:\Users\guoj69\Desktop\lab 0\frdmk66f_hello_world\component\lists" -I"C:\Users\guoj69\Desktop\lab 0\frdmk66f_hello_world\CMSIS" -I"C:\Users\guoj69\Desktop\lab 0\frdmk66f_hello_world\board" -O0 -fno-common -g3 -c -ffunction-sections -fdata-sections -ffreestanding -fno-builtin -fmerge-constants -fmacro-prefix-map="../source/"= -mcpu=cortex-m4 -mfpu=fpv4-sp-d16 -mfloat-abi=hard -mthumb -D__REDLIB__ -fstack-usage -specs=redlib.specs -MMD -MP -MF"source/hello_world.d" -MT"source/hello_world.o" -MT"source/hello_world.d" -o "source/hello_world.o" "../source/hello_world.c"
../source/hello_world.c: In function 'testFunction':
../source/hello_world.c:56:22: warning: initialization of 'int *' from 'int' makes pointer from integer without a cast [-Wint-conversion]
   56 |  int *ptr_location = 0x20001000; //Random location in the memory
      |                      ^~~~~~~~~~
Finished building: ../source/hello_world.c
 
Building target: frdmk66f_hello_world.axf
Invoking: MCU Linker
arm-none-eabi-gcc -nostdlib -Xlinker -Map="frdmk66f_hello_world.map" -Xlinker --gc-sections -Xlinker -print-memory-usage -Xlinker --sort-section=alignment -Xlinker --cref -mcpu=cortex-m4 -mfpu=fpv4-sp-d16 -mfloat-abi=hard -mthumb -T frdmk66f_hello_world_Debug.ld -o "frdmk66f_hello_world.axf" ./utilities/fsl_assert.o ./utilities/fsl_debug_console.o  ./startup/startup_mk66f18.o  ./source/hello_world.o ./source/semihost_hardfault.o  ./drivers/fsl_clock.o ./drivers/fsl_common.o ./drivers/fsl_common_arm.o ./drivers/fsl_ftfx_cache.o ./drivers/fsl_ftfx_controller.o ./drivers/fsl_ftfx_flash.o ./drivers/fsl_ftfx_flexnvm.o ./drivers/fsl_gpio.o ./drivers/fsl_lpuart.o ./drivers/fsl_smc.o ./drivers/fsl_uart.o  ./device/system_MK66F18.o  ./component/uart/fsl_adapter_uart.o  ./component/lists/fsl_component_generic_list.o  ./board/board.o ./board/clock_config.o ./board/pin_mux.o   
Memory region         Used Size  Region Size  %age Used
   PROGRAM_FLASH:       11360 B         2 MB      0.54%
      SRAM_UPPER:        8448 B       192 KB      4.30%
      SRAM_LOWER:          0 GB        64 KB      0.00%
        FLEX_RAM:          0 GB         4 KB      0.00%
Finished building target: frdmk66f_hello_world.axf
 
Performing post-build steps
arm-none-eabi-size "frdmk66f_hello_world.axf"; # arm-none-eabi-objcopy -v -O binary "frdmk66f_hello_world.axf" "frdmk66f_hello_world.bin" ; # checksum -p MK66FN2M0xxx18 -d "frdmk66f_hello_world.bin";
   text	   data	    bss	    dec	    hex	filename
  11344	     16	   8432	  19792	   4d50	frdmk66f_hello_world.axf
 
14:29:13 **** Incremental Build of configuration Debug for project frdmk66f_hello_world ****
make -r -j4 all 
make[1]: Nothing to be done for 'main-build'.
Performing post-build steps
arm-none-eabi-size "frdmk66f_hello_world.axf"; # arm-none-eabi-objcopy -v -O binary "frdmk66f_hello_world.axf" "frdmk66f_hello_world.bin" ; # checksum -p MK66FN2M0xxx18 -d "frdmk66f_hello_world.bin";
   text	   data	    bss	    dec	    hex	filename
  11344	     16	   8432	  19792	   4d50	frdmk66f_hello_world.axf
 
14:31:32 **** Incremental Build of configuration Debug for project frdmk66f_hello_world ****
make -r -j4 all 
make[1]: Nothing to be done for 'main-build'.
Performing post-build steps
arm-none-eabi-size "frdmk66f_hello_world.axf"; # arm-none-eabi-objcopy -v -O binary "frdmk66f_hello_world.axf" "frdmk66f_hello_world.bin" ; # checksum -p MK66FN2M0xxx18 -d "frdmk66f_hello_world.bin";
   text	   data	    bss	    dec	    hex	filename
  11344	     16	   8432	  19792	   4d50	frdmk66f_hello_world.axf
 
14:33:00 **** Incremental Build of configuration Debug for project frdmk66f_hello_world ****
make -r -j4 all 
make[1]: Nothing to be done for 'main-build'.
Performing post-build steps
arm-none-eabi-size "frdmk66f_hello_world.axf"; # arm-none-eabi-objcopy -v -O binary "frdmk66f_hello_world.axf" "frdmk66f_hello_world.bin" ; # checksum -p MK66FN2M0xxx18 -d "frdmk66f_hello_world.bin";
   text	   data	    bss	    dec	    hex	filename
  11344	     16	   8432	  19792	   4d50	frdmk66f_hello_world.axf
 
14:35:01 **** Incremental Build of configuration Debug for project frdmk66f_hello_world ****
make -r -j4 all 
make[1]: Nothing to be done for 'main-build'.
Performing post-build steps
arm-none-eabi-size "frdmk66f_hello_world.axf"; # arm-none-eabi-objcopy -v -O binary "frdmk66f_hello_world.axf" "frdmk66f_hello_world.bin" ; # checksum -p MK66FN2M0xxx18 -d "frdmk66f_hello_world.bin";
   text	   data	    bss	    dec	    hex	filename
  11344	     16	   8432	  19792	   4d50	frdmk66f_hello_world.axf
 
14:35:34 **** Incremental Build of configuration Debug for project frdmk66f_hello_world ****
make -r -j4 all 
make[1]: Nothing to be done for 'main-build'.
Performing post-build steps
arm-none-eabi-size "frdmk66f_hello_world.axf"; # arm-none-eabi-objcopy -v -O binary "frdmk66f_hello_world.axf" "frdmk66f_hello_world.bin" ; # checksum -p MK66FN2M0xxx18 -d "frdmk66f_hello_world.bin";
   text	   data	    bss	    dec	    hex	filename
  11344	     16	   8432	  19792	   4d50	frdmk66f_hello_world.axf
 
14:41:19 **** Incremental Build of configuration Debug for project frdmk66f_hello_world ****
make -r -j4 all 
Building file: ../source/hello_world.c
Invoking: MCU C Compiler
arm-none-eabi-gcc -std=gnu99 -D__REDLIB__ -DCPU_MK66FN2M0VMD18 -DPRINTF_FLOAT_ENABLE=0 -DSCANF_FLOAT_ENABLE=0 -DPRINTF_ADVANCED_ENABLE=0 -DSCANF_ADVANCED_ENABLE=0 -DFRDM_K66F -DFREEDOM -DMCUXPRESSO_SDK -DCPU_MK66FN2M0VMD18_cm4 -DSDK_DEBUGCONSOLE=0 -DCR_INTEGER_PRINTF -D__MCUXPRESSO -D__USE_CMSIS -DDEBUG -I"C:\Users\guoj69\Desktop\lab 0\frdmk66f_hello_world\source" -I"C:\Users\guoj69\Desktop\lab 0\frdmk66f_hello_world\utilities" -I"C:\Users\guoj69\Desktop\lab 0\frdmk66f_hello_world\drivers" -I"C:\Users\guoj69\Desktop\lab 0\frdmk66f_hello_world\device" -I"C:\Users\guoj69\Desktop\lab 0\frdmk66f_hello_world\component\uart" -I"C:\Users\guoj69\Desktop\lab 0\frdmk66f_hello_world\component\lists" -I"C:\Users\guoj69\Desktop\lab 0\frdmk66f_hello_world\CMSIS" -I"C:\Users\guoj69\Desktop\lab 0\frdmk66f_hello_world\board" -O0 -fno-common -g3 -c -ffunction-sections -fdata-sections -ffreestanding -fno-builtin -fmerge-constants -fmacro-prefix-map="../source/"= -mcpu=cortex-m4 -mfpu=fpv4-sp-d16 -mfloat-abi=hard -mthumb -D__REDLIB__ -fstack-usage -specs=redlib.specs -MMD -MP -MF"source/hello_world.d" -MT"source/hello_world.o" -MT"source/hello_world.d" -o "source/hello_world.o" "../source/hello_world.c"
../source/hello_world.c: In function 'testFunction':
../source/hello_world.c:58:22: warning: initialization of 'int *' from 'int' makes pointer from integer without a cast [-Wint-conversion]
   58 |  int *ptr_location = 0x20001000; //Random location in the memory
      |                      ^~~~~~~~~~
Finished building: ../source/hello_world.c
 
Building target: frdmk66f_hello_world.axf
Invoking: MCU Linker
arm-none-eabi-gcc -nostdlib -Xlinker -Map="frdmk66f_hello_world.map" -Xlinker --gc-sections -Xlinker -print-memory-usage -Xlinker --sort-section=alignment -Xlinker --cref -mcpu=cortex-m4 -mfpu=fpv4-sp-d16 -mfloat-abi=hard -mthumb -T frdmk66f_hello_world_Debug.ld -o "frdmk66f_hello_world.axf" ./utilities/fsl_assert.o ./utilities/fsl_debug_console.o  ./startup/startup_mk66f18.o  ./source/hello_world.o ./source/semihost_hardfault.o  ./drivers/fsl_clock.o ./drivers/fsl_common.o ./drivers/fsl_common_arm.o ./drivers/fsl_ftfx_cache.o ./drivers/fsl_ftfx_controller.o ./drivers/fsl_ftfx_flash.o ./drivers/fsl_ftfx_flexnvm.o ./drivers/fsl_gpio.o ./drivers/fsl_lpuart.o ./drivers/fsl_smc.o ./drivers/fsl_uart.o  ./device/system_MK66F18.o  ./component/uart/fsl_adapter_uart.o  ./component/lists/fsl_component_generic_list.o  ./board/board.o ./board/clock_config.o ./board/pin_mux.o   
Memory region         Used Size  Region Size  %age Used
   PROGRAM_FLASH:       11360 B         2 MB      0.54%
      SRAM_UPPER:        8448 B       192 KB      4.30%
      SRAM_LOWER:          0 GB        64 KB      0.00%
        FLEX_RAM:          0 GB         4 KB      0.00%
Finished building target: frdmk66f_hello_world.axf
 
Performing post-build steps
arm-none-eabi-size "frdmk66f_hello_world.axf"; # arm-none-eabi-objcopy -v -O binary "frdmk66f_hello_world.axf" "frdmk66f_hello_world.bin" ; # checksum -p MK66FN2M0xxx18 -d "frdmk66f_hello_world.bin";
   text	   data	    bss	    dec	    hex	filename
  11344	     16	   8432	  19792	   4d50	frdmk66f_hello_world.axf
 
14:48:16 **** Incremental Build of configuration Debug for project frdmk66f_hello_world ****
make -r -j4 all 
Building file: ../source/hello_world.c
Invoking: MCU C Compiler
arm-none-eabi-gcc -std=gnu99 -D__REDLIB__ -DCPU_MK66FN2M0VMD18 -DPRINTF_FLOAT_ENABLE=0 -DSCANF_FLOAT_ENABLE=0 -DPRINTF_ADVANCED_ENABLE=0 -DSCANF_ADVANCED_ENABLE=0 -DFRDM_K66F -DFREEDOM -DMCUXPRESSO_SDK -DCPU_MK66FN2M0VMD18_cm4 -DSDK_DEBUGCONSOLE=0 -DCR_INTEGER_PRINTF -D__MCUXPRESSO -D__USE_CMSIS -DDEBUG -I"C:\Users\guoj69\Desktop\lab 0\frdmk66f_hello_world\source" -I"C:\Users\guoj69\Desktop\lab 0\frdmk66f_hello_world\utilities" -I"C:\Users\guoj69\Desktop\lab 0\frdmk66f_hello_world\drivers" -I"C:\Users\guoj69\Desktop\lab 0\frdmk66f_hello_world\device" -I"C:\Users\guoj69\Desktop\lab 0\frdmk66f_hello_world\component\uart" -I"C:\Users\guoj69\Desktop\lab 0\frdmk66f_hello_world\component\lists" -I"C:\Users\guoj69\Desktop\lab 0\frdmk66f_hello_world\CMSIS" -I"C:\Users\guoj69\Desktop\lab 0\frdmk66f_hello_world\board" -O0 -fno-common -g3 -c -ffunction-sections -fdata-sections -ffreestanding -fno-builtin -fmerge-constants -fmacro-prefix-map="../source/"= -mcpu=cortex-m4 -mfpu=fpv4-sp-d16 -mfloat-abi=hard -mthumb -D__REDLIB__ -fstack-usage -specs=redlib.specs -MMD -MP -MF"source/hello_world.d" -MT"source/hello_world.o" -MT"source/hello_world.d" -o "source/hello_world.o" "../source/hello_world.c"
../source/hello_world.c: In function 'testFunction':
../source/hello_world.c:65:22: warning: initialization of 'int *' from 'int' makes pointer from integer without a cast [-Wint-conversion]
   65 |  int *ptr_location = 0x20001000; //Random location in the memory
      |                      ^~~~~~~~~~
../source/hello_world.c: In function 'testFunction2':
../source/hello_world.c:75:2: error: 'ARBITRARY_LOCATION' undeclared (first use in this function)
   75 |  ARBITRARY_LOCATION = 12;
      |  ^~~~~~~~~~~~~~~~~~
../source/hello_world.c:75:2: note: each undeclared identifier is reported only once for each function it appears in
make[1]: *** [source/subdir.mk:23: source/hello_world.o] Error 1
make: *** [makefile:44: all] Error 2
"make -r -j4 all" terminated with exit code 2. Build might be incomplete.
14:48:41 **** Incremental Build of configuration Debug for project frdmk66f_hello_world ****
make -r -j4 all 
Building file: ../source/hello_world.c
Invoking: MCU C Compiler
arm-none-eabi-gcc -std=gnu99 -D__REDLIB__ -DCPU_MK66FN2M0VMD18 -DPRINTF_FLOAT_ENABLE=0 -DSCANF_FLOAT_ENABLE=0 -DPRINTF_ADVANCED_ENABLE=0 -DSCANF_ADVANCED_ENABLE=0 -DFRDM_K66F -DFREEDOM -DMCUXPRESSO_SDK -DCPU_MK66FN2M0VMD18_cm4 -DSDK_DEBUGCONSOLE=0 -DCR_INTEGER_PRINTF -D__MCUXPRESSO -D__USE_CMSIS -DDEBUG -I"C:\Users\guoj69\Desktop\lab 0\frdmk66f_hello_world\source" -I"C:\Users\guoj69\Desktop\lab 0\frdmk66f_hello_world\utilities" -I"C:\Users\guoj69\Desktop\lab 0\frdmk66f_hello_world\drivers" -I"C:\Users\guoj69\Desktop\lab 0\frdmk66f_hello_world\device" -I"C:\Users\guoj69\Desktop\lab 0\frdmk66f_hello_world\component\uart" -I"C:\Users\guoj69\Desktop\lab 0\frdmk66f_hello_world\component\lists" -I"C:\Users\guoj69\Desktop\lab 0\frdmk66f_hello_world\CMSIS" -I"C:\Users\guoj69\Desktop\lab 0\frdmk66f_hello_world\board" -O0 -fno-common -g3 -c -ffunction-sections -fdata-sections -ffreestanding -fno-builtin -fmerge-constants -fmacro-prefix-map="../source/"= -mcpu=cortex-m4 -mfpu=fpv4-sp-d16 -mfloat-abi=hard -mthumb -D__REDLIB__ -fstack-usage -specs=redlib.specs -MMD -MP -MF"source/hello_world.d" -MT"source/hello_world.o" -MT"source/hello_world.d" -o "source/hello_world.o" "../source/hello_world.c"
Finished building: ../source/hello_world.c
 
Building target: frdmk66f_hello_world.axf
Invoking: MCU Linker
arm-none-eabi-gcc -nostdlib -Xlinker -Map="frdmk66f_hello_world.map" -Xlinker --gc-sections -Xlinker -print-memory-usage -Xlinker --sort-section=alignment -Xlinker --cref -mcpu=cortex-m4 -mfpu=fpv4-sp-d16 -mfloat-abi=hard -mthumb -T frdmk66f_hello_world_Debug.ld -o "frdmk66f_hello_world.axf" ./utilities/fsl_assert.o ./utilities/fsl_debug_console.o  ./startup/startup_mk66f18.o  ./source/hello_world.o ./source/semihost_hardfault.o  ./drivers/fsl_clock.o ./drivers/fsl_common.o ./drivers/fsl_common_arm.o ./drivers/fsl_ftfx_cache.o ./drivers/fsl_ftfx_controller.o ./drivers/fsl_ftfx_flash.o ./drivers/fsl_ftfx_flexnvm.o ./drivers/fsl_gpio.o ./drivers/fsl_lpuart.o ./drivers/fsl_smc.o ./drivers/fsl_uart.o  ./device/system_MK66F18.o  ./component/uart/fsl_adapter_uart.o  ./component/lists/fsl_component_generic_list.o  ./board/board.o ./board/clock_config.o ./board/pin_mux.o   
Memory region         Used Size  Region Size  %age Used
   PROGRAM_FLASH:       11368 B         2 MB      0.54%
      SRAM_UPPER:        8448 B       192 KB      4.30%
      SRAM_LOWER:          0 GB        64 KB      0.00%
        FLEX_RAM:          0 GB         4 KB      0.00%
Finished building target: frdmk66f_hello_world.axf
 
Performing post-build steps
arm-none-eabi-size "frdmk66f_hello_world.axf"; # arm-none-eabi-objcopy -v -O binary "frdmk66f_hello_world.axf" "frdmk66f_hello_world.bin" ; # checksum -p MK66FN2M0xxx18 -d "frdmk66f_hello_world.bin";
   text	   data	    bss	    dec	    hex	filename
  11352	     16	   8432	  19800	   4d58	frdmk66f_hello_world.axf
 
14:50:28 **** Incremental Build of configuration Debug for project frdmk66f_hello_world ****
make -r -j4 all 
make[1]: Nothing to be done for 'main-build'.
Performing post-build steps
arm-none-eabi-size "frdmk66f_hello_world.axf"; # arm-none-eabi-objcopy -v -O binary "frdmk66f_hello_world.axf" "frdmk66f_hello_world.bin" ; # checksum -p MK66FN2M0xxx18 -d "frdmk66f_hello_world.bin";
   text	   data	    bss	    dec	    hex	filename
  11352	     16	   8432	  19800	   4d58	frdmk66f_hello_world.axf
 
15:04:31 **** Build of configuration Debug for project frdmk66f_adc16_low_power_async_edma ****
make -r -j4 all 
Building file: ../utilities/fsl_assert.c
Building file: ../utilities/fsl_debug_console.c
Building file: ../startup/startup_mk66f18.c
Building file: ../source/adc16_low_power_async_edma.c
Invoking: MCU C Compiler
Invoking: MCU C Compiler
arm-none-eabi-gcc -std=gnu99 -D__REDLIB__ -DCPU_MK66FN2M0VMD18 -DFRDM_K66F -DFREEDOM -DMCUXPRESSO_SDK -DCPU_MK66FN2M0VMD18_cm4 -DSDK_DEBUGCONSOLE=0 -DCR_INTEGER_PRINTF -D__MCUXPRESSO -D__USE_CMSIS -DDEBUG -I"C:\Users\guoj69\Desktop\lab 0\frdmk66f_adc16_low_power_async_edma\source" -I"C:\Users\guoj69\Desktop\lab 0\frdmk66f_adc16_low_power_async_edma\utilities" -I"C:\Users\guoj69\Desktop\lab 0\frdmk66f_adc16_low_power_async_edma\drivers" -I"C:\Users\guoj69\Desktop\lab 0\frdmk66f_adc16_low_power_async_edma\device" -I"C:\Users\guoj69\Desktop\lab 0\frdmk66f_adc16_low_power_async_edma\component\uart" -I"C:\Users\guoj69\Desktop\lab 0\frdmk66f_adc16_low_power_async_edma\component\lists" -I"C:\Users\guoj69\Desktop\lab 0\frdmk66f_adc16_low_power_async_edma\CMSIS" -I"C:\Users\guoj69\Desktop\lab 0\frdmk66f_adc16_low_power_async_edma\board" -I"C:\Users\guoj69\Desktop\lab 0\frdmk66f_adc16_low_power_async_edma\frdmk66f\demo_apps\adc16_low_power_async_edma" -O0 -fno-common -g3 -c -ffunction-sections -fdata-sections -ffreestanding -fno-builtin -fmerge-constants -fmacro-prefix-map="../utilities/"= -mcpu=cortex-m4 -mfpu=fpv4-sp-d16 -mfloat-abi=hard -mthumb -D__REDLIB__ -fstack-usage -specs=redlib.specs -MMD -MP -MF"utilities/fsl_assert.d" -MT"utilities/fsl_assert.o" -MT"utilities/fsl_assert.d" -o "utilities/fsl_assert.o" "../utilities/fsl_assert.c"
arm-none-eabi-gcc -std=gnu99 -D__REDLIB__ -DCPU_MK66FN2M0VMD18 -DFRDM_K66F -DFREEDOM -DMCUXPRESSO_SDK -DCPU_MK66FN2M0VMD18_cm4 -DSDK_DEBUGCONSOLE=0 -DCR_INTEGER_PRINTF -D__MCUXPRESSO -D__USE_CMSIS -DDEBUG -I"C:\Users\guoj69\Desktop\lab 0\frdmk66f_adc16_low_power_async_edma\source" -I"C:\Users\guoj69\Desktop\lab 0\frdmk66f_adc16_low_power_async_edma\utilities" -I"C:\Users\guoj69\Desktop\lab 0\frdmk66f_adc16_low_power_async_edma\drivers" -I"C:\Users\guoj69\Desktop\lab 0\frdmk66f_adc16_low_power_async_edma\device" -I"C:\Users\guoj69\Desktop\lab 0\frdmk66f_adc16_low_power_async_edma\component\uart" -I"C:\Users\guoj69\Desktop\lab 0\frdmk66f_adc16_low_power_async_edma\component\lists" -I"C:\Users\guoj69\Desktop\lab 0\frdmk66f_adc16_low_power_async_edma\CMSIS" -I"C:\Users\guoj69\Desktop\lab 0\frdmk66f_adc16_low_power_async_edma\board" -I"C:\Users\guoj69\Desktop\lab 0\frdmk66f_adc16_low_power_async_edma\frdmk66f\demo_apps\adc16_low_power_async_edma" -O0 -fno-common -g3 -c -ffunction-sections -fdata-sections -ffreestanding -fno-builtin -fmerge-constants -fmacro-prefix-map="../utilities/"= -mcpu=cortex-m4 -mfpu=fpv4-sp-d16 -mfloat-abi=hard -mthumb -D__REDLIB__ -fstack-usage -specs=redlib.specs -MMD -MP -MF"utilities/fsl_debug_console.d" -MT"utilities/fsl_debug_console.o" -MT"utilities/fsl_debug_console.d" -o "utilities/fsl_debug_console.o" "../utilities/fsl_debug_console.c"
Invoking: MCU C Compiler
Invoking: MCU C Compiler
arm-none-eabi-gcc -std=gnu99 -D__REDLIB__ -DCPU_MK66FN2M0VMD18 -DFRDM_K66F -DFREEDOM -DMCUXPRESSO_SDK -DCPU_MK66FN2M0VMD18_cm4 -DSDK_DEBUGCONSOLE=0 -DCR_INTEGER_PRINTF -D__MCUXPRESSO -D__USE_CMSIS -DDEBUG -I"C:\Users\guoj69\Desktop\lab 0\frdmk66f_adc16_low_power_async_edma\source" -I"C:\Users\guoj69\Desktop\lab 0\frdmk66f_adc16_low_power_async_edma\utilities" -I"C:\Users\guoj69\Desktop\lab 0\frdmk66f_adc16_low_power_async_edma\drivers" -I"C:\Users\guoj69\Desktop\lab 0\frdmk66f_adc16_low_power_async_edma\device" -I"C:\Users\guoj69\Desktop\lab 0\frdmk66f_adc16_low_power_async_edma\component\uart" -I"C:\Users\guoj69\Desktop\lab 0\frdmk66f_adc16_low_power_async_edma\component\lists" -I"C:\Users\guoj69\Desktop\lab 0\frdmk66f_adc16_low_power_async_edma\CMSIS" -I"C:\Users\guoj69\Desktop\lab 0\frdmk66f_adc16_low_power_async_edma\board" -I"C:\Users\guoj69\Desktop\lab 0\frdmk66f_adc16_low_power_async_edma\frdmk66f\demo_apps\adc16_low_power_async_edma" -O0 -fno-common -g3 -c -ffunction-sections -fdata-sections -ffreestanding -fno-builtin -fmerge-constants -fmacro-prefix-map="../startup/"= -mcpu=cortex-m4 -mfpu=fpv4-sp-d16 -mfloat-abi=hard -mthumb -D__REDLIB__ -fstack-usage -specs=redlib.specs -MMD -MP -MF"startup/startup_mk66f18.d" -MT"startup/startup_mk66f18.o" -MT"startup/startup_mk66f18.d" -o "startup/startup_mk66f18.o" "../startup/startup_mk66f18.c"
arm-none-eabi-gcc -std=gnu99 -D__REDLIB__ -DCPU_MK66FN2M0VMD18 -DFRDM_K66F -DFREEDOM -DMCUXPRESSO_SDK -DCPU_MK66FN2M0VMD18_cm4 -DSDK_DEBUGCONSOLE=0 -DCR_INTEGER_PRINTF -D__MCUXPRESSO -D__USE_CMSIS -DDEBUG -I"C:\Users\guoj69\Desktop\lab 0\frdmk66f_adc16_low_power_async_edma\source" -I"C:\Users\guoj69\Desktop\lab 0\frdmk66f_adc16_low_power_async_edma\utilities" -I"C:\Users\guoj69\Desktop\lab 0\frdmk66f_adc16_low_power_async_edma\drivers" -I"C:\Users\guoj69\Desktop\lab 0\frdmk66f_adc16_low_power_async_edma\device" -I"C:\Users\guoj69\Desktop\lab 0\frdmk66f_adc16_low_power_async_edma\component\uart" -I"C:\Users\guoj69\Desktop\lab 0\frdmk66f_adc16_low_power_async_edma\component\lists" -I"C:\Users\guoj69\Desktop\lab 0\frdmk66f_adc16_low_power_async_edma\CMSIS" -I"C:\Users\guoj69\Desktop\lab 0\frdmk66f_adc16_low_power_async_edma\board" -I"C:\Users\guoj69\Desktop\lab 0\frdmk66f_adc16_low_power_async_edma\frdmk66f\demo_apps\adc16_low_power_async_edma" -O0 -fno-common -g3 -c -ffunction-sections -fdata-sections -ffreestanding -fno-builtin -fmerge-constants -fmacro-prefix-map="../source/"= -mcpu=cortex-m4 -mfpu=fpv4-sp-d16 -mfloat-abi=hard -mthumb -D__REDLIB__ -fstack-usage -specs=redlib.specs -MMD -MP -MF"source/adc16_low_power_async_edma.d" -MT"source/adc16_low_power_async_edma.o" -MT"source/adc16_low_power_async_edma.d" -o "source/adc16_low_power_async_edma.o" "../source/adc16_low_power_async_edma.c"
Finished building: ../startup/startup_mk66f18.c
 
Finished building: ../utilities/fsl_debug_console.c
Building file: ../source/semihost_hardfault.c
Finished building: ../source/adc16_low_power_async_edma.c
Invoking: MCU C Compiler
arm-none-eabi-gcc -std=gnu99 -D__REDLIB__ -DCPU_MK66FN2M0VMD18 -DFRDM_K66F -DFREEDOM -DMCUXPRESSO_SDK -DCPU_MK66FN2M0VMD18_cm4 -DSDK_DEBUGCONSOLE=0 -DCR_INTEGER_PRINTF -D__MCUXPRESSO -D__USE_CMSIS -DDEBUG -I"C:\Users\guoj69\Desktop\lab 0\frdmk66f_adc16_low_power_async_edma\source" -I"C:\Users\guoj69\Desktop\lab 0\frdmk66f_adc16_low_power_async_edma\utilities" -I"C:\Users\guoj69\Desktop\lab 0\frdmk66f_adc16_low_power_async_edma\drivers" -I"C:\Users\guoj69\Desktop\lab 0\frdmk66f_adc16_low_power_async_edma\device" -I"C:\Users\guoj69\Desktop\lab 0\frdmk66f_adc16_low_power_async_edma\component\uart" -I"C:\Users\guoj69\Desktop\lab 0\frdmk66f_adc16_low_power_async_edma\component\lists" -I"C:\Users\guoj69\Desktop\lab 0\frdmk66f_adc16_low_power_async_edma\CMSIS" -I"C:\Users\guoj69\Desktop\lab 0\frdmk66f_adc16_low_power_async_edma\board" -I"C:\Users\guoj69\Desktop\lab 0\frdmk66f_adc16_low_power_async_edma\frdmk66f\demo_apps\adc16_low_power_async_edma" -O0 -fno-common -g3 -c -ffunction-sections -fdata-sections -ffreestanding -fno-builtin -fmerge-constants -fmacro-prefix-map="../source/"= -mcpu=cortex-m4 -mfpu=fpv4-sp-d16 -mfloat-abi=hard -mthumb -D__REDLIB__ -fstack-usage -specs=redlib.specs -MMD -MP -MF"source/semihost_hardfault.d" -MT"source/semihost_hardfault.o" -MT"source/semihost_hardfault.d" -o "source/semihost_hardfault.o" "../source/semihost_hardfault.c"
Finished building: ../utilities/fsl_assert.c
 
 
 
Building file: ../drivers/fsl_adc16.c
Building file: ../drivers/fsl_clock.c
Building file: ../drivers/fsl_common.c
Invoking: MCU C Compiler
Invoking: MCU C Compiler
arm-none-eabi-gcc -std=gnu99 -D__REDLIB__ -DCPU_MK66FN2M0VMD18 -DFRDM_K66F -DFREEDOM -DMCUXPRESSO_SDK -DCPU_MK66FN2M0VMD18_cm4 -DSDK_DEBUGCONSOLE=0 -DCR_INTEGER_PRINTF -D__MCUXPRESSO -D__USE_CMSIS -DDEBUG -I"C:\Users\guoj69\Desktop\lab 0\frdmk66f_adc16_low_power_async_edma\source" -I"C:\Users\guoj69\Desktop\lab 0\frdmk66f_adc16_low_power_async_edma\utilities" -I"C:\Users\guoj69\Desktop\lab 0\frdmk66f_adc16_low_power_async_edma\drivers" -I"C:\Users\guoj69\Desktop\lab 0\frdmk66f_adc16_low_power_async_edma\device" -I"C:\Users\guoj69\Desktop\lab 0\frdmk66f_adc16_low_power_async_edma\component\uart" -I"C:\Users\guoj69\Desktop\lab 0\frdmk66f_adc16_low_power_async_edma\component\lists" -I"C:\Users\guoj69\Desktop\lab 0\frdmk66f_adc16_low_power_async_edma\CMSIS" -I"C:\Users\guoj69\Desktop\lab 0\frdmk66f_adc16_low_power_async_edma\board" -I"C:\Users\guoj69\Desktop\lab 0\frdmk66f_adc16_low_power_async_edma\frdmk66f\demo_apps\adc16_low_power_async_edma" -O0 -fno-common -g3 -c -ffunction-sections -fdata-sections -ffreestanding -fno-builtin -fmerge-constants -fmacro-prefix-map="../drivers/"= -mcpu=cortex-m4 -mfpu=fpv4-sp-d16 -mfloat-abi=hard -mthumb -D__REDLIB__ -fstack-usage -specs=redlib.specs -MMD -MP -MF"drivers/fsl_clock.d" -MT"drivers/fsl_clock.o" -MT"drivers/fsl_clock.d" -o "drivers/fsl_clock.o" "../drivers/fsl_clock.c"
Invoking: MCU C Compiler
arm-none-eabi-gcc -std=gnu99 -D__REDLIB__ -DCPU_MK66FN2M0VMD18 -DFRDM_K66F -DFREEDOM -DMCUXPRESSO_SDK -DCPU_MK66FN2M0VMD18_cm4 -DSDK_DEBUGCONSOLE=0 -DCR_INTEGER_PRINTF -D__MCUXPRESSO -D__USE_CMSIS -DDEBUG -I"C:\Users\guoj69\Desktop\lab 0\frdmk66f_adc16_low_power_async_edma\source" -I"C:\Users\guoj69\Desktop\lab 0\frdmk66f_adc16_low_power_async_edma\utilities" -I"C:\Users\guoj69\Desktop\lab 0\frdmk66f_adc16_low_power_async_edma\drivers" -I"C:\Users\guoj69\Desktop\lab 0\frdmk66f_adc16_low_power_async_edma\device" -I"C:\Users\guoj69\Desktop\lab 0\frdmk66f_adc16_low_power_async_edma\component\uart" -I"C:\Users\guoj69\Desktop\lab 0\frdmk66f_adc16_low_power_async_edma\component\lists" -I"C:\Users\guoj69\Desktop\lab 0\frdmk66f_adc16_low_power_async_edma\CMSIS" -I"C:\Users\guoj69\Desktop\lab 0\frdmk66f_adc16_low_power_async_edma\board" -I"C:\Users\guoj69\Desktop\lab 0\frdmk66f_adc16_low_power_async_edma\frdmk66f\demo_apps\adc16_low_power_async_edma" -O0 -fno-common -g3 -c -ffunction-sections -fdata-sections -ffreestanding -fno-builtin -fmerge-constants -fmacro-prefix-map="../drivers/"= -mcpu=cortex-m4 -mfpu=fpv4-sp-d16 -mfloat-abi=hard -mthumb -D__REDLIB__ -fstack-usage -specs=redlib.specs -MMD -MP -MF"drivers/fsl_adc16.d" -MT"drivers/fsl_adc16.o" -MT"drivers/fsl_adc16.d" -o "drivers/fsl_adc16.o" "../drivers/fsl_adc16.c"
arm-none-eabi-gcc -std=gnu99 -D__REDLIB__ -DCPU_MK66FN2M0VMD18 -DFRDM_K66F -DFREEDOM -DMCUXPRESSO_SDK -DCPU_MK66FN2M0VMD18_cm4 -DSDK_DEBUGCONSOLE=0 -DCR_INTEGER_PRINTF -D__MCUXPRESSO -D__USE_CMSIS -DDEBUG -I"C:\Users\guoj69\Desktop\lab 0\frdmk66f_adc16_low_power_async_edma\source" -I"C:\Users\guoj69\Desktop\lab 0\frdmk66f_adc16_low_power_async_edma\utilities" -I"C:\Users\guoj69\Desktop\lab 0\frdmk66f_adc16_low_power_async_edma\drivers" -I"C:\Users\guoj69\Desktop\lab 0\frdmk66f_adc16_low_power_async_edma\device" -I"C:\Users\guoj69\Desktop\lab 0\frdmk66f_adc16_low_power_async_edma\component\uart" -I"C:\Users\guoj69\Desktop\lab 0\frdmk66f_adc16_low_power_async_edma\component\lists" -I"C:\Users\guoj69\Desktop\lab 0\frdmk66f_adc16_low_power_async_edma\CMSIS" -I"C:\Users\guoj69\Desktop\lab 0\frdmk66f_adc16_low_power_async_edma\board" -I"C:\Users\guoj69\Desktop\lab 0\frdmk66f_adc16_low_power_async_edma\frdmk66f\demo_apps\adc16_low_power_async_edma" -O0 -fno-common -g3 -c -ffunction-sections -fdata-sections -ffreestanding -fno-builtin -fmerge-constants -fmacro-prefix-map="../drivers/"= -mcpu=cortex-m4 -mfpu=fpv4-sp-d16 -mfloat-abi=hard -mthumb -D__REDLIB__ -fstack-usage -specs=redlib.specs -MMD -MP -MF"drivers/fsl_common.d" -MT"drivers/fsl_common.o" -MT"drivers/fsl_common.d" -o "drivers/fsl_common.o" "../drivers/fsl_common.c"
Finished building: ../source/semihost_hardfault.c
 
Building file: ../drivers/fsl_common_arm.c
Invoking: MCU C Compiler
arm-none-eabi-gcc -std=gnu99 -D__REDLIB__ -DCPU_MK66FN2M0VMD18 -DFRDM_K66F -DFREEDOM -DMCUXPRESSO_SDK -DCPU_MK66FN2M0VMD18_cm4 -DSDK_DEBUGCONSOLE=0 -DCR_INTEGER_PRINTF -D__MCUXPRESSO -D__USE_CMSIS -DDEBUG -I"C:\Users\guoj69\Desktop\lab 0\frdmk66f_adc16_low_power_async_edma\source" -I"C:\Users\guoj69\Desktop\lab 0\frdmk66f_adc16_low_power_async_edma\utilities" -I"C:\Users\guoj69\Desktop\lab 0\frdmk66f_adc16_low_power_async_edma\drivers" -I"C:\Users\guoj69\Desktop\lab 0\frdmk66f_adc16_low_power_async_edma\device" -I"C:\Users\guoj69\Desktop\lab 0\frdmk66f_adc16_low_power_async_edma\component\uart" -I"C:\Users\guoj69\Desktop\lab 0\frdmk66f_adc16_low_power_async_edma\component\lists" -I"C:\Users\guoj69\Desktop\lab 0\frdmk66f_adc16_low_power_async_edma\CMSIS" -I"C:\Users\guoj69\Desktop\lab 0\frdmk66f_adc16_low_power_async_edma\board" -I"C:\Users\guoj69\Desktop\lab 0\frdmk66f_adc16_low_power_async_edma\frdmk66f\demo_apps\adc16_low_power_async_edma" -O0 -fno-common -g3 -c -ffunction-sections -fdata-sections -ffreestanding -fno-builtin -fmerge-constants -fmacro-prefix-map="../drivers/"= -mcpu=cortex-m4 -mfpu=fpv4-sp-d16 -mfloat-abi=hard -mthumb -D__REDLIB__ -fstack-usage -specs=redlib.specs -MMD -MP -MF"drivers/fsl_common_arm.d" -MT"drivers/fsl_common_arm.o" -MT"drivers/fsl_common_arm.d" -o "drivers/fsl_common_arm.o" "../drivers/fsl_common_arm.c"
Finished building: ../drivers/fsl_common.c
 
Building file: ../drivers/fsl_dmamux.c
Finished building: ../drivers/fsl_adc16.c
Invoking: MCU C Compiler
arm-none-eabi-gcc -std=gnu99 -D__REDLIB__ -DCPU_MK66FN2M0VMD18 -DFRDM_K66F -DFREEDOM -DMCUXPRESSO_SDK -DCPU_MK66FN2M0VMD18_cm4 -DSDK_DEBUGCONSOLE=0 -DCR_INTEGER_PRINTF -D__MCUXPRESSO -D__USE_CMSIS -DDEBUG -I"C:\Users\guoj69\Desktop\lab 0\frdmk66f_adc16_low_power_async_edma\source" -I"C:\Users\guoj69\Desktop\lab 0\frdmk66f_adc16_low_power_async_edma\utilities" -I"C:\Users\guoj69\Desktop\lab 0\frdmk66f_adc16_low_power_async_edma\drivers" -I"C:\Users\guoj69\Desktop\lab 0\frdmk66f_adc16_low_power_async_edma\device" -I"C:\Users\guoj69\Desktop\lab 0\frdmk66f_adc16_low_power_async_edma\component\uart" -I"C:\Users\guoj69\Desktop\lab 0\frdmk66f_adc16_low_power_async_edma\component\lists" -I"C:\Users\guoj69\Desktop\lab 0\frdmk66f_adc16_low_power_async_edma\CMSIS" -I"C:\Users\guoj69\Desktop\lab 0\frdmk66f_adc16_low_power_async_edma\board" -I"C:\Users\guoj69\Desktop\lab 0\frdmk66f_adc16_low_power_async_edma\frdmk66f\demo_apps\adc16_low_power_async_edma" -O0 -fno-common -g3 -c -ffunction-sections -fdata-sections -ffreestanding -fno-builtin -fmerge-constants -fmacro-prefix-map="../drivers/"= -mcpu=cortex-m4 -mfpu=fpv4-sp-d16 -mfloat-abi=hard -mthumb -D__REDLIB__ -fstack-usage -specs=redlib.specs -MMD -MP -MF"drivers/fsl_dmamux.d" -MT"drivers/fsl_dmamux.o" -MT"drivers/fsl_dmamux.d" -o "drivers/fsl_dmamux.o" "../drivers/fsl_dmamux.c"
 
Finished building: ../drivers/fsl_clock.c
Building file: ../drivers/fsl_edma.c
 
Invoking: MCU C Compiler
arm-none-eabi-gcc -std=gnu99 -D__REDLIB__ -DCPU_MK66FN2M0VMD18 -DFRDM_K66F -DFREEDOM -DMCUXPRESSO_SDK -DCPU_MK66FN2M0VMD18_cm4 -DSDK_DEBUGCONSOLE=0 -DCR_INTEGER_PRINTF -D__MCUXPRESSO -D__USE_CMSIS -DDEBUG -I"C:\Users\guoj69\Desktop\lab 0\frdmk66f_adc16_low_power_async_edma\source" -I"C:\Users\guoj69\Desktop\lab 0\frdmk66f_adc16_low_power_async_edma\utilities" -I"C:\Users\guoj69\Desktop\lab 0\frdmk66f_adc16_low_power_async_edma\drivers" -I"C:\Users\guoj69\Desktop\lab 0\frdmk66f_adc16_low_power_async_edma\device" -I"C:\Users\guoj69\Desktop\lab 0\frdmk66f_adc16_low_power_async_edma\component\uart" -I"C:\Users\guoj69\Desktop\lab 0\frdmk66f_adc16_low_power_async_edma\component\lists" -I"C:\Users\guoj69\Desktop\lab 0\frdmk66f_adc16_low_power_async_edma\CMSIS" -I"C:\Users\guoj69\Desktop\lab 0\frdmk66f_adc16_low_power_async_edma\board" -I"C:\Users\guoj69\Desktop\lab 0\frdmk66f_adc16_low_power_async_edma\frdmk66f\demo_apps\adc16_low_power_async_edma" -O0 -fno-common -g3 -c -ffunction-sections -fdata-sections -ffreestanding -fno-builtin -fmerge-constants -fmacro-prefix-map="../drivers/"= -mcpu=cortex-m4 -mfpu=fpv4-sp-d16 -mfloat-abi=hard -mthumb -D__REDLIB__ -fstack-usage -specs=redlib.specs -MMD -MP -MF"drivers/fsl_edma.d" -MT"drivers/fsl_edma.o" -MT"drivers/fsl_edma.d" -o "drivers/fsl_edma.o" "../drivers/fsl_edma.c"
Finished building: ../drivers/fsl_common_arm.c
Building file: ../drivers/fsl_ftfx_cache.c
 
Invoking: MCU C Compiler
arm-none-eabi-gcc -std=gnu99 -D__REDLIB__ -DCPU_MK66FN2M0VMD18 -DFRDM_K66F -DFREEDOM -DMCUXPRESSO_SDK -DCPU_MK66FN2M0VMD18_cm4 -DSDK_DEBUGCONSOLE=0 -DCR_INTEGER_PRINTF -D__MCUXPRESSO -D__USE_CMSIS -DDEBUG -I"C:\Users\guoj69\Desktop\lab 0\frdmk66f_adc16_low_power_async_edma\source" -I"C:\Users\guoj69\Desktop\lab 0\frdmk66f_adc16_low_power_async_edma\utilities" -I"C:\Users\guoj69\Desktop\lab 0\frdmk66f_adc16_low_power_async_edma\drivers" -I"C:\Users\guoj69\Desktop\lab 0\frdmk66f_adc16_low_power_async_edma\device" -I"C:\Users\guoj69\Desktop\lab 0\frdmk66f_adc16_low_power_async_edma\component\uart" -I"C:\Users\guoj69\Desktop\lab 0\frdmk66f_adc16_low_power_async_edma\component\lists" -I"C:\Users\guoj69\Desktop\lab 0\frdmk66f_adc16_low_power_async_edma\CMSIS" -I"C:\Users\guoj69\Desktop\lab 0\frdmk66f_adc16_low_power_async_edma\board" -I"C:\Users\guoj69\Desktop\lab 0\frdmk66f_adc16_low_power_async_edma\frdmk66f\demo_apps\adc16_low_power_async_edma" -O0 -fno-common -g3 -c -ffunction-sections -fdata-sections -ffreestanding -fno-builtin -fmerge-constants -fmacro-prefix-map="../drivers/"= -mcpu=cortex-m4 -mfpu=fpv4-sp-d16 -mfloat-abi=hard -mthumb -D__REDLIB__ -fstack-usage -specs=redlib.specs -MMD -MP -MF"drivers/fsl_ftfx_cache.d" -MT"drivers/fsl_ftfx_cache.o" -MT"drivers/fsl_ftfx_cache.d" -o "drivers/fsl_ftfx_cache.o" "../drivers/fsl_ftfx_cache.c"
Building file: ../drivers/fsl_ftfx_controller.c
Invoking: MCU C Compiler
arm-none-eabi-gcc -std=gnu99 -D__REDLIB__ -DCPU_MK66FN2M0VMD18 -DFRDM_K66F -DFREEDOM -DMCUXPRESSO_SDK -DCPU_MK66FN2M0VMD18_cm4 -DSDK_DEBUGCONSOLE=0 -DCR_INTEGER_PRINTF -D__MCUXPRESSO -D__USE_CMSIS -DDEBUG -I"C:\Users\guoj69\Desktop\lab 0\frdmk66f_adc16_low_power_async_edma\source" -I"C:\Users\guoj69\Desktop\lab 0\frdmk66f_adc16_low_power_async_edma\utilities" -I"C:\Users\guoj69\Desktop\lab 0\frdmk66f_adc16_low_power_async_edma\drivers" -I"C:\Users\guoj69\Desktop\lab 0\frdmk66f_adc16_low_power_async_edma\device" -I"C:\Users\guoj69\Desktop\lab 0\frdmk66f_adc16_low_power_async_edma\component\uart" -I"C:\Users\guoj69\Desktop\lab 0\frdmk66f_adc16_low_power_async_edma\component\lists" -I"C:\Users\guoj69\Desktop\lab 0\frdmk66f_adc16_low_power_async_edma\CMSIS" -I"C:\Users\guoj69\Desktop\lab 0\frdmk66f_adc16_low_power_async_edma\board" -I"C:\Users\guoj69\Desktop\lab 0\frdmk66f_adc16_low_power_async_edma\frdmk66f\demo_apps\adc16_low_power_async_edma" -O0 -fno-common -g3 -c -ffunction-sections -fdata-sections -ffreestanding -fno-builtin -fmerge-constants -fmacro-prefix-map="../drivers/"= -mcpu=cortex-m4 -mfpu=fpv4-sp-d16 -mfloat-abi=hard -mthumb -D__REDLIB__ -fstack-usage -specs=redlib.specs -MMD -MP -MF"drivers/fsl_ftfx_controller.d" -MT"drivers/fsl_ftfx_controller.o" -MT"drivers/fsl_ftfx_controller.d" -o "drivers/fsl_ftfx_controller.o" "../drivers/fsl_ftfx_controller.c"
Finished building: ../drivers/fsl_dmamux.c
 
Building file: ../drivers/fsl_ftfx_flash.c
Invoking: MCU C Compiler
arm-none-eabi-gcc -std=gnu99 -D__REDLIB__ -DCPU_MK66FN2M0VMD18 -DFRDM_K66F -DFREEDOM -DMCUXPRESSO_SDK -DCPU_MK66FN2M0VMD18_cm4 -DSDK_DEBUGCONSOLE=0 -DCR_INTEGER_PRINTF -D__MCUXPRESSO -D__USE_CMSIS -DDEBUG -I"C:\Users\guoj69\Desktop\lab 0\frdmk66f_adc16_low_power_async_edma\source" -I"C:\Users\guoj69\Desktop\lab 0\frdmk66f_adc16_low_power_async_edma\utilities" -I"C:\Users\guoj69\Desktop\lab 0\frdmk66f_adc16_low_power_async_edma\drivers" -I"C:\Users\guoj69\Desktop\lab 0\frdmk66f_adc16_low_power_async_edma\device" -I"C:\Users\guoj69\Desktop\lab 0\frdmk66f_adc16_low_power_async_edma\component\uart" -I"C:\Users\guoj69\Desktop\lab 0\frdmk66f_adc16_low_power_async_edma\component\lists" -I"C:\Users\guoj69\Desktop\lab 0\frdmk66f_adc16_low_power_async_edma\CMSIS" -I"C:\Users\guoj69\Desktop\lab 0\frdmk66f_adc16_low_power_async_edma\board" -I"C:\Users\guoj69\Desktop\lab 0\frdmk66f_adc16_low_power_async_edma\frdmk66f\demo_apps\adc16_low_power_async_edma" -O0 -fno-common -g3 -c -ffunction-sections -fdata-sections -ffreestanding -fno-builtin -fmerge-constants -fmacro-prefix-map="../drivers/"= -mcpu=cortex-m4 -mfpu=fpv4-sp-d16 -mfloat-abi=hard -mthumb -D__REDLIB__ -fstack-usage -specs=redlib.specs -MMD -MP -MF"drivers/fsl_ftfx_flash.d" -MT"drivers/fsl_ftfx_flash.o" -MT"drivers/fsl_ftfx_flash.d" -o "drivers/fsl_ftfx_flash.o" "../drivers/fsl_ftfx_flash.c"
Finished building: ../drivers/fsl_ftfx_cache.c
Finished building: ../drivers/fsl_edma.c
 
 
Building file: ../drivers/fsl_ftfx_flexnvm.c
Building file: ../drivers/fsl_gpio.c
Invoking: MCU C Compiler
arm-none-eabi-gcc -std=gnu99 -D__REDLIB__ -DCPU_MK66FN2M0VMD18 -DFRDM_K66F -DFREEDOM -DMCUXPRESSO_SDK -DCPU_MK66FN2M0VMD18_cm4 -DSDK_DEBUGCONSOLE=0 -DCR_INTEGER_PRINTF -D__MCUXPRESSO -D__USE_CMSIS -DDEBUG -I"C:\Users\guoj69\Desktop\lab 0\frdmk66f_adc16_low_power_async_edma\source" -I"C:\Users\guoj69\Desktop\lab 0\frdmk66f_adc16_low_power_async_edma\utilities" -I"C:\Users\guoj69\Desktop\lab 0\frdmk66f_adc16_low_power_async_edma\drivers" -I"C:\Users\guoj69\Desktop\lab 0\frdmk66f_adc16_low_power_async_edma\device" -I"C:\Users\guoj69\Desktop\lab 0\frdmk66f_adc16_low_power_async_edma\component\uart" -I"C:\Users\guoj69\Desktop\lab 0\frdmk66f_adc16_low_power_async_edma\component\lists" -I"C:\Users\guoj69\Desktop\lab 0\frdmk66f_adc16_low_power_async_edma\CMSIS" -I"C:\Users\guoj69\Desktop\lab 0\frdmk66f_adc16_low_power_async_edma\board" -I"C:\Users\guoj69\Desktop\lab 0\frdmk66f_adc16_low_power_async_edma\frdmk66f\demo_apps\adc16_low_power_async_edma" -O0 -fno-common -g3 -c -ffunction-sections -fdata-sections -ffreestanding -fno-builtin -fmerge-constants -fmacro-prefix-map="../drivers/"= -mcpu=cortex-m4 -mfpu=fpv4-sp-d16 -mfloat-abi=hard -mthumb -D__REDLIB__ -fstack-usage -specs=redlib.specs -MMD -MP -MF"drivers/fsl_ftfx_flexnvm.d" -MT"drivers/fsl_ftfx_flexnvm.o" -MT"drivers/fsl_ftfx_flexnvm.d" -o "drivers/fsl_ftfx_flexnvm.o" "../drivers/fsl_ftfx_flexnvm.c"
Invoking: MCU C Compiler
arm-none-eabi-gcc -std=gnu99 -D__REDLIB__ -DCPU_MK66FN2M0VMD18 -DFRDM_K66F -DFREEDOM -DMCUXPRESSO_SDK -DCPU_MK66FN2M0VMD18_cm4 -DSDK_DEBUGCONSOLE=0 -DCR_INTEGER_PRINTF -D__MCUXPRESSO -D__USE_CMSIS -DDEBUG -I"C:\Users\guoj69\Desktop\lab 0\frdmk66f_adc16_low_power_async_edma\source" -I"C:\Users\guoj69\Desktop\lab 0\frdmk66f_adc16_low_power_async_edma\utilities" -I"C:\Users\guoj69\Desktop\lab 0\frdmk66f_adc16_low_power_async_edma\drivers" -I"C:\Users\guoj69\Desktop\lab 0\frdmk66f_adc16_low_power_async_edma\device" -I"C:\Users\guoj69\Desktop\lab 0\frdmk66f_adc16_low_power_async_edma\component\uart" -I"C:\Users\guoj69\Desktop\lab 0\frdmk66f_adc16_low_power_async_edma\component\lists" -I"C:\Users\guoj69\Desktop\lab 0\frdmk66f_adc16_low_power_async_edma\CMSIS" -I"C:\Users\guoj69\Desktop\lab 0\frdmk66f_adc16_low_power_async_edma\board" -I"C:\Users\guoj69\Desktop\lab 0\frdmk66f_adc16_low_power_async_edma\frdmk66f\demo_apps\adc16_low_power_async_edma" -O0 -fno-common -g3 -c -ffunction-sections -fdata-sections -ffreestanding -fno-builtin -fmerge-constants -fmacro-prefix-map="../drivers/"= -mcpu=cortex-m4 -mfpu=fpv4-sp-d16 -mfloat-abi=hard -mthumb -D__REDLIB__ -fstack-usage -specs=redlib.specs -MMD -MP -MF"drivers/fsl_gpio.d" -MT"drivers/fsl_gpio.o" -MT"drivers/fsl_gpio.d" -o "drivers/fsl_gpio.o" "../drivers/fsl_gpio.c"
Finished building: ../drivers/fsl_ftfx_controller.c
 
Building file: ../drivers/fsl_lptmr.c
Invoking: MCU C Compiler
arm-none-eabi-gcc -std=gnu99 -D__REDLIB__ -DCPU_MK66FN2M0VMD18 -DFRDM_K66F -DFREEDOM -DMCUXPRESSO_SDK -DCPU_MK66FN2M0VMD18_cm4 -DSDK_DEBUGCONSOLE=0 -DCR_INTEGER_PRINTF -D__MCUXPRESSO -D__USE_CMSIS -DDEBUG -I"C:\Users\guoj69\Desktop\lab 0\frdmk66f_adc16_low_power_async_edma\source" -I"C:\Users\guoj69\Desktop\lab 0\frdmk66f_adc16_low_power_async_edma\utilities" -I"C:\Users\guoj69\Desktop\lab 0\frdmk66f_adc16_low_power_async_edma\drivers" -I"C:\Users\guoj69\Desktop\lab 0\frdmk66f_adc16_low_power_async_edma\device" -I"C:\Users\guoj69\Desktop\lab 0\frdmk66f_adc16_low_power_async_edma\component\uart" -I"C:\Users\guoj69\Desktop\lab 0\frdmk66f_adc16_low_power_async_edma\component\lists" -I"C:\Users\guoj69\Desktop\lab 0\frdmk66f_adc16_low_power_async_edma\CMSIS" -I"C:\Users\guoj69\Desktop\lab 0\frdmk66f_adc16_low_power_async_edma\board" -I"C:\Users\guoj69\Desktop\lab 0\frdmk66f_adc16_low_power_async_edma\frdmk66f\demo_apps\adc16_low_power_async_edma" -O0 -fno-common -g3 -c -ffunction-sections -fdata-sections -ffreestanding -fno-builtin -fmerge-constants -fmacro-prefix-map="../drivers/"= -mcpu=cortex-m4 -mfpu=fpv4-sp-d16 -mfloat-abi=hard -mthumb -D__REDLIB__ -fstack-usage -specs=redlib.specs -MMD -MP -MF"drivers/fsl_lptmr.d" -MT"drivers/fsl_lptmr.o" -MT"drivers/fsl_lptmr.d" -o "drivers/fsl_lptmr.o" "../drivers/fsl_lptmr.c"
Finished building: ../drivers/fsl_ftfx_flexnvm.c
Finished building: ../drivers/fsl_ftfx_flash.c
 
Finished building: ../drivers/fsl_gpio.c
 
Building file: ../drivers/fsl_lpuart.c
Building file: ../drivers/fsl_pmc.c
 
Invoking: MCU C Compiler
Invoking: MCU C Compiler
arm-none-eabi-gcc -std=gnu99 -D__REDLIB__ -DCPU_MK66FN2M0VMD18 -DFRDM_K66F -DFREEDOM -DMCUXPRESSO_SDK -DCPU_MK66FN2M0VMD18_cm4 -DSDK_DEBUGCONSOLE=0 -DCR_INTEGER_PRINTF -D__MCUXPRESSO -D__USE_CMSIS -DDEBUG -I"C:\Users\guoj69\Desktop\lab 0\frdmk66f_adc16_low_power_async_edma\source" -I"C:\Users\guoj69\Desktop\lab 0\frdmk66f_adc16_low_power_async_edma\utilities" -I"C:\Users\guoj69\Desktop\lab 0\frdmk66f_adc16_low_power_async_edma\drivers" -I"C:\Users\guoj69\Desktop\lab 0\frdmk66f_adc16_low_power_async_edma\device" -I"C:\Users\guoj69\Desktop\lab 0\frdmk66f_adc16_low_power_async_edma\component\uart" -I"C:\Users\guoj69\Desktop\lab 0\frdmk66f_adc16_low_power_async_edma\component\lists" -I"C:\Users\guoj69\Desktop\lab 0\frdmk66f_adc16_low_power_async_edma\CMSIS" -I"C:\Users\guoj69\Desktop\lab 0\frdmk66f_adc16_low_power_async_edma\board" -I"C:\Users\guoj69\Desktop\lab 0\frdmk66f_adc16_low_power_async_edma\frdmk66f\demo_apps\adc16_low_power_async_edma" -O0 -fno-common -g3 -c -ffunction-sections -fdata-sections -ffreestanding -fno-builtin -fmerge-constants -fmacro-prefix-map="../drivers/"= -mcpu=cortex-m4 -mfpu=fpv4-sp-d16 -mfloat-abi=hard -mthumb -D__REDLIB__ -fstack-usage -specs=redlib.specs -MMD -MP -MF"drivers/fsl_pmc.d" -MT"drivers/fsl_pmc.o" -MT"drivers/fsl_pmc.d" -o "drivers/fsl_pmc.o" "../drivers/fsl_pmc.c"
[...]
   text	   data	    bss	    dec	    hex	filename
  11040	     16	   8432	  19488	   4c20	frdmk66f_gpio_led_output.axf
 
15:45:13 **** Incremental Build of configuration Debug for project frdmk66f_gpio_led_output ****
make -r -j4 all 
Building file: ../source/gpio_led_output.c
Building file: ../board/pin_mux.c
Invoking: MCU C Compiler
arm-none-eabi-gcc -std=gnu99 -D__REDLIB__ -DCPU_MK66FN2M0VMD18 -DCPU_MK66FN2M0VMD18_cm4 -DFRDM_K66F -DFREEDOM -DMCUXPRESSO_SDK -DSDK_DEBUGCONSOLE=0 -DCR_INTEGER_PRINTF -DPRINTF_FLOAT_ENABLE=0 -D__MCUXPRESSO -D__USE_CMSIS -DDEBUG -I"C:\Users\guoj69\Desktop\lab 0\frdmk66f_gpio_led_output\source" -I"C:\Users\guoj69\Desktop\lab 0\frdmk66f_gpio_led_output\utilities" -I"C:\Users\guoj69\Desktop\lab 0\frdmk66f_gpio_led_output\drivers" -I"C:\Users\guoj69\Desktop\lab 0\frdmk66f_gpio_led_output\device" -I"C:\Users\guoj69\Desktop\lab 0\frdmk66f_gpio_led_output\component\uart" -I"C:\Users\guoj69\Desktop\lab 0\frdmk66f_gpio_led_output\component\lists" -I"C:\Users\guoj69\Desktop\lab 0\frdmk66f_gpio_led_output\CMSIS" -I"C:\Users\guoj69\Desktop\lab 0\frdmk66f_gpio_led_output\board" -I"C:\Users\guoj69\Desktop\lab 0\frdmk66f_gpio_led_output\frdmk66f\driver_examples\gpio\led_output" -O0 -fno-common -g3 -c -ffunction-sections -fdata-sections -ffreestanding -fno-builtin -fmerge-constants -fmacro-prefix-map="../source/"= -mcpu=cortex-m4 -mfpu=fpv4-sp-d16 -mfloat-abi=hard -mthumb -D__REDLIB__ -fstack-usage -specs=redlib.specs -MMD -MP -MF"source/gpio_led_output.d" -MT"source/gpio_led_output.o" -MT"source/gpio_led_output.d" -o "source/gpio_led_output.o" "../source/gpio_led_output.c"
Invoking: MCU C Compiler
arm-none-eabi-gcc -std=gnu99 -D__REDLIB__ -DCPU_MK66FN2M0VMD18 -DCPU_MK66FN2M0VMD18_cm4 -DFRDM_K66F -DFREEDOM -DMCUXPRESSO_SDK -DSDK_DEBUGCONSOLE=0 -DCR_INTEGER_PRINTF -DPRINTF_FLOAT_ENABLE=0 -D__MCUXPRESSO -D__USE_CMSIS -DDEBUG -I"C:\Users\guoj69\Desktop\lab 0\frdmk66f_gpio_led_output\source" -I"C:\Users\guoj69\Desktop\lab 0\frdmk66f_gpio_led_output\utilities" -I"C:\Users\guoj69\Desktop\lab 0\frdmk66f_gpio_led_output\drivers" -I"C:\Users\guoj69\Desktop\lab 0\frdmk66f_gpio_led_output\device" -I"C:\Users\guoj69\Desktop\lab 0\frdmk66f_gpio_led_output\component\uart" -I"C:\Users\guoj69\Desktop\lab 0\frdmk66f_gpio_led_output\component\lists" -I"C:\Users\guoj69\Desktop\lab 0\frdmk66f_gpio_led_output\CMSIS" -I"C:\Users\guoj69\Desktop\lab 0\frdmk66f_gpio_led_output\board" -I"C:\Users\guoj69\Desktop\lab 0\frdmk66f_gpio_led_output\frdmk66f\driver_examples\gpio\led_output" -O0 -fno-common -g3 -c -ffunction-sections -fdata-sections -ffreestanding -fno-builtin -fmerge-constants -fmacro-prefix-map="../board/"= -mcpu=cortex-m4 -mfpu=fpv4-sp-d16 -mfloat-abi=hard -mthumb -D__REDLIB__ -fstack-usage -specs=redlib.specs -MMD -MP -MF"board/pin_mux.d" -MT"board/pin_mux.o" -MT"board/pin_mux.d" -o "board/pin_mux.o" "../board/pin_mux.c"
Finished building: ../source/gpio_led_output.c
 
Finished building: ../board/pin_mux.c
 
Building target: frdmk66f_gpio_led_output.axf
Invoking: MCU Linker
arm-none-eabi-gcc -nostdlib -Xlinker -Map="frdmk66f_gpio_led_output.map" -Xlinker --gc-sections -Xlinker -print-memory-usage -Xlinker --sort-section=alignment -Xlinker --cref -mcpu=cortex-m4 -mfpu=fpv4-sp-d16 -mfloat-abi=hard -mthumb -T frdmk66f_gpio_led_output_Debug.ld -o "frdmk66f_gpio_led_output.axf" ./utilities/fsl_assert.o ./utilities/fsl_debug_console.o  ./startup/startup_mk66f18.o  ./source/gpio_led_output.o ./source/semihost_hardfault.o  ./drivers/fsl_clock.o ./drivers/fsl_common.o ./drivers/fsl_common_arm.o ./drivers/fsl_ftfx_cache.o ./drivers/fsl_ftfx_controller.o ./drivers/fsl_ftfx_flash.o ./drivers/fsl_ftfx_flexnvm.o ./drivers/fsl_gpio.o ./drivers/fsl_lpuart.o ./drivers/fsl_smc.o ./drivers/fsl_uart.o  ./device/system_MK66F18.o  ./component/uart/fsl_adapter_uart.o  ./component/lists/fsl_component_generic_list.o  ./board/board.o ./board/clock_config.o ./board/pin_mux.o   
Memory region         Used Size  Region Size  %age Used
   PROGRAM_FLASH:       11144 B         2 MB      0.53%
      SRAM_UPPER:        8448 B       192 KB      4.30%
      SRAM_LOWER:          0 GB        64 KB      0.00%
        FLEX_RAM:          0 GB         4 KB      0.00%
Finished building target: frdmk66f_gpio_led_output.axf
 
Performing post-build steps
arm-none-eabi-size "frdmk66f_gpio_led_output.axf"; # arm-none-eabi-objcopy -v -O binary "frdmk66f_gpio_led_output.axf" "frdmk66f_gpio_led_output.bin" ; # checksum -p MK66FN2M0xxx18 -d "frdmk66f_gpio_led_output.bin";
   text	   data	    bss	    dec	    hex	filename
  11128	     16	   8432	  19576	   4c78	frdmk66f_gpio_led_output.axf
 
15:46:58 **** Incremental Build of configuration Debug for project frdmk66f_gpio_led_output ****
make -r -j4 all 
Building file: ../source/gpio_led_output.c
Building file: ../board/pin_mux.c
Invoking: MCU C Compiler
arm-none-eabi-gcc -std=gnu99 -D__REDLIB__ -DCPU_MK66FN2M0VMD18 -DCPU_MK66FN2M0VMD18_cm4 -DFRDM_K66F -DFREEDOM -DMCUXPRESSO_SDK -DSDK_DEBUGCONSOLE=0 -DCR_INTEGER_PRINTF -DPRINTF_FLOAT_ENABLE=0 -D__MCUXPRESSO -D__USE_CMSIS -DDEBUG -I"C:\Users\guoj69\Desktop\lab 0\frdmk66f_gpio_led_output\source" -I"C:\Users\guoj69\Desktop\lab 0\frdmk66f_gpio_led_output\utilities" -I"C:\Users\guoj69\Desktop\lab 0\frdmk66f_gpio_led_output\drivers" -I"C:\Users\guoj69\Desktop\lab 0\frdmk66f_gpio_led_output\device" -I"C:\Users\guoj69\Desktop\lab 0\frdmk66f_gpio_led_output\component\uart" -I"C:\Users\guoj69\Desktop\lab 0\frdmk66f_gpio_led_output\component\lists" -I"C:\Users\guoj69\Desktop\lab 0\frdmk66f_gpio_led_output\CMSIS" -I"C:\Users\guoj69\Desktop\lab 0\frdmk66f_gpio_led_output\board" -I"C:\Users\guoj69\Desktop\lab 0\frdmk66f_gpio_led_output\frdmk66f\driver_examples\gpio\led_output" -O0 -fno-common -g3 -c -ffunction-sections -fdata-sections -ffreestanding -fno-builtin -fmerge-constants -fmacro-prefix-map="../source/"= -mcpu=cortex-m4 -mfpu=fpv4-sp-d16 -mfloat-abi=hard -mthumb -D__REDLIB__ -fstack-usage -specs=redlib.specs -MMD -MP -MF"source/gpio_led_output.d" -MT"source/gpio_led_output.o" -MT"source/gpio_led_output.d" -o "source/gpio_led_output.o" "../source/gpio_led_output.c"
Invoking: MCU C Compiler
arm-none-eabi-gcc -std=gnu99 -D__REDLIB__ -DCPU_MK66FN2M0VMD18 -DCPU_MK66FN2M0VMD18_cm4 -DFRDM_K66F -DFREEDOM -DMCUXPRESSO_SDK -DSDK_DEBUGCONSOLE=0 -DCR_INTEGER_PRINTF -DPRINTF_FLOAT_ENABLE=0 -D__MCUXPRESSO -D__USE_CMSIS -DDEBUG -I"C:\Users\guoj69\Desktop\lab 0\frdmk66f_gpio_led_output\source" -I"C:\Users\guoj69\Desktop\lab 0\frdmk66f_gpio_led_output\utilities" -I"C:\Users\guoj69\Desktop\lab 0\frdmk66f_gpio_led_output\drivers" -I"C:\Users\guoj69\Desktop\lab 0\frdmk66f_gpio_led_output\device" -I"C:\Users\guoj69\Desktop\lab 0\frdmk66f_gpio_led_output\component\uart" -I"C:\Users\guoj69\Desktop\lab 0\frdmk66f_gpio_led_output\component\lists" -I"C:\Users\guoj69\Desktop\lab 0\frdmk66f_gpio_led_output\CMSIS" -I"C:\Users\guoj69\Desktop\lab 0\frdmk66f_gpio_led_output\board" -I"C:\Users\guoj69\Desktop\lab 0\frdmk66f_gpio_led_output\frdmk66f\driver_examples\gpio\led_output" -O0 -fno-common -g3 -c -ffunction-sections -fdata-sections -ffreestanding -fno-builtin -fmerge-constants -fmacro-prefix-map="../board/"= -mcpu=cortex-m4 -mfpu=fpv4-sp-d16 -mfloat-abi=hard -mthumb -D__REDLIB__ -fstack-usage -specs=redlib.specs -MMD -MP -MF"board/pin_mux.d" -MT"board/pin_mux.o" -MT"board/pin_mux.d" -o "board/pin_mux.o" "../board/pin_mux.c"
Finished building: ../board/pin_mux.c
Finished building: ../source/gpio_led_output.c
 
 
Building target: frdmk66f_gpio_led_output.axf
Invoking: MCU Linker
arm-none-eabi-gcc -nostdlib -Xlinker -Map="frdmk66f_gpio_led_output.map" -Xlinker --gc-sections -Xlinker -print-memory-usage -Xlinker --sort-section=alignment -Xlinker --cref -mcpu=cortex-m4 -mfpu=fpv4-sp-d16 -mfloat-abi=hard -mthumb -T frdmk66f_gpio_led_output_Debug.ld -o "frdmk66f_gpio_led_output.axf" ./utilities/fsl_assert.o ./utilities/fsl_debug_console.o  ./startup/startup_mk66f18.o  ./source/gpio_led_output.o ./source/semihost_hardfault.o  ./drivers/fsl_clock.o ./drivers/fsl_common.o ./drivers/fsl_common_arm.o ./drivers/fsl_ftfx_cache.o ./drivers/fsl_ftfx_controller.o ./drivers/fsl_ftfx_flash.o ./drivers/fsl_ftfx_flexnvm.o ./drivers/fsl_gpio.o ./drivers/fsl_lpuart.o ./drivers/fsl_smc.o ./drivers/fsl_uart.o  ./device/system_MK66F18.o  ./component/uart/fsl_adapter_uart.o  ./component/lists/fsl_component_generic_list.o  ./board/board.o ./board/clock_config.o ./board/pin_mux.o   
Memory region         Used Size  Region Size  %age Used
   PROGRAM_FLASH:       11184 B         2 MB      0.53%
      SRAM_UPPER:        8448 B       192 KB      4.30%
      SRAM_LOWER:          0 GB        64 KB      0.00%
        FLEX_RAM:          0 GB         4 KB      0.00%
Finished building target: frdmk66f_gpio_led_output.axf
 
Performing post-build steps
arm-none-eabi-size "frdmk66f_gpio_led_output.axf"; # arm-none-eabi-objcopy -v -O binary "frdmk66f_gpio_led_output.axf" "frdmk66f_gpio_led_output.bin" ; # checksum -p MK66FN2M0xxx18 -d "frdmk66f_gpio_led_output.bin";
   text	   data	    bss	    dec	    hex	filename
  11168	     16	   8432	  19616	   4ca0	frdmk66f_gpio_led_output.axf
 
15:48:12 **** Incremental Build of configuration Debug for project frdmk66f_gpio_led_output ****
make -r -j4 all 
Building file: ../source/gpio_led_output.c
Building file: ../board/pin_mux.c
Invoking: MCU C Compiler
arm-none-eabi-gcc -std=gnu99 -D__REDLIB__ -DCPU_MK66FN2M0VMD18 -DCPU_MK66FN2M0VMD18_cm4 -DFRDM_K66F -DFREEDOM -DMCUXPRESSO_SDK -DSDK_DEBUGCONSOLE=0 -DCR_INTEGER_PRINTF -DPRINTF_FLOAT_ENABLE=0 -D__MCUXPRESSO -D__USE_CMSIS -DDEBUG -I"C:\Users\guoj69\Desktop\lab 0\frdmk66f_gpio_led_output\source" -I"C:\Users\guoj69\Desktop\lab 0\frdmk66f_gpio_led_output\utilities" -I"C:\Users\guoj69\Desktop\lab 0\frdmk66f_gpio_led_output\drivers" -I"C:\Users\guoj69\Desktop\lab 0\frdmk66f_gpio_led_output\device" -I"C:\Users\guoj69\Desktop\lab 0\frdmk66f_gpio_led_output\component\uart" -I"C:\Users\guoj69\Desktop\lab 0\frdmk66f_gpio_led_output\component\lists" -I"C:\Users\guoj69\Desktop\lab 0\frdmk66f_gpio_led_output\CMSIS" -I"C:\Users\guoj69\Desktop\lab 0\frdmk66f_gpio_led_output\board" -I"C:\Users\guoj69\Desktop\lab 0\frdmk66f_gpio_led_output\frdmk66f\driver_examples\gpio\led_output" -O0 -fno-common -g3 -c -ffunction-sections -fdata-sections -ffreestanding -fno-builtin -fmerge-constants -fmacro-prefix-map="../source/"= -mcpu=cortex-m4 -mfpu=fpv4-sp-d16 -mfloat-abi=hard -mthumb -D__REDLIB__ -fstack-usage -specs=redlib.specs -MMD -MP -MF"source/gpio_led_output.d" -MT"source/gpio_led_output.o" -MT"source/gpio_led_output.d" -o "source/gpio_led_output.o" "../source/gpio_led_output.c"
Invoking: MCU C Compiler
arm-none-eabi-gcc -std=gnu99 -D__REDLIB__ -DCPU_MK66FN2M0VMD18 -DCPU_MK66FN2M0VMD18_cm4 -DFRDM_K66F -DFREEDOM -DMCUXPRESSO_SDK -DSDK_DEBUGCONSOLE=0 -DCR_INTEGER_PRINTF -DPRINTF_FLOAT_ENABLE=0 -D__MCUXPRESSO -D__USE_CMSIS -DDEBUG -I"C:\Users\guoj69\Desktop\lab 0\frdmk66f_gpio_led_output\source" -I"C:\Users\guoj69\Desktop\lab 0\frdmk66f_gpio_led_output\utilities" -I"C:\Users\guoj69\Desktop\lab 0\frdmk66f_gpio_led_output\drivers" -I"C:\Users\guoj69\Desktop\lab 0\frdmk66f_gpio_led_output\device" -I"C:\Users\guoj69\Desktop\lab 0\frdmk66f_gpio_led_output\component\uart" -I"C:\Users\guoj69\Desktop\lab 0\frdmk66f_gpio_led_output\component\lists" -I"C:\Users\guoj69\Desktop\lab 0\frdmk66f_gpio_led_output\CMSIS" -I"C:\Users\guoj69\Desktop\lab 0\frdmk66f_gpio_led_output\board" -I"C:\Users\guoj69\Desktop\lab 0\frdmk66f_gpio_led_output\frdmk66f\driver_examples\gpio\led_output" -O0 -fno-common -g3 -c -ffunction-sections -fdata-sections -ffreestanding -fno-builtin -fmerge-constants -fmacro-prefix-map="../board/"= -mcpu=cortex-m4 -mfpu=fpv4-sp-d16 -mfloat-abi=hard -mthumb -D__REDLIB__ -fstack-usage -specs=redlib.specs -MMD -MP -MF"board/pin_mux.d" -MT"board/pin_mux.o" -MT"board/pin_mux.d" -o "board/pin_mux.o" "../board/pin_mux.c"
Finished building: ../board/pin_mux.c
 
Finished building: ../source/gpio_led_output.c
 
Building target: frdmk66f_gpio_led_output.axf
Invoking: MCU Linker
arm-none-eabi-gcc -nostdlib -Xlinker -Map="frdmk66f_gpio_led_output.map" -Xlinker --gc-sections -Xlinker -print-memory-usage -Xlinker --sort-section=alignment -Xlinker --cref -mcpu=cortex-m4 -mfpu=fpv4-sp-d16 -mfloat-abi=hard -mthumb -T frdmk66f_gpio_led_output_Debug.ld -o "frdmk66f_gpio_led_output.axf" ./utilities/fsl_assert.o ./utilities/fsl_debug_console.o  ./startup/startup_mk66f18.o  ./source/gpio_led_output.o ./source/semihost_hardfault.o  ./drivers/fsl_clock.o ./drivers/fsl_common.o ./drivers/fsl_common_arm.o ./drivers/fsl_ftfx_cache.o ./drivers/fsl_ftfx_controller.o ./drivers/fsl_ftfx_flash.o ./drivers/fsl_ftfx_flexnvm.o ./drivers/fsl_gpio.o ./drivers/fsl_lpuart.o ./drivers/fsl_smc.o ./drivers/fsl_uart.o  ./device/system_MK66F18.o  ./component/uart/fsl_adapter_uart.o  ./component/lists/fsl_component_generic_list.o  ./board/board.o ./board/clock_config.o ./board/pin_mux.o   
Memory region         Used Size  Region Size  %age Used
   PROGRAM_FLASH:       11184 B         2 MB      0.53%
      SRAM_UPPER:        8448 B       192 KB      4.30%
      SRAM_LOWER:          0 GB        64 KB      0.00%
        FLEX_RAM:          0 GB         4 KB      0.00%
Finished building target: frdmk66f_gpio_led_output.axf
 
Performing post-build steps
arm-none-eabi-size "frdmk66f_gpio_led_output.axf"; # arm-none-eabi-objcopy -v -O binary "frdmk66f_gpio_led_output.axf" "frdmk66f_gpio_led_output.bin" ; # checksum -p MK66FN2M0xxx18 -d "frdmk66f_gpio_led_output.bin";
   text	   data	    bss	    dec	    hex	filename
  11168	     16	   8432	  19616	   4ca0	frdmk66f_gpio_led_output.axf
 
15:48:37 **** Incremental Build of configuration Debug for project frdmk66f_gpio_led_output ****
make -r -j4 all 
Building file: ../source/gpio_led_output.c
Invoking: MCU C Compiler
arm-none-eabi-gcc -std=gnu99 -D__REDLIB__ -DCPU_MK66FN2M0VMD18 -DCPU_MK66FN2M0VMD18_cm4 -DFRDM_K66F -DFREEDOM -DMCUXPRESSO_SDK -DSDK_DEBUGCONSOLE=0 -DCR_INTEGER_PRINTF -DPRINTF_FLOAT_ENABLE=0 -D__MCUXPRESSO -D__USE_CMSIS -DDEBUG -I"C:\Users\guoj69\Desktop\lab 0\frdmk66f_gpio_led_output\source" -I"C:\Users\guoj69\Desktop\lab 0\frdmk66f_gpio_led_output\utilities" -I"C:\Users\guoj69\Desktop\lab 0\frdmk66f_gpio_led_output\drivers" -I"C:\Users\guoj69\Desktop\lab 0\frdmk66f_gpio_led_output\device" -I"C:\Users\guoj69\Desktop\lab 0\frdmk66f_gpio_led_output\component\uart" -I"C:\Users\guoj69\Desktop\lab 0\frdmk66f_gpio_led_output\component\lists" -I"C:\Users\guoj69\Desktop\lab 0\frdmk66f_gpio_led_output\CMSIS" -I"C:\Users\guoj69\Desktop\lab 0\frdmk66f_gpio_led_output\board" -I"C:\Users\guoj69\Desktop\lab 0\frdmk66f_gpio_led_output\frdmk66f\driver_examples\gpio\led_output" -O0 -fno-common -g3 -c -ffunction-sections -fdata-sections -ffreestanding -fno-builtin -fmerge-constants -fmacro-prefix-map="../source/"= -mcpu=cortex-m4 -mfpu=fpv4-sp-d16 -mfloat-abi=hard -mthumb -D__REDLIB__ -fstack-usage -specs=redlib.specs -MMD -MP -MF"source/gpio_led_output.d" -MT"source/gpio_led_output.o" -MT"source/gpio_led_output.d" -o "source/gpio_led_output.o" "../source/gpio_led_output.c"
Finished building: ../source/gpio_led_output.c
 
Building target: frdmk66f_gpio_led_output.axf
Invoking: MCU Linker
arm-none-eabi-gcc -nostdlib -Xlinker -Map="frdmk66f_gpio_led_output.map" -Xlinker --gc-sections -Xlinker -print-memory-usage -Xlinker --sort-section=alignment -Xlinker --cref -mcpu=cortex-m4 -mfpu=fpv4-sp-d16 -mfloat-abi=hard -mthumb -T frdmk66f_gpio_led_output_Debug.ld -o "frdmk66f_gpio_led_output.axf" ./utilities/fsl_assert.o ./utilities/fsl_debug_console.o  ./startup/startup_mk66f18.o  ./source/gpio_led_output.o ./source/semihost_hardfault.o  ./drivers/fsl_clock.o ./drivers/fsl_common.o ./drivers/fsl_common_arm.o ./drivers/fsl_ftfx_cache.o ./drivers/fsl_ftfx_controller.o ./drivers/fsl_ftfx_flash.o ./drivers/fsl_ftfx_flexnvm.o ./drivers/fsl_gpio.o ./drivers/fsl_lpuart.o ./drivers/fsl_smc.o ./drivers/fsl_uart.o  ./device/system_MK66F18.o  ./component/uart/fsl_adapter_uart.o  ./component/lists/fsl_component_generic_list.o  ./board/board.o ./board/clock_config.o ./board/pin_mux.o   
Memory region         Used Size  Region Size  %age Used
   PROGRAM_FLASH:       11184 B         2 MB      0.53%
      SRAM_UPPER:        8448 B       192 KB      4.30%
      SRAM_LOWER:          0 GB        64 KB      0.00%
        FLEX_RAM:          0 GB         4 KB      0.00%
Finished building target: frdmk66f_gpio_led_output.axf
 
Performing post-build steps
arm-none-eabi-size "frdmk66f_gpio_led_output.axf"; # arm-none-eabi-objcopy -v -O binary "frdmk66f_gpio_led_output.axf" "frdmk66f_gpio_led_output.bin" ; # checksum -p MK66FN2M0xxx18 -d "frdmk66f_gpio_led_output.bin";
   text	   data	    bss	    dec	    hex	filename
  11168	     16	   8432	  19616	   4ca0	frdmk66f_gpio_led_output.axf
 
15:49:01 **** Incremental Build of configuration Debug for project frdmk66f_gpio_led_output ****
make -r -j4 all 
Building file: ../source/gpio_led_output.c
Invoking: MCU C Compiler
arm-none-eabi-gcc -std=gnu99 -D__REDLIB__ -DCPU_MK66FN2M0VMD18 -DCPU_MK66FN2M0VMD18_cm4 -DFRDM_K66F -DFREEDOM -DMCUXPRESSO_SDK -DSDK_DEBUGCONSOLE=0 -DCR_INTEGER_PRINTF -DPRINTF_FLOAT_ENABLE=0 -D__MCUXPRESSO -D__USE_CMSIS -DDEBUG -I"C:\Users\guoj69\Desktop\lab 0\frdmk66f_gpio_led_output\source" -I"C:\Users\guoj69\Desktop\lab 0\frdmk66f_gpio_led_output\utilities" -I"C:\Users\guoj69\Desktop\lab 0\frdmk66f_gpio_led_output\drivers" -I"C:\Users\guoj69\Desktop\lab 0\frdmk66f_gpio_led_output\device" -I"C:\Users\guoj69\Desktop\lab 0\frdmk66f_gpio_led_output\component\uart" -I"C:\Users\guoj69\Desktop\lab 0\frdmk66f_gpio_led_output\component\lists" -I"C:\Users\guoj69\Desktop\lab 0\frdmk66f_gpio_led_output\CMSIS" -I"C:\Users\guoj69\Desktop\lab 0\frdmk66f_gpio_led_output\board" -I"C:\Users\guoj69\Desktop\lab 0\frdmk66f_gpio_led_output\frdmk66f\driver_examples\gpio\led_output" -O0 -fno-common -g3 -c -ffunction-sections -fdata-sections -ffreestanding -fno-builtin -fmerge-constants -fmacro-prefix-map="../source/"= -mcpu=cortex-m4 -mfpu=fpv4-sp-d16 -mfloat-abi=hard -mthumb -D__REDLIB__ -fstack-usage -specs=redlib.specs -MMD -MP -MF"source/gpio_led_output.d" -MT"source/gpio_led_output.o" -MT"source/gpio_led_output.d" -o "source/gpio_led_output.o" "../source/gpio_led_output.c"
Finished building: ../source/gpio_led_output.c
 
Building target: frdmk66f_gpio_led_output.axf
Invoking: MCU Linker
arm-none-eabi-gcc -nostdlib -Xlinker -Map="frdmk66f_gpio_led_output.map" -Xlinker --gc-sections -Xlinker -print-memory-usage -Xlinker --sort-section=alignment -Xlinker --cref -mcpu=cortex-m4 -mfpu=fpv4-sp-d16 -mfloat-abi=hard -mthumb -T frdmk66f_gpio_led_output_Debug.ld -o "frdmk66f_gpio_led_output.axf" ./utilities/fsl_assert.o ./utilities/fsl_debug_console.o  ./startup/startup_mk66f18.o  ./source/gpio_led_output.o ./source/semihost_hardfault.o  ./drivers/fsl_clock.o ./drivers/fsl_common.o ./drivers/fsl_common_arm.o ./drivers/fsl_ftfx_cache.o ./drivers/fsl_ftfx_controller.o ./drivers/fsl_ftfx_flash.o ./drivers/fsl_ftfx_flexnvm.o ./drivers/fsl_gpio.o ./drivers/fsl_lpuart.o ./drivers/fsl_smc.o ./drivers/fsl_uart.o  ./device/system_MK66F18.o  ./component/uart/fsl_adapter_uart.o  ./component/lists/fsl_component_generic_list.o  ./board/board.o ./board/clock_config.o ./board/pin_mux.o   
Memory region         Used Size  Region Size  %age Used
   PROGRAM_FLASH:       11184 B         2 MB      0.53%
      SRAM_UPPER:        8448 B       192 KB      4.30%
      SRAM_LOWER:          0 GB        64 KB      0.00%
        FLEX_RAM:          0 GB         4 KB      0.00%
Finished building target: frdmk66f_gpio_led_output.axf
 
Performing post-build steps
arm-none-eabi-size "frdmk66f_gpio_led_output.axf"; # arm-none-eabi-objcopy -v -O binary "frdmk66f_gpio_led_output.axf" "frdmk66f_gpio_led_output.bin" ; # checksum -p MK66FN2M0xxx18 -d "frdmk66f_gpio_led_output.bin";
   text	   data	    bss	    dec	    hex	filename
  11168	     16	   8432	  19616	   4ca0	frdmk66f_gpio_led_output.axf
 
