Archive member included to satisfy reference by file (symbol)

c:/nxp/mcuxpressoide_11.6.1_8255/ide/plugins/com.nxp.mcuxpresso.tools.win32_11.6.1.202207200623/tools/bin/../lib/gcc/arm-none-eabi/10.3.1/../../../../arm-none-eabi/lib/thumb/v7e-m+fp/hard\libcr_semihost_nf.a(__ciob.o)
                              ./source/hello_world.o (__Ciob)
c:/nxp/mcuxpressoide_11.6.1_8255/ide/plugins/com.nxp.mcuxpresso.tools.win32_11.6.1.202207200623/tools/bin/../lib/gcc/arm-none-eabi/10.3.1/../../../../arm-none-eabi/lib/thumb/v7e-m+fp/hard\libcr_semihost_nf.a(_cr__main.o)
                              ./startup/startup_mk66f18.o (__main)
c:/nxp/mcuxpressoide_11.6.1_8255/ide/plugins/com.nxp.mcuxpresso.tools.win32_11.6.1.202207200623/tools/bin/../lib/gcc/arm-none-eabi/10.3.1/../../../../arm-none-eabi/lib/thumb/v7e-m+fp/hard\libcr_c.a(memcpy.o)
                              ./drivers/fsl_ftfx_cache.o (memcpy)
c:/nxp/mcuxpressoide_11.6.1_8255/ide/plugins/com.nxp.mcuxpresso.tools.win32_11.6.1.202207200623/tools/bin/../lib/gcc/arm-none-eabi/10.3.1/../../../../arm-none-eabi/lib/thumb/v7e-m+fp/hard\libcr_c.a(memset.o)
                              ./drivers/fsl_ftfx_cache.o (memset)
c:/nxp/mcuxpressoide_11.6.1_8255/ide/plugins/com.nxp.mcuxpresso.tools.win32_11.6.1.202207200623/tools/bin/../lib/gcc/arm-none-eabi/10.3.1/../../../../arm-none-eabi/lib/thumb/v7e-m+fp/hard\libcr_c.a(__fillbuf.o)
                              ./source/hello_world.o (__filbuf)
c:/nxp/mcuxpressoide_11.6.1_8255/ide/plugins/com.nxp.mcuxpresso.tools.win32_11.6.1.202207200623/tools/bin/../lib/gcc/arm-none-eabi/10.3.1/../../../../arm-none-eabi/lib/thumb/v7e-m+fp/hard\libcr_c.a(_deferredlazyseek.o)
                              c:/nxp/mcuxpressoide_11.6.1_8255/ide/plugins/com.nxp.mcuxpresso.tools.win32_11.6.1.202207200623/tools/bin/../lib/gcc/arm-none-eabi/10.3.1/../../../../arm-none-eabi/lib/thumb/v7e-m+fp/hard\libcr_c.a(__fillbuf.o) (_deferredlazyseek)
c:/nxp/mcuxpressoide_11.6.1_8255/ide/plugins/com.nxp.mcuxpresso.tools.win32_11.6.1.202207200623/tools/bin/../lib/gcc/arm-none-eabi/10.3.1/../../../../arm-none-eabi/lib/thumb/v7e-m+fp/hard\libcr_c.a(_fflush.o)
                              c:/nxp/mcuxpressoide_11.6.1_8255/ide/plugins/com.nxp.mcuxpresso.tools.win32_11.6.1.202207200623/tools/bin/../lib/gcc/arm-none-eabi/10.3.1/../../../../arm-none-eabi/lib/thumb/v7e-m+fp/hard\libcr_c.a(__fillbuf.o) (_fflush)
c:/nxp/mcuxpressoide_11.6.1_8255/ide/plugins/com.nxp.mcuxpresso.tools.win32_11.6.1.202207200623/tools/bin/../lib/gcc/arm-none-eabi/10.3.1/../../../../arm-none-eabi/lib/thumb/v7e-m+fp/hard\libcr_c.a(_writebuf.o)
                              c:/nxp/mcuxpressoide_11.6.1_8255/ide/plugins/com.nxp.mcuxpresso.tools.win32_11.6.1.202207200623/tools/bin/../lib/gcc/arm-none-eabi/10.3.1/../../../../arm-none-eabi/lib/thumb/v7e-m+fp/hard\libcr_c.a(_deferredlazyseek.o) (_Cwritebuf)
c:/nxp/mcuxpressoide_11.6.1_8255/ide/plugins/com.nxp.mcuxpresso.tools.win32_11.6.1.202207200623/tools/bin/../lib/gcc/arm-none-eabi/10.3.1/../../../../arm-none-eabi/lib/thumb/v7e-m+fp/hard\libcr_c.a(alloc.o)
                              ./drivers/fsl_common.o (malloc)
c:/nxp/mcuxpressoide_11.6.1_8255/ide/plugins/com.nxp.mcuxpresso.tools.win32_11.6.1.202207200623/tools/bin/../lib/gcc/arm-none-eabi/10.3.1/../../../../arm-none-eabi/lib/thumb/v7e-m+fp/hard\libcr_c.a(fseek.o)
                              c:/nxp/mcuxpressoide_11.6.1_8255/ide/plugins/com.nxp.mcuxpresso.tools.win32_11.6.1.202207200623/tools/bin/../lib/gcc/arm-none-eabi/10.3.1/../../../../arm-none-eabi/lib/thumb/v7e-m+fp/hard\libcr_c.a(_deferredlazyseek.o) (fseek)
c:/nxp/mcuxpressoide_11.6.1_8255/ide/plugins/com.nxp.mcuxpresso.tools.win32_11.6.1.202207200623/tools/bin/../lib/gcc/arm-none-eabi/10.3.1/../../../../arm-none-eabi/lib/thumb/v7e-m+fp/hard\libcr_c.a(ftell.o)
                              c:/nxp/mcuxpressoide_11.6.1_8255/ide/plugins/com.nxp.mcuxpresso.tools.win32_11.6.1.202207200623/tools/bin/../lib/gcc/arm-none-eabi/10.3.1/../../../../arm-none-eabi/lib/thumb/v7e-m+fp/hard\libcr_c.a(fseek.o) (ftell)
c:/nxp/mcuxpressoide_11.6.1_8255/ide/plugins/com.nxp.mcuxpresso.tools.win32_11.6.1.202207200623/tools/bin/../lib/gcc/arm-none-eabi/10.3.1/../../../../arm-none-eabi/lib/thumb/v7e-m+fp/hard\libcr_c.a(initio.o)
                              c:/nxp/mcuxpressoide_11.6.1_8255/ide/plugins/com.nxp.mcuxpresso.tools.win32_11.6.1.202207200623/tools/bin/../lib/gcc/arm-none-eabi/10.3.1/../../../../arm-none-eabi/lib/thumb/v7e-m+fp/hard\libcr_semihost_nf.a(_cr__main.o) (_initio)
c:/nxp/mcuxpressoide_11.6.1_8255/ide/plugins/com.nxp.mcuxpresso.tools.win32_11.6.1.202207200623/tools/bin/../lib/gcc/arm-none-eabi/10.3.1/../../../../arm-none-eabi/lib/thumb/v7e-m+fp/hard\libcr_c.a(printf.o)
                              ./utilities/fsl_assert.o (_printf)
[...]
Memory Configuration

Name             Origin             Length             Attributes
PROGRAM_FLASH    0x00000000         0x00200000         xr
SRAM_UPPER       0x20000000         0x00030000         xrw
SRAM_LOWER       0x1fff0000         0x00010000         xrw
FLEX_RAM         0x14000000         0x00001000         xrw
*default*        0x00000000         0xffffffff

Linker script and memory map

LOAD ./utilities/fsl_assert.o
LOAD ./utilities/fsl_debug_console.o
LOAD ./startup/startup_mk66f18.o
LOAD ./source/hello_world.o
LOAD ./source/semihost_hardfault.o
LOAD ./drivers/fsl_clock.o
LOAD ./drivers/fsl_common.o
LOAD ./drivers/fsl_common_arm.o
LOAD ./drivers/fsl_ftfx_cache.o
LOAD ./drivers/fsl_ftfx_controller.o
LOAD ./drivers/fsl_ftfx_flash.o
LOAD ./drivers/fsl_ftfx_flexnvm.o
LOAD ./drivers/fsl_gpio.o
LOAD ./drivers/fsl_lpuart.o
LOAD ./drivers/fsl_smc.o
LOAD ./drivers/fsl_uart.o
LOAD ./device/system_MK66F18.o
LOAD ./component/uart/fsl_adapter_uart.o
LOAD ./component/lists/fsl_component_generic_list.o
LOAD ./board/board.o
LOAD ./board/clock_config.o
LOAD ./board/pin_mux.o
START GROUP
LOAD c:/nxp/mcuxpressoide_11.6.1_8255/ide/plugins/com.nxp.mcuxpresso.tools.win32_11.6.1.202207200623/tools/bin/../lib/gcc/arm-none-eabi/10.3.1/../../../../arm-none-eabi/lib/thumb/v7e-m+fp/hard\libcr_semihost_nf.a
LOAD c:/nxp/mcuxpressoide_11.6.1_8255/ide/plugins/com.nxp.mcuxpresso.tools.win32_11.6.1.202207200623/tools/bin/../lib/gcc/arm-none-eabi/10.3.1/../../../../arm-none-eabi/lib/thumb/v7e-m+fp/hard\libcr_c.a
LOAD c:/nxp/mcuxpressoide_11.6.1_8255/ide/plugins/com.nxp.mcuxpresso.tools.win32_11.6.1.202207200623/tools/bin/../lib/gcc/arm-none-eabi/10.3.1/thumb/v7e-m+fp/hard\libcr_eabihelpers.a
LOAD c:/nxp/mcuxpressoide_11.6.1_8255/ide/plugins/com.nxp.mcuxpresso.tools.win32_11.6.1.202207200623/tools/bin/../lib/gcc/arm-none-eabi/10.3.1/thumb/v7e-m+fp/hard\libgcc.a
END GROUP
                0x00000000                __base_PROGRAM_FLASH = 0x0
                0x00000000                __base_Flash = 0x0
                0x00200000                __top_PROGRAM_FLASH = 0x200000
                0x00200000                __top_Flash = 0x200000
                0x20000000                __base_SRAM_UPPER = 0x20000000
                0x20000000                __base_RAM = 0x20000000
                0x20030000                __top_SRAM_UPPER = 0x20030000
                0x20030000                __top_RAM = 0x20030000
                0x1fff0000                __base_SRAM_LOWER = 0x1fff0000
                0x1fff0000                __base_RAM2 = 0x1fff0000
                0x20000000                __top_SRAM_LOWER = 0x20000000
                0x20000000                __top_RAM2 = 0x20000000
                0x14000000                __base_FLEX_RAM = 0x14000000
                0x14000000                __base_RAM3 = 0x14000000
                0x14001000                __top_FLEX_RAM = 0x14001000
                0x14001000                __top_RAM3 = 0x14001000

.text           0x00000000     0x2cd8
 FILL mask 0xff
                0x00000000                __vectors_start__ = ABSOLUTE (.)
 *(SORT_BY_ALIGNMENT(.isr_vector))
 .isr_vector    0x00000000      0x1d0 ./startup/startup_mk66f18.o
                0x00000000                g_pfnVectors
                0x00000000                __Vectors
                0x000001d0                . = ALIGN (0x4)
                0x000001d0                __section_table_start = .
                0x000001d0                __data_section_table = .
                0x000001d0        0x4 LONG 0x2cd8 LOADADDR (.data)
                0x000001d4        0x4 LONG 0x20000000 ADDR (.data)
                0x000001d8        0x4 LONG 0x10 SIZEOF (.data)
                0x000001dc        0x4 LONG 0x2cd8 LOADADDR (.data_RAM2)
                0x000001e0        0x4 LONG 0x1fff0000 ADDR (.data_RAM2)
                0x000001e4        0x4 LONG 0x0 SIZEOF (.data_RAM2)
                0x000001e8        0x4 LONG 0x2cd8 LOADADDR (.data_RAM3)
                0x000001ec        0x4 LONG 0x14000000 ADDR (.data_RAM3)
                0x000001f0        0x4 LONG 0x0 SIZEOF (.data_RAM3)
                0x000001f4                __data_section_table_end = .
                0x000001f4                __bss_section_table = .
                0x000001f4        0x4 LONG 0x20000010 ADDR (.bss)
                0x000001f8        0x4 LONG 0xf0 SIZEOF (.bss)
                0x000001fc        0x4 LONG 0x1fff0000 ADDR (.bss_RAM2)
                0x00000200        0x4 LONG 0x0 SIZEOF (.bss_RAM2)
                0x00000204        0x4 LONG 0x14000000 ADDR (.bss_RAM3)
                0x00000208        0x4 LONG 0x0 SIZEOF (.bss_RAM3)
                0x0000020c                __bss_section_table_end = .
                0x0000020c                __section_table_end = .
 *(SORT_BY_ALIGNMENT(.after_vectors*))
 .after_vectors.reset
                0x0000020c       0x4c ./startup/startup_mk66f18.o
                0x0000020c                ResetISR
 .after_vectors.init_data
                0x00000258       0x1e ./startup/startup_mk66f18.o
                0x00000258                data_init
 .after_vectors.init_bss
                0x00000276       0x12 ./startup/startup_mk66f18.o
                0x00000276                bss_init
 .after_vectors
                0x00000288       0x14 ./startup/startup_mk66f18.o
                0x00000288                NMI_Handler
                0x0000028c                MemManage_Handler
                0x0000028e                BusFault_Handler
                0x00000290                UsageFault_Handler
                0x00000292                SVC_Handler
                0x00000294                DebugMon_Handler
                0x00000296                PendSV_Handler
                0x00000298                SysTick_Handler
                0x0000029a                DMA_Error_DriverIRQHandler
                0x0000029a                FTM1_DriverIRQHandler
                0x0000029a                FTM2_DriverIRQHandler
                0x0000029a                PIT2_DriverIRQHandler
                0x0000029a                TPM2_DriverIRQHandler
                0x0000029a                SDHC_DriverIRQHandler
                0x0000029a                DMA7_DMA23_DriverIRQHandler
                0x0000029a                I2C3_DriverIRQHandler
                0x0000029a                I2S0_Tx_DriverIRQHandler
                0x0000029a                TSI0_DriverIRQHandler
                0x0000029a                RTC_Seconds_DriverIRQHandler
                0x0000029a                CMP3_DriverIRQHandler
                0x0000029a                LLWU_DriverIRQHandler
                0x0000029a                MCM_DriverIRQHandler
                0x0000029a                DMA14_DMA30_DriverIRQHandler
                0x0000029a                MCG_DriverIRQHandler
                0x0000029a                ENET_1588_Timer_DriverIRQHandler
                0x0000029a                I2C2_DriverIRQHandler
                0x0000029a                DAC1_DriverIRQHandler
                0x0000029a                LPTMR0_DriverIRQHandler
                0x0000029a                CMP1_DriverIRQHandler
                0x0000029a                USBHSDCD_DriverIRQHandler
                0x0000029a                DMA0_DMA16_DriverIRQHandler
                0x0000029a                FTM0_DriverIRQHandler
                0x0000029a                IntDefaultHandler
                0x0000029a                USB0_DriverIRQHandler
                0x0000029a                PORTC_DriverIRQHandler
                0x0000029a                DMA2_DMA18_DriverIRQHandler
                0x0000029a                DAC0_DriverIRQHandler
                0x0000029a                CMP2_DriverIRQHandler
                0x0000029a                UART2_ERR_DriverIRQHandler
                0x0000029a                SPI2_DriverIRQHandler
                0x0000029a                LVD_LVW_DriverIRQHandler
                0x0000029a                Reserved84_DriverIRQHandler
                0x0000029a                SPI1_DriverIRQHandler
                0x0000029a                RNG_DriverIRQHandler
                0x0000029a                USBDCD_DriverIRQHandler
                0x0000029a                UART3_ERR_DriverIRQHandler
                0x0000029a                DMA12_DMA28_DriverIRQHandler
                0x0000029a                DMA10_DMA26_DriverIRQHandler
                0x0000029a                UART0_ERR_DriverIRQHandler
                0x0000029a                CMT_DriverIRQHandler
                0x0000029a                Reserved71_DriverIRQHandler
                0x0000029a                ADC1_DriverIRQHandler
                0x0000029a                PORTA_DriverIRQHandler
                0x0000029a                DMA1_DMA17_DriverIRQHandler
                0x0000029a                PIT3_DriverIRQHandler
                0x0000029a                PIT1_DriverIRQHandler
                0x0000029a                TPM1_DriverIRQHandler
                0x0000029a                WDOG_EWM_DriverIRQHandler
                0x0000029a                PDB0_DriverIRQHandler
                0x0000029a                DMA8_DMA24_DriverIRQHandler
                0x0000029a                DMA6_DMA22_DriverIRQHandler
                0x0000029a                RTC_DriverIRQHandler
                0x0000029a                I2S0_Rx_DriverIRQHandler
                0x0000029a                Read_Collision_DriverIRQHandler
                0x0000029a                SWI_DriverIRQHandler
                0x0000029a                UART4_ERR_DriverIRQHandler
                0x0000029a                PORTB_DriverIRQHandler
                0x0000029a                DMA13_DMA29_DriverIRQHandler
                0x0000029a                DMA11_DMA27_DriverIRQHandler
                0x0000029a                DMA4_DMA20_DriverIRQHandler
                0x0000029a                DMA9_DMA25_DriverIRQHandler
                0x0000029a                I2C1_DriverIRQHandler
                0x0000029a                ENET_Receive_DriverIRQHandler
                0x0000029a                DMA3_DMA19_DriverIRQHandler
                0x0000029a                ENET_Error_DriverIRQHandler
                0x0000029a                Reserved85_DriverIRQHandler
                0x0000029a                SPI0_DriverIRQHandler
                0x0000029a                ADC0_DriverIRQHandler
                0x0000029a                USBHS_DriverIRQHandler
                0x0000029a                CMP0_DriverIRQHandler
                0x0000029a                CAN0_DriverIRQHandler
                0x0000029a                FTM3_DriverIRQHandler
                0x0000029a                DMA5_DMA21_DriverIRQHandler
                0x0000029a                PIT0_DriverIRQHandler
                0x0000029a                DMA15_DMA31_DriverIRQHandler
                0x0000029a                UART1_ERR_DriverIRQHandler
                0x0000029a                ENET_Transmit_DriverIRQHandler
                0x0000029a                PORTD_DriverIRQHandler
                0x0000029a                Reserved46_DriverIRQHandler
                0x0000029a                PORTE_DriverIRQHandler
                0x0000029a                FTFE_DriverIRQHandler
                0x0000029a                I2C0_DriverIRQHandler
                0x0000029a                CAN1_DriverIRQHandler
                0x00000400                . = 0x400
 *fill*         0x0000029c      0x164 ff
                0x00000400                PROVIDE (__FLASH_CONFIG_START__ = .)
 *(SORT_BY_ALIGNMENT(.FlashConfig))
 .FlashConfig   0x00000400       0x10 ./startup/startup_mk66f18.o
                0x00000400                Flash_Config
                0x00000410                PROVIDE (__FLASH_CONFIG_END__ = .)
                0x00000001                ASSERT (! ((__FLASH_CONFIG_START__ == __FLASH_CONFIG_END__)), Linker Flash Config Support Enabled, but no .FlashConfig section provided within application)
 *(SORT_BY_ALIGNMENT(.text*))
 .text.__assertion_failed
                0x00000410       0x18 ./utilities/fsl_assert.o
                0x00000410                __assertion_failed
 .text.main     0x00000428       0xb4 ./source/hello_world.o
                0x00000428                main
 .text.problem1
                0x000004dc       0x3c ./source/hello_world.o
                0x000004dc                problem1
 .text.CLOCK_SetEr32kClock
                0x00000518       0x30 ./drivers/fsl_clock.o
 .text.CLOCK_SetPllFllSelClock
                0x00000548       0x54 ./drivers/fsl_clock.o
 .text.CLOCK_GetMcgExtClkFreq
                0x0000059c       0x7c ./drivers/fsl_clock.o
 .text.CLOCK_GetFllExtRefClkFreq
                0x00000618       0xb0 ./drivers/fsl_clock.o
 .text.CLOCK_GetInternalRefClkSelectFreq
                0x000006c8       0x4c ./drivers/fsl_clock.o
 .text.CLOCK_GetFllRefClkFreq
                0x00000714       0x34 ./drivers/fsl_clock.o
 .text.CLOCK_GetOscRangeFromFreq
                0x00000748       0x3c ./drivers/fsl_clock.o
 .text.CLOCK_GetCoreSysClkFreq
                0x00000784       0x28 ./drivers/fsl_clock.o
                0x00000784                CLOCK_GetCoreSysClkFreq
 .text.CLOCK_SetSimConfig
                0x000007ac       0x40 ./drivers/fsl_clock.o
                0x000007ac                CLOCK_SetSimConfig
 .text.CLOCK_GetOutClkFreq
                0x000007ec       0x90 ./drivers/fsl_clock.o
                0x000007ec                CLOCK_GetOutClkFreq
 .text.CLOCK_GetFllFreq
                0x0000087c       0x84 ./drivers/fsl_clock.o
                0x0000087c                CLOCK_GetFllFreq
 .text.CLOCK_GetPll0Freq
                0x00000900       0x7c ./drivers/fsl_clock.o
                0x00000900                CLOCK_GetPll0Freq
 .text.CLOCK_GetExtPllFreq
                0x0000097c       0x18 ./drivers/fsl_clock.o
                0x0000097c                CLOCK_GetExtPllFreq
 .text.CLOCK_SetExternalRefClkConfig
                0x00000994       0x6c ./drivers/fsl_clock.o
                0x00000994                CLOCK_SetExternalRefClkConfig
 .text.CLOCK_SetInternalRefClkConfig
                0x00000a00      0x104 ./drivers/fsl_clock.o
                0x00000a00                CLOCK_SetInternalRefClkConfig
 .text.CLOCK_EnablePll0
                0x00000b04       0x88 ./drivers/fsl_clock.o
                0x00000b04                CLOCK_EnablePll0
 .text.CLOCK_InitOsc0
                0x00000b8c       0x8c ./drivers/fsl_clock.o
                0x00000b8c                CLOCK_InitOsc0
 .text.CLOCK_SetPbeMode
                0x00000c18       0xe8 ./drivers/fsl_clock.o
                0x00000c18                CLOCK_SetPbeMode
 .text.CLOCK_BootToPeeMode
                0x00000d00       0x68 ./drivers/fsl_clock.o
                0x00000d00                CLOCK_BootToPeeMode
 .text.LPUART0_DriverIRQHandler
                0x00000d68       0x28 ./drivers/fsl_lpuart.o
                0x00000d68                LPUART0_DriverIRQHandler
 .text.UART0_DriverIRQHandler
                0x00000d90       0x28 ./drivers/fsl_uart.o
                0x00000d90                UART0_DriverIRQHandler
 .text.UART1_DriverIRQHandler
                0x00000db8       0x28 ./drivers/fsl_uart.o
                0x00000db8                UART1_DriverIRQHandler
 .text.UART2_DriverIRQHandler
                0x00000de0       0x28 ./drivers/fsl_uart.o
                0x00000de0                UART2_DriverIRQHandler
 .text.UART3_DriverIRQHandler
                0x00000e08       0x28 ./drivers/fsl_uart.o
                0x00000e08                UART3_DriverIRQHandler
 .text.UART4_DriverIRQHandler
                0x00000e30       0x28 ./drivers/fsl_uart.o
                0x00000e30                UART4_DriverIRQHandler
 .text.SystemInit
                0x00000e58       0x3c ./device/system_MK66F18.o
                0x00000e58                SystemInit
 .text.CLOCK_SetSimSafeDivs
                0x00000e94       0x24 ./board/clock_config.o
 .text.CLOCK_SetXtal0Freq
                0x00000eb8       0x20 ./board/clock_config.o
 .text.CLOCK_CONFIG_SetFllExtRefDiv
                0x00000ed8       0x3c ./board/clock_config.o
 .text.BOARD_BootClockRUN
                0x00000f14       0x60 ./board/clock_config.o
                0x00000f14                BOARD_BootClockRUN
 .text.BOARD_InitPins
                0x00000f74       0x6c ./board/pin_mux.o
                0x00000f74                BOARD_InitPins
 .text.__filbuf
                0x00000fe0      0x178 c:/nxp/mcuxpressoide_11.6.1_8255/ide/plugins/com.nxp.mcuxpresso.tools.win32_11.6.1.202207200623/tools/bin/../lib/gcc/arm-none-eabi/10.3.1/../../../../arm-none-eabi/lib/thumb/v7e-m+fp/hard\libcr_c.a(__fillbuf.o)
                0x00000fe0                __filbuf
 .text._Cwritebuf
                0x00001158       0x6c c:/nxp/mcuxpressoide_11.6.1_8255/ide/plugins/com.nxp.mcuxpresso.tools.win32_11.6.1.202207200623/tools/bin/../lib/gcc/arm-none-eabi/10.3.1/../../../../arm-none-eabi/lib/thumb/v7e-m+fp/hard\libcr_c.a(_writebuf.o)
                0x00001158                _Cwritebuf
 .text.malloc   0x000011c4       0xc8 c:/nxp/mcuxpressoide_11.6.1_8255/ide/plugins/com.nxp.mcuxpresso.tools.win32_11.6.1.202207200623/tools/bin/../lib/gcc/arm-none-eabi/10.3.1/../../../../arm-none-eabi/lib/thumb/v7e-m+fp/hard\libcr_c.a(alloc.o)
                0x000011c4                malloc
 .text._Csys_alloc
                0x0000128c       0x20 c:/nxp/mcuxpressoide_11.6.1_8255/ide/plugins/com.nxp.mcuxpresso.tools.win32_11.6.1.202207200623/tools/bin/../lib/gcc/arm-none-eabi/10.3.1/../../../../arm-none-eabi/lib/thumb/v7e-m+fp/hard\libcr_c.a(alloc.o)
                0x0000128c                _Csys_alloc
 .text.fseek    0x000012ac       0xfc c:/nxp/mcuxpressoide_11.6.1_8255/ide/plugins/com.nxp.mcuxpresso.tools.win32_11.6.1.202207200623/tools/bin/../lib/gcc/arm-none-eabi/10.3.1/../../../../arm-none-eabi/lib/thumb/v7e-m+fp/hard\libcr_c.a(fseek.o)
                0x000012ac                fseek
 .text.ftell    0x000013a8       0x44 c:/nxp/mcuxpressoide_11.6.1_8255/ide/plugins/com.nxp.mcuxpresso.tools.win32_11.6.1.202207200623/tools/bin/../lib/gcc/arm-none-eabi/10.3.1/../../../../arm-none-eabi/lib/thumb/v7e-m+fp/hard\libcr_c.a(ftell.o)
                0x000013a8                ftell
 .text._initio  0x000013ec       0x78 c:/nxp/mcuxpressoide_11.6.1_8255/ide/plugins/com.nxp.mcuxpresso.tools.win32_11.6.1.202207200623/tools/bin/../lib/gcc/arm-none-eabi/10.3.1/../../../../arm-none-eabi/lib/thumb/v7e-m+fp/hard\libcr_c.a(initio.o)
                0x000013ec                _initio
 .text.__vfprintf
                0x00001464      0xbf8 c:/nxp/mcuxpressoide_11.6.1_8255/ide/plugins/com.nxp.mcuxpresso.tools.win32_11.6.1.202207200623/tools/bin/../lib/gcc/arm-none-eabi/10.3.1/../../../../arm-none-eabi/lib/thumb/v7e-m+fp/hard\libcr_c.a(printf.o)
                0x00001464                __vfprintf
 .text._vsnprintf
                0x0000205c       0x68 c:/nxp/mcuxpressoide_11.6.1_8255/ide/plugins/com.nxp.mcuxpresso.tools.win32_11.6.1.202207200623/tools/bin/../lib/gcc/arm-none-eabi/10.3.1/../../../../arm-none-eabi/lib/thumb/v7e-m+fp/hard\libcr_c.a(printf.o)
                0x0000205c                _vsnprintf
 .text._printf  0x000020c4       0x54 c:/nxp/mcuxpressoide_11.6.1_8255/ide/plugins/com.nxp.mcuxpresso.tools.win32_11.6.1.202207200623/tools/bin/../lib/gcc/arm-none-eabi/10.3.1/../../../../arm-none-eabi/lib/thumb/v7e-m+fp/hard\libcr_c.a(printf.o)
                0x000020c4                _printf
 .text._sbrk    0x00002118       0x3c c:/nxp/mcuxpressoide_11.6.1_8255/ide/plugins/com.nxp.mcuxpresso.tools.win32_11.6.1.202207200623/tools/bin/../lib/gcc/arm-none-eabi/10.3.1/../../../../arm-none-eabi/lib/thumb/v7e-m+fp/hard\libcr_c.a(_cr_sbrk.o)
                0x00002118                _sbrk
 .text.fflush   0x00002154       0x3c c:/nxp/mcuxpressoide_11.6.1_8255/ide/plugins/com.nxp.mcuxpresso.tools.win32_11.6.1.202207200623/tools/bin/../lib/gcc/arm-none-eabi/10.3.1/../../../../arm-none-eabi/lib/thumb/v7e-m+fp/hard\libcr_c.a(fflush.o)
                0x00002154                fflush
 .text.__check_heap_overflow
                0x00002190       0x18 c:/nxp/mcuxpressoide_11.6.1_8255/ide/plugins/com.nxp.mcuxpresso.tools.win32_11.6.1.202207200623/tools/bin/../lib/gcc/arm-none-eabi/10.3.1/../../../../arm-none-eabi/lib/thumb/v7e-m+fp/hard\libcr_c.a(_cr_check_heap.o)
                0x00002190                __check_heap_overflow
 .text.__sys_appexit
                0x000021a8        0xc c:/nxp/mcuxpressoide_11.6.1_8255/ide/plugins/com.nxp.mcuxpresso.tools.win32_11.6.1.202207200623/tools/bin/../lib/gcc/arm-none-eabi/10.3.1/../../../../arm-none-eabi/lib/thumb/v7e-m+fp/hard\libcr_semihost_nf.a(__sys_appexit.o)
                0x000021a8                __sys_appexit
                0x000021a8                __exit
 .text.DMA0_DMA16_IRQHandler
                0x000021b4        0x8 ./startup/startup_mk66f18.o
                0x000021b4                DMA0_DMA16_IRQHandler
 .text.DMA1_DMA17_IRQHandler
                0x000021bc        0x8 ./startup/startup_mk66f18.o
                0x000021bc                DMA1_DMA17_IRQHandler
 .text.DMA2_DMA18_IRQHandler
                0x000021c4        0x8 ./startup/startup_mk66f18.o
                0x000021c4                DMA2_DMA18_IRQHandler
 .text.DMA3_DMA19_IRQHandler
                0x000021cc        0x8 ./startup/startup_mk66f18.o
                0x000021cc                DMA3_DMA19_IRQHandler
 .text.DMA4_DMA20_IRQHandler
                0x000021d4        0x8 ./startup/startup_mk66f18.o
                0x000021d4                DMA4_DMA20_IRQHandler
 .text.DMA5_DMA21_IRQHandler
                0x000021dc        0x8 ./startup/startup_mk66f18.o
                0x000021dc                DMA5_DMA21_IRQHandler
 .text.DMA6_DMA22_IRQHandler
                0x000021e4        0x8 ./startup/startup_mk66f18.o
                0x000021e4                DMA6_DMA22_IRQHandler
 .text.DMA7_DMA23_IRQHandler
                0x000021ec        0x8 ./startup/startup_mk66f18.o
                0x000021ec                DMA7_DMA23_IRQHandler
 .text.DMA8_DMA24_IRQHandler
                0x000021f4        0x8 ./startup/startup_mk66f18.o
                0x000021f4                DMA8_DMA24_IRQHandler
 .text.DMA9_DMA25_IRQHandler
                0x000021fc        0x8 ./startup/startup_mk66f18.o
                0x000021fc                DMA9_DMA25_IRQHandler
 .text.DMA10_DMA26_IRQHandler
                0x00002204        0x8 ./startup/startup_mk66f18.o
                0x00002204                DMA10_DMA26_IRQHandler
 .text.DMA11_DMA27_IRQHandler
                0x0000220c        0x8 ./startup/startup_mk66f18.o
                0x0000220c                DMA11_DMA27_IRQHandler
 .text.DMA12_DMA28_IRQHandler
                0x00002214        0x8 ./startup/startup_mk66f18.o
                0x00002214                DMA12_DMA28_IRQHandler
 .text.DMA13_DMA29_IRQHandler
                0x0000221c        0x8 ./startup/startup_mk66f18.o
                0x0000221c                DMA13_DMA29_IRQHandler
 .text.DMA14_DMA30_IRQHandler
                0x00002224        0x8 ./startup/startup_mk66f18.o
                0x00002224                DMA14_DMA30_IRQHandler
 .text.DMA15_DMA31_IRQHandler
                0x0000222c        0x8 ./startup/startup_mk66f18.o
                0x0000222c                DMA15_DMA31_IRQHandler
 .text.DMA_Error_IRQHandler
                0x00002234        0x8 ./startup/startup_mk66f18.o
                0x00002234                DMA_Error_IRQHandler
 .text.MCM_IRQHandler
                0x0000223c        0x8 ./startup/startup_mk66f18.o
                0x0000223c                MCM_IRQHandler
 .text.FTFE_IRQHandler
                0x00002244        0x8 ./startup/startup_mk66f18.o
                0x00002244                FTFE_IRQHandler
 .text.Read_Collision_IRQHandler
                0x0000224c        0x8 ./startup/startup_mk66f18.o
                0x0000224c                Read_Collision_IRQHandler
 .text.LVD_LVW_IRQHandler
                0x00002254        0x8 ./startup/startup_mk66f18.o
                0x00002254                LVD_LVW_IRQHandler
 .text.LLWU_IRQHandler
                0x0000225c        0x8 ./startup/startup_mk66f18.o
                0x0000225c                LLWU_IRQHandler
 .text.WDOG_EWM_IRQHandler
                0x00002264        0x8 ./startup/startup_mk66f18.o
                0x00002264                WDOG_EWM_IRQHandler
 .text.RNG_IRQHandler
                0x0000226c        0x8 ./startup/startup_mk66f18.o
                0x0000226c                RNG_IRQHandler
 .text.I2C0_IRQHandler
                0x00002274        0x8 ./startup/startup_mk66f18.o
                0x00002274                I2C0_IRQHandler
 .text.I2C1_IRQHandler
                0x0000227c        0x8 ./startup/startup_mk66f18.o
                0x0000227c                I2C1_IRQHandler
 .text.SPI0_IRQHandler
                0x00002284        0x8 ./startup/startup_mk66f18.o
                0x00002284                SPI0_IRQHandler
 .text.SPI1_IRQHandler
                0x0000228c        0x8 ./startup/startup_mk66f18.o
                0x0000228c                SPI1_IRQHandler
 .text.I2S0_Tx_IRQHandler
                0x00002294        0x8 ./startup/startup_mk66f18.o
                0x00002294                I2S0_Tx_IRQHandler
 .text.I2S0_Rx_IRQHandler
                0x0000229c        0x8 ./startup/startup_mk66f18.o
                0x0000229c                I2S0_Rx_IRQHandler
 .text.Reserved46_IRQHandler
                0x000022a4        0x8 ./startup/startup_mk66f18.o
                0x000022a4                Reserved46_IRQHandler
 .text.UART0_RX_TX_IRQHandler
                0x000022ac        0x8 ./startup/startup_mk66f18.o
                0x000022ac                UART0_RX_TX_IRQHandler
 .text.UART0_ERR_IRQHandler
                0x000022b4        0x8 ./startup/startup_mk66f18.o
                0x000022b4                UART0_ERR_IRQHandler
 .text.UART1_RX_TX_IRQHandler
                0x000022bc        0x8 ./startup/startup_mk66f18.o
                0x000022bc                UART1_RX_TX_IRQHandler
 .text.UART1_ERR_IRQHandler
                0x000022c4        0x8 ./startup/startup_mk66f18.o
                0x000022c4                UART1_ERR_IRQHandler
 .text.UART2_RX_TX_IRQHandler
                0x000022cc        0x8 ./startup/startup_mk66f18.o
                0x000022cc                UART2_RX_TX_IRQHandler
 .text.UART2_ERR_IRQHandler
                0x000022d4        0x8 ./startup/startup_mk66f18.o
                0x000022d4                UART2_ERR_IRQHandler
 .text.UART3_RX_TX_IRQHandler
                0x000022dc        0x8 ./startup/startup_mk66f18.o
                0x000022dc                UART3_RX_TX_IRQHandler
 .text.UART3_ERR_IRQHandler
                0x000022e4        0x8 ./startup/startup_mk66f18.o
                0x000022e4                UART3_ERR_IRQHandler
 .text.ADC0_IRQHandler
                0x000022ec        0x8 ./startup/startup_mk66f18.o
                0x000022ec                ADC0_IRQHandler
 .text.CMP0_IRQHandler
                0x000022f4        0x8 ./startup/startup_mk66f18.o
                0x000022f4                CMP0_IRQHandler
 .text.CMP1_IRQHandler
                0x000022fc        0x8 ./startup/startup_mk66f18.o
                0x000022fc                CMP1_IRQHandler
 .text.FTM0_IRQHandler
                0x00002304        0x8 ./startup/startup_mk66f18.o
                0x00002304                FTM0_IRQHandler
 .text.FTM1_IRQHandler
                0x0000230c        0x8 ./startup/startup_mk66f18.o
                0x0000230c                FTM1_IRQHandler
 .text.FTM2_IRQHandler
                0x00002314        0x8 ./startup/startup_mk66f18.o
                0x00002314                FTM2_IRQHandler
 .text.CMT_IRQHandler
                0x0000231c        0x8 ./startup/startup_mk66f18.o
                0x0000231c                CMT_IRQHandler
 .text.RTC_IRQHandler
                0x00002324        0x8 ./startup/startup_mk66f18.o
                0x00002324                RTC_IRQHandler
 .text.RTC_Seconds_IRQHandler
                0x0000232c        0x8 ./startup/startup_mk66f18.o
                0x0000232c                RTC_Seconds_IRQHandler
 .text.PIT0_IRQHandler
                0x00002334        0x8 ./startup/startup_mk66f18.o
                0x00002334                PIT0_IRQHandler
 .text.PIT1_IRQHandler
                0x0000233c        0x8 ./startup/startup_mk66f18.o
                0x0000233c                PIT1_IRQHandler
 .text.PIT2_IRQHandler
                0x00002344        0x8 ./startup/startup_mk66f18.o
                0x00002344                PIT2_IRQHandler
 .text.PIT3_IRQHandler
                0x0000234c        0x8 ./startup/startup_mk66f18.o
                0x0000234c                PIT3_IRQHandler
 .text.PDB0_IRQHandler
                0x00002354        0x8 ./startup/startup_mk66f18.o
                0x00002354                PDB0_IRQHandler
 .text.USB0_IRQHandler
                0x0000235c        0x8 ./startup/startup_mk66f18.o
                0x0000235c                USB0_IRQHandler
 .text.USBDCD_IRQHandler
                0x00002364        0x8 ./startup/startup_mk66f18.o
                0x00002364                USBDCD_IRQHandler
 .text.Reserved71_IRQHandler
                0x0000236c        0x8 ./startup/startup_mk66f18.o
                0x0000236c                Reserved71_IRQHandler
 .text.DAC0_IRQHandler
                0x00002374        0x8 ./startup/startup_mk66f18.o
                0x00002374                DAC0_IRQHandler
 .text.MCG_IRQHandler
                0x0000237c        0x8 ./startup/startup_mk66f18.o
                0x0000237c                MCG_IRQHandler
 .text.LPTMR0_IRQHandler
                0x00002384        0x8 ./startup/startup_mk66f18.o
                0x00002384                LPTMR0_IRQHandler
 .text.PORTA_IRQHandler
                0x0000238c        0x8 ./startup/startup_mk66f18.o
                0x0000238c                PORTA_IRQHandler
 .text.PORTB_IRQHandler
                0x00002394        0x8 ./startup/startup_mk66f18.o
                0x00002394                PORTB_IRQHandler
 .text.PORTC_IRQHandler
                0x0000239c        0x8 ./startup/startup_mk66f18.o
                0x0000239c                PORTC_IRQHandler
 .text.PORTD_IRQHandler
                0x000023a4        0x8 ./startup/startup_mk66f18.o
                0x000023a4                PORTD_IRQHandler
 .text.PORTE_IRQHandler
                0x000023ac        0x8 ./startup/startup_mk66f18.o
                0x000023ac                PORTE_IRQHandler
 .text.SWI_IRQHandler
                0x000023b4        0x8 ./startup/startup_mk66f18.o
                0x000023b4                SWI_IRQHandler
 .text.SPI2_IRQHandler
                0x000023bc        0x8 ./startup/startup_mk66f18.o
                0x000023bc                SPI2_IRQHandler
 .text.UART4_RX_TX_IRQHandler
                0x000023c4        0x8 ./startup/startup_mk66f18.o
                0x000023c4                UART4_RX_TX_IRQHandler
 .text.UART4_ERR_IRQHandler
                0x000023cc        0x8 ./startup/startup_mk66f18.o
                0x000023cc                UART4_ERR_IRQHandler
 .text.Reserved84_IRQHandler
                0x000023d4        0x8 ./startup/startup_mk66f18.o
                0x000023d4                Reserved84_IRQHandler
 .text.Reserved85_IRQHandler
                0x000023dc        0x8 ./startup/startup_mk66f18.o
                0x000023dc                Reserved85_IRQHandler
 .text.CMP2_IRQHandler
                0x000023e4        0x8 ./startup/startup_mk66f18.o
                0x000023e4                CMP2_IRQHandler
 .text.FTM3_IRQHandler
                0x000023ec        0x8 ./startup/startup_mk66f18.o
                0x000023ec                FTM3_IRQHandler
 .text.DAC1_IRQHandler
                0x000023f4        0x8 ./startup/startup_mk66f18.o
                0x000023f4                DAC1_IRQHandler
 .text.ADC1_IRQHandler
                0x000023fc        0x8 ./startup/startup_mk66f18.o
                0x000023fc                ADC1_IRQHandler
 .text.I2C2_IRQHandler
                0x00002404        0x8 ./startup/startup_mk66f18.o
                0x00002404                I2C2_IRQHandler
 .text.CAN0_ORed_Message_buffer_IRQHandler
                0x0000240c        0x8 ./startup/startup_mk66f18.o
                0x0000240c                CAN0_ORed_Message_buffer_IRQHandler
 .text.CAN0_Bus_Off_IRQHandler
                0x00002414        0x8 ./startup/startup_mk66f18.o
                0x00002414                CAN0_Bus_Off_IRQHandler
 .text.CAN0_Error_IRQHandler
                0x0000241c        0x8 ./startup/startup_mk66f18.o
                0x0000241c                CAN0_Error_IRQHandler
 .text.CAN0_Tx_Warning_IRQHandler
                0x00002424        0x8 ./startup/startup_mk66f18.o
                0x00002424                CAN0_Tx_Warning_IRQHandler
 .text.CAN0_Rx_Warning_IRQHandler
                0x0000242c        0x8 ./startup/startup_mk66f18.o
                0x0000242c                CAN0_Rx_Warning_IRQHandler
 .text.CAN0_Wake_Up_IRQHandler
                0x00002434        0x8 ./startup/startup_mk66f18.o
                0x00002434                CAN0_Wake_Up_IRQHandler
 .text.SDHC_IRQHandler
                0x0000243c        0x8 ./startup/startup_mk66f18.o
                0x0000243c                SDHC_IRQHandler
 .text.ENET_1588_Timer_IRQHandler
                0x00002444        0x8 ./startup/startup_mk66f18.o
                0x00002444                ENET_1588_Timer_IRQHandler
 .text.ENET_Transmit_IRQHandler
                0x0000244c        0x8 ./startup/startup_mk66f18.o
                0x0000244c                ENET_Transmit_IRQHandler
 .text.ENET_Receive_IRQHandler
                0x00002454        0x8 ./startup/startup_mk66f18.o
                0x00002454                ENET_Receive_IRQHandler
 .text.ENET_Error_IRQHandler
                0x0000245c        0x8 ./startup/startup_mk66f18.o
                0x0000245c                ENET_Error_IRQHandler
 .text.LPUART0_IRQHandler
                0x00002464        0x8 ./startup/startup_mk66f18.o
                0x00002464                LPUART0_IRQHandler
 .text.TSI0_IRQHandler
                0x0000246c        0x8 ./startup/startup_mk66f18.o
                0x0000246c                TSI0_IRQHandler
 .text.TPM1_IRQHandler
                0x00002474        0x8 ./startup/startup_mk66f18.o
                0x00002474                TPM1_IRQHandler
 .text.TPM2_IRQHandler
                0x0000247c        0x8 ./startup/startup_mk66f18.o
                0x0000247c                TPM2_IRQHandler
 .text.USBHSDCD_IRQHandler
                0x00002484        0x8 ./startup/startup_mk66f18.o
                0x00002484                USBHSDCD_IRQHandler
 .text.I2C3_IRQHandler
                0x0000248c        0x8 ./startup/startup_mk66f18.o
                0x0000248c                I2C3_IRQHandler
 .text.CMP3_IRQHandler
                0x00002494        0x8 ./startup/startup_mk66f18.o
                0x00002494                CMP3_IRQHandler
 .text.USBHS_IRQHandler
                0x0000249c        0x8 ./startup/startup_mk66f18.o
                0x0000249c                USBHS_IRQHandler
 .text.CAN1_ORed_Message_buffer_IRQHandler
                0x000024a4        0x8 ./startup/startup_mk66f18.o
                0x000024a4                CAN1_ORed_Message_buffer_IRQHandler
 .text.CAN1_Bus_Off_IRQHandler
                0x000024ac        0x8 ./startup/startup_mk66f18.o
                0x000024ac                CAN1_Bus_Off_IRQHandler
 .text.CAN1_Error_IRQHandler
                0x000024b4        0x8 ./startup/startup_mk66f18.o
                0x000024b4                CAN1_Error_IRQHandler
 .text.CAN1_Tx_Warning_IRQHandler
                0x000024bc        0x8 ./startup/startup_mk66f18.o
                0x000024bc                CAN1_Tx_Warning_IRQHandler
 .text.CAN1_Rx_Warning_IRQHandler
                0x000024c4        0x8 ./startup/startup_mk66f18.o
                0x000024c4                CAN1_Rx_Warning_IRQHandler
 .text.CAN1_Wake_Up_IRQHandler
                0x000024cc        0x8 ./startup/startup_mk66f18.o
                0x000024cc                CAN1_Wake_Up_IRQHandler
 .text.HardFault_Handler
                0x000024d4       0x2c ./source/semihost_hardfault.o
                0x000024d4                HardFault_Handler
 .text.OSC_SetExtRefClkConfig
                0x00002500       0x40 ./drivers/fsl_clock.o
 .text.OSC_SetCapLoad
                0x00002540       0x34 ./drivers/fsl_clock.o
 .text.CLOCK_GetPll0RefFreq
                0x00002574        0xe ./drivers/fsl_clock.o
 .text.UART0_RX_TX_DriverIRQHandler
                0x00002582       0x12 ./drivers/fsl_uart.o
                0x00002582                UART0_RX_TX_DriverIRQHandler
 .text.UART1_RX_TX_DriverIRQHandler
                0x00002594       0x12 ./drivers/fsl_uart.o
                0x00002594                UART1_RX_TX_DriverIRQHandler
 .text.UART2_RX_TX_DriverIRQHandler
                0x000025a6       0x12 ./drivers/fsl_uart.o
                0x000025a6                UART2_RX_TX_DriverIRQHandler
 .text.UART3_RX_TX_DriverIRQHandler
                0x000025b8       0x12 ./drivers/fsl_uart.o
                0x000025b8                UART3_RX_TX_DriverIRQHandler
 .text.UART4_RX_TX_DriverIRQHandler
                0x000025ca       0x12 ./drivers/fsl_uart.o
                0x000025ca                UART4_RX_TX_DriverIRQHandler
 .text.SystemInitHook
                0x000025dc        0xe ./device/system_MK66F18.o
                0x000025dc                SystemInitHook
 .text.DbgConsole_Init
                0x000025ea       0x20 ./board/board.o
 .text.BOARD_InitDebugConsole
                0x0000260a       0x22 ./board/board.o
                0x0000260a                BOARD_InitDebugConsole
 .text.BOARD_InitBootClocks
                0x0000262c        0xc ./board/clock_config.o
                0x0000262c                BOARD_InitBootClocks
 .text.CLOCK_EnableClock
                0x00002638       0x34 ./board/pin_mux.o
 .text.PORT_SetPinMux
                0x0000266c       0x3a ./board/pin_mux.o
 .text.BOARD_InitBootPins
                0x000026a6        0xc ./board/pin_mux.o
                0x000026a6                BOARD_InitBootPins
 .text.__main   0x000026b2        0xe c:/nxp/mcuxpressoide_11.6.1_8255/ide/plugins/com.nxp.mcuxpresso.tools.win32_11.6.1.202207200623/tools/bin/../lib/gcc/arm-none-eabi/10.3.1/../../../../arm-none-eabi/lib/thumb/v7e-m+fp/hard\libcr_semihost_nf.a(_cr__main.o)
                0x000026b2                __CR_SEMIHOST
                0x000026b2                __main
 .text.memset   0x000026c0        0x4 c:/nxp/mcuxpressoide_11.6.1_8255/ide/plugins/com.nxp.mcuxpresso.tools.win32_11.6.1.202207200623/tools/bin/../lib/gcc/arm-none-eabi/10.3.1/../../../../arm-none-eabi/lib/thumb/v7e-m+fp/hard\libcr_c.a(memset.o)
                0x000026c0                memset
 .text._Csys_read_
                0x000026c4       0x22 c:/nxp/mcuxpressoide_11.6.1_8255/ide/plugins/com.nxp.mcuxpresso.tools.win32_11.6.1.202207200623/tools/bin/../lib/gcc/arm-none-eabi/10.3.1/../../../../arm-none-eabi/lib/thumb/v7e-m+fp/hard\libcr_c.a(__fillbuf.o)
                0x000026c4                _Csys_read_
 .text._deferredlazyseek
                0x000026e6       0x40 c:/nxp/mcuxpressoide_11.6.1_8255/ide/plugins/com.nxp.mcuxpresso.tools.win32_11.6.1.202207200623/tools/bin/../lib/gcc/arm-none-eabi/10.3.1/../../../../arm-none-eabi/lib/thumb/v7e-m+fp/hard\libcr_c.a(_deferredlazyseek.o)
                0x000026e6                _deferredlazyseek
 .text.__flsbuf
                0x00002726      0x140 c:/nxp/mcuxpressoide_11.6.1_8255/ide/plugins/com.nxp.mcuxpresso.tools.win32_11.6.1.202207200623/tools/bin/../lib/gcc/arm-none-eabi/10.3.1/../../../../arm-none-eabi/lib/thumb/v7e-m+fp/hard\libcr_c.a(_deferredlazyseek.o)
                0x00002726                __flsbuf
 .text._fflush  0x00002866       0x52 c:/nxp/mcuxpressoide_11.6.1_8255/ide/plugins/com.nxp.mcuxpresso.tools.win32_11.6.1.202207200623/tools/bin/../lib/gcc/arm-none-eabi/10.3.1/../../../../arm-none-eabi/lib/thumb/v7e-m+fp/hard\libcr_c.a(_fflush.o)
                0x00002866                _fflush
 .text.free     0x000028b8       0x30 c:/nxp/mcuxpressoide_11.6.1_8255/ide/plugins/com.nxp.mcuxpresso.tools.win32_11.6.1.202207200623/tools/bin/../lib/gcc/arm-none-eabi/10.3.1/../../../../arm-none-eabi/lib/thumb/v7e-m+fp/hard\libcr_c.a(alloc.o)
                0x000028b8                free
 .text.no_fp_display
                0x000028e8        0x4 c:/nxp/mcuxpressoide_11.6.1_8255/ide/plugins/com.nxp.mcuxpresso.tools.win32_11.6.1.202207200623/tools/bin/../lib/gcc/arm-none-eabi/10.3.1/../../../../arm-none-eabi/lib/thumb/v7e-m+fp/hard\libcr_c.a(printf.o)
 .text.setvbuf  0x000028ec       0x3e c:/nxp/mcuxpressoide_11.6.1_8255/ide/plugins/com.nxp.mcuxpresso.tools.win32_11.6.1.202207200623/tools/bin/../lib/gcc/arm-none-eabi/10.3.1/../../../../arm-none-eabi/lib/thumb/v7e-m+fp/hard\libcr_c.a(setvbuf.o)
                0x000028ec                setvbuf
 .text.strlen   0x0000292a       0x48 c:/nxp/mcuxpressoide_11.6.1_8255/ide/plugins/com.nxp.mcuxpresso.tools.win32_11.6.1.202207200623/tools/bin/../lib/gcc/arm-none-eabi/10.3.1/../../../../arm-none-eabi/lib/thumb/v7e-m+fp/hard\libcr_c.a(strlen.o)
                0x0000292a                strlen
 .text._fdopen  0x00002972       0x68 c:/nxp/mcuxpressoide_11.6.1_8255/ide/plugins/com.nxp.mcuxpresso.tools.win32_11.6.1.202207200623/tools/bin/../lib/gcc/arm-none-eabi/10.3.1/../../../../arm-none-eabi/lib/thumb/v7e-m+fp/hard\libcr_c.a(_fdopen.o)
                0x00002972                _fdopen
 .text.fclose   0x000029da       0x58 c:/nxp/mcuxpressoide_11.6.1_8255/ide/plugins/com.nxp.mcuxpresso.tools.win32_11.6.1.202207200623/tools/bin/../lib/gcc/arm-none-eabi/10.3.1/../../../../arm-none-eabi/lib/thumb/v7e-m+fp/hard\libcr_c.a(fclose.o)
                0x000029da                fclose
 .text.remove   0x00002a32       0x14 c:/nxp/mcuxpressoide_11.6.1_8255/ide/plugins/com.nxp.mcuxpresso.tools.win32_11.6.1.202207200623/tools/bin/../lib/gcc/arm-none-eabi/10.3.1/../../../../arm-none-eabi/lib/thumb/v7e-m+fp/hard\libcr_c.a(remove.o)
                0x00002a32                remove
 .text._do_fflush
                0x00002a46       0x40 c:/nxp/mcuxpressoide_11.6.1_8255/ide/plugins/com.nxp.mcuxpresso.tools.win32_11.6.1.202207200623/tools/bin/../lib/gcc/arm-none-eabi/10.3.1/../../../../arm-none-eabi/lib/thumb/v7e-m+fp/hard\libcr_c.a(_do_fflush.o)
                0x00002a46                _do_fflush
 .text.__aeabi_memset_lowlevel
                0x00002a86       0x32 c:/nxp/mcuxpressoide_11.6.1_8255/ide/plugins/com.nxp.mcuxpresso.tools.win32_11.6.1.202207200623/tools/bin/../lib/gcc/arm-none-eabi/10.3.1/thumb/v7e-m+fp/hard\libcr_eabihelpers.a(memcpy.o)
                0x00002a86                __aeabi_lowlevel_memset
 .text.__sys_close
                0x00002ab8        0xc c:/nxp/mcuxpressoide_11.6.1_8255/ide/plugins/com.nxp.mcuxpresso.tools.win32_11.6.1.202207200623/tools/bin/../lib/gcc/arm-none-eabi/10.3.1/../../../../arm-none-eabi/lib/thumb/v7e-m+fp/hard\libcr_semihost_nf.a(__sys_close.o)
                0x00002ab8                __sys_close
 .text.__sys_flen
                0x00002ac4        0xc c:/nxp/mcuxpressoide_11.6.1_8255/ide/plugins/com.nxp.mcuxpresso.tools.win32_11.6.1.202207200623/tools/bin/../lib/gcc/arm-none-eabi/10.3.1/../../../../arm-none-eabi/lib/thumb/v7e-m+fp/hard\libcr_semihost_nf.a(__sys_flen.o)
                0x00002ac4                __sys_flen
 .text.__sys_istty
                0x00002ad0        0xc c:/nxp/mcuxpressoide_11.6.1_8255/ide/plugins/com.nxp.mcuxpresso.tools.win32_11.6.1.202207200623/tools/bin/../lib/gcc/arm-none-eabi/10.3.1/../../../../arm-none-eabi/lib/thumb/v7e-m+fp/hard\libcr_semihost_nf.a(__sys_istty.o)
                0x00002ad0                __sys_istty
 .text.__sys_read
                0x00002adc        0xc c:/nxp/mcuxpressoide_11.6.1_8255/ide/plugins/com.nxp.mcuxpresso.tools.win32_11.6.1.202207200623/tools/bin/../lib/gcc/arm-none-eabi/10.3.1/../../../../arm-none-eabi/lib/thumb/v7e-m+fp/hard\libcr_semihost_nf.a(__sys_read.o)
                0x00002adc                __sys_read
 .text.__sys_readc
                0x00002ae8        0x8 c:/nxp/mcuxpressoide_11.6.1_8255/ide/plugins/com.nxp.mcuxpresso.tools.win32_11.6.1.202207200623/tools/bin/../lib/gcc/arm-none-eabi/10.3.1/../../../../arm-none-eabi/lib/thumb/v7e-m+fp/hard\libcr_semihost_nf.a(__sys_readc.o)
                0x00002ae8                __sys_readc
                0x00002ae8                __readc
 .text.__sys_remove
                0x00002af0        0xc c:/nxp/mcuxpressoide_11.6.1_8255/ide/plugins/com.nxp.mcuxpresso.tools.win32_11.6.1.202207200623/tools/bin/../lib/gcc/arm-none-eabi/10.3.1/../../../../arm-none-eabi/lib/thumb/v7e-m+fp/hard\libcr_semihost_nf.a(__sys_remove.o)
                0x00002af0                __sys_remove
 .text.__sys_seek
                0x00002afc        0xc c:/nxp/mcuxpressoide_11.6.1_8255/ide/plugins/com.nxp.mcuxpresso.tools.win32_11.6.1.202207200623/tools/bin/../lib/gcc/arm-none-eabi/10.3.1/../../../../arm-none-eabi/lib/thumb/v7e-m+fp/hard\libcr_semihost_nf.a(__sys_seek.o)
                0x00002afc                __sys_seek
 .text.__sys_tmpnam
                0x00002b08        0xc c:/nxp/mcuxpressoide_11.6.1_8255/ide/plugins/com.nxp.mcuxpresso.tools.win32_11.6.1.202207200623/tools/bin/../lib/gcc/arm-none-eabi/10.3.1/../../../../arm-none-eabi/lib/thumb/v7e-m+fp/hard\libcr_semihost_nf.a(__sys_tmpnam.o)
                0x00002b08                __sys_tmpnam
 .text.__sys_write
                0x00002b14        0xc c:/nxp/mcuxpressoide_11.6.1_8255/ide/plugins/com.nxp.mcuxpresso.tools.win32_11.6.1.202207200623/tools/bin/../lib/gcc/arm-none-eabi/10.3.1/../../../../arm-none-eabi/lib/thumb/v7e-m+fp/hard\libcr_semihost_nf.a(__sys_write.o)
                0x00002b14                __sys_write
 *(SORT_BY_ALIGNMENT(.rodata) SORT_BY_ALIGNMENT(.rodata.*) SORT_BY_ALIGNMENT(.constdata) SORT_BY_ALIGNMENT(.constdata.*))
 .rodata.__assertion_failed.str1.4
                0x00002b20       0x14 ./utilities/fsl_assert.o
 .rodata.main.str1.4
                0x00002b34       0x5f ./source/hello_world.o
 *fill*         0x00002b93        0x1 ff
 .rodata.CLOCK_GetMcgExtClkFreq.str1.4
                0x00002b94       0x49 ./drivers/fsl_clock.o
 *fill*         0x00002bdd        0x3 ff
 .rodata.CLOCK_GetPll0Freq.str1.4
                0x00002be0       0x1d ./drivers/fsl_clock.o
 *fill*         0x00002bfd        0x3 ff
 .rodata.CLOCK_EnablePll0.str1.4
                0x00002c00       0x1a ./drivers/fsl_clock.o
 *fill*         0x00002c1a        0x2 ff
 .rodata.CLOCK_SetPbeMode.str1.4
                0x00002c1c       0x1a ./drivers/fsl_clock.o
 *fill*         0x00002c36        0x2 ff
 .rodata.CLOCK_BootToPeeMode.str1.4
                0x00002c38       0x1a ./drivers/fsl_clock.o
 *fill*         0x00002c52        0x2 ff
 .rodata.fllFactorTable.1
                0x00002c54       0x10 ./drivers/fsl_clock.o
 .rodata.mcgConfig_BOARD_BootClockRUN
                0x00002c64        0xc ./board/clock_config.o
                0x00002c64                mcgConfig_BOARD_BootClockRUN
 .rodata.simConfig_BOARD_BootClockRUN
                0x00002c70        0x8 ./board/clock_config.o
                0x00002c70                simConfig_BOARD_BootClockRUN
 .rodata.oscConfig_BOARD_BootClockRUN
                0x00002c78        0x8 ./board/clock_config.o
                0x00002c78                oscConfig_BOARD_BootClockRUN
 .rodata.__num_Ciob_streams
                0x00002c80        0x4 c:/nxp/mcuxpressoide_11.6.1_8255/ide/plugins/com.nxp.mcuxpresso.tools.win32_11.6.1.202207200623/tools/bin/../lib/gcc/arm-none-eabi/10.3.1/../../../../arm-none-eabi/lib/thumb/v7e-m+fp/hard\libcr_semihost_nf.a(__ciob.o)
                0x00002c80                __num_Ciob_streams
 .rodata._Csys_alloc.str1.1
                0x00002c84       0x18 c:/nxp/mcuxpressoide_11.6.1_8255/ide/plugins/com.nxp.mcuxpresso.tools.win32_11.6.1.202207200623/tools/bin/../lib/gcc/arm-none-eabi/10.3.1/../../../../arm-none-eabi/lib/thumb/v7e-m+fp/hard\libcr_c.a(alloc.o)
 .rodata._initio.str1.1
                0x00002c9c        0x4 c:/nxp/mcuxpressoide_11.6.1_8255/ide/plugins/com.nxp.mcuxpresso.tools.win32_11.6.1.202207200623/tools/bin/../lib/gcc/arm-none-eabi/10.3.1/../../../../arm-none-eabi/lib/thumb/v7e-m+fp/hard\libcr_c.a(initio.o)
 .rodata.__vfprintf.str1.1
                0x00002ca0       0x37 c:/nxp/mcuxpressoide_11.6.1_8255/ide/plugins/com.nxp.mcuxpresso.tools.win32_11.6.1.202207200623/tools/bin/../lib/gcc/arm-none-eabi/10.3.1/../../../../arm-none-eabi/lib/thumb/v7e-m+fp/hard\libcr_c.a(printf.o)
                                 0x38 (size before relaxing)
                0x00002cd8                . = ALIGN (0x8)
 *fill*         0x00002cd7        0x1 ff
                0x00002cd8                _etext = .

.glue_7         0x00002cd8        0x0
 .glue_7        0x00002cd8        0x0 linker stubs

.glue_7t        0x00002cd8        0x0
 .glue_7t       0x00002cd8        0x0 linker stubs

.vfp11_veneer   0x00002cd8        0x0
 .vfp11_veneer  0x00002cd8        0x0 linker stubs

.v4_bx          0x00002cd8        0x0
 .v4_bx         0x00002cd8        0x0 linker stubs

.iplt           0x00002cd8        0x0
 .iplt          0x00002cd8        0x0 ./utilities/fsl_assert.o

.rel.dyn        0x00002cd8        0x0
 .rel.iplt      0x00002cd8        0x0 ./utilities/fsl_assert.o

.m_usb_data
 *(SORT_BY_ALIGNMENT(m_usb_bdt))

.data_RAM2      0x1fff0000        0x0 load address 0x00002cd8
 FILL mask 0xff
                [!provide]                PROVIDE (__start_data_RAM2 = .)
                [!provide]                PROVIDE (__start_data_SRAM_LOWER = .)
 *(SORT_BY_ALIGNMENT(.ramfunc.$RAM2))
 *(SORT_BY_ALIGNMENT(.ramfunc.$SRAM_LOWER))
 *(SORT_BY_ALIGNMENT(NonCacheable.init))
 *(SORT_BY_ALIGNMENT(.data.$RAM2))
 *(SORT_BY_ALIGNMENT(.data.$SRAM_LOWER))
 *(SORT_BY_ALIGNMENT(.data.$RAM2.*))
 *(SORT_BY_ALIGNMENT(.data.$SRAM_LOWER.*))
                0x1fff0000                . = ALIGN (0x8)
                [!provide]                PROVIDE (__end_data_RAM2 = .)
                [!provide]                PROVIDE (__end_data_SRAM_LOWER = .)

.data_RAM3      0x14000000        0x0 load address 0x00002cd8
 FILL mask 0xff
                [!provide]                PROVIDE (__start_data_RAM3 = .)
                [!provide]                PROVIDE (__start_data_FLEX_RAM = .)
 *(SORT_BY_ALIGNMENT(.ramfunc.$RAM3))
 *(SORT_BY_ALIGNMENT(.ramfunc.$FLEX_RAM))
 *(SORT_BY_ALIGNMENT(.data.$RAM3))
 *(SORT_BY_ALIGNMENT(.data.$FLEX_RAM))
 *(SORT_BY_ALIGNMENT(.data.$RAM3.*))
 *(SORT_BY_ALIGNMENT(.data.$FLEX_RAM.*))
                0x14000000                . = ALIGN (0x8)
                [!provide]                PROVIDE (__end_data_RAM3 = .)
                [!provide]                PROVIDE (__end_data_FLEX_RAM = .)

.uninit_RESERVED
                0x20000000        0x0
                0x20000000                _start_uninit_RESERVED = .
 *(SORT_BY_ALIGNMENT(.bss.$RESERVED*))
                0x20000000                . = ALIGN (0x8)
                0x20000000                _end_uninit_RESERVED = .

.data           0x20000000       0x10 load address 0x00002cd8
 FILL mask 0xff
                0x20000000                _data = .
                [!provide]                PROVIDE (__start_data_RAM = .)
                [!provide]                PROVIDE (__start_data_SRAM_UPPER = .)
 *(SORT_BY_ALIGNMENT(vtable))
 *(SORT_BY_ALIGNMENT(.ramfunc*))
 *(SORT_BY_ALIGNMENT(CodeQuickAccess))
 *(SORT_BY_ALIGNMENT(DataQuickAccess))
 *(SORT_BY_ALIGNMENT(RamFunction))
 *(SORT_BY_ALIGNMENT(.data*))
 .data.s_slowIrcFreq
                0x20000000        0x4 ./drivers/fsl_clock.o
 .data.s_fastIrcFreq
                0x20000004        0x4 ./drivers/fsl_clock.o
 .data.SystemCoreClock
                0x20000008        0x4 ./device/system_MK66F18.o
                0x20000008                SystemCoreClock
                0x20000010                . = ALIGN (0x8)
 *fill*         0x2000000c        0x4 ff
                0x20000010                _edata = .
                [!provide]                PROVIDE (__end_data_RAM = .)
                [!provide]                PROVIDE (__end_data_SRAM_UPPER = .)

.igot.plt       0x20000010        0x0 load address 0x00002ce8
 .igot.plt      0x20000010        0x0 ./utilities/fsl_assert.o

.bss_RAM2       0x1fff0000        0x0
                [!provide]                PROVIDE (__start_bss_RAM2 = .)
                [!provide]                PROVIDE (__start_bss_SRAM_LOWER = .)
 *(SORT_BY_ALIGNMENT(NonCacheable))
 *(SORT_BY_ALIGNMENT(.bss.$RAM2))
 *(SORT_BY_ALIGNMENT(.bss.$SRAM_LOWER))
 *(SORT_BY_ALIGNMENT(.bss.$RAM2.*))
 *(SORT_BY_ALIGNMENT(.bss.$SRAM_LOWER.*))
                0x1fff0000                . = ALIGN ((. != 0x0)?0x8:0x1)
                [!provide]                PROVIDE (__end_bss_RAM2 = .)
                [!provide]                PROVIDE (__end_bss_SRAM_LOWER = .)

.bss_RAM3       0x14000000        0x0
                [!provide]                PROVIDE (__start_bss_RAM3 = .)
                [!provide]                PROVIDE (__start_bss_FLEX_RAM = .)
 *(SORT_BY_ALIGNMENT(.bss.$RAM3))
 *(SORT_BY_ALIGNMENT(.bss.$FLEX_RAM))
 *(SORT_BY_ALIGNMENT(.bss.$RAM3.*))
 *(SORT_BY_ALIGNMENT(.bss.$FLEX_RAM.*))
                0x14000000                . = ALIGN ((. != 0x0)?0x8:0x1)
                [!provide]                PROVIDE (__end_bss_RAM3 = .)
                [!provide]                PROVIDE (__end_bss_FLEX_RAM = .)

.bss            0x20000010       0xf0
                0x20000010                _bss = .
                [!provide]                PROVIDE (__start_bss_RAM = .)
                [!provide]                PROVIDE (__start_bss_SRAM_UPPER = .)
 *(SORT_BY_ALIGNMENT(.bss*))
 .bss.s_extPllFreq
                0x20000010        0x4 ./drivers/fsl_clock.o
 .bss.g_xtal0Freq
                0x20000014        0x4 ./drivers/fsl_clock.o
                0x20000014                g_xtal0Freq
 .bss.g_xtal32Freq
                0x20000018        0x4 ./drivers/fsl_clock.o
                0x20000018                g_xtal32Freq
 .bss.s_lpuartHandle
                0x2000001c        0x4 ./drivers/fsl_lpuart.o
                0x2000001c                s_lpuartHandle
 .bss.s_lpuartIsr
                0x20000020        0x4 ./drivers/fsl_lpuart.o
                0x20000020                s_lpuartIsr
 .bss.s_uartHandle
                0x20000024       0x14 ./drivers/fsl_uart.o
                0x20000024                s_uartHandle
 .bss.s_uartIsr
                0x20000038        0x4 ./drivers/fsl_uart.o
                0x20000038                s_uartIsr
 .bss.__Ciob    0x2000003c       0xb4 c:/nxp/mcuxpressoide_11.6.1_8255/ide/plugins/com.nxp.mcuxpresso.tools.win32_11.6.1.202207200623/tools/bin/../lib/gcc/arm-none-eabi/10.3.1/../../../../arm-none-eabi/lib/thumb/v7e-m+fp/hard\libcr_semihost_nf.a(__ciob.o)
                0x2000003c                __Ciob
 .bss.__end_of_heap
                0x200000f0        0x4 c:/nxp/mcuxpressoide_11.6.1_8255/ide/plugins/com.nxp.mcuxpresso.tools.win32_11.6.1.202207200623/tools/bin/../lib/gcc/arm-none-eabi/10.3.1/../../../../arm-none-eabi/lib/thumb/v7e-m+fp/hard\libcr_c.a(__init_alloc.o)
                0x200000f0                __end_of_heap
 .bss.__heaps   0x200000f4        0x4 c:/nxp/mcuxpressoide_11.6.1_8255/ide/plugins/com.nxp.mcuxpresso.tools.win32_11.6.1.202207200623/tools/bin/../lib/gcc/arm-none-eabi/10.3.1/../../../../arm-none-eabi/lib/thumb/v7e-m+fp/hard\libcr_c.a(__init_alloc.o)
                0x200000f4                __heaps
 .bss.errno     0x200000f8        0x4 c:/nxp/mcuxpressoide_11.6.1_8255/ide/plugins/com.nxp.mcuxpresso.tools.win32_11.6.1.202207200623/tools/bin/../lib/gcc/arm-none-eabi/10.3.1/../../../../arm-none-eabi/lib/thumb/v7e-m+fp/hard\libcr_c.a(errno.o)
                0x200000f8                errno
 *(SORT_BY_ALIGNMENT(COMMON))
                0x20000100                . = ALIGN (0x8)
 *fill*         0x200000fc        0x4 
                0x20000100                _ebss = .
                [!provide]                PROVIDE (__end_bss_RAM = .)
                [!provide]                PROVIDE (__end_bss_SRAM_UPPER = .)
                [!provide]                PROVIDE (end = .)

.noinit_RAM2    0x1fff0000        0x0
                [!provide]                PROVIDE (__start_noinit_RAM2 = .)
                [!provide]                PROVIDE (__start_noinit_SRAM_LOWER = .)
 *(SORT_BY_ALIGNMENT(.noinit.$RAM2))
 *(SORT_BY_ALIGNMENT(.noinit.$SRAM_LOWER))
 *(SORT_BY_ALIGNMENT(.noinit.$RAM2.*))
 *(SORT_BY_ALIGNMENT(.noinit.$SRAM_LOWER.*))
                0x1fff0000                . = ALIGN (0x8)
                [!provide]                PROVIDE (__end_noinit_RAM2 = .)
                [!provide]                PROVIDE (__end_noinit_SRAM_LOWER = .)

.noinit_RAM3    0x14000000        0x0
                [!provide]                PROVIDE (__start_noinit_RAM3 = .)
                [!provide]                PROVIDE (__start_noinit_FLEX_RAM = .)
 *(SORT_BY_ALIGNMENT(.noinit.$RAM3))
 *(SORT_BY_ALIGNMENT(.noinit.$FLEX_RAM))
 *(SORT_BY_ALIGNMENT(.noinit.$RAM3.*))
 *(SORT_BY_ALIGNMENT(.noinit.$FLEX_RAM.*))
                0x14000000                . = ALIGN (0x8)
                [!provide]                PROVIDE (__end_noinit_RAM3 = .)
                [!provide]                PROVIDE (__end_noinit_FLEX_RAM = .)

.noinit         0x20000100        0x0
                0x20000100                _noinit = .
                [!provide]                PROVIDE (__start_noinit_RAM = .)
                [!provide]                PROVIDE (__start_noinit_SRAM_UPPER = .)
 *(SORT_BY_ALIGNMENT(.noinit*))
                0x20000100                . = ALIGN (0x8)
                0x20000100                _end_noinit = .
                [!provide]                PROVIDE (__end_noinit_RAM = .)
                [!provide]                PROVIDE (__end_noinit_SRAM_UPPER = .)

.ARM.extab
 *(SORT_BY_ALIGNMENT(.ARM.extab*) SORT_BY_ALIGNMENT(.gnu.linkonce.armextab.*))

.ARM.exidx      0x00002ce8        0x0
                0x00002ce8                __exidx_start = .
 *(SORT_BY_ALIGNMENT(.ARM.exidx*) SORT_BY_ALIGNMENT(.gnu.linkonce.armexidx.*))
                0x00002ce8                __exidx_end = .
                0x00001000                _HeapSize = 0x1000

.heap           0x20000100     0x1000
                0x20000100                _pvHeapStart = .
                0x20001100                . = (. + _HeapSize)
 *fill*         0x20000100     0x1000 
                0x20001100                . = ALIGN (0x8)
                0x20001100                _pvHeapLimit = .
                0x00001000                _StackSize = 0x1000

.heap2stackfill
                0x20001100     0x1000
                0x20002100                . = (. + _StackSize)
 *fill*         0x20001100     0x1000 

.stack          0x2002f000        0x0
                0x2002f000                _vStackBase = .
                0x2002f000                . = ALIGN (0x8)
                0x20030000                _vStackTop = (. + _StackSize)
                0x00000000                _image_start = LOADADDR (.text)
                0x00002ce8                _image_end = (LOADADDR (.data) + SIZEOF (.data))
                0x00002ce8                _image_size = (_image_end - _image_start)
OUTPUT(experiment2.axf elf32-littlearm)
LOAD linker stubs

.debug_info     0x00000000     0x9594
 .debug_info    0x00000000       0xaa ./utilities/fsl_assert.o
 .debug_info    0x000000aa      0xa44 ./startup/startup_mk66f18.o
 .debug_info    0x00000aee      0x289 ./source/hello_world.o
 .debug_info    0x00000d77       0x3c ./source/semihost_hardfault.o
 .debug_info    0x00000db3     0x2950 ./drivers/fsl_clock.o
 .debug_info    0x00003703     0x1e47 ./drivers/fsl_lpuart.o
 .debug_info    0x0000554a     0x209e ./drivers/fsl_uart.o
 .debug_info    0x000075e8      0xa4e ./device/system_MK66F18.o
 .debug_info    0x00008036      0x190 ./board/board.o
 .debug_info    0x000081c6      0xcfe ./board/clock_config.o
 .debug_info    0x00008ec4      0x6d0 ./board/pin_mux.o

.debug_abbrev   0x00000000     0x1476
 .debug_abbrev  0x00000000       0x66 ./utilities/fsl_assert.o
 .debug_abbrev  0x00000066      0x185 ./startup/startup_mk66f18.o
 .debug_abbrev  0x000001eb      0x110 ./source/hello_world.o
 .debug_abbrev  0x000002fb       0x31 ./source/semihost_hardfault.o
 .debug_abbrev  0x0000032c      0x362 ./drivers/fsl_clock.o
 .debug_abbrev  0x0000068e      0x410 ./drivers/fsl_lpuart.o
 .debug_abbrev  0x00000a9e      0x42e ./drivers/fsl_uart.o
 .debug_abbrev  0x00000ecc      0x148 ./device/system_MK66F18.o
 .debug_abbrev  0x00001014       0xc5 ./board/board.o
 .debug_abbrev  0x000010d9      0x214 ./board/clock_config.o
 .debug_abbrev  0x000012ed      0x189 ./board/pin_mux.o

.debug_aranges  0x00000000      0xa48
 .debug_aranges
                0x00000000       0x20 ./utilities/fsl_assert.o
 .debug_aranges
                0x00000020      0x3a0 ./startup/startup_mk66f18.o
 .debug_aranges
                0x000003c0       0x40 ./source/hello_world.o
 .debug_aranges
                0x00000400       0x20 ./source/semihost_hardfault.o
 .debug_aranges
                0x00000420      0x258 ./drivers/fsl_clock.o
 .debug_aranges
                0x00000678      0x138 ./drivers/fsl_lpuart.o
 .debug_aranges
                0x000007b0      0x1a8 ./drivers/fsl_uart.o
 .debug_aranges
                0x00000958       0x30 ./device/system_MK66F18.o
 .debug_aranges
                0x00000988       0x28 ./board/board.o
 .debug_aranges
                0x000009b0       0x60 ./board/clock_config.o
 .debug_aranges
                0x00000a10       0x38 ./board/pin_mux.o

.debug_ranges   0x00000000      0x998
 .debug_ranges  0x00000000       0x10 ./utilities/fsl_assert.o
 .debug_ranges  0x00000010      0x390 ./startup/startup_mk66f18.o
 .debug_ranges  0x000003a0       0x30 ./source/hello_world.o
 .debug_ranges  0x000003d0       0x10 ./source/semihost_hardfault.o
 .debug_ranges  0x000003e0      0x248 ./drivers/fsl_clock.o
 .debug_ranges  0x00000628      0x128 ./drivers/fsl_lpuart.o
 .debug_ranges  0x00000750      0x198 ./drivers/fsl_uart.o
 .debug_ranges  0x000008e8       0x20 ./device/system_MK66F18.o
 .debug_ranges  0x00000908       0x18 ./board/board.o
 .debug_ranges  0x00000920       0x50 ./board/clock_config.o
 .debug_ranges  0x00000970       0x28 ./board/pin_mux.o

.debug_macro    0x00000000    0x1ac87
 .debug_macro   0x00000000      0x12d ./utilities/fsl_assert.o
 .debug_macro   0x0000012d      0xac6 ./utilities/fsl_assert.o
 .debug_macro   0x00000bf3       0x10 ./utilities/fsl_assert.o
 .debug_macro   0x00000c03       0x1c ./utilities/fsl_assert.o
 .debug_macro   0x00000c1f       0x22 ./utilities/fsl_assert.o
 .debug_macro   0x00000c41      0x12e ./utilities/fsl_assert.o
 .debug_macro   0x00000d6f      0x5b3 ./utilities/fsl_assert.o
 .debug_macro   0x00001322       0x22 ./utilities/fsl_assert.o
 .debug_macro   0x00001344       0x10 ./utilities/fsl_assert.o
 .debug_macro   0x00001354       0x56 ./utilities/fsl_assert.o
 .debug_macro   0x000013aa       0x1c ./utilities/fsl_assert.o
 .debug_macro   0x000013c6       0x22 ./utilities/fsl_assert.o
 .debug_macro   0x000013e8       0xfb ./utilities/fsl_assert.o
 .debug_macro   0x000014e3      0xeeb ./utilities/fsl_assert.o
 .debug_macro   0x000023ce       0x40 ./utilities/fsl_assert.o
 .debug_macro   0x0000240e    0x1626f ./utilities/fsl_assert.o
 .debug_macro   0x0001867d     0x14b0 ./utilities/fsl_assert.o
 .debug_macro   0x00019b2d       0x7a ./utilities/fsl_assert.o
 .debug_macro   0x00019ba7       0xaf ./utilities/fsl_assert.o
 .debug_macro   0x00019c56      0x190 ./utilities/fsl_assert.o
 .debug_macro   0x00019de6       0x1c ./utilities/fsl_assert.o
 .debug_macro   0x00019e02       0xd2 ./utilities/fsl_assert.o
 .debug_macro   0x00019ed4       0x1c ./utilities/fsl_assert.o
 .debug_macro   0x00019ef0       0x29 ./startup/startup_mk66f18.o
 .debug_macro   0x00019f19      0x1a6 ./source/hello_world.o
 .debug_macro   0x0001a0bf       0x46 ./source/hello_world.o
 .debug_macro   0x0001a105       0x22 ./source/hello_world.o
 .debug_macro   0x0001a127       0x16 ./source/hello_world.o
 .debug_macro   0x0001a13d       0x16 ./source/hello_world.o
 .debug_macro   0x0001a153      0x24f ./source/hello_world.o
 .debug_macro   0x0001a3a2       0x11 ./source/semihost_hardfault.o
 .debug_macro   0x0001a3b3      0x1e4 ./drivers/fsl_clock.o
 .debug_macro   0x0001a597      0x121 ./drivers/fsl_lpuart.o
 .debug_macro   0x0001a6b8       0x10 ./drivers/fsl_lpuart.o
 .debug_macro   0x0001a6c8      0x127 ./drivers/fsl_uart.o
 .debug_macro   0x0001a7ef       0x10 ./drivers/fsl_uart.o
 .debug_macro   0x0001a7ff       0x98 ./device/system_MK66F18.o
 .debug_macro   0x0001a897      0x163 ./board/board.o
 .debug_macro   0x0001a9fa       0x1c ./board/board.o
 .debug_macro   0x0001aa16      0x153 ./board/clock_config.o
 .debug_macro   0x0001ab69      0x11e ./board/pin_mux.o

.debug_line     0x00000000     0x5ff5
 .debug_line    0x00000000      0x36c ./utilities/fsl_assert.o
 .debug_line    0x0000036c      0xa61 ./startup/startup_mk66f18.o
 .debug_line    0x00000dcd      0x518 ./source/hello_world.o
 .debug_line    0x000012e5       0x59 ./source/semihost_hardfault.o
 .debug_line    0x0000133e     0x1822 ./drivers/fsl_clock.o
 .debug_line    0x00002b60      0xfc1 ./drivers/fsl_lpuart.o
 .debug_line    0x00003b21     0x144e ./drivers/fsl_uart.o
 .debug_line    0x00004f6f      0x420 ./device/system_MK66F18.o
 .debug_line    0x0000538f      0x3f8 ./board/board.o
 .debug_line    0x00005787      0x485 ./board/clock_config.o
 .debug_line    0x00005c0c      0x3e9 ./board/pin_mux.o

.debug_str      0x00000000    0xbc384
 .debug_str     0x00000000    0xb50a9 ./utilities/fsl_assert.o
                              0xb5146 (size before relaxing)
 .debug_str     0x000b50a9      0x959 ./startup/startup_mk66f18.o
                               0x37f9 (size before relaxing)
 .debug_str     0x000b5a02     0x1328 ./source/hello_world.o
                              0xb643b (size before relaxing)
 .debug_str     0x000b6d2a       0x1f ./source/semihost_hardfault.o
                               0x2e15 (size before relaxing)
 .debug_str     0x000b6d49     0x2e8a ./drivers/fsl_clock.o
                              0xb7cc1 (size before relaxing)
 .debug_str     0x000b9bd3     0x1629 ./drivers/fsl_lpuart.o
                              0xb71a2 (size before relaxing)
 .debug_str     0x000bb1fc      0x9d7 ./drivers/fsl_uart.o
                              0xb7113 (size before relaxing)
 .debug_str     0x000bbbd3      0x127 ./device/system_MK66F18.o
                              0xb35c1 (size before relaxing)
 .debug_str     0x000bbcfa       0x98 ./board/board.o
                              0xb6221 (size before relaxing)
 .debug_str     0x000bbd92      0x442 ./board/clock_config.o
                              0xb606b (size before relaxing)
 .debug_str     0x000bc1d4      0x1b0 ./board/pin_mux.o
                              0xb5523 (size before relaxing)

.comment        0x00000000       0x49
 .comment       0x00000000       0x49 ./utilities/fsl_assert.o
                                 0x4a (size before relaxing)
 .comment       0x00000049       0x4a ./startup/startup_mk66f18.o
 .comment       0x00000049       0x4a ./source/hello_world.o
 .comment       0x00000049       0x4a ./source/semihost_hardfault.o
 .comment       0x00000049       0x4a ./drivers/fsl_clock.o
 .comment       0x00000049       0x4a ./drivers/fsl_lpuart.o
 .comment       0x00000049       0x4a ./drivers/fsl_uart.o
 .comment       0x00000049       0x4a ./device/system_MK66F18.o
 .comment       0x00000049       0x4a ./board/board.o
 .comment       0x00000049       0x4a ./board/clock_config.o
 .comment       0x00000049       0x4a ./board/pin_mux.o
 .comment       0x00000049       0x4a c:/nxp/mcuxpressoide_11.6.1_8255/ide/plugins/com.nxp.mcuxpresso.tools.win32_11.6.1.202207200623/tools/bin/../lib/gcc/arm-none-eabi/10.3.1/../../../../arm-none-eabi/lib/thumb/v7e-m+fp/hard\libcr_semihost_nf.a(__ciob.o)
 .comment       0x00000049       0x4a c:/nxp/mcuxpressoide_11.6.1_8255/ide/plugins/com.nxp.mcuxpresso.tools.win32_11.6.1.202207200623/tools/bin/../lib/gcc/arm-none-eabi/10.3.1/../../../../arm-none-eabi/lib/thumb/v7e-m+fp/hard\libcr_semihost_nf.a(_cr__main.o)
 .comment       0x00000049       0x4a c:/nxp/mcuxpressoide_11.6.1_8255/ide/plugins/com.nxp.mcuxpresso.tools.win32_11.6.1.202207200623/tools/bin/../lib/gcc/arm-none-eabi/10.3.1/../../../../arm-none-eabi/lib/thumb/v7e-m+fp/hard\libcr_c.a(memset.o)
 .comment       0x00000049       0x4a c:/nxp/mcuxpressoide_11.6.1_8255/ide/plugins/com.nxp.mcuxpresso.tools.win32_11.6.1.202207200623/tools/bin/../lib/gcc/arm-none-eabi/10.3.1/../../../../arm-none-eabi/lib/thumb/v7e-m+fp/hard\libcr_c.a(__fillbuf.o)
 .comment       0x00000049       0x4a c:/nxp/mcuxpressoide_11.6.1_8255/ide/plugins/com.nxp.mcuxpresso.tools.win32_11.6.1.202207200623/tools/bin/../lib/gcc/arm-none-eabi/10.3.1/../../../../arm-none-eabi/lib/thumb/v7e-m+fp/hard\libcr_c.a(_deferredlazyseek.o)
 .comment       0x00000049       0x4a c:/nxp/mcuxpressoide_11.6.1_8255/ide/plugins/com.nxp.mcuxpresso.tools.win32_11.6.1.202207200623/tools/bin/../lib/gcc/arm-none-eabi/10.3.1/../../../../arm-none-eabi/lib/thumb/v7e-m+fp/hard\libcr_c.a(_fflush.o)
 .comment       0x00000049       0x4a c:/nxp/mcuxpressoide_11.6.1_8255/ide/plugins/com.nxp.mcuxpresso.tools.win32_11.6.1.202207200623/tools/bin/../lib/gcc/arm-none-eabi/10.3.1/../../../../arm-none-eabi/lib/thumb/v7e-m+fp/hard\libcr_c.a(_writebuf.o)
 .comment       0x00000049       0x4a c:/nxp/mcuxpressoide_11.6.1_8255/ide/plugins/com.nxp.mcuxpresso.tools.win32_11.6.1.202207200623/tools/bin/../lib/gcc/arm-none-eabi/10.3.1/../../../../arm-none-eabi/lib/thumb/v7e-m+fp/hard\libcr_c.a(alloc.o)
 .comment       0x00000049       0x4a c:/nxp/mcuxpressoide_11.6.1_8255/ide/plugins/com.nxp.mcuxpresso.tools.win32_11.6.1.202207200623/tools/bin/../lib/gcc/arm-none-eabi/10.3.1/../../../../arm-none-eabi/lib/thumb/v7e-m+fp/hard\libcr_c.a(fseek.o)
 .comment       0x00000049       0x4a c:/nxp/mcuxpressoide_11.6.1_8255/ide/plugins/com.nxp.mcuxpresso.tools.win32_11.6.1.202207200623/tools/bin/../lib/gcc/arm-none-eabi/10.3.1/../../../../arm-none-eabi/lib/thumb/v7e-m+fp/hard\libcr_c.a(ftell.o)
 .comment       0x00000049       0x4a c:/nxp/mcuxpressoide_11.6.1_8255/ide/plugins/com.nxp.mcuxpresso.tools.win32_11.6.1.202207200623/tools/bin/../lib/gcc/arm-none-eabi/10.3.1/../../../../arm-none-eabi/lib/thumb/v7e-m+fp/hard\libcr_c.a(initio.o)
 .comment       0x00000049       0x4a c:/nxp/mcuxpressoide_11.6.1_8255/ide/plugins/com.nxp.mcuxpresso.tools.win32_11.6.1.202207200623/tools/bin/../lib/gcc/arm-none-eabi/10.3.1/../../../../arm-none-eabi/lib/thumb/v7e-m+fp/hard\libcr_c.a(printf.o)
 .comment       0x00000049       0x4a c:/nxp/mcuxpressoide_11.6.1_8255/ide/plugins/com.nxp.mcuxpresso.tools.win32_11.6.1.202207200623/tools/bin/../lib/gcc/arm-none-eabi/10.3.1/../../../../arm-none-eabi/lib/thumb/v7e-m+fp/hard\libcr_c.a(setvbuf.o)
 .comment       0x00000049       0x4a c:/nxp/mcuxpressoide_11.6.1_8255/ide/plugins/com.nxp.mcuxpresso.tools.win32_11.6.1.202207200623/tools/bin/../lib/gcc/arm-none-eabi/10.3.1/../../../../arm-none-eabi/lib/thumb/v7e-m+fp/hard\libcr_c.a(strlen.o)
 .comment       0x00000049       0x4a c:/nxp/mcuxpressoide_11.6.1_8255/ide/plugins/com.nxp.mcuxpresso.tools.win32_11.6.1.202207200623/tools/bin/../lib/gcc/arm-none-eabi/10.3.1/../../../../arm-none-eabi/lib/thumb/v7e-m+fp/hard\libcr_c.a(__init_alloc.o)
 .comment       0x00000049       0x4a c:/nxp/mcuxpressoide_11.6.1_8255/ide/plugins/com.nxp.mcuxpresso.tools.win32_11.6.1.202207200623/tools/bin/../lib/gcc/arm-none-eabi/10.3.1/../../../../arm-none-eabi/lib/thumb/v7e-m+fp/hard\libcr_c.a(_cr_sbrk.o)
 .comment       0x00000049       0x4a c:/nxp/mcuxpressoide_11.6.1_8255/ide/plugins/com.nxp.mcuxpresso.tools.win32_11.6.1.202207200623/tools/bin/../lib/gcc/arm-none-eabi/10.3.1/../../../../arm-none-eabi/lib/thumb/v7e-m+fp/hard\libcr_c.a(_fdopen.o)
 .comment       0x00000049       0x4a c:/nxp/mcuxpressoide_11.6.1_8255/ide/plugins/com.nxp.mcuxpresso.tools.win32_11.6.1.202207200623/tools/bin/../lib/gcc/arm-none-eabi/10.3.1/../../../../arm-none-eabi/lib/thumb/v7e-m+fp/hard\libcr_c.a(errno.o)
 .comment       0x00000049       0x4a c:/nxp/mcuxpressoide_11.6.1_8255/ide/plugins/com.nxp.mcuxpresso.tools.win32_11.6.1.202207200623/tools/bin/../lib/gcc/arm-none-eabi/10.3.1/../../../../arm-none-eabi/lib/thumb/v7e-m+fp/hard\libcr_c.a(fclose.o)
 .comment       0x00000049       0x4a c:/nxp/mcuxpressoide_11.6.1_8255/ide/plugins/com.nxp.mcuxpresso.tools.win32_11.6.1.202207200623/tools/bin/../lib/gcc/arm-none-eabi/10.3.1/../../../../arm-none-eabi/lib/thumb/v7e-m+fp/hard\libcr_c.a(fflush.o)
 .comment       0x00000049       0x4a c:/nxp/mcuxpressoide_11.6.1_8255/ide/plugins/com.nxp.mcuxpresso.tools.win32_11.6.1.202207200623/tools/bin/../lib/gcc/arm-none-eabi/10.3.1/../../../../arm-none-eabi/lib/thumb/v7e-m+fp/hard\libcr_c.a(remove.o)
 .comment       0x00000049       0x4a c:/nxp/mcuxpressoide_11.6.1_8255/ide/plugins/com.nxp.mcuxpresso.tools.win32_11.6.1.202207200623/tools/bin/../lib/gcc/arm-none-eabi/10.3.1/../../../../arm-none-eabi/lib/thumb/v7e-m+fp/hard\libcr_c.a(_cr_check_heap.o)
 .comment       0x00000049       0x4a c:/nxp/mcuxpressoide_11.6.1_8255/ide/plugins/com.nxp.mcuxpresso.tools.win32_11.6.1.202207200623/tools/bin/../lib/gcc/arm-none-eabi/10.3.1/../../../../arm-none-eabi/lib/thumb/v7e-m+fp/hard\libcr_c.a(_do_fflush.o)

.ARM.attributes
                0x00000000       0x32
 .ARM.attributes
                0x00000000       0x34 ./utilities/fsl_assert.o
 .ARM.attributes
                0x00000034       0x34 ./startup/startup_mk66f18.o
 .ARM.attributes
                0x00000068       0x34 ./source/hello_world.o
 .ARM.attributes
                0x0000009c       0x34 ./source/semihost_hardfault.o
 .ARM.attributes
                0x000000d0       0x34 ./drivers/fsl_clock.o
 .ARM.attributes
                0x00000104       0x34 ./drivers/fsl_lpuart.o
 .ARM.attributes
                0x00000138       0x34 ./drivers/fsl_uart.o
 .ARM.attributes
                0x0000016c       0x34 ./device/system_MK66F18.o
 .ARM.attributes
                0x000001a0       0x34 ./board/board.o
 .ARM.attributes
                0x000001d4       0x34 ./board/clock_config.o
 .ARM.attributes
                0x00000208       0x34 ./board/pin_mux.o
 .ARM.attributes
                0x0000023c       0x34 c:/nxp/mcuxpressoide_11.6.1_8255/ide/plugins/com.nxp.mcuxpresso.tools.win32_11.6.1.202207200623/tools/bin/../lib/gcc/arm-none-eabi/10.3.1/../../../../arm-none-eabi/lib/thumb/v7e-m+fp/hard\libcr_semihost_nf.a(__ciob.o)
 .ARM.attributes
                0x00000270       0x34 c:/nxp/mcuxpressoide_11.6.1_8255/ide/plugins/com.nxp.mcuxpresso.tools.win32_11.6.1.202207200623/tools/bin/../lib/gcc/arm-none-eabi/10.3.1/../../../../arm-none-eabi/lib/thumb/v7e-m+fp/hard\libcr_semihost_nf.a(_cr__main.o)
 .ARM.attributes
                0x000002a4       0x34 c:/nxp/mcuxpressoide_11.6.1_8255/ide/plugins/com.nxp.mcuxpresso.tools.win32_11.6.1.202207200623/tools/bin/../lib/gcc/arm-none-eabi/10.3.1/../../../../arm-none-eabi/lib/thumb/v7e-m+fp/hard\libcr_c.a(memset.o)
 .ARM.attributes
                0x000002d8       0x34 c:/nxp/mcuxpressoide_11.6.1_8255/ide/plugins/com.nxp.mcuxpresso.tools.win32_11.6.1.202207200623/tools/bin/../lib/gcc/arm-none-eabi/10.3.1/../../../../arm-none-eabi/lib/thumb/v7e-m+fp/hard\libcr_c.a(__fillbuf.o)
 .ARM.attributes
                0x0000030c       0x34 c:/nxp/mcuxpressoide_11.6.1_8255/ide/plugins/com.nxp.mcuxpresso.tools.win32_11.6.1.202207200623/tools/bin/../lib/gcc/arm-none-eabi/10.3.1/../../../../arm-none-eabi/lib/thumb/v7e-m+fp/hard\libcr_c.a(_deferredlazyseek.o)
 .ARM.attributes
                0x00000340       0x34 c:/nxp/mcuxpressoide_11.6.1_8255/ide/plugins/com.nxp.mcuxpresso.tools.win32_11.6.1.202207200623/tools/bin/../lib/gcc/arm-none-eabi/10.3.1/../../../../arm-none-eabi/lib/thumb/v7e-m+fp/hard\libcr_c.a(_fflush.o)
 .ARM.attributes
                0x00000374       0x34 c:/nxp/mcuxpressoide_11.6.1_8255/ide/plugins/com.nxp.mcuxpresso.tools.win32_11.6.1.202207200623/tools/bin/../lib/gcc/arm-none-eabi/10.3.1/../../../../arm-none-eabi/lib/thumb/v7e-m+fp/hard\libcr_c.a(_writebuf.o)
 .ARM.attributes
                0x000003a8       0x34 c:/nxp/mcuxpressoide_11.6.1_8255/ide/plugins/com.nxp.mcuxpresso.tools.win32_11.6.1.202207200623/tools/bin/../lib/gcc/arm-none-eabi/10.3.1/../../../../arm-none-eabi/lib/thumb/v7e-m+fp/hard\libcr_c.a(alloc.o)
 .ARM.attributes
                0x000003dc       0x34 c:/nxp/mcuxpressoide_11.6.1_8255/ide/plugins/com.nxp.mcuxpresso.tools.win32_11.6.1.202207200623/tools/bin/../lib/gcc/arm-none-eabi/10.3.1/../../../../arm-none-eabi/lib/thumb/v7e-m+fp/hard\libcr_c.a(fseek.o)
 .ARM.attributes
                0x00000410       0x34 c:/nxp/mcuxpressoide_11.6.1_8255/ide/plugins/com.nxp.mcuxpresso.tools.win32_11.6.1.202207200623/tools/bin/../lib/gcc/arm-none-eabi/10.3.1/../../../../arm-none-eabi/lib/thumb/v7e-m+fp/hard\libcr_c.a(ftell.o)
 .ARM.attributes
                0x00000444       0x34 c:/nxp/mcuxpressoide_11.6.1_8255/ide/plugins/com.nxp.mcuxpresso.tools.win32_11.6.1.202207200623/tools/bin/../lib/gcc/arm-none-eabi/10.3.1/../../../../arm-none-eabi/lib/thumb/v7e-m+fp/hard\libcr_c.a(initio.o)
 .ARM.attributes
                0x00000478       0x34 c:/nxp/mcuxpressoide_11.6.1_8255/ide/plugins/com.nxp.mcuxpresso.tools.win32_11.6.1.202207200623/tools/bin/../lib/gcc/arm-none-eabi/10.3.1/../../../../arm-none-eabi/lib/thumb/v7e-m+fp/hard\libcr_c.a(printf.o)
 .ARM.attributes
                0x000004ac       0x34 c:/nxp/mcuxpressoide_11.6.1_8255/ide/plugins/com.nxp.mcuxpresso.tools.win32_11.6.1.202207200623/tools/bin/../lib/gcc/arm-none-eabi/10.3.1/../../../../arm-none-eabi/lib/thumb/v7e-m+fp/hard\libcr_c.a(setvbuf.o)
 .ARM.attributes
                0x000004e0       0x34 c:/nxp/mcuxpressoide_11.6.1_8255/ide/plugins/com.nxp.mcuxpresso.tools.win32_11.6.1.202207200623/tools/bin/../lib/gcc/arm-none-eabi/10.3.1/../../../../arm-none-eabi/lib/thumb/v7e-m+fp/hard\libcr_c.a(strlen.o)
 .ARM.attributes
                0x00000514       0x34 c:/nxp/mcuxpressoide_11.6.1_8255/ide/plugins/com.nxp.mcuxpresso.tools.win32_11.6.1.202207200623/tools/bin/../lib/gcc/arm-none-eabi/10.3.1/../../../../arm-none-eabi/lib/thumb/v7e-m+fp/hard\libcr_c.a(__init_alloc.o)
 .ARM.attributes
                0x00000548       0x34 c:/nxp/mcuxpressoide_11.6.1_8255/ide/plugins/com.nxp.mcuxpresso.tools.win32_11.6.1.202207200623/tools/bin/../lib/gcc/arm-none-eabi/10.3.1/../../../../arm-none-eabi/lib/thumb/v7e-m+fp/hard\libcr_c.a(_cr_sbrk.o)
 .ARM.attributes
                0x0000057c       0x34 c:/nxp/mcuxpressoide_11.6.1_8255/ide/plugins/com.nxp.mcuxpresso.tools.win32_11.6.1.202207200623/tools/bin/../lib/gcc/arm-none-eabi/10.3.1/../../../../arm-none-eabi/lib/thumb/v7e-m+fp/hard\libcr_c.a(_fdopen.o)
 .ARM.attributes
                0x000005b0       0x34 c:/nxp/mcuxpressoide_11.6.1_8255/ide/plugins/com.nxp.mcuxpresso.tools.win32_11.6.1.202207200623/tools/bin/../lib/gcc/arm-none-eabi/10.3.1/../../../../arm-none-eabi/lib/thumb/v7e-m+fp/hard\libcr_c.a(errno.o)
 .ARM.attributes
                0x000005e4       0x34 c:/nxp/mcuxpressoide_11.6.1_8255/ide/plugins/com.nxp.mcuxpresso.tools.win32_11.6.1.202207200623/tools/bin/../lib/gcc/arm-none-eabi/10.3.1/../../../../arm-none-eabi/lib/thumb/v7e-m+fp/hard\libcr_c.a(fclose.o)
 .ARM.attributes
                0x00000618       0x34 c:/nxp/mcuxpressoide_11.6.1_8255/ide/plugins/com.nxp.mcuxpresso.tools.win32_11.6.1.202207200623/tools/bin/../lib/gcc/arm-none-eabi/10.3.1/../../../../arm-none-eabi/lib/thumb/v7e-m+fp/hard\libcr_c.a(fflush.o)
 .ARM.attributes
                0x0000064c       0x34 c:/nxp/mcuxpressoide_11.6.1_8255/ide/plugins/com.nxp.mcuxpresso.tools.win32_11.6.1.202207200623/tools/bin/../lib/gcc/arm-none-eabi/10.3.1/../../../../arm-none-eabi/lib/thumb/v7e-m+fp/hard\libcr_c.a(remove.o)
 .ARM.attributes
                0x00000680       0x34 c:/nxp/mcuxpressoide_11.6.1_8255/ide/plugins/com.nxp.mcuxpresso.tools.win32_11.6.1.202207200623/tools/bin/../lib/gcc/arm-none-eabi/10.3.1/../../../../arm-none-eabi/lib/thumb/v7e-m+fp/hard\libcr_c.a(_cr_check_heap.o)
 .ARM.attributes
                0x000006b4       0x34 c:/nxp/mcuxpressoide_11.6.1_8255/ide/plugins/com.nxp.mcuxpresso.tools.win32_11.6.1.202207200623/tools/bin/../lib/gcc/arm-none-eabi/10.3.1/../../../../arm-none-eabi/lib/thumb/v7e-m+fp/hard\libcr_c.a(_do_fflush.o)
 .ARM.attributes
                0x000006e8       0x20 c:/nxp/mcuxpressoide_11.6.1_8255/ide/plugins/com.nxp.mcuxpresso.tools.win32_11.6.1.202207200623/tools/bin/../lib/gcc/arm-none-eabi/10.3.1/thumb/v7e-m+fp/hard\libcr_eabihelpers.a(memcpy.o)
 .ARM.attributes
                0x00000708       0x20 c:/nxp/mcuxpressoide_11.6.1_8255/ide/plugins/com.nxp.mcuxpresso.tools.win32_11.6.1.202207200623/tools/bin/../lib/gcc/arm-none-eabi/10.3.1/../../../../arm-none-eabi/lib/thumb/v7e-m+fp/hard\libcr_semihost_nf.a(__sys_appexit.o)
 .ARM.attributes
                0x00000728       0x20 c:/nxp/mcuxpressoide_11.6.1_8255/ide/plugins/com.nxp.mcuxpresso.tools.win32_11.6.1.202207200623/tools/bin/../lib/gcc/arm-none-eabi/10.3.1/../../../../arm-none-eabi/lib/thumb/v7e-m+fp/hard\libcr_semihost_nf.a(__sys_close.o)
 .ARM.attributes
                0x00000748       0x20 c:/nxp/mcuxpressoide_11.6.1_8255/ide/plugins/com.nxp.mcuxpresso.tools.win32_11.6.1.202207200623/tools/bin/../lib/gcc/arm-none-eabi/10.3.1/../../../../arm-none-eabi/lib/thumb/v7e-m+fp/hard\libcr_semihost_nf.a(__sys_flen.o)
 .ARM.attributes
                0x00000768       0x20 c:/nxp/mcuxpressoide_11.6.1_8255/ide/plugins/com.nxp.mcuxpresso.tools.win32_11.6.1.202207200623/tools/bin/../lib/gcc/arm-none-eabi/10.3.1/../../../../arm-none-eabi/lib/thumb/v7e-m+fp/hard\libcr_semihost_nf.a(__sys_istty.o)
 .ARM.attributes
                0x00000788       0x20 c:/nxp/mcuxpressoide_11.6.1_8255/ide/plugins/com.nxp.mcuxpresso.tools.win32_11.6.1.202207200623/tools/bin/../lib/gcc/arm-none-eabi/10.3.1/../../../../arm-none-eabi/lib/thumb/v7e-m+fp/hard\libcr_semihost_nf.a(__sys_read.o)
 .ARM.attributes
                0x000007a8       0x20 c:/nxp/mcuxpressoide_11.6.1_8255/ide/plugins/com.nxp.mcuxpresso.tools.win32_11.6.1.202207200623/tools/bin/../lib/gcc/arm-none-eabi/10.3.1/../../../../arm-none-eabi/lib/thumb/v7e-m+fp/hard\libcr_semihost_nf.a(__sys_readc.o)
 .ARM.attributes
                0x000007c8       0x20 c:/nxp/mcuxpressoide_11.6.1_8255/ide/plugins/com.nxp.mcuxpresso.tools.win32_11.6.1.202207200623/tools/bin/../lib/gcc/arm-none-eabi/10.3.1/../../../../arm-none-eabi/lib/thumb/v7e-m+fp/hard\libcr_semihost_nf.a(__sys_remove.o)
 .ARM.attributes
                0x000007e8       0x20 c:/nxp/mcuxpressoide_11.6.1_8255/ide/plugins/com.nxp.mcuxpresso.tools.win32_11.6.1.202207200623/tools/bin/../lib/gcc/arm-none-eabi/10.3.1/../../../../arm-none-eabi/lib/thumb/v7e-m+fp/hard\libcr_semihost_nf.a(__sys_seek.o)
 .ARM.attributes
                0x00000808       0x20 c:/nxp/mcuxpressoide_11.6.1_8255/ide/plugins/com.nxp.mcuxpresso.tools.win32_11.6.1.202207200623/tools/bin/../lib/gcc/arm-none-eabi/10.3.1/../../../../arm-none-eabi/lib/thumb/v7e-m+fp/hard\libcr_semihost_nf.a(__sys_tmpnam.o)
 .ARM.attributes
                0x00000828       0x20 c:/nxp/mcuxpressoide_11.6.1_8255/ide/plugins/com.nxp.mcuxpresso.tools.win32_11.6.1.202207200623/tools/bin/../lib/gcc/arm-none-eabi/10.3.1/../../../../arm-none-eabi/lib/thumb/v7e-m+fp/hard\libcr_semihost_nf.a(__sys_write.o)

.debug_frame    0x00000000     0x249c
 .debug_frame   0x00000000       0x30 ./utilities/fsl_assert.o
 .debug_frame   0x00000030      0xa4c ./startup/startup_mk66f18.o
 .debug_frame   0x00000a7c       0xc0 ./source/hello_world.o
 .debug_frame   0x00000b3c       0x20 ./source/semihost_hardfault.o
 .debug_frame   0x00000b5c      0xa38 ./drivers/fsl_clock.o
 .debug_frame   0x00001594      0x54c ./drivers/fsl_lpuart.o
 .debug_frame   0x00001ae0      0x714 ./drivers/fsl_uart.o
 .debug_frame   0x000021f4       0x74 ./device/system_MK66F18.o
 .debug_frame   0x00002268       0x5c ./board/board.o
 .debug_frame   0x000022c4      0x140 ./board/clock_config.o
 .debug_frame   0x00002404       0x98 ./board/pin_mux.o

Cross Reference Table

Symbol                                            File
ADC0_DriverIRQHandler                             ./startup/startup_mk66f18.o
ADC0_IRQHandler                                   ./startup/startup_mk66f18.o
ADC1_DriverIRQHandler                             ./startup/startup_mk66f18.o
ADC1_IRQHandler                                   ./startup/startup_mk66f18.o
BOARD_BootClockHSRUN                              ./board/clock_config.o
BOARD_BootClockRUN                                ./board/clock_config.o
BOARD_BootClockVLPR                               ./board/clock_config.o
BOARD_InitBootClocks                              ./board/clock_config.o
                                                  ./source/hello_world.o
BOARD_InitBootPins                                ./board/pin_mux.o
                                                  ./source/hello_world.o
BOARD_InitDebugConsole                            ./board/board.o
                                                  ./source/hello_world.o
BOARD_InitPins                                    ./board/pin_mux.o
BusFault_Handler                                  ./startup/startup_mk66f18.o
CAN0_Bus_Off_IRQHandler                           ./startup/startup_mk66f18.o
CAN0_DriverIRQHandler                             ./startup/startup_mk66f18.o
CAN0_Error_IRQHandler                             ./startup/startup_mk66f18.o
CAN0_ORed_Message_buffer_IRQHandler               ./startup/startup_mk66f18.o
CAN0_Rx_Warning_IRQHandler                        ./startup/startup_mk66f18.o
CAN0_Tx_Warning_IRQHandler                        ./startup/startup_mk66f18.o
CAN0_Wake_Up_IRQHandler                           ./startup/startup_mk66f18.o
CAN1_Bus_Off_IRQHandler                           ./startup/startup_mk66f18.o
CAN1_DriverIRQHandler                             ./startup/startup_mk66f18.o
CAN1_Error_IRQHandler                             ./startup/startup_mk66f18.o
CAN1_ORed_Message_buffer_IRQHandler               ./startup/startup_mk66f18.o
CAN1_Rx_Warning_IRQHandler                        ./startup/startup_mk66f18.o
CAN1_Tx_Warning_IRQHandler                        ./startup/startup_mk66f18.o
CAN1_Wake_Up_IRQHandler                           ./startup/startup_mk66f18.o
CLOCK_BootToBlpeMode                              ./drivers/fsl_clock.o
CLOCK_BootToBlpiMode                              ./drivers/fsl_clock.o
                                                  ./board/clock_config.o
CLOCK_BootToFeeMode                               ./drivers/fsl_clock.o
CLOCK_BootToFeiMode                               ./drivers/fsl_clock.o
CLOCK_BootToPeeMode                               ./drivers/fsl_clock.o
                                                  ./board/clock_config.o
CLOCK_CalcPllDiv                                  ./drivers/fsl_clock.o
CLOCK_ClearStatusFlags                            ./drivers/fsl_clock.o
CLOCK_DeinitOsc0                                  ./drivers/fsl_clock.o
CLOCK_DisableUsbhs0Clock                          ./drivers/fsl_clock.o
CLOCK_DisableUsbhs0PfdClock                       ./drivers/fsl_clock.o
CLOCK_DisableUsbhs0PhyPllClock                    ./drivers/fsl_clock.o
CLOCK_EnablePll0                                  ./drivers/fsl_clock.o
CLOCK_EnableUsbfs0Clock                           ./drivers/fsl_clock.o
CLOCK_EnableUsbhs0Clock                           ./drivers/fsl_clock.o
CLOCK_EnableUsbhs0PfdClock                        ./drivers/fsl_clock.o
CLOCK_EnableUsbhs0PhyPllClock                     ./drivers/fsl_clock.o
CLOCK_ExternalModeToFbeModeQuick                  ./drivers/fsl_clock.o
CLOCK_GetBusClkFreq                               ./drivers/fsl_clock.o
CLOCK_GetCoreSysClkFreq                           ./drivers/fsl_clock.o
                                                  ./board/board.o
CLOCK_GetEr32kClkFreq                             ./drivers/fsl_clock.o
CLOCK_GetExtPllFreq                               ./drivers/fsl_clock.o
CLOCK_GetFixedFreqClkFreq                         ./drivers/fsl_clock.o
CLOCK_GetFlashClkFreq                             ./drivers/fsl_clock.o
CLOCK_GetFlexBusClkFreq                           ./drivers/fsl_clock.o
CLOCK_GetFllFreq                                  ./drivers/fsl_clock.o
CLOCK_GetFreq                                     ./drivers/fsl_clock.o
CLOCK_GetInternalRefClkFreq                       ./drivers/fsl_clock.o
CLOCK_GetMode                                     ./drivers/fsl_clock.o
CLOCK_GetOsc0ErClkDivFreq                         ./drivers/fsl_clock.o
CLOCK_GetOsc0ErClkFreq                            ./drivers/fsl_clock.o
CLOCK_GetOsc0ErClkUndivFreq                       ./drivers/fsl_clock.o
CLOCK_GetOutClkFreq                               ./drivers/fsl_clock.o
CLOCK_GetPlatClkFreq                              ./drivers/fsl_clock.o
CLOCK_GetPll0Freq                                 ./drivers/fsl_clock.o
CLOCK_GetPllFllSelClkFreq                         ./drivers/fsl_clock.o
CLOCK_GetStatusFlags                              ./drivers/fsl_clock.o
CLOCK_InitOsc0                                    ./drivers/fsl_clock.o
                                                  ./board/clock_config.o
CLOCK_InternalModeToFbiModeQuick                  ./drivers/fsl_clock.o
CLOCK_SetBlpeMode                                 ./drivers/fsl_clock.o
CLOCK_SetBlpiMode                                 ./drivers/fsl_clock.o
CLOCK_SetExtPllFreq                               ./drivers/fsl_clock.o
CLOCK_SetExtPllMonitorMode                        ./drivers/fsl_clock.o
CLOCK_SetExternalRefClkConfig                     ./drivers/fsl_clock.o
                                                  ./board/clock_config.o
CLOCK_SetFastIrcFreq                              ./drivers/fsl_clock.o
CLOCK_SetFbeMode                                  ./drivers/fsl_clock.o
CLOCK_SetFbiMode                                  ./drivers/fsl_clock.o
CLOCK_SetFeeMode                                  ./drivers/fsl_clock.o
CLOCK_SetFeiMode                                  ./drivers/fsl_clock.o
CLOCK_SetInternalRefClkConfig                     ./drivers/fsl_clock.o
                                                  ./board/clock_config.o
CLOCK_SetMcgConfig                                ./drivers/fsl_clock.o
CLOCK_SetOsc0MonitorMode                          ./drivers/fsl_clock.o
CLOCK_SetPbeMode                                  ./drivers/fsl_clock.o
CLOCK_SetPeeMode                                  ./drivers/fsl_clock.o
CLOCK_SetPll0MonitorMode                          ./drivers/fsl_clock.o
CLOCK_SetPllClkSel                                ./drivers/fsl_clock.o
CLOCK_SetRtcOscMonitorMode                        ./drivers/fsl_clock.o
CLOCK_SetSimConfig                                ./drivers/fsl_clock.o
                                                  ./board/clock_config.o
CLOCK_SetSlowIrcFreq                              ./drivers/fsl_clock.o
CLOCK_TrimInternalRefClk                          ./drivers/fsl_clock.o
CMP0_DriverIRQHandler                             ./startup/startup_mk66f18.o
CMP0_IRQHandler                                   ./startup/startup_mk66f18.o
CMP1_DriverIRQHandler                             ./startup/startup_mk66f18.o
CMP1_IRQHandler                                   ./startup/startup_mk66f18.o
CMP2_DriverIRQHandler                             ./startup/startup_mk66f18.o
CMP2_IRQHandler                                   ./startup/startup_mk66f18.o
CMP3_DriverIRQHandler                             ./startup/startup_mk66f18.o
CMP3_IRQHandler                                   ./startup/startup_mk66f18.o
CMT_DriverIRQHandler                              ./startup/startup_mk66f18.o
CMT_IRQHandler                                    ./startup/startup_mk66f18.o
DAC0_DriverIRQHandler                             ./startup/startup_mk66f18.o
DAC0_IRQHandler                                   ./startup/startup_mk66f18.o
DAC1_DriverIRQHandler                             ./startup/startup_mk66f18.o
DAC1_IRQHandler                                   ./startup/startup_mk66f18.o
DMA0_DMA16_DriverIRQHandler                       ./startup/startup_mk66f18.o
DMA0_DMA16_IRQHandler                             ./startup/startup_mk66f18.o
DMA10_DMA26_DriverIRQHandler                      ./startup/startup_mk66f18.o
DMA10_DMA26_IRQHandler                            ./startup/startup_mk66f18.o
DMA11_DMA27_DriverIRQHandler                      ./startup/startup_mk66f18.o
DMA11_DMA27_IRQHandler                            ./startup/startup_mk66f18.o
DMA12_DMA28_DriverIRQHandler                      ./startup/startup_mk66f18.o
DMA12_DMA28_IRQHandler                            ./startup/startup_mk66f18.o
DMA13_DMA29_DriverIRQHandler                      ./startup/startup_mk66f18.o
DMA13_DMA29_IRQHandler                            ./startup/startup_mk66f18.o
DMA14_DMA30_DriverIRQHandler                      ./startup/startup_mk66f18.o
DMA14_DMA30_IRQHandler                            ./startup/startup_mk66f18.o
DMA15_DMA31_DriverIRQHandler                      ./startup/startup_mk66f18.o
DMA15_DMA31_IRQHandler                            ./startup/startup_mk66f18.o
DMA1_DMA17_DriverIRQHandler                       ./startup/startup_mk66f18.o
DMA1_DMA17_IRQHandler                             ./startup/startup_mk66f18.o
DMA2_DMA18_DriverIRQHandler                       ./startup/startup_mk66f18.o
DMA2_DMA18_IRQHandler                             ./startup/startup_mk66f18.o
DMA3_DMA19_DriverIRQHandler                       ./startup/startup_mk66f18.o
DMA3_DMA19_IRQHandler                             ./startup/startup_mk66f18.o
DMA4_DMA20_DriverIRQHandler                       ./startup/startup_mk66f18.o
DMA4_DMA20_IRQHandler                             ./startup/startup_mk66f18.o
DMA5_DMA21_DriverIRQHandler                       ./startup/startup_mk66f18.o
DMA5_DMA21_IRQHandler                             ./startup/startup_mk66f18.o
DMA6_DMA22_DriverIRQHandler                       ./startup/startup_mk66f18.o
DMA6_DMA22_IRQHandler                             ./startup/startup_mk66f18.o
DMA7_DMA23_DriverIRQHandler                       ./startup/startup_mk66f18.o
DMA7_DMA23_IRQHandler                             ./startup/startup_mk66f18.o