C:\Users\pintoa9\Documents\COMPENG4DS4\lab 1\prob_5_test\frdmk66f_ecompass_peripheral\CMSIS/core_cm4.h:1809:22:__NVIC_SetPriority	16	static
C:\Users\pintoa9\Documents\COMPENG4DS4\lab 1\prob_5_test\frdmk66f_ecompass_peripheral\CMSIS/core_cm4.h:2017:26:SysTick_Config	16	static
C:\Users\pintoa9\Documents\COMPENG4DS4\lab 1\prob_5_test\frdmk66f_ecompass_peripheral\drivers/fsl_gpio.h:162:20:GPIO_PinWrite	24	static
../source/ecompass_peripheral.c:161:13:HW_Timer_init	8	static
../source/ecompass_peripheral.c:167:6:SysTick_Handler	4	static
../source/ecompass_peripheral.c:172:13:Delay	16	static
../source/ecompass_peripheral.c:180:13:Sensor_ReadData	40	static
../source/ecompass_peripheral.c:200:13:Magnetometer_Calibrate	32	static
../source/ecompass_peripheral.c:251:5:main	112	static
../source/ecompass_peripheral.c:430:6:setupSPI	48	static
../source/ecompass_peripheral.c:456:6:voltageRegulatorEnable	16	static
../source/ecompass_peripheral.c:465:6:accelerometerEnable	16	static
../source/ecompass_peripheral.c:474:10:SPI_read	48	static
../source/ecompass_peripheral.c:496:10:SPI_write	48	static
