C:\Users\hassam41.ECE\Documents\COMPENG4DS4\Project 1\frdmk66f_freertos_hello_test\drivers/fsl_clock.h:725:20:CLOCK_EnableClock	24	static
C:\Users\hassam41.ECE\Documents\COMPENG4DS4\Project 1\frdmk66f_freertos_hello_test\drivers/fsl_port.h:374:20:PORT_SetPinMux	24	static
C:\Users\hassam41.ECE\Documents\COMPENG4DS4\Project 1\frdmk66f_freertos_hello_test\drivers/fsl_ftm.h:731:20:FTM_StartTimer	24	static
C:\Users\hassam41.ECE\Documents\COMPENG4DS4\Project 1\frdmk66f_freertos_hello_test\drivers/fsl_ftm.h:1027:20:FTM_SetSoftwareTrigger	16	static
../source/LED_Component.c:5:6:setupLEDComponent	24	static
../source/LED_Component.c:20:6:setupLEDPins	8	static
../source/LED_Component.c:39:6:setupLEDs	56	static
../source/LED_Component.c:85:6:ledTask	40	static
