C:\Users\hassam41.ECE\Documents\COMPENG4DS4\Project 1\frdmk66f_freertos_hello_test\drivers/fsl_clock.h:725:20:CLOCK_EnableClock	24	static
C:\Users\hassam41.ECE\Documents\COMPENG4DS4\Project 1\frdmk66f_freertos_hello_test\drivers/fsl_port.h:374:20:PORT_SetPinMux	24	static
C:\Users\hassam41.ECE\Documents\COMPENG4DS4\Project 1\frdmk66f_freertos_hello_test\drivers/fsl_ftm.h:731:20:FTM_StartTimer	24	static
C:\Users\hassam41.ECE\Documents\COMPENG4DS4\Project 1\frdmk66f_freertos_hello_test\drivers/fsl_ftm.h:1027:20:FTM_SetSoftwareTrigger	16	static
../source/Motor_Control_Component.c:6:6:setupMotorComponent	24	static
../source/Motor_Control_Component.c:39:6:setupMotorPins	8	static
../source/Motor_Control_Component.c:49:6:setupDCMotor	56	static
../source/Motor_Control_Component.c:71:6:setupServo	56	static
../source/Motor_Control_Component.c:93:6:updatePWM_dutyCycle	32	static
../source/Motor_Control_Component.c:119:6:motorTask	32	static
../source/Motor_Control_Component.c:145:6:positionTask	32	static
