C:\Users\hassam41.ECE\Documents\COMPENG4DS4\Project 1\frdmk66f_freertos_hello_test\drivers/fsl_clock.h:725:20:CLOCK_EnableClock	24	static
C:\Users\hassam41.ECE\Documents\COMPENG4DS4\Project 1\frdmk66f_freertos_hello_test\drivers/fsl_port.h:374:20:PORT_SetPinMux	24	static
../source/RC_Receiver_Component.c:6:6:setupRCReceiverComponent	24	static
../source/RC_Receiver_Component.c:26:6:setupRCPins	8	static
../source/RC_Receiver_Component.c:33:6:setupUART_RC	24	static
../source/RC_Receiver_Component.c:46:6:rcTask	56	static
