Archive member included to satisfy reference by file (symbol)

c:/nxp/mcuxpressoide_11.6.1_8255/ide/plugins/com.nxp.mcuxpresso.tools.win32_11.6.1.202207200623/tools/bin/../lib/gcc/arm-none-eabi/10.3.1/../../../../arm-none-eabi/lib/thumb/v7e-m+fp/hard\libcr_semihost_nf.a(_cr__main.o)
                              ./startup/startup_mk66f18.o (__main)
c:/nxp/mcuxpressoide_11.6.1_8255/ide/plugins/com.nxp.mcuxpresso.tools.win32_11.6.1.202207200623/tools/bin/../lib/gcc/arm-none-eabi/10.3.1/../../../../arm-none-eabi/lib/thumb/v7e-m+fp/hard\libcr_c.a(memcpy.o)
                              ./source/bubble.o (memcpy)
c:/nxp/mcuxpressoide_11.6.1_8255/ide/plugins/com.nxp.mcuxpresso.tools.win32_11.6.1.202207200623/tools/bin/../lib/gcc/arm-none-eabi/10.3.1/../../../../arm-none-eabi/lib/thumb/v7e-m+fp/hard\libcr_c.a(memset.o)
                              ./drivers/fsl_dspi.o (memset)
c:/nxp/mcuxpressoide_11.6.1_8255/ide/plugins/com.nxp.mcuxpresso.tools.win32_11.6.1.202207200623/tools/bin/../lib/gcc/arm-none-eabi/10.3.1/../../../../arm-none-eabi/lib/thumb/v7e-m+fp/hard\libcr_c.a(alloc.o)
                              ./source/bubble.o (malloc)
c:/nxp/mcuxpressoide_11.6.1_8255/ide/plugins/com.nxp.mcuxpresso.tools.win32_11.6.1.202207200623/tools/bin/../lib/gcc/arm-none-eabi/10.3.1/../../../../arm-none-eabi/lib/thumb/v7e-m+fp/hard\libcr_c.a(floor.o)
                              ./source/bubble.o (floor)
c:/nxp/mcuxpressoide_11.6.1_8255/ide/plugins/com.nxp.mcuxpresso.tools.win32_11.6.1.202207200623/tools/bin/../lib/gcc/arm-none-eabi/10.3.1/../../../../arm-none-eabi/lib/thumb/v7e-m+fp/hard\libcr_c.a(initio.o)
                              c:/nxp/mcuxpressoide_11.6.1_8255/ide/plugins/com.nxp.mcuxpresso.tools.win32_11.6.1.202207200623/tools/bin/../lib/gcc/arm-none-eabi/10.3.1/../../../../arm-none-eabi/lib/thumb/v7e-m+fp/hard\libcr_semihost_nf.a(_cr__main.o) (_initio)
c:/nxp/mcuxpressoide_11.6.1_8255/ide/plugins/com.nxp.mcuxpresso.tools.win32_11.6.1.202207200623/tools/bin/../lib/gcc/arm-none-eabi/10.3.1/../../../../arm-none-eabi/lib/thumb/v7e-m+fp/hard\libcr_c.a(printf.o)
                              ./utilities/fsl_assert.o (_printf)
c:/nxp/mcuxpressoide_11.6.1_8255/ide/plugins/com.nxp.mcuxpresso.tools.win32_11.6.1.202207200623/tools/bin/../lib/gcc/arm-none-eabi/10.3.1/../../../../arm-none-eabi/lib/thumb/v7e-m+fp/hard\libcr_c.a(setvbuf.o)
                              c:/nxp/mcuxpressoide_11.6.1_8255/ide/plugins/com.nxp.mcuxpresso.tools.win32_11.6.1.202207200623/tools/bin/../lib/gcc/arm-none-eabi/10.3.1/../../../../arm-none-eabi/lib/thumb/v7e-m+fp/hard\libcr_c.a(initio.o) (setvbuf)
c:/nxp/mcuxpressoide_11.6.1_8255/ide/plugins/com.nxp.mcuxpresso.tools.win32_11.6.1.202207200623/tools/bin/../lib/gcc/arm-none-eabi/10.3.1/../../../../arm-none-eabi/lib/thumb/v7e-m+fp/hard\libcr_c.a(strlen.o)
                              c:/nxp/mcuxpressoide_11.6.1_8255/ide/plugins/com.nxp.mcuxpresso.tools.win32_11.6.1.202207200623/tools/bin/../lib/gcc/arm-none-eabi/10.3.1/../../../../arm-none-eabi/lib/thumb/v7e-m+fp/hard\libcr_c.a(printf.o) (strlen)
c:/nxp/mcuxpressoide_11.6.1_8255/ide/plugins/com.nxp.mcuxpresso.tools.win32_11.6.1.202207200623/tools/bin/../lib/gcc/arm-none-eabi/10.3.1/../../../../arm-none-eabi/lib/thumb/v7e-m+fp/hard\libcr_c.a(__init_alloc.o)
                              c:/nxp/mcuxpressoide_11.6.1_8255/ide/plugins/com.nxp.mcuxpresso.tools.win32_11.6.1.202207200623/tools/bin/../lib/gcc/arm-none-eabi/10.3.1/../../../../arm-none-eabi/lib/thumb/v7e-m+fp/hard\libcr_c.a(alloc.o) (__heaps)
c:/nxp/mcuxpressoide_11.6.1_8255/ide/plugins/com.nxp.mcuxpresso.tools.win32_11.6.1.202207200623/tools/bin/../lib/gcc/arm-none-eabi/10.3.1/../../../../arm-none-eabi/lib/thumb/v7e-m+fp/hard\libcr_c.a(_cr_sbrk.o)
                              c:/nxp/mcuxpressoide_11.6.1_8255/ide/plugins/com.nxp.mcuxpresso.tools.win32_11.6.1.202207200623/tools/bin/../lib/gcc/arm-none-eabi/10.3.1/../../../../arm-none-eabi/lib/thumb/v7e-m+fp/hard\libcr_c.a(alloc.o) (_sbrk)
c:/nxp/mcuxpressoide_11.6.1_8255/ide/plugins/com.nxp.mcuxpresso.tools.win32_11.6.1.202207200623/tools/bin/../lib/gcc/arm-none-eabi/10.3.1/../../../../arm-none-eabi/lib/thumb/v7e-m+fp/hard\libcr_c.a(_deferredlazyseek.o)
                              c:/nxp/mcuxpressoide_11.6.1_8255/ide/plugins/com.nxp.mcuxpresso.tools.win32_11.6.1.202207200623/tools/bin/../lib/gcc/arm-none-eabi/10.3.1/../../../../arm-none-eabi/lib/thumb/v7e-m+fp/hard\libcr_c.a(printf.o) (__flsbuf)
c:/nxp/mcuxpressoide_11.6.1_8255/ide/plugins/com.nxp.mcuxpresso.tools.win32_11.6.1.202207200623/tools/bin/../lib/gcc/arm-none-eabi/10.3.1/../../../../arm-none-eabi/lib/thumb/v7e-m+fp/hard\libcr_c.a(_fdopen.o)
                              c:/nxp/mcuxpressoide_11.6.1_8255/ide/plugins/com.nxp.mcuxpresso.tools.win32_11.6.1.202207200623/tools/bin/../lib/gcc/arm-none-eabi/10.3.1/../../../../arm-none-eabi/lib/thumb/v7e-m+fp/hard\libcr_c.a(initio.o) (_fdopen)
[...]
Memory Configuration

Name             Origin             Length             Attributes
PROGRAM_FLASH    0x00000000         0x00200000         xr
SRAM_UPPER       0x20000000         0x00030000         xrw
SRAM_LOWER       0x1fff0000         0x00010000         xrw
FLEX_RAM         0x14000000         0x00001000         xrw
*default*        0x00000000         0xffffffff

Linker script and memory map

LOAD ./utilities/fsl_assert.o
LOAD ./utilities/fsl_debug_console.o
LOAD ./startup/startup_mk66f18.o
LOAD ./source/bubble.o
LOAD ./source/semihost_hardfault.o
LOAD ./drivers/fsl_clock.o
LOAD ./drivers/fsl_common.o
LOAD ./drivers/fsl_common_arm.o
LOAD ./drivers/fsl_dspi.o
LOAD ./drivers/fsl_ftfx_cache.o
LOAD ./drivers/fsl_ftfx_controller.o
LOAD ./drivers/fsl_ftfx_flash.o
LOAD ./drivers/fsl_ftfx_flexnvm.o
LOAD ./drivers/fsl_ftm.o
LOAD ./drivers/fsl_gpio.o
LOAD ./drivers/fsl_i2c.o
LOAD ./drivers/fsl_lpuart.o
LOAD ./drivers/fsl_rtc.o
LOAD ./drivers/fsl_smc.o
LOAD ./drivers/fsl_uart.o
LOAD ./device/system_MK66F18.o
LOAD ./component/uart/fsl_adapter_uart.o
LOAD ./component/lists/fsl_component_generic_list.o
LOAD ./board/board.o
LOAD ./board/clock_config.o
LOAD ./board/peripherals.o
LOAD ./board/pin_mux.o
LOAD ./accel/fsl_fxos.o
START GROUP
LOAD c:/nxp/mcuxpressoide_11.6.1_8255/ide/plugins/com.nxp.mcuxpresso.tools.win32_11.6.1.202207200623/tools/bin/../lib/gcc/arm-none-eabi/10.3.1/../../../../arm-none-eabi/lib/thumb/v7e-m+fp/hard\libcr_semihost_nf.a
LOAD c:/nxp/mcuxpressoide_11.6.1_8255/ide/plugins/com.nxp.mcuxpresso.tools.win32_11.6.1.202207200623/tools/bin/../lib/gcc/arm-none-eabi/10.3.1/../../../../arm-none-eabi/lib/thumb/v7e-m+fp/hard\libcr_c.a
LOAD c:/nxp/mcuxpressoide_11.6.1_8255/ide/plugins/com.nxp.mcuxpresso.tools.win32_11.6.1.202207200623/tools/bin/../lib/gcc/arm-none-eabi/10.3.1/thumb/v7e-m+fp/hard\libcr_eabihelpers.a
LOAD c:/nxp/mcuxpressoide_11.6.1_8255/ide/plugins/com.nxp.mcuxpresso.tools.win32_11.6.1.202207200623/tools/bin/../lib/gcc/arm-none-eabi/10.3.1/thumb/v7e-m+fp/hard\libgcc.a
END GROUP
                0x00000000                __base_PROGRAM_FLASH = 0x0
                0x00000000                __base_Flash = 0x0
                0x00200000                __top_PROGRAM_FLASH = 0x200000
                0x00200000                __top_Flash = 0x200000
                0x20000000                __base_SRAM_UPPER = 0x20000000
                0x20000000                __base_RAM = 0x20000000
                0x20030000                __top_SRAM_UPPER = 0x20030000
                0x20030000                __top_RAM = 0x20030000
                0x1fff0000                __base_SRAM_LOWER = 0x1fff0000
                0x1fff0000                __base_RAM2 = 0x1fff0000
                0x20000000                __top_SRAM_LOWER = 0x20000000
                0x20000000                __top_RAM2 = 0x20000000
                0x14000000                __base_FLEX_RAM = 0x14000000
                0x14000000                __base_RAM3 = 0x14000000
                0x14001000                __top_FLEX_RAM = 0x14001000
                0x14001000                __top_RAM3 = 0x14001000

.text           0x00000000     0x4180
 FILL mask 0xff
                0x00000000                __vectors_start__ = ABSOLUTE (.)
 *(SORT_BY_ALIGNMENT(.isr_vector))
 .isr_vector    0x00000000      0x1d0 ./startup/startup_mk66f18.o
                0x00000000                g_pfnVectors
                0x00000000                __Vectors
                0x000001d0                . = ALIGN (0x4)
                0x000001d0                __section_table_start = .
                0x000001d0                __data_section_table = .
                0x000001d0        0x4 LONG 0x4180 LOADADDR (.data)
                0x000001d4        0x4 LONG 0x20000000 ADDR (.data)
                0x000001d8        0x4 LONG 0x8 SIZEOF (.data)
                0x000001dc        0x4 LONG 0x4180 LOADADDR (.data_RAM2)
                0x000001e0        0x4 LONG 0x1fff0000 ADDR (.data_RAM2)
                0x000001e4        0x4 LONG 0x0 SIZEOF (.data_RAM2)
                0x000001e8        0x4 LONG 0x4180 LOADADDR (.data_RAM3)
                0x000001ec        0x4 LONG 0x14000000 ADDR (.data_RAM3)
                0x000001f0        0x4 LONG 0x0 SIZEOF (.data_RAM3)
                0x000001f4                __data_section_table_end = .
                0x000001f4                __bss_section_table = .
                0x000001f4        0x4 LONG 0x20000008 ADDR (.bss)
                0x000001f8        0x4 LONG 0x110 SIZEOF (.bss)
                0x000001fc        0x4 LONG 0x1fff0000 ADDR (.bss_RAM2)
                0x00000200        0x4 LONG 0x0 SIZEOF (.bss_RAM2)
                0x00000204        0x4 LONG 0x14000000 ADDR (.bss_RAM3)
                0x00000208        0x4 LONG 0x0 SIZEOF (.bss_RAM3)
                0x0000020c                __bss_section_table_end = .
                0x0000020c                __section_table_end = .
 *(SORT_BY_ALIGNMENT(.after_vectors*))
 .after_vectors.reset
                0x0000020c       0x4c ./startup/startup_mk66f18.o
                0x0000020c                ResetISR
 .after_vectors.init_data
                0x00000258       0x1e ./startup/startup_mk66f18.o
                0x00000258                data_init
 .after_vectors.init_bss
                0x00000276       0x12 ./startup/startup_mk66f18.o
                0x00000276                bss_init
 .after_vectors
                0x00000288       0x14 ./startup/startup_mk66f18.o
                0x00000288                NMI_Handler
                0x0000028c                MemManage_Handler
                0x0000028e                BusFault_Handler
                0x00000290                UsageFault_Handler
                0x00000292                SVC_Handler
                0x00000294                DebugMon_Handler
                0x00000296                PendSV_Handler
                0x00000298                SysTick_Handler
                0x0000029a                FTM1_DriverIRQHandler
                0x0000029a                FTM2_DriverIRQHandler
                0x0000029a                PIT2_DriverIRQHandler
                0x0000029a                TPM2_DriverIRQHandler
                0x0000029a                SDHC_DriverIRQHandler
                0x0000029a                DMA7_DMA23_DriverIRQHandler
                0x0000029a                I2S0_Tx_DriverIRQHandler
                0x0000029a                TSI0_DriverIRQHandler
                0x0000029a                RTC_Seconds_DriverIRQHandler
                0x0000029a                CMP3_DriverIRQHandler
                0x0000029a                LLWU_DriverIRQHandler
                0x0000029a                MCM_DriverIRQHandler
                0x0000029a                DMA14_DMA30_DriverIRQHandler
                0x0000029a                MCG_DriverIRQHandler
                0x0000029a                ENET_1588_Timer_DriverIRQHandler
                0x0000029a                DAC1_DriverIRQHandler
                0x0000029a                DMA_Error_DriverIRQHandler
                0x0000029a                CMP1_DriverIRQHandler
                0x0000029a                USBHSDCD_DriverIRQHandler
                0x0000029a                DMA0_DMA16_DriverIRQHandler
                0x0000029a                FTM0_DriverIRQHandler
                0x0000029a                IntDefaultHandler
                0x0000029a                USB0_DriverIRQHandler
                0x0000029a                PORTC_DriverIRQHandler
                0x0000029a                DMA2_DMA18_DriverIRQHandler
                0x0000029a                DAC0_DriverIRQHandler
                0x0000029a                CMP2_DriverIRQHandler
                0x0000029a                UART2_ERR_DriverIRQHandler
                0x0000029a                LVD_LVW_DriverIRQHandler
                0x0000029a                Reserved84_DriverIRQHandler
                0x0000029a                PIT0_DriverIRQHandler
                0x0000029a                LPTMR0_DriverIRQHandler
                0x0000029a                USBDCD_DriverIRQHandler
                0x0000029a                UART3_ERR_DriverIRQHandler
                0x0000029a                DMA12_DMA28_DriverIRQHandler
                0x0000029a                DMA10_DMA26_DriverIRQHandler
                0x0000029a                UART0_ERR_DriverIRQHandler
                0x0000029a                CMT_DriverIRQHandler
                0x0000029a                Reserved71_DriverIRQHandler
                0x0000029a                ADC1_DriverIRQHandler
                0x0000029a                PORTA_DriverIRQHandler
                0x0000029a                DMA1_DMA17_DriverIRQHandler
                0x0000029a                PIT3_DriverIRQHandler
                0x0000029a                PIT1_DriverIRQHandler
                0x0000029a                TPM1_DriverIRQHandler
                0x0000029a                WDOG_EWM_DriverIRQHandler
                0x0000029a                PDB0_DriverIRQHandler
                0x0000029a                DMA8_DMA24_DriverIRQHandler
                0x0000029a                DMA6_DMA22_DriverIRQHandler
                0x0000029a                RTC_DriverIRQHandler
                0x0000029a                I2S0_Rx_DriverIRQHandler
                0x0000029a                Read_Collision_DriverIRQHandler
                0x0000029a                SWI_DriverIRQHandler
                0x0000029a                UART4_ERR_DriverIRQHandler
                0x0000029a                PORTB_DriverIRQHandler
                0x0000029a                DMA13_DMA29_DriverIRQHandler
                0x0000029a                DMA11_DMA27_DriverIRQHandler
                0x0000029a                DMA4_DMA20_DriverIRQHandler
                0x0000029a                DMA9_DMA25_DriverIRQHandler
                0x0000029a                ENET_Receive_DriverIRQHandler
                0x0000029a                DMA3_DMA19_DriverIRQHandler
                0x0000029a                ENET_Error_DriverIRQHandler
                0x0000029a                Reserved85_DriverIRQHandler
                0x0000029a                ADC0_DriverIRQHandler
                0x0000029a                USBHS_DriverIRQHandler
                0x0000029a                CMP0_DriverIRQHandler
                0x0000029a                CAN0_DriverIRQHandler
                0x0000029a                FTM3_DriverIRQHandler
                0x0000029a                DMA5_DMA21_DriverIRQHandler
                0x0000029a                RNG_DriverIRQHandler
                0x0000029a                DMA15_DMA31_DriverIRQHandler
                0x0000029a                UART1_ERR_DriverIRQHandler
                0x0000029a                ENET_Transmit_DriverIRQHandler
                0x0000029a                PORTD_DriverIRQHandler
                0x0000029a                Reserved46_DriverIRQHandler
                0x0000029a                PORTE_DriverIRQHandler
                0x0000029a                FTFE_DriverIRQHandler
                0x0000029a                CAN1_DriverIRQHandler
                0x00000400                . = 0x400
 *fill*         0x0000029c      0x164 ff
                0x00000400                PROVIDE (__FLASH_CONFIG_START__ = .)
 *(SORT_BY_ALIGNMENT(.FlashConfig))
 .FlashConfig   0x00000400       0x10 ./startup/startup_mk66f18.o
                0x00000400                Flash_Config
                0x00000410                PROVIDE (__FLASH_CONFIG_END__ = .)
                0x00000001                ASSERT (! ((__FLASH_CONFIG_START__ == __FLASH_CONFIG_END__)), Linker Flash Config Support Enabled, but no .FlashConfig section provided within application)
 *(SORT_BY_ALIGNMENT(.text*))
 .text.__assertion_failed
                0x00000410       0x18 ./utilities/fsl_assert.o
                0x00000410                __assertion_failed
 .text.main     0x00000428      0x290 ./source/bubble.o
                0x00000428                main
 .text.setupSPI
                0x000006b8       0x70 ./source/bubble.o
                0x000006b8                setupSPI
 .text.voltageRegulatorEnable
                0x00000728       0x30 ./source/bubble.o
                0x00000728                voltageRegulatorEnable
 .text.accelerometerEnable
                0x00000758       0x30 ./source/bubble.o
                0x00000758                accelerometerEnable
 .text.SPI_read
                0x00000788       0x8c ./source/bubble.o
                0x00000788                SPI_read
 .text.SPI_write
                0x00000814       0x7c ./source/bubble.o
                0x00000814                SPI_write
 .text.CLOCK_SetEr32kClock
                0x00000890       0x30 ./drivers/fsl_clock.o
 .text.CLOCK_SetPllFllSelClock
                0x000008c0       0x54 ./drivers/fsl_clock.o
 .text.CLOCK_SetSimConfig
                0x00000914       0x40 ./drivers/fsl_clock.o
                0x00000914                CLOCK_SetSimConfig
 .text.CLOCK_SetExternalRefClkConfig
                0x00000954       0x6c ./drivers/fsl_clock.o
                0x00000954                CLOCK_SetExternalRefClkConfig
 .text.CLOCK_SetInternalRefClkConfig
                0x000009c0      0x104 ./drivers/fsl_clock.o
                0x000009c0                CLOCK_SetInternalRefClkConfig
 .text.DSPI_GetInstance
                0x00000ac4       0x4c ./drivers/fsl_dspi.o
                0x00000ac4                DSPI_GetInstance
 .text.DSPI_GetDummyDataInstance
                0x00000b10       0x24 ./drivers/fsl_dspi.o
                0x00000b10                DSPI_GetDummyDataInstance
 .text.DSPI_SetDummyData
                0x00000b34       0x2c ./drivers/fsl_dspi.o
                0x00000b34                DSPI_SetDummyData
 .text.DSPI_MasterInit
                0x00000b60      0x16c ./drivers/fsl_dspi.o
                0x00000b60                DSPI_MasterInit
 .text.DSPI_MasterSetBaudRate
                0x00000ccc      0x12c ./drivers/fsl_dspi.o
                0x00000ccc                DSPI_MasterSetBaudRate
 .text.DSPI_MasterSetDelayScaler
                0x00000df8       0xe8 ./drivers/fsl_dspi.o
                0x00000df8                DSPI_MasterSetDelayScaler
 .text.DSPI_MasterSetDelayTimes
                0x00000ee0      0x130 ./drivers/fsl_dspi.o
                0x00000ee0                DSPI_MasterSetDelayTimes
 .text.DSPI_MasterTransferBlocking
                0x00001010      0x488 ./drivers/fsl_dspi.o
                0x00001010                DSPI_MasterTransferBlocking
 .text.DSPI_CommonIRQHandler
                0x00001498       0x44 ./drivers/fsl_dspi.o
 .text.SPI0_DriverIRQHandler
                0x000014dc       0x30 ./drivers/fsl_dspi.o
                0x000014dc                SPI0_DriverIRQHandler
 .text.SPI1_DriverIRQHandler
                0x0000150c       0x30 ./drivers/fsl_dspi.o
                0x0000150c                SPI1_DriverIRQHandler
 .text.SPI2_DriverIRQHandler
                0x0000153c       0x30 ./drivers/fsl_dspi.o
                0x0000153c                SPI2_DriverIRQHandler
 .text.GPIO_PinInit
                0x0000156c       0x64 ./drivers/fsl_gpio.o
                0x0000156c                GPIO_PinInit
 .text.I2C_TransferCommonIRQHandler
                0x000015d0       0x58 ./drivers/fsl_i2c.o
 .text.I2C0_DriverIRQHandler
                0x00001628       0x1c ./drivers/fsl_i2c.o
                0x00001628                I2C0_DriverIRQHandler
 .text.I2C1_DriverIRQHandler
                0x00001644       0x1c ./drivers/fsl_i2c.o
                0x00001644                I2C1_DriverIRQHandler
 .text.I2C2_DriverIRQHandler
                0x00001660       0x1c ./drivers/fsl_i2c.o
                0x00001660                I2C2_DriverIRQHandler
 .text.I2C3_DriverIRQHandler
                0x0000167c       0x1c ./drivers/fsl_i2c.o
                0x0000167c                I2C3_DriverIRQHandler
 .text.LPUART0_DriverIRQHandler
                0x00001698       0x28 ./drivers/fsl_lpuart.o
                0x00001698                LPUART0_DriverIRQHandler
 .text.UART0_DriverIRQHandler
                0x000016c0       0x28 ./drivers/fsl_uart.o
                0x000016c0                UART0_DriverIRQHandler
 .text.UART1_DriverIRQHandler
                0x000016e8       0x28 ./drivers/fsl_uart.o
                0x000016e8                UART1_DriverIRQHandler
 .text.UART2_DriverIRQHandler
                0x00001710       0x28 ./drivers/fsl_uart.o
                0x00001710                UART2_DriverIRQHandler
 .text.UART3_DriverIRQHandler
                0x00001738       0x28 ./drivers/fsl_uart.o
                0x00001738                UART3_DriverIRQHandler
 .text.UART4_DriverIRQHandler
                0x00001760       0x28 ./drivers/fsl_uart.o
                0x00001760                UART4_DriverIRQHandler
 .text.SystemInit
                0x00001788       0x3c ./device/system_MK66F18.o
                0x00001788                SystemInit
 .text.CLOCK_SetSimSafeDivs
                0x000017c4       0x24 ./board/clock_config.o
 .text.CLOCK_CONFIG_SetFllExtRefDiv
                0x000017e8       0x3c ./board/clock_config.o
 .text.BOARD_BootClockRUN
                0x00001824       0x3c ./board/clock_config.o
                0x00001824                BOARD_BootClockRUN
 .text.BOARD_InitPins
                0x00001860       0x60 ./board/pin_mux.o
                0x00001860                BOARD_InitPins
 .text.FXOS_Init
                0x000018c0      0x190 ./accel/fsl_fxos.o
                0x000018c0                FXOS_Init
 .text.FXOS_ReadReg
                0x00001a50       0x58 ./accel/fsl_fxos.o
                0x00001a50                FXOS_ReadReg
 .text.FXOS_WriteReg
                0x00001aa8       0x44 ./accel/fsl_fxos.o
                0x00001aa8                FXOS_WriteReg
 .text.malloc   0x00001aec       0xc8 c:/nxp/mcuxpressoide_11.6.1_8255/ide/plugins/com.nxp.mcuxpresso.tools.win32_11.6.1.202207200623/tools/bin/../lib/gcc/arm-none-eabi/10.3.1/../../../../arm-none-eabi/lib/thumb/v7e-m+fp/hard\libcr_c.a(alloc.o)
                0x00001aec                malloc
 .text._Csys_alloc
                0x00001bb4       0x20 c:/nxp/mcuxpressoide_11.6.1_8255/ide/plugins/com.nxp.mcuxpresso.tools.win32_11.6.1.202207200623/tools/bin/../lib/gcc/arm-none-eabi/10.3.1/../../../../arm-none-eabi/lib/thumb/v7e-m+fp/hard\libcr_c.a(alloc.o)
                0x00001bb4                _Csys_alloc
 .text.floor    0x00001bd4       0x98 c:/nxp/mcuxpressoide_11.6.1_8255/ide/plugins/com.nxp.mcuxpresso.tools.win32_11.6.1.202207200623/tools/bin/../lib/gcc/arm-none-eabi/10.3.1/../../../../arm-none-eabi/lib/thumb/v7e-m+fp/hard\libcr_c.a(floor.o)
                0x00001bd4                floor
 .text._initio  0x00001c6c       0x78 c:/nxp/mcuxpressoide_11.6.1_8255/ide/plugins/com.nxp.mcuxpresso.tools.win32_11.6.1.202207200623/tools/bin/../lib/gcc/arm-none-eabi/10.3.1/../../../../arm-none-eabi/lib/thumb/v7e-m+fp/hard\libcr_c.a(initio.o)
                0x00001c6c                _initio
 .text.__vfprintf
                0x00001ce4      0xbf8 c:/nxp/mcuxpressoide_11.6.1_8255/ide/plugins/com.nxp.mcuxpresso.tools.win32_11.6.1.202207200623/tools/bin/../lib/gcc/arm-none-eabi/10.3.1/../../../../arm-none-eabi/lib/thumb/v7e-m+fp/hard\libcr_c.a(printf.o)
                0x00001ce4                __vfprintf
 .text._vsnprintf
                0x000028dc       0x68 c:/nxp/mcuxpressoide_11.6.1_8255/ide/plugins/com.nxp.mcuxpresso.tools.win32_11.6.1.202207200623/tools/bin/../lib/gcc/arm-none-eabi/10.3.1/../../../../arm-none-eabi/lib/thumb/v7e-m+fp/hard\libcr_c.a(printf.o)
                0x000028dc                _vsnprintf
 .text._printf  0x00002944       0x54 c:/nxp/mcuxpressoide_11.6.1_8255/ide/plugins/com.nxp.mcuxpresso.tools.win32_11.6.1.202207200623/tools/bin/../lib/gcc/arm-none-eabi/10.3.1/../../../../arm-none-eabi/lib/thumb/v7e-m+fp/hard\libcr_c.a(printf.o)
                0x00002944                _printf
 .text._sbrk    0x00002998       0x3c c:/nxp/mcuxpressoide_11.6.1_8255/ide/plugins/com.nxp.mcuxpresso.tools.win32_11.6.1.202207200623/tools/bin/../lib/gcc/arm-none-eabi/10.3.1/../../../../arm-none-eabi/lib/thumb/v7e-m+fp/hard\libcr_c.a(_cr_sbrk.o)
                0x00002998                _sbrk
 .text._Cwritebuf
                0x000029d4       0x6c c:/nxp/mcuxpressoide_11.6.1_8255/ide/plugins/com.nxp.mcuxpresso.tools.win32_11.6.1.202207200623/tools/bin/../lib/gcc/arm-none-eabi/10.3.1/../../../../arm-none-eabi/lib/thumb/v7e-m+fp/hard\libcr_c.a(_writebuf.o)
                0x000029d4                _Cwritebuf
 .text.fflush   0x00002a40       0x3c c:/nxp/mcuxpressoide_11.6.1_8255/ide/plugins/com.nxp.mcuxpresso.tools.win32_11.6.1.202207200623/tools/bin/../lib/gcc/arm-none-eabi/10.3.1/../../../../arm-none-eabi/lib/thumb/v7e-m+fp/hard\libcr_c.a(fflush.o)
                0x00002a40                fflush
 .text.fseek    0x00002a7c       0xfc c:/nxp/mcuxpressoide_11.6.1_8255/ide/plugins/com.nxp.mcuxpresso.tools.win32_11.6.1.202207200623/tools/bin/../lib/gcc/arm-none-eabi/10.3.1/../../../../arm-none-eabi/lib/thumb/v7e-m+fp/hard\libcr_c.a(fseek.o)
                0x00002a7c                fseek
 .text.ftell    0x00002b78       0x44 c:/nxp/mcuxpressoide_11.6.1_8255/ide/plugins/com.nxp.mcuxpresso.tools.win32_11.6.1.202207200623/tools/bin/../lib/gcc/arm-none-eabi/10.3.1/../../../../arm-none-eabi/lib/thumb/v7e-m+fp/hard\libcr_c.a(ftell.o)
                0x00002b78                ftell
 .text.__check_heap_overflow
                0x00002bbc       0x18 c:/nxp/mcuxpressoide_11.6.1_8255/ide/plugins/com.nxp.mcuxpresso.tools.win32_11.6.1.202207200623/tools/bin/../lib/gcc/arm-none-eabi/10.3.1/../../../../arm-none-eabi/lib/thumb/v7e-m+fp/hard\libcr_c.a(_cr_check_heap.o)
                0x00002bbc                __check_heap_overflow
 .text.__aeabi_dmul
                0x00002bd4       0xfc c:/nxp/mcuxpressoide_11.6.1_8255/ide/plugins/com.nxp.mcuxpresso.tools.win32_11.6.1.202207200623/tools/bin/../lib/gcc/arm-none-eabi/10.3.1/thumb/v7e-m+fp/hard\libcr_eabihelpers.a(double.o)
                0x00002bd4                __aeabi_dmul
 .text.__aeabi_ddiv
                0x00002cd0      0x138 c:/nxp/mcuxpressoide_11.6.1_8255/ide/plugins/com.nxp.mcuxpresso.tools.win32_11.6.1.202207200623/tools/bin/../lib/gcc/arm-none-eabi/10.3.1/thumb/v7e-m+fp/hard\libcr_eabihelpers.a(double.o)
                0x00002cd0                __aeabi_ddiv
 .text.__aeabi_dsub
                0x00002e08      0x1ac c:/nxp/mcuxpressoide_11.6.1_8255/ide/plugins/com.nxp.mcuxpresso.tools.win32_11.6.1.202207200623/tools/bin/../lib/gcc/arm-none-eabi/10.3.1/thumb/v7e-m+fp/hard\libcr_eabihelpers.a(double.o)
                0x00002e08                __aeabi_dsub
 .text.__aeabi_dadd
                0x00002fb4      0x114 c:/nxp/mcuxpressoide_11.6.1_8255/ide/plugins/com.nxp.mcuxpresso.tools.win32_11.6.1.202207200623/tools/bin/../lib/gcc/arm-none-eabi/10.3.1/thumb/v7e-m+fp/hard\libcr_eabihelpers.a(double.o)
                0x00002fb4                __aeabi_dadd
 .text.__sys_appexit
                0x000030c8        0xc c:/nxp/mcuxpressoide_11.6.1_8255/ide/plugins/com.nxp.mcuxpresso.tools.win32_11.6.1.202207200623/tools/bin/../lib/gcc/arm-none-eabi/10.3.1/../../../../arm-none-eabi/lib/thumb/v7e-m+fp/hard\libcr_semihost_nf.a(__sys_appexit.o)
                0x000030c8                __sys_appexit
                0x000030c8                __exit
 .text.DMA0_DMA16_IRQHandler
                0x000030d4        0x8 ./startup/startup_mk66f18.o
                0x000030d4                DMA0_DMA16_IRQHandler
 .text.DMA1_DMA17_IRQHandler
                0x000030dc        0x8 ./startup/startup_mk66f18.o
                0x000030dc                DMA1_DMA17_IRQHandler
 .text.DMA2_DMA18_IRQHandler
                0x000030e4        0x8 ./startup/startup_mk66f18.o
                0x000030e4                DMA2_DMA18_IRQHandler
 .text.DMA3_DMA19_IRQHandler
                0x000030ec        0x8 ./startup/startup_mk66f18.o
                0x000030ec                DMA3_DMA19_IRQHandler
 .text.DMA4_DMA20_IRQHandler
                0x000030f4        0x8 ./startup/startup_mk66f18.o
                0x000030f4                DMA4_DMA20_IRQHandler
 .text.DMA5_DMA21_IRQHandler
                0x000030fc        0x8 ./startup/startup_mk66f18.o
                0x000030fc                DMA5_DMA21_IRQHandler
 .text.DMA6_DMA22_IRQHandler
                0x00003104        0x8 ./startup/startup_mk66f18.o
                0x00003104                DMA6_DMA22_IRQHandler
 .text.DMA7_DMA23_IRQHandler
                0x0000310c        0x8 ./startup/startup_mk66f18.o
                0x0000310c                DMA7_DMA23_IRQHandler
 .text.DMA8_DMA24_IRQHandler
                0x00003114        0x8 ./startup/startup_mk66f18.o
                0x00003114                DMA8_DMA24_IRQHandler
 .text.DMA9_DMA25_IRQHandler
                0x0000311c        0x8 ./startup/startup_mk66f18.o
                0x0000311c                DMA9_DMA25_IRQHandler
 .text.DMA10_DMA26_IRQHandler
                0x00003124        0x8 ./startup/startup_mk66f18.o
                0x00003124                DMA10_DMA26_IRQHandler
 .text.DMA11_DMA27_IRQHandler
                0x0000312c        0x8 ./startup/startup_mk66f18.o
                0x0000312c                DMA11_DMA27_IRQHandler
 .text.DMA12_DMA28_IRQHandler
                0x00003134        0x8 ./startup/startup_mk66f18.o
                0x00003134                DMA12_DMA28_IRQHandler
 .text.DMA13_DMA29_IRQHandler
                0x0000313c        0x8 ./startup/startup_mk66f18.o
                0x0000313c                DMA13_DMA29_IRQHandler
 .text.DMA14_DMA30_IRQHandler
                0x00003144        0x8 ./startup/startup_mk66f18.o
                0x00003144                DMA14_DMA30_IRQHandler
 .text.DMA15_DMA31_IRQHandler
                0x0000314c        0x8 ./startup/startup_mk66f18.o
                0x0000314c                DMA15_DMA31_IRQHandler
 .text.DMA_Error_IRQHandler
                0x00003154        0x8 ./startup/startup_mk66f18.o
                0x00003154                DMA_Error_IRQHandler
 .text.MCM_IRQHandler
                0x0000315c        0x8 ./startup/startup_mk66f18.o
                0x0000315c                MCM_IRQHandler
 .text.FTFE_IRQHandler
                0x00003164        0x8 ./startup/startup_mk66f18.o
                0x00003164                FTFE_IRQHandler
 .text.Read_Collision_IRQHandler
                0x0000316c        0x8 ./startup/startup_mk66f18.o
                0x0000316c                Read_Collision_IRQHandler
 .text.LVD_LVW_IRQHandler
                0x00003174        0x8 ./startup/startup_mk66f18.o
                0x00003174                LVD_LVW_IRQHandler
 .text.LLWU_IRQHandler
                0x0000317c        0x8 ./startup/startup_mk66f18.o
                0x0000317c                LLWU_IRQHandler
 .text.WDOG_EWM_IRQHandler
                0x00003184        0x8 ./startup/startup_mk66f18.o
                0x00003184                WDOG_EWM_IRQHandler
 .text.RNG_IRQHandler
                0x0000318c        0x8 ./startup/startup_mk66f18.o
                0x0000318c                RNG_IRQHandler
 .text.I2C0_IRQHandler
                0x00003194        0x8 ./startup/startup_mk66f18.o
                0x00003194                I2C0_IRQHandler
 .text.I2C1_IRQHandler
                0x0000319c        0x8 ./startup/startup_mk66f18.o
                0x0000319c                I2C1_IRQHandler
 .text.SPI0_IRQHandler
                0x000031a4        0x8 ./startup/startup_mk66f18.o
                0x000031a4                SPI0_IRQHandler
 .text.SPI1_IRQHandler
                0x000031ac        0x8 ./startup/startup_mk66f18.o
                0x000031ac                SPI1_IRQHandler
 .text.I2S0_Tx_IRQHandler
                0x000031b4        0x8 ./startup/startup_mk66f18.o
                0x000031b4                I2S0_Tx_IRQHandler
 .text.I2S0_Rx_IRQHandler
                0x000031bc        0x8 ./startup/startup_mk66f18.o
                0x000031bc                I2S0_Rx_IRQHandler
 .text.Reserved46_IRQHandler
                0x000031c4        0x8 ./startup/startup_mk66f18.o
                0x000031c4                Reserved46_IRQHandler
 .text.UART0_RX_TX_IRQHandler
                0x000031cc        0x8 ./startup/startup_mk66f18.o
                0x000031cc                UART0_RX_TX_IRQHandler
 .text.UART0_ERR_IRQHandler
                0x000031d4        0x8 ./startup/startup_mk66f18.o
                0x000031d4                UART0_ERR_IRQHandler
 .text.UART1_RX_TX_IRQHandler
                0x000031dc        0x8 ./startup/startup_mk66f18.o
                0x000031dc                UART1_RX_TX_IRQHandler
 .text.UART1_ERR_IRQHandler
                0x000031e4        0x8 ./startup/startup_mk66f18.o
                0x000031e4                UART1_ERR_IRQHandler
 .text.UART2_RX_TX_IRQHandler
                0x000031ec        0x8 ./startup/startup_mk66f18.o
                0x000031ec                UART2_RX_TX_IRQHandler
 .text.UART2_ERR_IRQHandler
                0x000031f4        0x8 ./startup/startup_mk66f18.o
                0x000031f4                UART2_ERR_IRQHandler
 .text.UART3_RX_TX_IRQHandler
                0x000031fc        0x8 ./startup/startup_mk66f18.o
                0x000031fc                UART3_RX_TX_IRQHandler
 .text.UART3_ERR_IRQHandler
                0x00003204        0x8 ./startup/startup_mk66f18.o
                0x00003204                UART3_ERR_IRQHandler
 .text.ADC0_IRQHandler
                0x0000320c        0x8 ./startup/startup_mk66f18.o
                0x0000320c                ADC0_IRQHandler
 .text.CMP0_IRQHandler
                0x00003214        0x8 ./startup/startup_mk66f18.o
                0x00003214                CMP0_IRQHandler
 .text.CMP1_IRQHandler
                0x0000321c        0x8 ./startup/startup_mk66f18.o
                0x0000321c                CMP1_IRQHandler
 .text.FTM0_IRQHandler
                0x00003224        0x8 ./startup/startup_mk66f18.o
                0x00003224                FTM0_IRQHandler
 .text.FTM1_IRQHandler
                0x0000322c        0x8 ./startup/startup_mk66f18.o
                0x0000322c                FTM1_IRQHandler
 .text.FTM2_IRQHandler
                0x00003234        0x8 ./startup/startup_mk66f18.o
                0x00003234                FTM2_IRQHandler
 .text.CMT_IRQHandler
                0x0000323c        0x8 ./startup/startup_mk66f18.o
                0x0000323c                CMT_IRQHandler
 .text.RTC_IRQHandler
                0x00003244        0x8 ./startup/startup_mk66f18.o
                0x00003244                RTC_IRQHandler
 .text.RTC_Seconds_IRQHandler
                0x0000324c        0x8 ./startup/startup_mk66f18.o
                0x0000324c                RTC_Seconds_IRQHandler
 .text.PIT0_IRQHandler
                0x00003254        0x8 ./startup/startup_mk66f18.o
                0x00003254                PIT0_IRQHandler
 .text.PIT1_IRQHandler
                0x0000325c        0x8 ./startup/startup_mk66f18.o
                0x0000325c                PIT1_IRQHandler
 .text.PIT2_IRQHandler
                0x00003264        0x8 ./startup/startup_mk66f18.o
                0x00003264                PIT2_IRQHandler
 .text.PIT3_IRQHandler
                0x0000326c        0x8 ./startup/startup_mk66f18.o
                0x0000326c                PIT3_IRQHandler
 .text.PDB0_IRQHandler
                0x00003274        0x8 ./startup/startup_mk66f18.o
                0x00003274                PDB0_IRQHandler
 .text.USB0_IRQHandler
                0x0000327c        0x8 ./startup/startup_mk66f18.o
                0x0000327c                USB0_IRQHandler
 .text.USBDCD_IRQHandler
                0x00003284        0x8 ./startup/startup_mk66f18.o
                0x00003284                USBDCD_IRQHandler
 .text.Reserved71_IRQHandler
                0x0000328c        0x8 ./startup/startup_mk66f18.o
                0x0000328c                Reserved71_IRQHandler
 .text.DAC0_IRQHandler
                0x00003294        0x8 ./startup/startup_mk66f18.o
                0x00003294                DAC0_IRQHandler
 .text.MCG_IRQHandler
                0x0000329c        0x8 ./startup/startup_mk66f18.o
                0x0000329c                MCG_IRQHandler
 .text.LPTMR0_IRQHandler
                0x000032a4        0x8 ./startup/startup_mk66f18.o
                0x000032a4                LPTMR0_IRQHandler
 .text.PORTA_IRQHandler
                0x000032ac        0x8 ./startup/startup_mk66f18.o
                0x000032ac                PORTA_IRQHandler
 .text.PORTB_IRQHandler
                0x000032b4        0x8 ./startup/startup_mk66f18.o
                0x000032b4                PORTB_IRQHandler
 .text.PORTC_IRQHandler
                0x000032bc        0x8 ./startup/startup_mk66f18.o
                0x000032bc                PORTC_IRQHandler
 .text.PORTD_IRQHandler
                0x000032c4        0x8 ./startup/startup_mk66f18.o
                0x000032c4                PORTD_IRQHandler
 .text.PORTE_IRQHandler
                0x000032cc        0x8 ./startup/startup_mk66f18.o
                0x000032cc                PORTE_IRQHandler
 .text.SWI_IRQHandler
                0x000032d4        0x8 ./startup/startup_mk66f18.o
                0x000032d4                SWI_IRQHandler
 .text.SPI2_IRQHandler
                0x000032dc        0x8 ./startup/startup_mk66f18.o
                0x000032dc                SPI2_IRQHandler
 .text.UART4_RX_TX_IRQHandler
                0x000032e4        0x8 ./startup/startup_mk66f18.o
                0x000032e4                UART4_RX_TX_IRQHandler
 .text.UART4_ERR_IRQHandler
                0x000032ec        0x8 ./startup/startup_mk66f18.o
                0x000032ec                UART4_ERR_IRQHandler
 .text.Reserved84_IRQHandler
                0x000032f4        0x8 ./startup/startup_mk66f18.o
                0x000032f4                Reserved84_IRQHandler
 .text.Reserved85_IRQHandler
                0x000032fc        0x8 ./startup/startup_mk66f18.o
                0x000032fc                Reserved85_IRQHandler
 .text.CMP2_IRQHandler
                0x00003304        0x8 ./startup/startup_mk66f18.o
                0x00003304                CMP2_IRQHandler
 .text.FTM3_IRQHandler
                0x0000330c        0x8 ./startup/startup_mk66f18.o
                0x0000330c                FTM3_IRQHandler
 .text.DAC1_IRQHandler
                0x00003314        0x8 ./startup/startup_mk66f18.o
                0x00003314                DAC1_IRQHandler
 .text.ADC1_IRQHandler
                0x0000331c        0x8 ./startup/startup_mk66f18.o
                0x0000331c                ADC1_IRQHandler
 .text.I2C2_IRQHandler
                0x00003324        0x8 ./startup/startup_mk66f18.o
                0x00003324                I2C2_IRQHandler
 .text.CAN0_ORed_Message_buffer_IRQHandler
                0x0000332c        0x8 ./startup/startup_mk66f18.o
                0x0000332c                CAN0_ORed_Message_buffer_IRQHandler
 .text.CAN0_Bus_Off_IRQHandler
                0x00003334        0x8 ./startup/startup_mk66f18.o
                0x00003334                CAN0_Bus_Off_IRQHandler
 .text.CAN0_Error_IRQHandler
                0x0000333c        0x8 ./startup/startup_mk66f18.o
                0x0000333c                CAN0_Error_IRQHandler
 .text.CAN0_Tx_Warning_IRQHandler
                0x00003344        0x8 ./startup/startup_mk66f18.o
                0x00003344                CAN0_Tx_Warning_IRQHandler
 .text.CAN0_Rx_Warning_IRQHandler
                0x0000334c        0x8 ./startup/startup_mk66f18.o
                0x0000334c                CAN0_Rx_Warning_IRQHandler
 .text.CAN0_Wake_Up_IRQHandler
                0x00003354        0x8 ./startup/startup_mk66f18.o
                0x00003354                CAN0_Wake_Up_IRQHandler
 .text.SDHC_IRQHandler
                0x0000335c        0x8 ./startup/startup_mk66f18.o
                0x0000335c                SDHC_IRQHandler
 .text.ENET_1588_Timer_IRQHandler
                0x00003364        0x8 ./startup/startup_mk66f18.o
                0x00003364                ENET_1588_Timer_IRQHandler
 .text.ENET_Transmit_IRQHandler
                0x0000336c        0x8 ./startup/startup_mk66f18.o
                0x0000336c                ENET_Transmit_IRQHandler
 .text.ENET_Receive_IRQHandler
                0x00003374        0x8 ./startup/startup_mk66f18.o
                0x00003374                ENET_Receive_IRQHandler
 .text.ENET_Error_IRQHandler
                0x0000337c        0x8 ./startup/startup_mk66f18.o
                0x0000337c                ENET_Error_IRQHandler
 .text.LPUART0_IRQHandler
                0x00003384        0x8 ./startup/startup_mk66f18.o
                0x00003384                LPUART0_IRQHandler
 .text.TSI0_IRQHandler
                0x0000338c        0x8 ./startup/startup_mk66f18.o
                0x0000338c                TSI0_IRQHandler
 .text.TPM1_IRQHandler
                0x00003394        0x8 ./startup/startup_mk66f18.o
                0x00003394                TPM1_IRQHandler
 .text.TPM2_IRQHandler
                0x0000339c        0x8 ./startup/startup_mk66f18.o
                0x0000339c                TPM2_IRQHandler
 .text.USBHSDCD_IRQHandler
                0x000033a4        0x8 ./startup/startup_mk66f18.o
                0x000033a4                USBHSDCD_IRQHandler
 .text.I2C3_IRQHandler
                0x000033ac        0x8 ./startup/startup_mk66f18.o
                0x000033ac                I2C3_IRQHandler
 .text.CMP3_IRQHandler
                0x000033b4        0x8 ./startup/startup_mk66f18.o
                0x000033b4                CMP3_IRQHandler
 .text.USBHS_IRQHandler
                0x000033bc        0x8 ./startup/startup_mk66f18.o
                0x000033bc                USBHS_IRQHandler
 .text.CAN1_ORed_Message_buffer_IRQHandler
                0x000033c4        0x8 ./startup/startup_mk66f18.o
                0x000033c4                CAN1_ORed_Message_buffer_IRQHandler
 .text.CAN1_Bus_Off_IRQHandler
                0x000033cc        0x8 ./startup/startup_mk66f18.o
                0x000033cc                CAN1_Bus_Off_IRQHandler
 .text.CAN1_Error_IRQHandler
                0x000033d4        0x8 ./startup/startup_mk66f18.o
                0x000033d4                CAN1_Error_IRQHandler
 .text.CAN1_Tx_Warning_IRQHandler
                0x000033dc        0x8 ./startup/startup_mk66f18.o
                0x000033dc                CAN1_Tx_Warning_IRQHandler
 .text.CAN1_Rx_Warning_IRQHandler
                0x000033e4        0x8 ./startup/startup_mk66f18.o
                0x000033e4                CAN1_Rx_Warning_IRQHandler
 .text.CAN1_Wake_Up_IRQHandler
                0x000033ec        0x8 ./startup/startup_mk66f18.o
                0x000033ec                CAN1_Wake_Up_IRQHandler
 .text.GPIO_PinWrite
                0x000033f4       0x36 ./source/bubble.o
 .text.HardFault_Handler
                0x0000342a       0x2c ./source/semihost_hardfault.o
                0x0000342a                HardFault_Handler
 .text.CLOCK_EnableClock
                0x00003456       0x34 ./drivers/fsl_dspi.o
 .text.DSPI_Enable
                0x0000348a       0x38 ./drivers/fsl_dspi.o
 .text.DSPI_GetStatusFlags
                0x000034c2       0x18 ./drivers/fsl_dspi.o
 .text.DSPI_ClearStatusFlags
                0x000034da       0x1c ./drivers/fsl_dspi.o
 .text.DSPI_DisableInterrupts
                0x000034f6       0x24 ./drivers/fsl_dspi.o
 .text.DSPI_SetMasterSlaveMode
                0x0000351a       0x2a ./drivers/fsl_dspi.o
 .text.DSPI_IsMaster
                0x00003544       0x26 ./drivers/fsl_dspi.o
 .text.DSPI_StartTransfer
                0x0000356a       0x20 ./drivers/fsl_dspi.o
 .text.DSPI_StopTransfer
                0x0000358a       0x20 ./drivers/fsl_dspi.o
 .text.DSPI_FlushFifo
                0x000035aa       0x48 ./drivers/fsl_dspi.o
 .text.DSPI_MasterGetFormattedCommand
                0x000035f2       0x4a ./drivers/fsl_dspi.o
 .text.DSPI_ReadData
                0x0000363c       0x18 ./drivers/fsl_dspi.o
 .text.DSPI_SetOnePcsPolarity
                0x00003654       0x4e ./drivers/fsl_dspi.o
 .text.GPIO_PinWrite
                0x000036a2       0x36 ./drivers/fsl_gpio.o
 .text.UART0_RX_TX_DriverIRQHandler
                0x000036d8       0x12 ./drivers/fsl_uart.o
                0x000036d8                UART0_RX_TX_DriverIRQHandler
 .text.UART1_RX_TX_DriverIRQHandler
                0x000036ea       0x12 ./drivers/fsl_uart.o
                0x000036ea                UART1_RX_TX_DriverIRQHandler
 .text.UART2_RX_TX_DriverIRQHandler
                0x000036fc       0x12 ./drivers/fsl_uart.o
                0x000036fc                UART2_RX_TX_DriverIRQHandler
 .text.UART3_RX_TX_DriverIRQHandler
                0x0000370e       0x12 ./drivers/fsl_uart.o
                0x0000370e                UART3_RX_TX_DriverIRQHandler
 .text.UART4_RX_TX_DriverIRQHandler
                0x00003720       0x12 ./drivers/fsl_uart.o
                0x00003720                UART4_RX_TX_DriverIRQHandler
 .text.SystemInitHook
                0x00003732        0xe ./device/system_MK66F18.o
                0x00003732                SystemInitHook
 .text.BOARD_InitBootClocks
                0x00003740        0xc ./board/clock_config.o
                0x00003740                BOARD_InitBootClocks
 .text.CLOCK_EnableClock
                0x0000374c       0x34 ./board/pin_mux.o
 .text.PORT_SetPinMux
                0x00003780       0x3a ./board/pin_mux.o
 .text.BOARD_InitBootPins
                0x000037ba        0xc ./board/pin_mux.o
                0x000037ba                BOARD_InitBootPins
 .text.FXOS_ReadSensorData
                0x000037c6       0x9e ./accel/fsl_fxos.o
                0x000037c6                FXOS_ReadSensorData
 .text.__main   0x00003864        0xe c:/nxp/mcuxpressoide_11.6.1_8255/ide/plugins/com.nxp.mcuxpresso.tools.win32_11.6.1.202207200623/tools/bin/../lib/gcc/arm-none-eabi/10.3.1/../../../../arm-none-eabi/lib/thumb/v7e-m+fp/hard\libcr_semihost_nf.a(_cr__main.o)
                0x00003864                __CR_SEMIHOST
                0x00003864                __main
 .text.memcpy   0x00003872        0x4 c:/nxp/mcuxpressoide_11.6.1_8255/ide/plugins/com.nxp.mcuxpresso.tools.win32_11.6.1.202207200623/tools/bin/../lib/gcc/arm-none-eabi/10.3.1/../../../../arm-none-eabi/lib/thumb/v7e-m+fp/hard\libcr_c.a(memcpy.o)
                0x00003872                memcpy
 .text.memset   0x00003876        0x4 c:/nxp/mcuxpressoide_11.6.1_8255/ide/plugins/com.nxp.mcuxpresso.tools.win32_11.6.1.202207200623/tools/bin/../lib/gcc/arm-none-eabi/10.3.1/../../../../arm-none-eabi/lib/thumb/v7e-m+fp/hard\libcr_c.a(memset.o)
                0x00003876                memset
 .text.free     0x0000387a       0x30 c:/nxp/mcuxpressoide_11.6.1_8255/ide/plugins/com.nxp.mcuxpresso.tools.win32_11.6.1.202207200623/tools/bin/../lib/gcc/arm-none-eabi/10.3.1/../../../../arm-none-eabi/lib/thumb/v7e-m+fp/hard\libcr_c.a(alloc.o)
                0x0000387a                free
 .text.no_fp_display
                0x000038aa        0x4 c:/nxp/mcuxpressoide_11.6.1_8255/ide/plugins/com.nxp.mcuxpresso.tools.win32_11.6.1.202207200623/tools/bin/../lib/gcc/arm-none-eabi/10.3.1/../../../../arm-none-eabi/lib/thumb/v7e-m+fp/hard\libcr_c.a(printf.o)
 .text.setvbuf  0x000038ae       0x3e c:/nxp/mcuxpressoide_11.6.1_8255/ide/plugins/com.nxp.mcuxpresso.tools.win32_11.6.1.202207200623/tools/bin/../lib/gcc/arm-none-eabi/10.3.1/../../../../arm-none-eabi/lib/thumb/v7e-m+fp/hard\libcr_c.a(setvbuf.o)
                0x000038ae                setvbuf
 .text.strlen   0x000038ec       0x48 c:/nxp/mcuxpressoide_11.6.1_8255/ide/plugins/com.nxp.mcuxpresso.tools.win32_11.6.1.202207200623/tools/bin/../lib/gcc/arm-none-eabi/10.3.1/../../../../arm-none-eabi/lib/thumb/v7e-m+fp/hard\libcr_c.a(strlen.o)
                0x000038ec                strlen
 .text._deferredlazyseek
                0x00003934       0x40 c:/nxp/mcuxpressoide_11.6.1_8255/ide/plugins/com.nxp.mcuxpresso.tools.win32_11.6.1.202207200623/tools/bin/../lib/gcc/arm-none-eabi/10.3.1/../../../../arm-none-eabi/lib/thumb/v7e-m+fp/hard\libcr_c.a(_deferredlazyseek.o)
                0x00003934                _deferredlazyseek
 .text.__flsbuf
                0x00003974      0x140 c:/nxp/mcuxpressoide_11.6.1_8255/ide/plugins/com.nxp.mcuxpresso.tools.win32_11.6.1.202207200623/tools/bin/../lib/gcc/arm-none-eabi/10.3.1/../../../../arm-none-eabi/lib/thumb/v7e-m+fp/hard\libcr_c.a(_deferredlazyseek.o)
                0x00003974                __flsbuf
 .text._fdopen  0x00003ab4       0x68 c:/nxp/mcuxpressoide_11.6.1_8255/ide/plugins/com.nxp.mcuxpresso.tools.win32_11.6.1.202207200623/tools/bin/../lib/gcc/arm-none-eabi/10.3.1/../../../../arm-none-eabi/lib/thumb/v7e-m+fp/hard\libcr_c.a(_fdopen.o)
                0x00003ab4                _fdopen
 .text._fflush  0x00003b1c       0x52 c:/nxp/mcuxpressoide_11.6.1_8255/ide/plugins/com.nxp.mcuxpresso.tools.win32_11.6.1.202207200623/tools/bin/../lib/gcc/arm-none-eabi/10.3.1/../../../../arm-none-eabi/lib/thumb/v7e-m+fp/hard\libcr_c.a(_fflush.o)
                0x00003b1c                _fflush
 .text.fclose   0x00003b6e       0x58 c:/nxp/mcuxpressoide_11.6.1_8255/ide/plugins/com.nxp.mcuxpresso.tools.win32_11.6.1.202207200623/tools/bin/../lib/gcc/arm-none-eabi/10.3.1/../../../../arm-none-eabi/lib/thumb/v7e-m+fp/hard\libcr_c.a(fclose.o)
                0x00003b6e                fclose
 .text.remove   0x00003bc6       0x14 c:/nxp/mcuxpressoide_11.6.1_8255/ide/plugins/com.nxp.mcuxpresso.tools.win32_11.6.1.202207200623/tools/bin/../lib/gcc/arm-none-eabi/10.3.1/../../../../arm-none-eabi/lib/thumb/v7e-m+fp/hard\libcr_c.a(remove.o)
                0x00003bc6                remove
 .text._do_fflush
                0x00003bda       0x40 c:/nxp/mcuxpressoide_11.6.1_8255/ide/plugins/com.nxp.mcuxpresso.tools.win32_11.6.1.202207200623/tools/bin/../lib/gcc/arm-none-eabi/10.3.1/../../../../arm-none-eabi/lib/thumb/v7e-m+fp/hard\libcr_c.a(_do_fflush.o)
                0x00003bda                _do_fflush
 .text.__aeabi_d2iz
                0x00003c1a       0x40 c:/nxp/mcuxpressoide_11.6.1_8255/ide/plugins/com.nxp.mcuxpresso.tools.win32_11.6.1.202207200623/tools/bin/../lib/gcc/arm-none-eabi/10.3.1/thumb/v7e-m+fp/hard\libcr_eabihelpers.a(double.o)
                0x00003c1a                __aeabi_d2iz
 .text.__bhs_ui2d
                0x00003c5a       0x46 c:/nxp/mcuxpressoide_11.6.1_8255/ide/plugins/com.nxp.mcuxpresso.tools.win32_11.6.1.202207200623/tools/bin/../lib/gcc/arm-none-eabi/10.3.1/thumb/v7e-m+fp/hard\libcr_eabihelpers.a(double.o)
                0x00003c5a                __bhs_ui2d
 .text.__aeabi_i2d
                0x00003ca0       0x12 c:/nxp/mcuxpressoide_11.6.1_8255/ide/plugins/com.nxp.mcuxpresso.tools.win32_11.6.1.202207200623/tools/bin/../lib/gcc/arm-none-eabi/10.3.1/thumb/v7e-m+fp/hard\libcr_eabihelpers.a(double.o)
                0x00003ca0                __aeabi_i2d
 .text.__aeabi_ui2d
                0x00003cb2        0x8 c:/nxp/mcuxpressoide_11.6.1_8255/ide/plugins/com.nxp.mcuxpresso.tools.win32_11.6.1.202207200623/tools/bin/../lib/gcc/arm-none-eabi/10.3.1/thumb/v7e-m+fp/hard\libcr_eabihelpers.a(double.o)
                0x00003cb2                __aeabi_ui2d
 .text.__aeabi_dcmpeq
                0x00003cba       0x30 c:/nxp/mcuxpressoide_11.6.1_8255/ide/plugins/com.nxp.mcuxpresso.tools.win32_11.6.1.202207200623/tools/bin/../lib/gcc/arm-none-eabi/10.3.1/thumb/v7e-m+fp/hard\libcr_eabihelpers.a(double.o)
                0x00003cba                __aeabi_dcmpeq
 .text.__aeabi_memcpy
                0x00003cea       0x34 c:/nxp/mcuxpressoide_11.6.1_8255/ide/plugins/com.nxp.mcuxpresso.tools.win32_11.6.1.202207200623/tools/bin/../lib/gcc/arm-none-eabi/10.3.1/thumb/v7e-m+fp/hard\libcr_eabihelpers.a(memcpy.o)
                0x00003cea                __aeabi_memcpy
                0x00003cf4                __aeabi_memcpy8
                0x00003cf4                __aeabi_memcpy4
 .text.__aeabi_memset_lowlevel
                0x00003d1e       0x32 c:/nxp/mcuxpressoide_11.6.1_8255/ide/plugins/com.nxp.mcuxpresso.tools.win32_11.6.1.202207200623/tools/bin/../lib/gcc/arm-none-eabi/10.3.1/thumb/v7e-m+fp/hard\libcr_eabihelpers.a(memcpy.o)
                0x00003d1e                __aeabi_lowlevel_memset
 .text.__sys_close
                0x00003d50        0xc c:/nxp/mcuxpressoide_11.6.1_8255/ide/plugins/com.nxp.mcuxpresso.tools.win32_11.6.1.202207200623/tools/bin/../lib/gcc/arm-none-eabi/10.3.1/../../../../arm-none-eabi/lib/thumb/v7e-m+fp/hard\libcr_semihost_nf.a(__sys_close.o)
                0x00003d50                __sys_close
 .text.__sys_flen
                0x00003d5c        0xc c:/nxp/mcuxpressoide_11.6.1_8255/ide/plugins/com.nxp.mcuxpresso.tools.win32_11.6.1.202207200623/tools/bin/../lib/gcc/arm-none-eabi/10.3.1/../../../../arm-none-eabi/lib/thumb/v7e-m+fp/hard\libcr_semihost_nf.a(__sys_flen.o)
                0x00003d5c                __sys_flen
 .text.__sys_istty
                0x00003d68        0xc c:/nxp/mcuxpressoide_11.6.1_8255/ide/plugins/com.nxp.mcuxpresso.tools.win32_11.6.1.202207200623/tools/bin/../lib/gcc/arm-none-eabi/10.3.1/../../../../arm-none-eabi/lib/thumb/v7e-m+fp/hard\libcr_semihost_nf.a(__sys_istty.o)
                0x00003d68                __sys_istty
 .text.__sys_remove
                0x00003d74        0xc c:/nxp/mcuxpressoide_11.6.1_8255/ide/plugins/com.nxp.mcuxpresso.tools.win32_11.6.1.202207200623/tools/bin/../lib/gcc/arm-none-eabi/10.3.1/../../../../arm-none-eabi/lib/thumb/v7e-m+fp/hard\libcr_semihost_nf.a(__sys_remove.o)
                0x00003d74                __sys_remove
 .text.__sys_seek
                0x00003d80        0xc c:/nxp/mcuxpressoide_11.6.1_8255/ide/plugins/com.nxp.mcuxpresso.tools.win32_11.6.1.202207200623/tools/bin/../lib/gcc/arm-none-eabi/10.3.1/../../../../arm-none-eabi/lib/thumb/v7e-m+fp/hard\libcr_semihost_nf.a(__sys_seek.o)
                0x00003d80                __sys_seek
 .text.__sys_tmpnam
                0x00003d8c        0xc c:/nxp/mcuxpressoide_11.6.1_8255/ide/plugins/com.nxp.mcuxpresso.tools.win32_11.6.1.202207200623/tools/bin/../lib/gcc/arm-none-eabi/10.3.1/../../../../arm-none-eabi/lib/thumb/v7e-m+fp/hard\libcr_semihost_nf.a(__sys_tmpnam.o)
                0x00003d8c                __sys_tmpnam
 .text.__sys_write
                0x00003d98        0xc c:/nxp/mcuxpressoide_11.6.1_8255/ide/plugins/com.nxp.mcuxpresso.tools.win32_11.6.1.202207200623/tools/bin/../lib/gcc/arm-none-eabi/10.3.1/../../../../arm-none-eabi/lib/thumb/v7e-m+fp/hard\libcr_semihost_nf.a(__sys_write.o)
                0x00003d98                __sys_write
 *(SORT_BY_ALIGNMENT(.rodata) SORT_BY_ALIGNMENT(.rodata.*) SORT_BY_ALIGNMENT(.constdata) SORT_BY_ALIGNMENT(.constdata.*))
 .rodata.__assertion_failed.str1.4
                0x00003da4       0x14 ./utilities/fsl_assert.o
 .rodata.main.str1.4
                0x00003db8       0x89 ./source/bubble.o
 *fill*         0x00003e41        0x3 ff
 .rodata.s_baudratePrescaler
                0x00003e44       0x10 ./drivers/fsl_dspi.o
 .rodata.s_baudrateScaler
                0x00003e54       0x40 ./drivers/fsl_dspi.o
 .rodata.s_delayPrescaler
                0x00003e94       0x10 ./drivers/fsl_dspi.o
 .rodata.s_delayScaler
                0x00003ea4       0x40 ./drivers/fsl_dspi.o
 .rodata.s_dspiBases
                0x00003ee4        0xc ./drivers/fsl_dspi.o
 .rodata.s_dspiClock
                0x00003ef0        0xc ./drivers/fsl_dspi.o
 .rodata.DSPI_GetInstance.str1.4
                0x00003efc       0x34 ./drivers/fsl_dspi.o
 .rodata.DSPI_MasterInit.str1.4
                0x00003f30       0x3f ./drivers/fsl_dspi.o
 *fill*         0x00003f6f        0x1 ff
 .rodata.DSPI_MasterSetDelayScaler.str1.4
                0x00003f70       0x17 ./drivers/fsl_dspi.o
 *fill*         0x00003f87        0x1 ff
 .rodata.DSPI_MasterTransferBlocking.str1.4
                0x00003f88       0x22 ./drivers/fsl_dspi.o
 *fill*         0x00003faa        0x2 ff
 .rodata.SPI0_DriverIRQHandler.str1.4
                0x00003fac       0x2a ./drivers/fsl_dspi.o
 *fill*         0x00003fd6        0x2 ff
 .rodata.SPI1_DriverIRQHandler.str1.4
                0x00003fd8       0x2a ./drivers/fsl_dspi.o
 *fill*         0x00004002        0x2 ff
 .rodata.SPI2_DriverIRQHandler.str1.4
                0x00004004       0x2a ./drivers/fsl_dspi.o
 *fill*         0x0000402e        0x2 ff
 .rodata.GPIO_PinInit.str1.4
                0x00004030       0x20 ./drivers/fsl_gpio.o
 .rodata.simConfig_BOARD_BootClockRUN
                0x00004050        0x8 ./board/clock_config.o
                0x00004050                simConfig_BOARD_BootClockRUN
 .rodata.FXOS_Init.str1.4
                0x00004058       0x81 ./accel/fsl_fxos.o
 *fill*         0x000040d9        0x3 ff
 .rodata.FXOS_ReadReg.str1.4
                0x000040dc       0x2d ./accel/fsl_fxos.o
 *fill*         0x00004109        0x3 ff
 .rodata.FXOS_WriteReg.str1.4
                0x0000410c       0x18 ./accel/fsl_fxos.o
 .rodata.__num_Ciob_streams
                0x00004124        0x4 c:/nxp/mcuxpressoide_11.6.1_8255/ide/plugins/com.nxp.mcuxpresso.tools.win32_11.6.1.202207200623/tools/bin/../lib/gcc/arm-none-eabi/10.3.1/../../../../arm-none-eabi/lib/thumb/v7e-m+fp/hard\libcr_semihost_nf.a(__ciob.o)
                0x00004124                __num_Ciob_streams
 .rodata._Csys_alloc.str1.1
                0x00004128       0x18 c:/nxp/mcuxpressoide_11.6.1_8255/ide/plugins/com.nxp.mcuxpresso.tools.win32_11.6.1.202207200623/tools/bin/../lib/gcc/arm-none-eabi/10.3.1/../../../../arm-none-eabi/lib/thumb/v7e-m+fp/hard\libcr_c.a(alloc.o)
 .rodata._initio.str1.1
                0x00004140        0x4 c:/nxp/mcuxpressoide_11.6.1_8255/ide/plugins/com.nxp.mcuxpresso.tools.win32_11.6.1.202207200623/tools/bin/../lib/gcc/arm-none-eabi/10.3.1/../../../../arm-none-eabi/lib/thumb/v7e-m+fp/hard\libcr_c.a(initio.o)
 .rodata.__vfprintf.str1.1
                0x00004144       0x37 c:/nxp/mcuxpressoide_11.6.1_8255/ide/plugins/com.nxp.mcuxpresso.tools.win32_11.6.1.202207200623/tools/bin/../lib/gcc/arm-none-eabi/10.3.1/../../../../arm-none-eabi/lib/thumb/v7e-m+fp/hard\libcr_c.a(printf.o)
                                 0x38 (size before relaxing)
                0x00004180                . = ALIGN (0x8)
 *fill*         0x0000417b        0x5 ff
                0x00004180                _etext = .

.glue_7         0x00004180        0x0
 .glue_7        0x00004180        0x0 linker stubs

.glue_7t        0x00004180        0x0
 .glue_7t       0x00004180        0x0 linker stubs

.vfp11_veneer   0x00004180        0x0
 .vfp11_veneer  0x00004180        0x0 linker stubs

.v4_bx          0x00004180        0x0
 .v4_bx         0x00004180        0x0 linker stubs

.iplt           0x00004180        0x0
 .iplt          0x00004180        0x0 ./utilities/fsl_assert.o

.rel.dyn        0x00004180        0x0
 .rel.iplt      0x00004180        0x0 ./utilities/fsl_assert.o

.m_usb_data
 *(SORT_BY_ALIGNMENT(m_usb_bdt))

.data_RAM2      0x1fff0000        0x0 load address 0x00004180
 FILL mask 0xff
                [!provide]                PROVIDE (__start_data_RAM2 = .)
                [!provide]                PROVIDE (__start_data_SRAM_LOWER = .)
 *(SORT_BY_ALIGNMENT(.ramfunc.$RAM2))
 *(SORT_BY_ALIGNMENT(.ramfunc.$SRAM_LOWER))
 *(SORT_BY_ALIGNMENT(NonCacheable.init))
 *(SORT_BY_ALIGNMENT(.data.$RAM2))
 *(SORT_BY_ALIGNMENT(.data.$SRAM_LOWER))
 *(SORT_BY_ALIGNMENT(.data.$RAM2.*))
 *(SORT_BY_ALIGNMENT(.data.$SRAM_LOWER.*))
                0x1fff0000                . = ALIGN (0x8)
                [!provide]                PROVIDE (__end_data_RAM2 = .)
                [!provide]                PROVIDE (__end_data_SRAM_LOWER = .)

.data_RAM3      0x14000000        0x0 load address 0x00004180
 FILL mask 0xff
                [!provide]                PROVIDE (__start_data_RAM3 = .)
                [!provide]                PROVIDE (__start_data_FLEX_RAM = .)
 *(SORT_BY_ALIGNMENT(.ramfunc.$RAM3))
 *(SORT_BY_ALIGNMENT(.ramfunc.$FLEX_RAM))
 *(SORT_BY_ALIGNMENT(.data.$RAM3))
 *(SORT_BY_ALIGNMENT(.data.$FLEX_RAM))
 *(SORT_BY_ALIGNMENT(.data.$RAM3.*))
 *(SORT_BY_ALIGNMENT(.data.$FLEX_RAM.*))
                0x14000000                . = ALIGN (0x8)
                [!provide]                PROVIDE (__end_data_RAM3 = .)
                [!provide]                PROVIDE (__end_data_FLEX_RAM = .)

.uninit_RESERVED
                0x20000000        0x0
                0x20000000                _start_uninit_RESERVED = .
 *(SORT_BY_ALIGNMENT(.bss.$RESERVED*))
                0x20000000                . = ALIGN (0x8)
                0x20000000                _end_uninit_RESERVED = .

.data           0x20000000        0x8 load address 0x00004180
 FILL mask 0xff
                0x20000000                _data = .
                [!provide]                PROVIDE (__start_data_RAM = .)
                [!provide]                PROVIDE (__start_data_SRAM_UPPER = .)
 *(SORT_BY_ALIGNMENT(vtable))
 *(SORT_BY_ALIGNMENT(.ramfunc*))
 *(SORT_BY_ALIGNMENT(CodeQuickAccess))
 *(SORT_BY_ALIGNMENT(DataQuickAccess))
 *(SORT_BY_ALIGNMENT(RamFunction))
 *(SORT_BY_ALIGNMENT(.data*))
 .data.SystemCoreClock
                0x20000000        0x4 ./device/system_MK66F18.o
                0x20000000                SystemCoreClock
                0x20000008                . = ALIGN (0x8)
 *fill*         0x20000004        0x4 ff
                0x20000008                _edata = .
                [!provide]                PROVIDE (__end_data_RAM = .)
                [!provide]                PROVIDE (__end_data_SRAM_UPPER = .)

.igot.plt       0x20000008        0x0 load address 0x00004188
 .igot.plt      0x20000008        0x0 ./utilities/fsl_assert.o

.bss_RAM2       0x1fff0000        0x0
                [!provide]                PROVIDE (__start_bss_RAM2 = .)
                [!provide]                PROVIDE (__start_bss_SRAM_LOWER = .)
 *(SORT_BY_ALIGNMENT(NonCacheable))
 *(SORT_BY_ALIGNMENT(.bss.$RAM2))
 *(SORT_BY_ALIGNMENT(.bss.$SRAM_LOWER))
 *(SORT_BY_ALIGNMENT(.bss.$RAM2.*))
 *(SORT_BY_ALIGNMENT(.bss.$SRAM_LOWER.*))
                0x1fff0000                . = ALIGN ((. != 0x0)?0x8:0x1)
                [!provide]                PROVIDE (__end_bss_RAM2 = .)
                [!provide]                PROVIDE (__end_bss_SRAM_LOWER = .)

.bss_RAM3       0x14000000        0x0
                [!provide]                PROVIDE (__start_bss_RAM3 = .)
                [!provide]                PROVIDE (__start_bss_FLEX_RAM = .)
 *(SORT_BY_ALIGNMENT(.bss.$RAM3))
 *(SORT_BY_ALIGNMENT(.bss.$FLEX_RAM))
 *(SORT_BY_ALIGNMENT(.bss.$RAM3.*))
 *(SORT_BY_ALIGNMENT(.bss.$FLEX_RAM.*))
                0x14000000                . = ALIGN ((. != 0x0)?0x8:0x1)
                [!provide]                PROVIDE (__end_bss_RAM3 = .)
                [!provide]                PROVIDE (__end_bss_FLEX_RAM = .)

.bss            0x20000008      0x110
                0x20000008                _bss = .
                [!provide]                PROVIDE (__start_bss_RAM = .)
                [!provide]                PROVIDE (__start_bss_SRAM_UPPER = .)
 *(SORT_BY_ALIGNMENT(.bss*))
 .bss.g_dspiHandle
                0x20000008        0xc ./drivers/fsl_dspi.o
 .bss.s_dspiMasterIsr
                0x20000014        0x4 ./drivers/fsl_dspi.o
 .bss.s_dspiSlaveIsr
                0x20000018        0x4 ./drivers/fsl_dspi.o
 .bss.g_dspiDummyData
                0x2000001c        0x3 ./drivers/fsl_dspi.o
                0x2000001c                g_dspiDummyData
 *fill*         0x2000001f        0x1 
 .bss.s_i2cHandle
                0x20000020       0x10 ./drivers/fsl_i2c.o
 .bss.s_i2cMasterIsr
                0x20000030        0x4 ./drivers/fsl_i2c.o
 .bss.s_i2cSlaveIsr
                0x20000034        0x4 ./drivers/fsl_i2c.o
 .bss.s_lpuartHandle
                0x20000038        0x4 ./drivers/fsl_lpuart.o
                0x20000038                s_lpuartHandle
 .bss.s_lpuartIsr
                0x2000003c        0x4 ./drivers/fsl_lpuart.o
                0x2000003c                s_lpuartIsr
 .bss.s_uartHandle
                0x20000040       0x14 ./drivers/fsl_uart.o
                0x20000040                s_uartHandle
 .bss.s_uartIsr
                0x20000054        0x4 ./drivers/fsl_uart.o
                0x20000054                s_uartIsr
 .bss.__end_of_heap
                0x20000058        0x4 c:/nxp/mcuxpressoide_11.6.1_8255/ide/plugins/com.nxp.mcuxpresso.tools.win32_11.6.1.202207200623/tools/bin/../lib/gcc/arm-none-eabi/10.3.1/../../../../arm-none-eabi/lib/thumb/v7e-m+fp/hard\libcr_c.a(__init_alloc.o)
                0x20000058                __end_of_heap
 .bss.__heaps   0x2000005c        0x4 c:/nxp/mcuxpressoide_11.6.1_8255/ide/plugins/com.nxp.mcuxpresso.tools.win32_11.6.1.202207200623/tools/bin/../lib/gcc/arm-none-eabi/10.3.1/../../../../arm-none-eabi/lib/thumb/v7e-m+fp/hard\libcr_c.a(__init_alloc.o)
                0x2000005c                __heaps
 .bss.errno     0x20000060        0x4 c:/nxp/mcuxpressoide_11.6.1_8255/ide/plugins/com.nxp.mcuxpresso.tools.win32_11.6.1.202207200623/tools/bin/../lib/gcc/arm-none-eabi/10.3.1/../../../../arm-none-eabi/lib/thumb/v7e-m+fp/hard\libcr_c.a(errno.o)
                0x20000060                errno
 .bss.__Ciob    0x20000064       0xb4 c:/nxp/mcuxpressoide_11.6.1_8255/ide/plugins/com.nxp.mcuxpresso.tools.win32_11.6.1.202207200623/tools/bin/../lib/gcc/arm-none-eabi/10.3.1/../../../../arm-none-eabi/lib/thumb/v7e-m+fp/hard\libcr_semihost_nf.a(__ciob.o)
                0x20000064                __Ciob
 *(SORT_BY_ALIGNMENT(COMMON))
                0x20000118                . = ALIGN (0x8)
                0x20000118                _ebss = .
                [!provide]                PROVIDE (__end_bss_RAM = .)
                [!provide]                PROVIDE (__end_bss_SRAM_UPPER = .)
                [!provide]                PROVIDE (end = .)

.noinit_RAM2    0x1fff0000        0x0
                [!provide]                PROVIDE (__start_noinit_RAM2 = .)
                [!provide]                PROVIDE (__start_noinit_SRAM_LOWER = .)
 *(SORT_BY_ALIGNMENT(.noinit.$RAM2))
 *(SORT_BY_ALIGNMENT(.noinit.$SRAM_LOWER))
 *(SORT_BY_ALIGNMENT(.noinit.$RAM2.*))
 *(SORT_BY_ALIGNMENT(.noinit.$SRAM_LOWER.*))
                0x1fff0000                . = ALIGN (0x8)
                [!provide]                PROVIDE (__end_noinit_RAM2 = .)
                [!provide]                PROVIDE (__end_noinit_SRAM_LOWER = .)

.noinit_RAM3    0x14000000        0x0
                [!provide]                PROVIDE (__start_noinit_RAM3 = .)
                [!provide]                PROVIDE (__start_noinit_FLEX_RAM = .)
 *(SORT_BY_ALIGNMENT(.noinit.$RAM3))
 *(SORT_BY_ALIGNMENT(.noinit.$FLEX_RAM))
 *(SORT_BY_ALIGNMENT(.noinit.$RAM3.*))
 *(SORT_BY_ALIGNMENT(.noinit.$FLEX_RAM.*))
                0x14000000                . = ALIGN (0x8)
                [!provide]                PROVIDE (__end_noinit_RAM3 = .)
                [!provide]                PROVIDE (__end_noinit_FLEX_RAM = .)

.noinit         0x20000118        0x0
                0x20000118                _noinit = .
                [!provide]                PROVIDE (__start_noinit_RAM = .)
                [!provide]                PROVIDE (__start_noinit_SRAM_UPPER = .)
 *(SORT_BY_ALIGNMENT(.noinit*))
                0x20000118                . = ALIGN (0x8)
                0x20000118                _end_noinit = .
                [!provide]                PROVIDE (__end_noinit_RAM = .)
                [!provide]                PROVIDE (__end_noinit_SRAM_UPPER = .)

.ARM.extab
 *(SORT_BY_ALIGNMENT(.ARM.extab*) SORT_BY_ALIGNMENT(.gnu.linkonce.armextab.*))

.ARM.exidx      0x00004188        0x0
                0x00004188                __exidx_start = .
 *(SORT_BY_ALIGNMENT(.ARM.exidx*) SORT_BY_ALIGNMENT(.gnu.linkonce.armexidx.*))
                0x00004188                __exidx_end = .
                0x00001000                _HeapSize = 0x1000

.heap           0x20000118     0x1000
                0x20000118                _pvHeapStart = .
                0x20001118                . = (. + _HeapSize)
 *fill*         0x20000118     0x1000 
                0x20001118                . = ALIGN (0x8)
                0x20001118                _pvHeapLimit = .
                0x00001000                _StackSize = 0x1000

.heap2stackfill
                0x20001118     0x1000
                0x20002118                . = (. + _StackSize)
 *fill*         0x20001118     0x1000 

.stack          0x2002f000        0x0
                0x2002f000                _vStackBase = .
                0x2002f000                . = ALIGN (0x8)
                0x20030000                _vStackTop = (. + _StackSize)
                0x00000000                _image_start = LOADADDR (.text)
                0x00004188                _image_end = (LOADADDR (.data) + SIZEOF (.data))
                0x00004188                _image_size = (_image_end - _image_start)
OUTPUT(exp4b.axf elf32-littlearm)
LOAD linker stubs

.debug_info     0x00000000     0xf39f
 .debug_info    0x00000000       0xaa ./utilities/fsl_assert.o
 .debug_info    0x000000aa      0xa44 ./startup/startup_mk66f18.o
 .debug_info    0x00000aee      0xfe6 ./source/bubble.o
 .debug_info    0x00001ad4       0x3c ./source/semihost_hardfault.o
 .debug_info    0x00001b10     0x2950 ./drivers/fsl_clock.o
 .debug_info    0x00004460     0x2685 ./drivers/fsl_dspi.o
 .debug_info    0x00006ae5      0x69c ./drivers/fsl_gpio.o
 .debug_info    0x00007181     0x1f53 ./drivers/fsl_i2c.o
 .debug_info    0x000090d4     0x1e47 ./drivers/fsl_lpuart.o
 .debug_info    0x0000af1b     0x209e ./drivers/fsl_uart.o
 .debug_info    0x0000cfb9      0xa4e ./device/system_MK66F18.o
 .debug_info    0x0000da07      0xcfe ./board/clock_config.o
 .debug_info    0x0000e705      0x7f0 ./board/pin_mux.o
 .debug_info    0x0000eef5      0x4aa ./accel/fsl_fxos.o

.debug_abbrev   0x00000000     0x1eb7
 .debug_abbrev  0x00000000       0x66 ./utilities/fsl_assert.o
 .debug_abbrev  0x00000066      0x185 ./startup/startup_mk66f18.o
 .debug_abbrev  0x000001eb      0x226 ./source/bubble.o
 .debug_abbrev  0x00000411       0x31 ./source/semihost_hardfault.o
 .debug_abbrev  0x00000442      0x362 ./drivers/fsl_clock.o
 .debug_abbrev  0x000007a4      0x381 ./drivers/fsl_dspi.o
 .debug_abbrev  0x00000b25      0x186 ./drivers/fsl_gpio.o
 .debug_abbrev  0x00000cab      0x363 ./drivers/fsl_i2c.o
 .debug_abbrev  0x0000100e      0x410 ./drivers/fsl_lpuart.o
 .debug_abbrev  0x0000141e      0x42e ./drivers/fsl_uart.o
 .debug_abbrev  0x0000184c      0x148 ./device/system_MK66F18.o
 .debug_abbrev  0x00001994      0x214 ./board/clock_config.o
 .debug_abbrev  0x00001ba8      0x1f7 ./board/pin_mux.o
 .debug_abbrev  0x00001d9f      0x118 ./accel/fsl_fxos.o

.debug_aranges  0x00000000      0xe28
 .debug_aranges
                0x00000000       0x20 ./utilities/fsl_assert.o
 .debug_aranges
                0x00000020      0x3a0 ./startup/startup_mk66f18.o
 .debug_aranges
                0x000003c0       0x50 ./source/bubble.o
 .debug_aranges
                0x00000410       0x20 ./source/semihost_hardfault.o
 .debug_aranges
                0x00000430      0x258 ./drivers/fsl_clock.o
 .debug_aranges
                0x00000688      0x1d8 ./drivers/fsl_dspi.o
 .debug_aranges
                0x00000860       0x40 ./drivers/fsl_gpio.o
 .debug_aranges
                0x000008a0      0x188 ./drivers/fsl_i2c.o
 .debug_aranges
                0x00000a28      0x138 ./drivers/fsl_lpuart.o
 .debug_aranges
                0x00000b60      0x1a8 ./drivers/fsl_uart.o
 .debug_aranges
                0x00000d08       0x30 ./device/system_MK66F18.o
 .debug_aranges
                0x00000d38       0x60 ./board/clock_config.o
 .debug_aranges
                0x00000d98       0x58 ./board/pin_mux.o
 .debug_aranges
                0x00000df0       0x38 ./accel/fsl_fxos.o

.debug_ranges   0x00000000      0xd48
 .debug_ranges  0x00000000       0x10 ./utilities/fsl_assert.o
 .debug_ranges  0x00000010      0x390 ./startup/startup_mk66f18.o
 .debug_ranges  0x000003a0       0x40 ./source/bubble.o
 .debug_ranges  0x000003e0       0x10 ./source/semihost_hardfault.o
 .debug_ranges  0x000003f0      0x248 ./drivers/fsl_clock.o
 .debug_ranges  0x00000638      0x1c8 ./drivers/fsl_dspi.o
 .debug_ranges  0x00000800       0x30 ./drivers/fsl_gpio.o
 .debug_ranges  0x00000830      0x178 ./drivers/fsl_i2c.o
 .debug_ranges  0x000009a8      0x128 ./drivers/fsl_lpuart.o
 .debug_ranges  0x00000ad0      0x198 ./drivers/fsl_uart.o
 .debug_ranges  0x00000c68       0x20 ./device/system_MK66F18.o
 .debug_ranges  0x00000c88       0x50 ./board/clock_config.o
 .debug_ranges  0x00000cd8       0x48 ./board/pin_mux.o
 .debug_ranges  0x00000d20       0x28 ./accel/fsl_fxos.o

.debug_macro    0x00000000    0x1c821
 .debug_macro   0x00000000      0x12d ./utilities/fsl_assert.o
 .debug_macro   0x0000012d      0xac6 ./utilities/fsl_assert.o
 .debug_macro   0x00000bf3       0x10 ./utilities/fsl_assert.o
 .debug_macro   0x00000c03       0x1c ./utilities/fsl_assert.o
 .debug_macro   0x00000c1f       0x22 ./utilities/fsl_assert.o
 .debug_macro   0x00000c41      0x12e ./utilities/fsl_assert.o
 .debug_macro   0x00000d6f      0x5b3 ./utilities/fsl_assert.o
 .debug_macro   0x00001322       0x22 ./utilities/fsl_assert.o
 .debug_macro   0x00001344       0x10 ./utilities/fsl_assert.o
 .debug_macro   0x00001354       0x56 ./utilities/fsl_assert.o
 .debug_macro   0x000013aa       0x1c ./utilities/fsl_assert.o
 .debug_macro   0x000013c6       0x22 ./utilities/fsl_assert.o
 .debug_macro   0x000013e8       0xfb ./utilities/fsl_assert.o
 .debug_macro   0x000014e3      0xeeb ./utilities/fsl_assert.o
 .debug_macro   0x000023ce       0x40 ./utilities/fsl_assert.o
 .debug_macro   0x0000240e    0x1626f ./utilities/fsl_assert.o
 .debug_macro   0x0001867d     0x14b0 ./utilities/fsl_assert.o
 .debug_macro   0x00019b2d       0x7a ./utilities/fsl_assert.o
 .debug_macro   0x00019ba7       0xaf ./utilities/fsl_assert.o
 .debug_macro   0x00019c56      0x190 ./utilities/fsl_assert.o
 .debug_macro   0x00019de6       0x1c ./utilities/fsl_assert.o
 .debug_macro   0x00019e02       0xd2 ./utilities/fsl_assert.o
 .debug_macro   0x00019ed4       0x28 ./utilities/fsl_assert.o
 .debug_macro   0x00019efc       0x29 ./startup/startup_mk66f18.o
 .debug_macro   0x00019f25      0x1ac ./source/bubble.o
 .debug_macro   0x0001a0d1      0xb93 ./source/bubble.o
 .debug_macro   0x0001ac64       0x40 ./source/bubble.o
 .debug_macro   0x0001aca4       0xa0 ./source/bubble.o
 .debug_macro   0x0001ad44       0x10 ./source/bubble.o
 .debug_macro   0x0001ad54       0x22 ./source/bubble.o
 .debug_macro   0x0001ad76       0x2e ./source/bubble.o
 .debug_macro   0x0001ada4       0x22 ./source/bubble.o
 .debug_macro   0x0001adc6       0x16 ./source/bubble.o
 .debug_macro   0x0001addc       0x16 ./source/bubble.o
 .debug_macro   0x0001adf2      0x24f ./source/bubble.o
 .debug_macro   0x0001b041       0x11 ./source/semihost_hardfault.o
 .debug_macro   0x0001b052      0x1e4 ./drivers/fsl_clock.o
 .debug_macro   0x0001b236      0x121 ./drivers/fsl_dspi.o
 .debug_macro   0x0001b357       0x3a ./drivers/fsl_dspi.o
 .debug_macro   0x0001b391      0x121 ./drivers/fsl_gpio.o
 .debug_macro   0x0001b4b2       0x10 ./drivers/fsl_gpio.o
 .debug_macro   0x0001b4c2      0x121 ./drivers/fsl_i2c.o
 .debug_macro   0x0001b5e3       0x1c ./drivers/fsl_i2c.o
 .debug_macro   0x0001b5ff      0x121 ./drivers/fsl_lpuart.o
 .debug_macro   0x0001b720       0x10 ./drivers/fsl_lpuart.o
 .debug_macro   0x0001b730      0x127 ./drivers/fsl_uart.o
 .debug_macro   0x0001b857       0x10 ./drivers/fsl_uart.o
 .debug_macro   0x0001b867       0x98 ./device/system_MK66F18.o
 .debug_macro   0x0001b8ff      0x153 ./board/clock_config.o
 .debug_macro   0x0001ba52      0x127 ./board/pin_mux.o
 .debug_macro   0x0001bb79      0x11b ./accel/fsl_fxos.o
 .debug_macro   0x0001bc94      0xb8d ./accel/fsl_fxos.o

.debug_line     0x00000000     0x9251
 .debug_line    0x00000000      0x35a ./utilities/fsl_assert.o
 .debug_line    0x0000035a      0xa61 ./startup/startup_mk66f18.o
 .debug_line    0x00000dbb      0x6d6 ./source/bubble.o
 .debug_line    0x00001491       0x59 ./source/semihost_hardfault.o
 .debug_line    0x000014ea     0x1816 ./drivers/fsl_clock.o
 .debug_line    0x00002d00     0x17c1 ./drivers/fsl_dspi.o
 .debug_line    0x000044c1      0x3e2 ./drivers/fsl_gpio.o
 .debug_line    0x000048a3     0x13bf ./drivers/fsl_i2c.o
 .debug_line    0x00005c62      0xfb5 ./drivers/fsl_lpuart.o
 .debug_line    0x00006c17     0x1442 ./drivers/fsl_uart.o
 .debug_line    0x00008059      0x41a ./device/system_MK66F18.o
 .debug_line    0x00008473      0x471 ./board/clock_config.o
 .debug_line    0x000088e4      0x474 ./board/pin_mux.o
 .debug_line    0x00008d58      0x4f9 ./accel/fsl_fxos.o

.debug_str      0x00000000    0xc1352
 .debug_str     0x00000000    0xb50d7 ./utilities/fsl_assert.o
                              0xb5174 (size before relaxing)
 .debug_str     0x000b50d7      0x949 ./startup/startup_mk66f18.o
                               0x37f8 (size before relaxing)
 .debug_str     0x000b5a20     0x53e9 ./source/bubble.o
                              0xba5c7 (size before relaxing)
 .debug_str     0x000bae09       0x1f ./source/semihost_hardfault.o
                               0x2e14 (size before relaxing)
 .debug_str     0x000bae28     0x2362 ./drivers/fsl_clock.o
                              0xb7cc0 (size before relaxing)
 .debug_str     0x000bd18a     0x1310 ./drivers/fsl_dspi.o
                              0xb7618 (size before relaxing)
 .debug_str     0x000be49a       0xe0 ./drivers/fsl_gpio.o
                              0xb58b7 (size before relaxing)
 .debug_str     0x000be57a      0xabe ./drivers/fsl_i2c.o
                              0xb6ead (size before relaxing)
 .debug_str     0x000bf038      0xf8e ./drivers/fsl_lpuart.o
                              0xb71a1 (size before relaxing)
 .debug_str     0x000bffc6      0x9cf ./drivers/fsl_uart.o
                              0xb7112 (size before relaxing)
 .debug_str     0x000c0995      0x127 ./device/system_MK66F18.o
                              0xb35c0 (size before relaxing)
 .debug_str     0x000c0abc      0x442 ./board/clock_config.o
                              0xb606a (size before relaxing)
 .debug_str     0x000c0efe      0x3f2 ./board/pin_mux.o
                              0xb59ef (size before relaxing)
 .debug_str     0x000c12f0       0x62 ./accel/fsl_fxos.o
                              0xb73bf (size before relaxing)

.comment        0x00000000       0x49
 .comment       0x00000000       0x49 ./utilities/fsl_assert.o
                                 0x4a (size before relaxing)
 .comment       0x00000049       0x4a ./startup/startup_mk66f18.o
 .comment       0x00000049       0x4a ./source/bubble.o
 .comment       0x00000049       0x4a ./source/semihost_hardfault.o
 .comment       0x00000049       0x4a ./drivers/fsl_clock.o
 .comment       0x00000049       0x4a ./drivers/fsl_dspi.o
 .comment       0x00000049       0x4a ./drivers/fsl_gpio.o
 .comment       0x00000049       0x4a ./drivers/fsl_i2c.o
 .comment       0x00000049       0x4a ./drivers/fsl_lpuart.o
 .comment       0x00000049       0x4a ./drivers/fsl_uart.o
 .comment       0x00000049       0x4a ./device/system_MK66F18.o
 .comment       0x00000049       0x4a ./board/clock_config.o
 .comment       0x00000049       0x4a ./board/pin_mux.o
 .comment       0x00000049       0x4a ./accel/fsl_fxos.o
 .comment       0x00000049       0x4a c:/nxp/mcuxpressoide_11.6.1_8255/ide/plugins/com.nxp.mcuxpresso.tools.win32_11.6.1.202207200623/tools/bin/../lib/gcc/arm-none-eabi/10.3.1/../../../../arm-none-eabi/lib/thumb/v7e-m+fp/hard\libcr_semihost_nf.a(_cr__main.o)
 .comment       0x00000049       0x4a c:/nxp/mcuxpressoide_11.6.1_8255/ide/plugins/com.nxp.mcuxpresso.tools.win32_11.6.1.202207200623/tools/bin/../lib/gcc/arm-none-eabi/10.3.1/../../../../arm-none-eabi/lib/thumb/v7e-m+fp/hard\libcr_c.a(memcpy.o)
 .comment       0x00000049       0x4a c:/nxp/mcuxpressoide_11.6.1_8255/ide/plugins/com.nxp.mcuxpresso.tools.win32_11.6.1.202207200623/tools/bin/../lib/gcc/arm-none-eabi/10.3.1/../../../../arm-none-eabi/lib/thumb/v7e-m+fp/hard\libcr_c.a(memset.o)
 .comment       0x00000049       0x4a c:/nxp/mcuxpressoide_11.6.1_8255/ide/plugins/com.nxp.mcuxpresso.tools.win32_11.6.1.202207200623/tools/bin/../lib/gcc/arm-none-eabi/10.3.1/../../../../arm-none-eabi/lib/thumb/v7e-m+fp/hard\libcr_c.a(alloc.o)
 .comment       0x00000049       0x4a c:/nxp/mcuxpressoide_11.6.1_8255/ide/plugins/com.nxp.mcuxpresso.tools.win32_11.6.1.202207200623/tools/bin/../lib/gcc/arm-none-eabi/10.3.1/../../../../arm-none-eabi/lib/thumb/v7e-m+fp/hard\libcr_c.a(floor.o)
 .comment       0x00000049       0x4a c:/nxp/mcuxpressoide_11.6.1_8255/ide/plugins/com.nxp.mcuxpresso.tools.win32_11.6.1.202207200623/tools/bin/../lib/gcc/arm-none-eabi/10.3.1/../../../../arm-none-eabi/lib/thumb/v7e-m+fp/hard\libcr_c.a(initio.o)
 .comment       0x00000049       0x4a c:/nxp/mcuxpressoide_11.6.1_8255/ide/plugins/com.nxp.mcuxpresso.tools.win32_11.6.1.202207200623/tools/bin/../lib/gcc/arm-none-eabi/10.3.1/../../../../arm-none-eabi/lib/thumb/v7e-m+fp/hard\libcr_c.a(printf.o)
 .comment       0x00000049       0x4a c:/nxp/mcuxpressoide_11.6.1_8255/ide/plugins/com.nxp.mcuxpresso.tools.win32_11.6.1.202207200623/tools/bin/../lib/gcc/arm-none-eabi/10.3.1/../../../../arm-none-eabi/lib/thumb/v7e-m+fp/hard\libcr_c.a(setvbuf.o)
 .comment       0x00000049       0x4a c:/nxp/mcuxpressoide_11.6.1_8255/ide/plugins/com.nxp.mcuxpresso.tools.win32_11.6.1.202207200623/tools/bin/../lib/gcc/arm-none-eabi/10.3.1/../../../../arm-none-eabi/lib/thumb/v7e-m+fp/hard\libcr_c.a(strlen.o)
 .comment       0x00000049       0x4a c:/nxp/mcuxpressoide_11.6.1_8255/ide/plugins/com.nxp.mcuxpresso.tools.win32_11.6.1.202207200623/tools/bin/../lib/gcc/arm-none-eabi/10.3.1/../../../../arm-none-eabi/lib/thumb/v7e-m+fp/hard\libcr_c.a(__init_alloc.o)
 .comment       0x00000049       0x4a c:/nxp/mcuxpressoide_11.6.1_8255/ide/plugins/com.nxp.mcuxpresso.tools.win32_11.6.1.202207200623/tools/bin/../lib/gcc/arm-none-eabi/10.3.1/../../../../arm-none-eabi/lib/thumb/v7e-m+fp/hard\libcr_c.a(_cr_sbrk.o)
 .comment       0x00000049       0x4a c:/nxp/mcuxpressoide_11.6.1_8255/ide/plugins/com.nxp.mcuxpresso.tools.win32_11.6.1.202207200623/tools/bin/../lib/gcc/arm-none-eabi/10.3.1/../../../../arm-none-eabi/lib/thumb/v7e-m+fp/hard\libcr_c.a(_deferredlazyseek.o)
 .comment       0x00000049       0x4a c:/nxp/mcuxpressoide_11.6.1_8255/ide/plugins/com.nxp.mcuxpresso.tools.win32_11.6.1.202207200623/tools/bin/../lib/gcc/arm-none-eabi/10.3.1/../../../../arm-none-eabi/lib/thumb/v7e-m+fp/hard\libcr_c.a(_fdopen.o)
 .comment       0x00000049       0x4a c:/nxp/mcuxpressoide_11.6.1_8255/ide/plugins/com.nxp.mcuxpresso.tools.win32_11.6.1.202207200623/tools/bin/../lib/gcc/arm-none-eabi/10.3.1/../../../../arm-none-eabi/lib/thumb/v7e-m+fp/hard\libcr_c.a(_fflush.o)
 .comment       0x00000049       0x4a c:/nxp/mcuxpressoide_11.6.1_8255/ide/plugins/com.nxp.mcuxpresso.tools.win32_11.6.1.202207200623/tools/bin/../lib/gcc/arm-none-eabi/10.3.1/../../../../arm-none-eabi/lib/thumb/v7e-m+fp/hard\libcr_c.a(_writebuf.o)
 .comment       0x00000049       0x4a c:/nxp/mcuxpressoide_11.6.1_8255/ide/plugins/com.nxp.mcuxpresso.tools.win32_11.6.1.202207200623/tools/bin/../lib/gcc/arm-none-eabi/10.3.1/../../../../arm-none-eabi/lib/thumb/v7e-m+fp/hard\libcr_c.a(errno.o)
 .comment       0x00000049       0x4a c:/nxp/mcuxpressoide_11.6.1_8255/ide/plugins/com.nxp.mcuxpresso.tools.win32_11.6.1.202207200623/tools/bin/../lib/gcc/arm-none-eabi/10.3.1/../../../../arm-none-eabi/lib/thumb/v7e-m+fp/hard\libcr_c.a(fclose.o)
 .comment       0x00000049       0x4a c:/nxp/mcuxpressoide_11.6.1_8255/ide/plugins/com.nxp.mcuxpresso.tools.win32_11.6.1.202207200623/tools/bin/../lib/gcc/arm-none-eabi/10.3.1/../../../../arm-none-eabi/lib/thumb/v7e-m+fp/hard\libcr_c.a(fflush.o)
 .comment       0x00000049       0x4a c:/nxp/mcuxpressoide_11.6.1_8255/ide/plugins/com.nxp.mcuxpresso.tools.win32_11.6.1.202207200623/tools/bin/../lib/gcc/arm-none-eabi/10.3.1/../../../../arm-none-eabi/lib/thumb/v7e-m+fp/hard\libcr_c.a(fseek.o)
 .comment       0x00000049       0x4a c:/nxp/mcuxpressoide_11.6.1_8255/ide/plugins/com.nxp.mcuxpresso.tools.win32_11.6.1.202207200623/tools/bin/../lib/gcc/arm-none-eabi/10.3.1/../../../../arm-none-eabi/lib/thumb/v7e-m+fp/hard\libcr_c.a(ftell.o)
 .comment       0x00000049       0x4a c:/nxp/mcuxpressoide_11.6.1_8255/ide/plugins/com.nxp.mcuxpresso.tools.win32_11.6.1.202207200623/tools/bin/../lib/gcc/arm-none-eabi/10.3.1/../../../../arm-none-eabi/lib/thumb/v7e-m+fp/hard\libcr_c.a(remove.o)
 .comment       0x00000049       0x4a c:/nxp/mcuxpressoide_11.6.1_8255/ide/plugins/com.nxp.mcuxpresso.tools.win32_11.6.1.202207200623/tools/bin/../lib/gcc/arm-none-eabi/10.3.1/../../../../arm-none-eabi/lib/thumb/v7e-m+fp/hard\libcr_c.a(_cr_check_heap.o)
 .comment       0x00000049       0x4a c:/nxp/mcuxpressoide_11.6.1_8255/ide/plugins/com.nxp.mcuxpresso.tools.win32_11.6.1.202207200623/tools/bin/../lib/gcc/arm-none-eabi/10.3.1/../../../../arm-none-eabi/lib/thumb/v7e-m+fp/hard\libcr_c.a(_do_fflush.o)
 .comment       0x00000049       0x4a c:/nxp/mcuxpressoide_11.6.1_8255/ide/plugins/com.nxp.mcuxpresso.tools.win32_11.6.1.202207200623/tools/bin/../lib/gcc/arm-none-eabi/10.3.1/thumb/v7e-m+fp/hard\libcr_eabihelpers.a(double.o)
 .comment       0x00000049       0x4a c:/nxp/mcuxpressoide_11.6.1_8255/ide/plugins/com.nxp.mcuxpresso.tools.win32_11.6.1.202207200623/tools/bin/../lib/gcc/arm-none-eabi/10.3.1/../../../../arm-none-eabi/lib/thumb/v7e-m+fp/hard\libcr_semihost_nf.a(__ciob.o)

.ARM.attributes
                0x00000000       0x32
 .ARM.attributes
                0x00000000       0x34 ./utilities/fsl_assert.o
 .ARM.attributes
                0x00000034       0x34 ./startup/startup_mk66f18.o
 .ARM.attributes
                0x00000068       0x34 ./source/bubble.o
 .ARM.attributes
                0x0000009c       0x34 ./source/semihost_hardfault.o
 .ARM.attributes
                0x000000d0       0x34 ./drivers/fsl_clock.o
 .ARM.attributes
                0x00000104       0x34 ./drivers/fsl_dspi.o
 .ARM.attributes
                0x00000138       0x34 ./drivers/fsl_gpio.o
 .ARM.attributes
                0x0000016c       0x34 ./drivers/fsl_i2c.o
 .ARM.attributes
                0x000001a0       0x34 ./drivers/fsl_lpuart.o
 .ARM.attributes
                0x000001d4       0x34 ./drivers/fsl_uart.o
 .ARM.attributes
                0x00000208       0x34 ./device/system_MK66F18.o
 .ARM.attributes
                0x0000023c       0x34 ./board/clock_config.o
 .ARM.attributes
                0x00000270       0x34 ./board/pin_mux.o
 .ARM.attributes
                0x000002a4       0x34 ./accel/fsl_fxos.o
 .ARM.attributes
                0x000002d8       0x34 c:/nxp/mcuxpressoide_11.6.1_8255/ide/plugins/com.nxp.mcuxpresso.tools.win32_11.6.1.202207200623/tools/bin/../lib/gcc/arm-none-eabi/10.3.1/../../../../arm-none-eabi/lib/thumb/v7e-m+fp/hard\libcr_semihost_nf.a(_cr__main.o)
 .ARM.attributes
                0x0000030c       0x34 c:/nxp/mcuxpressoide_11.6.1_8255/ide/plugins/com.nxp.mcuxpresso.tools.win32_11.6.1.202207200623/tools/bin/../lib/gcc/arm-none-eabi/10.3.1/../../../../arm-none-eabi/lib/thumb/v7e-m+fp/hard\libcr_c.a(memcpy.o)
 .ARM.attributes
                0x00000340       0x34 c:/nxp/mcuxpressoide_11.6.1_8255/ide/plugins/com.nxp.mcuxpresso.tools.win32_11.6.1.202207200623/tools/bin/../lib/gcc/arm-none-eabi/10.3.1/../../../../arm-none-eabi/lib/thumb/v7e-m+fp/hard\libcr_c.a(memset.o)
 .ARM.attributes
                0x00000374       0x34 c:/nxp/mcuxpressoide_11.6.1_8255/ide/plugins/com.nxp.mcuxpresso.tools.win32_11.6.1.202207200623/tools/bin/../lib/gcc/arm-none-eabi/10.3.1/../../../../arm-none-eabi/lib/thumb/v7e-m+fp/hard\libcr_c.a(alloc.o)
 .ARM.attributes
                0x000003a8       0x34 c:/nxp/mcuxpressoide_11.6.1_8255/ide/plugins/com.nxp.mcuxpresso.tools.win32_11.6.1.202207200623/tools/bin/../lib/gcc/arm-none-eabi/10.3.1/../../../../arm-none-eabi/lib/thumb/v7e-m+fp/hard\libcr_c.a(floor.o)
 .ARM.attributes
                0x000003dc       0x34 c:/nxp/mcuxpressoide_11.6.1_8255/ide/plugins/com.nxp.mcuxpresso.tools.win32_11.6.1.202207200623/tools/bin/../lib/gcc/arm-none-eabi/10.3.1/../../../../arm-none-eabi/lib/thumb/v7e-m+fp/hard\libcr_c.a(initio.o)
 .ARM.attributes
                0x00000410       0x34 c:/nxp/mcuxpressoide_11.6.1_8255/ide/plugins/com.nxp.mcuxpresso.tools.win32_11.6.1.202207200623/tools/bin/../lib/gcc/arm-none-eabi/10.3.1/../../../../arm-none-eabi/lib/thumb/v7e-m+fp/hard\libcr_c.a(printf.o)
 .ARM.attributes
                0x00000444       0x34 c:/nxp/mcuxpressoide_11.6.1_8255/ide/plugins/com.nxp.mcuxpresso.tools.win32_11.6.1.202207200623/tools/bin/../lib/gcc/arm-none-eabi/10.3.1/../../../../arm-none-eabi/lib/thumb/v7e-m+fp/hard\libcr_c.a(setvbuf.o)
 .ARM.attributes
                0x00000478       0x34 c:/nxp/mcuxpressoide_11.6.1_8255/ide/plugins/com.nxp.mcuxpresso.tools.win32_11.6.1.202207200623/tools/bin/../lib/gcc/arm-none-eabi/10.3.1/../../../../arm-none-eabi/lib/thumb/v7e-m+fp/hard\libcr_c.a(strlen.o)
 .ARM.attributes
                0x000004ac       0x34 c:/nxp/mcuxpressoide_11.6.1_8255/ide/plugins/com.nxp.mcuxpresso.tools.win32_11.6.1.202207200623/tools/bin/../lib/gcc/arm-none-eabi/10.3.1/../../../../arm-none-eabi/lib/thumb/v7e-m+fp/hard\libcr_c.a(__init_alloc.o)
 .ARM.attributes
                0x000004e0       0x34 c:/nxp/mcuxpressoide_11.6.1_8255/ide/plugins/com.nxp.mcuxpresso.tools.win32_11.6.1.202207200623/tools/bin/../lib/gcc/arm-none-eabi/10.3.1/../../../../arm-none-eabi/lib/thumb/v7e-m+fp/hard\libcr_c.a(_cr_sbrk.o)
 .ARM.attributes
                0x00000514       0x34 c:/nxp/mcuxpressoide_11.6.1_8255/ide/plugins/com.nxp.mcuxpresso.tools.win32_11.6.1.202207200623/tools/bin/../lib/gcc/arm-none-eabi/10.3.1/../../../../arm-none-eabi/lib/thumb/v7e-m+fp/hard\libcr_c.a(_deferredlazyseek.o)
 .ARM.attributes
                0x00000548       0x34 c:/nxp/mcuxpressoide_11.6.1_8255/ide/plugins/com.nxp.mcuxpresso.tools.win32_11.6.1.202207200623/tools/bin/../lib/gcc/arm-none-eabi/10.3.1/../../../../arm-none-eabi/lib/thumb/v7e-m+fp/hard\libcr_c.a(_fdopen.o)
 .ARM.attributes
                0x0000057c       0x34 c:/nxp/mcuxpressoide_11.6.1_8255/ide/plugins/com.nxp.mcuxpresso.tools.win32_11.6.1.202207200623/tools/bin/../lib/gcc/arm-none-eabi/10.3.1/../../../../arm-none-eabi/lib/thumb/v7e-m+fp/hard\libcr_c.a(_fflush.o)
 .ARM.attributes
                0x000005b0       0x34 c:/nxp/mcuxpressoide_11.6.1_8255/ide/plugins/com.nxp.mcuxpresso.tools.win32_11.6.1.202207200623/tools/bin/../lib/gcc/arm-none-eabi/10.3.1/../../../../arm-none-eabi/lib/thumb/v7e-m+fp/hard\libcr_c.a(_writebuf.o)
 .ARM.attributes
                0x000005e4       0x34 c:/nxp/mcuxpressoide_11.6.1_8255/ide/plugins/com.nxp.mcuxpresso.tools.win32_11.6.1.202207200623/tools/bin/../lib/gcc/arm-none-eabi/10.3.1/../../../../arm-none-eabi/lib/thumb/v7e-m+fp/hard\libcr_c.a(errno.o)
 .ARM.attributes
                0x00000618       0x34 c:/nxp/mcuxpressoide_11.6.1_8255/ide/plugins/com.nxp.mcuxpresso.tools.win32_11.6.1.202207200623/tools/bin/../lib/gcc/arm-none-eabi/10.3.1/../../../../arm-none-eabi/lib/thumb/v7e-m+fp/hard\libcr_c.a(fclose.o)
 .ARM.attributes
                0x0000064c       0x34 c:/nxp/mcuxpressoide_11.6.1_8255/ide/plugins/com.nxp.mcuxpresso.tools.win32_11.6.1.202207200623/tools/bin/../lib/gcc/arm-none-eabi/10.3.1/../../../../arm-none-eabi/lib/thumb/v7e-m+fp/hard\libcr_c.a(fflush.o)
 .ARM.attributes
                0x00000680       0x34 c:/nxp/mcuxpressoide_11.6.1_8255/ide/plugins/com.nxp.mcuxpresso.tools.win32_11.6.1.202207200623/tools/bin/../lib/gcc/arm-none-eabi/10.3.1/../../../../arm-none-eabi/lib/thumb/v7e-m+fp/hard\libcr_c.a(fseek.o)
 .ARM.attributes
                0x000006b4       0x34 c:/nxp/mcuxpressoide_11.6.1_8255/ide/plugins/com.nxp.mcuxpresso.tools.win32_11.6.1.202207200623/tools/bin/../lib/gcc/arm-none-eabi/10.3.1/../../../../arm-none-eabi/lib/thumb/v7e-m+fp/hard\libcr_c.a(ftell.o)
 .ARM.attributes
                0x000006e8       0x34 c:/nxp/mcuxpressoide_11.6.1_8255/ide/plugins/com.nxp.mcuxpresso.tools.win32_11.6.1.202207200623/tools/bin/../lib/gcc/arm-none-eabi/10.3.1/../../../../arm-none-eabi/lib/thumb/v7e-m+fp/hard\libcr_c.a(remove.o)
 .ARM.attributes
                0x0000071c       0x34 c:/nxp/mcuxpressoide_11.6.1_8255/ide/plugins/com.nxp.mcuxpresso.tools.win32_11.6.1.202207200623/tools/bin/../lib/gcc/arm-none-eabi/10.3.1/../../../../arm-none-eabi/lib/thumb/v7e-m+fp/hard\libcr_c.a(_cr_check_heap.o)
 .ARM.attributes
                0x00000750       0x34 c:/nxp/mcuxpressoide_11.6.1_8255/ide/plugins/com.nxp.mcuxpresso.tools.win32_11.6.1.202207200623/tools/bin/../lib/gcc/arm-none-eabi/10.3.1/../../../../arm-none-eabi/lib/thumb/v7e-m+fp/hard\libcr_c.a(_do_fflush.o)
 .ARM.attributes
                0x00000784       0x34 c:/nxp/mcuxpressoide_11.6.1_8255/ide/plugins/com.nxp.mcuxpresso.tools.win32_11.6.1.202207200623/tools/bin/../lib/gcc/arm-none-eabi/10.3.1/thumb/v7e-m+fp/hard\libcr_eabihelpers.a(double.o)
 .ARM.attributes
                0x000007b8       0x20 c:/nxp/mcuxpressoide_11.6.1_8255/ide/plugins/com.nxp.mcuxpresso.tools.win32_11.6.1.202207200623/tools/bin/../lib/gcc/arm-none-eabi/10.3.1/thumb/v7e-m+fp/hard\libcr_eabihelpers.a(memcpy.o)
 .ARM.attributes
                0x000007d8       0x34 c:/nxp/mcuxpressoide_11.6.1_8255/ide/plugins/com.nxp.mcuxpresso.tools.win32_11.6.1.202207200623/tools/bin/../lib/gcc/arm-none-eabi/10.3.1/../../../../arm-none-eabi/lib/thumb/v7e-m+fp/hard\libcr_semihost_nf.a(__ciob.o)
 .ARM.attributes
                0x0000080c       0x20 c:/nxp/mcuxpressoide_11.6.1_8255/ide/plugins/com.nxp.mcuxpresso.tools.win32_11.6.1.202207200623/tools/bin/../lib/gcc/arm-none-eabi/10.3.1/../../../../arm-none-eabi/lib/thumb/v7e-m+fp/hard\libcr_semihost_nf.a(__sys_appexit.o)
 .ARM.attributes
                0x0000082c       0x20 c:/nxp/mcuxpressoide_11.6.1_8255/ide/plugins/com.nxp.mcuxpresso.tools.win32_11.6.1.202207200623/tools/bin/../lib/gcc/arm-none-eabi/10.3.1/../../../../arm-none-eabi/lib/thumb/v7e-m+fp/hard\libcr_semihost_nf.a(__sys_close.o)
 .ARM.attributes
                0x0000084c       0x20 c:/nxp/mcuxpressoide_11.6.1_8255/ide/plugins/com.nxp.mcuxpresso.tools.win32_11.6.1.202207200623/tools/bin/../lib/gcc/arm-none-eabi/10.3.1/../../../../arm-none-eabi/lib/thumb/v7e-m+fp/hard\libcr_semihost_nf.a(__sys_flen.o)
 .ARM.attributes
                0x0000086c       0x20 c:/nxp/mcuxpressoide_11.6.1_8255/ide/plugins/com.nxp.mcuxpresso.tools.win32_11.6.1.202207200623/tools/bin/../lib/gcc/arm-none-eabi/10.3.1/../../../../arm-none-eabi/lib/thumb/v7e-m+fp/hard\libcr_semihost_nf.a(__sys_istty.o)
 .ARM.attributes
                0x0000088c       0x20 c:/nxp/mcuxpressoide_11.6.1_8255/ide/plugins/com.nxp.mcuxpresso.tools.win32_11.6.1.202207200623/tools/bin/../lib/gcc/arm-none-eabi/10.3.1/../../../../arm-none-eabi/lib/thumb/v7e-m+fp/hard\libcr_semihost_nf.a(__sys_remove.o)
 .ARM.attributes
                0x000008ac       0x20 c:/nxp/mcuxpressoide_11.6.1_8255/ide/plugins/com.nxp.mcuxpresso.tools.win32_11.6.1.202207200623/tools/bin/../lib/gcc/arm-none-eabi/10.3.1/../../../../arm-none-eabi/lib/thumb/v7e-m+fp/hard\libcr_semihost_nf.a(__sys_seek.o)
 .ARM.attributes
                0x000008cc       0x20 c:/nxp/mcuxpressoide_11.6.1_8255/ide/plugins/com.nxp.mcuxpresso.tools.win32_11.6.1.202207200623/tools/bin/../lib/gcc/arm-none-eabi/10.3.1/../../../../arm-none-eabi/lib/thumb/v7e-m+fp/hard\libcr_semihost_nf.a(__sys_tmpnam.o)
 .ARM.attributes
                0x000008ec       0x20 c:/nxp/mcuxpressoide_11.6.1_8255/ide/plugins/com.nxp.mcuxpresso.tools.win32_11.6.1.202207200623/tools/bin/../lib/gcc/arm-none-eabi/10.3.1/../../../../arm-none-eabi/lib/thumb/v7e-m+fp/hard\libcr_semihost_nf.a(__sys_write.o)

.debug_frame    0x00000000     0x3578
 .debug_frame   0x00000000       0x30 ./utilities/fsl_assert.o
 .debug_frame   0x00000030      0xa4c ./startup/startup_mk66f18.o
 .debug_frame   0x00000a7c      0x118 ./source/bubble.o
 .debug_frame   0x00000b94       0x20 ./source/semihost_hardfault.o
 .debug_frame   0x00000bb4      0xa38 ./drivers/fsl_clock.o
 .debug_frame   0x000015ec      0x834 ./drivers/fsl_dspi.o
 .debug_frame   0x00001e20       0xc8 ./drivers/fsl_gpio.o
 .debug_frame   0x00001ee8      0x6b0 ./drivers/fsl_i2c.o
 .debug_frame   0x00002598      0x54c ./drivers/fsl_lpuart.o
 .debug_frame   0x00002ae4      0x714 ./drivers/fsl_uart.o
 .debug_frame   0x000031f8       0x74 ./device/system_MK66F18.o
 .debug_frame   0x0000326c      0x140 ./board/clock_config.o
 .debug_frame   0x000033ac      0x12c ./board/pin_mux.o
 .debug_frame   0x000034d8       0xa0 ./accel/fsl_fxos.o

Cross Reference Table

Symbol                                            File
ADC0_DriverIRQHandler                             ./startup/startup_mk66f18.o
ADC0_IRQHandler                                   ./startup/startup_mk66f18.o
ADC1_DriverIRQHandler                             ./startup/startup_mk66f18.o
ADC1_IRQHandler                                   ./startup/startup_mk66f18.o
BOARD_ACCEL_I2C_config                            ./board/peripherals.o
BOARD_ACCEL_I2C_init                              ./board/peripherals.o
BOARD_Accel_I2C_Init                              ./board/board.o
BOARD_Accel_I2C_Receive                           ./board/board.o
BOARD_Accel_I2C_Send                              ./board/board.o
BOARD_BootClockHSRUN                              ./board/clock_config.o
BOARD_BootClockRUN                                ./board/clock_config.o
BOARD_BootClockVLPR                               ./board/clock_config.o
BOARD_Codec_I2C_Init                              ./board/board.o
BOARD_Codec_I2C_Receive                           ./board/board.o
BOARD_Codec_I2C_Send                              ./board/board.o
BOARD_I2C_ConfigurePins                           ./board/pin_mux.o
BOARD_I2C_Init                                    ./board/board.o
BOARD_I2C_Receive                                 ./board/board.o
BOARD_I2C_Send                                    ./board/board.o
BOARD_InitBootClocks                              ./board/clock_config.o
                                                  ./source/bubble.o
BOARD_InitBootPeripherals                         ./board/peripherals.o
BOARD_InitBootPins                                ./board/pin_mux.o
                                                  ./source/bubble.o
BOARD_InitDebugConsole                            ./board/board.o
BOARD_InitPeripherals                             ./board/peripherals.o