C:\Users\guoj69\Desktop\lab 0\frdmk66f_adc16_low_power_async_edma_peripheral\CMSIS/core_cm4.h:1679:22:__NVIC_EnableIRQ	16	static
C:\Users\guoj69\Desktop\lab 0\frdmk66f_adc16_low_power_async_edma_peripheral\drivers/fsl_common_arm.h:499:24:EnableIRQ	24	static
C:\Users\guoj69\Desktop\lab 0\frdmk66f_adc16_low_power_async_edma_peripheral\drivers/fsl_dmamux.h:75:20:DMAMUX_EnableChannel	16	static
C:\Users\guoj69\Desktop\lab 0\frdmk66f_adc16_low_power_async_edma_peripheral\drivers/fsl_dmamux.h:109:20:DMAMUX_SetSource	24	static
C:\Users\guoj69\Desktop\lab 0\frdmk66f_adc16_low_power_async_edma_peripheral\drivers/fsl_lptmr.h:295:20:LPTMR_SetTimerPeriod	16	static
C:\Users\guoj69\Desktop\lab 0\frdmk66f_adc16_low_power_async_edma_peripheral\drivers/fsl_adc16.h:348:20:ADC16_EnableDMA	16	static
C:\Users\guoj69\Desktop\lab 0\frdmk66f_adc16_low_power_async_edma_peripheral\drivers/fsl_adc16.h:367:20:ADC16_EnableHardwareTrigger	16	static
../board/peripherals.c:112:6:DEMO_eDMA_init	8	static
../board/peripherals.c:166:6:DEMO_LPTMR_init	8	static
../board/peripherals.c:237:6:DEMO_ADC16_init	8	static
../board/peripherals.c:258:6:BOARD_InitPeripherals	8	static
../board/peripherals.c:273:6:BOARD_InitBootPeripherals	8	static
