C:\Users\pintoa9\Documents\COMPENG4DS4\lab 1\exp4b\drivers/fsl_clock.h:725:20:CLOCK_EnableClock	24	static
C:\Users\pintoa9\Documents\COMPENG4DS4\lab 1\exp4b\drivers/fsl_port.h:271:20:PORT_SetPinConfig	32	static
C:\Users\pintoa9\Documents\COMPENG4DS4\lab 1\exp4b\drivers/fsl_port.h:374:20:PORT_SetPinMux	24	static
C:\Users\pintoa9\Documents\COMPENG4DS4\lab 1\exp4b\drivers/fsl_port.h:389:20:PORT_EnablePinsDigitalFilter	24	static
../board/pin_mux.c:43:6:BOARD_InitBootPins	8	static
../board/pin_mux.c:68:6:BOARD_InitPins	8	static
../board/pin_mux.c:106:6:BOARD_I2C_ConfigurePins	16	static
../board/pin_mux.c:174:6:BOARD_Init_I2C_GPIO_pins	16	static
