C:\Users\guoj69\Desktop\lab 0\frdmk66f_adc16_low_power_peripheral\drivers/fsl_smc.h:256:20:SMC_SetPowerModeProtection	16	static
C:\Users\guoj69\Desktop\lab 0\frdmk66f_adc16_low_power_peripheral\drivers/fsl_lptmr.h:339:20:LPTMR_StartTimer	24	static
C:\Users\guoj69\Desktop\lab 0\frdmk66f_adc16_low_power_peripheral\drivers/fsl_lptmr.h:356:20:LPTMR_StopTimer	24	static
C:\Users\guoj69\Desktop\lab 0\frdmk66f_adc16_low_power_peripheral\drivers/fsl_adc16.h:328:20:ADC16_SetOffsetValue	16	static
C:\Users\guoj69\Desktop\lab 0\frdmk66f_adc16_low_power_peripheral\drivers/fsl_adc16.h:367:20:ADC16_EnableHardwareTrigger	16	static
C:\Users\guoj69\Desktop\lab 0\frdmk66f_adc16_low_power_peripheral\drivers/fsl_adc16.h:491:24:ADC16_GetChannelConversionValue	16	static
C:\Users\guoj69\Desktop\lab 0\frdmk66f_adc16_low_power_peripheral\drivers/fsl_gpio.h:191:20:GPIO_PortSet	16	static
C:\Users\guoj69\Desktop\lab 0\frdmk66f_adc16_low_power_peripheral\drivers/fsl_gpio.h:206:20:GPIO_PortClear	16	static
C:\Users\guoj69\Desktop\lab 0\frdmk66f_adc16_low_power_peripheral\drivers/fsl_gpio.h:221:20:GPIO_PortToggle	16	static
../source/adc16_low_power_peripheral.c:128:13:LPTMR_InitTriggerSourceOfAdc	16	static
../source/adc16_low_power_peripheral.c:140:13:ADC16_PauseConversion	24	static
../source/adc16_low_power_peripheral.c:158:13:ADC16_CalibrateParams	32	static
../source/adc16_low_power_peripheral.c:222:13:ADC16_InitHardwareTrigger	24	static
../source/adc16_low_power_peripheral.c:245:16:GetCurrentTempValue	16	static
../source/adc16_low_power_peripheral.c:254:32:TempSensorCalibration	40	static
../source/adc16_low_power_peripheral.c:280:6:ADC0_IRQHandler	8	static
../source/adc16_low_power_peripheral.c:295:5:main	192	static
