C:\Users\pintoa9\Documents\COMPENG4DS4\lab 1\prob_5_test\frdmk66f_ecompass_peripheral\drivers/fsl_clock.h:1045:20:CLOCK_SetSimSafeDivs	4	static
C:\Users\pintoa9\Documents\COMPENG4DS4\lab 1\prob_5_test\frdmk66f_ecompass_peripheral\drivers/fsl_clock.h:1428:20:CLOCK_SetXtal0Freq	16	static
C:\Users\pintoa9\Documents\COMPENG4DS4\lab 1\prob_5_test\frdmk66f_ecompass_peripheral\drivers/fsl_smc.h:256:20:SMC_SetPowerModeProtection	16	static
C:\Users\pintoa9\Documents\COMPENG4DS4\lab 1\prob_5_test\frdmk66f_ecompass_peripheral\drivers/fsl_smc.h:275:33:SMC_GetPowerModeState	16	static
../board/clock_config.c:82:13:CLOCK_CONFIG_SetFllExtRefDiv	16	static
../board/clock_config.c:90:6:BOARD_InitBootClocks	8	static
../board/clock_config.c:194:6:BOARD_BootClockHSRUN	8	static
../board/clock_config.c:303:6:BOARD_BootClockVLPR	8	static
../board/clock_config.c:421:6:BOARD_BootClockRUN	8	static
