C:\Users\pintoa9\Documents\COMPENG4DS4\lab 1\prob_5_test\frdmk66f_ecompass_peripheral\drivers/fsl_clock.h:725:20:CLOCK_EnableClock	24	static
C:\Users\pintoa9\Documents\COMPENG4DS4\lab 1\prob_5_test\frdmk66f_ecompass_peripheral\drivers/fsl_port.h:271:20:PORT_SetPinConfig	32	static
C:\Users\pintoa9\Documents\COMPENG4DS4\lab 1\prob_5_test\frdmk66f_ecompass_peripheral\drivers/fsl_port.h:374:20:PORT_SetPinMux	24	static
C:\Users\pintoa9\Documents\COMPENG4DS4\lab 1\prob_5_test\frdmk66f_ecompass_peripheral\drivers/fsl_port.h:389:20:PORT_EnablePinsDigitalFilter	24	static
../board/pin_mux.c:41:6:BOARD_InitBootPins	8	static
../board/pin_mux.c:64:6:BOARD_InitPins	8	static
../board/pin_mux.c:117:6:BOARD_I2C_ConfigurePins	16	static
../board/pin_mux.c:185:6:BOARD_GPIO_ConfigurePins	16	static
