Archive member included to satisfy reference by file (symbol)

c:/nxp/mcuxpressoide_11.6.1_8255/ide/plugins/com.nxp.mcuxpresso.tools.win32_11.6.1.202207200623/tools/bin/../lib/gcc/arm-none-eabi/10.3.1/../../../../arm-none-eabi/lib/thumb/v7e-m+fp/hard\libcr_semihost_nf.a(_cr__main.o)
                              ./startup/startup_mk66f18.o (__main)
c:/nxp/mcuxpressoide_11.6.1_8255/ide/plugins/com.nxp.mcuxpresso.tools.win32_11.6.1.202207200623/tools/bin/../lib/gcc/arm-none-eabi/10.3.1/../../../../arm-none-eabi/lib/thumb/v7e-m+fp/hard\libcr_c.a(memcpy.o)
                              ./drivers/fsl_ftfx_cache.o (memcpy)
c:/nxp/mcuxpressoide_11.6.1_8255/ide/plugins/com.nxp.mcuxpresso.tools.win32_11.6.1.202207200623/tools/bin/../lib/gcc/arm-none-eabi/10.3.1/../../../../arm-none-eabi/lib/thumb/v7e-m+fp/hard\libcr_c.a(memset.o)
                              ./drivers/fsl_adc16.o (memset)
c:/nxp/mcuxpressoide_11.6.1_8255/ide/plugins/com.nxp.mcuxpresso.tools.win32_11.6.1.202207200623/tools/bin/../lib/gcc/arm-none-eabi/10.3.1/../../../../arm-none-eabi/lib/thumb/v7e-m+fp/hard\libcr_c.a(alloc.o)
                              ./drivers/fsl_common.o (malloc)
c:/nxp/mcuxpressoide_11.6.1_8255/ide/plugins/com.nxp.mcuxpresso.tools.win32_11.6.1.202207200623/tools/bin/../lib/gcc/arm-none-eabi/10.3.1/../../../../arm-none-eabi/lib/thumb/v7e-m+fp/hard\libcr_c.a(initio.o)
                              c:/nxp/mcuxpressoide_11.6.1_8255/ide/plugins/com.nxp.mcuxpresso.tools.win32_11.6.1.202207200623/tools/bin/../lib/gcc/arm-none-eabi/10.3.1/../../../../arm-none-eabi/lib/thumb/v7e-m+fp/hard\libcr_semihost_nf.a(_cr__main.o) (_initio)
c:/nxp/mcuxpressoide_11.6.1_8255/ide/plugins/com.nxp.mcuxpresso.tools.win32_11.6.1.202207200623/tools/bin/../lib/gcc/arm-none-eabi/10.3.1/../../../../arm-none-eabi/lib/thumb/v7e-m+fp/hard\libcr_c.a(printf.o)
                              ./utilities/fsl_assert.o (_printf)
c:/nxp/mcuxpressoide_11.6.1_8255/ide/plugins/com.nxp.mcuxpresso.tools.win32_11.6.1.202207200623/tools/bin/../lib/gcc/arm-none-eabi/10.3.1/../../../../arm-none-eabi/lib/thumb/v7e-m+fp/hard\libcr_c.a(setvbuf.o)
                              c:/nxp/mcuxpressoide_11.6.1_8255/ide/plugins/com.nxp.mcuxpresso.tools.win32_11.6.1.202207200623/tools/bin/../lib/gcc/arm-none-eabi/10.3.1/../../../../arm-none-eabi/lib/thumb/v7e-m+fp/hard\libcr_c.a(initio.o) (setvbuf)
c:/nxp/mcuxpressoide_11.6.1_8255/ide/plugins/com.nxp.mcuxpresso.tools.win32_11.6.1.202207200623/tools/bin/../lib/gcc/arm-none-eabi/10.3.1/../../../../arm-none-eabi/lib/thumb/v7e-m+fp/hard\libcr_c.a(strlen.o)
                              c:/nxp/mcuxpressoide_11.6.1_8255/ide/plugins/com.nxp.mcuxpresso.tools.win32_11.6.1.202207200623/tools/bin/../lib/gcc/arm-none-eabi/10.3.1/../../../../arm-none-eabi/lib/thumb/v7e-m+fp/hard\libcr_c.a(printf.o) (strlen)
c:/nxp/mcuxpressoide_11.6.1_8255/ide/plugins/com.nxp.mcuxpresso.tools.win32_11.6.1.202207200623/tools/bin/../lib/gcc/arm-none-eabi/10.3.1/../../../../arm-none-eabi/lib/thumb/v7e-m+fp/hard\libcr_c.a(__init_alloc.o)
                              c:/nxp/mcuxpressoide_11.6.1_8255/ide/plugins/com.nxp.mcuxpresso.tools.win32_11.6.1.202207200623/tools/bin/../lib/gcc/arm-none-eabi/10.3.1/../../../../arm-none-eabi/lib/thumb/v7e-m+fp/hard\libcr_c.a(alloc.o) (__heaps)
c:/nxp/mcuxpressoide_11.6.1_8255/ide/plugins/com.nxp.mcuxpresso.tools.win32_11.6.1.202207200623/tools/bin/../lib/gcc/arm-none-eabi/10.3.1/../../../../arm-none-eabi/lib/thumb/v7e-m+fp/hard\libcr_c.a(_cr_sbrk.o)
                              c:/nxp/mcuxpressoide_11.6.1_8255/ide/plugins/com.nxp.mcuxpresso.tools.win32_11.6.1.202207200623/tools/bin/../lib/gcc/arm-none-eabi/10.3.1/../../../../arm-none-eabi/lib/thumb/v7e-m+fp/hard\libcr_c.a(alloc.o) (_sbrk)
c:/nxp/mcuxpressoide_11.6.1_8255/ide/plugins/com.nxp.mcuxpresso.tools.win32_11.6.1.202207200623/tools/bin/../lib/gcc/arm-none-eabi/10.3.1/../../../../arm-none-eabi/lib/thumb/v7e-m+fp/hard\libcr_c.a(_deferredlazyseek.o)
                              c:/nxp/mcuxpressoide_11.6.1_8255/ide/plugins/com.nxp.mcuxpresso.tools.win32_11.6.1.202207200623/tools/bin/../lib/gcc/arm-none-eabi/10.3.1/../../../../arm-none-eabi/lib/thumb/v7e-m+fp/hard\libcr_c.a(printf.o) (__flsbuf)
c:/nxp/mcuxpressoide_11.6.1_8255/ide/plugins/com.nxp.mcuxpresso.tools.win32_11.6.1.202207200623/tools/bin/../lib/gcc/arm-none-eabi/10.3.1/../../../../arm-none-eabi/lib/thumb/v7e-m+fp/hard\libcr_c.a(_fdopen.o)
                              c:/nxp/mcuxpressoide_11.6.1_8255/ide/plugins/com.nxp.mcuxpresso.tools.win32_11.6.1.202207200623/tools/bin/../lib/gcc/arm-none-eabi/10.3.1/../../../../arm-none-eabi/lib/thumb/v7e-m+fp/hard\libcr_c.a(initio.o) (_fdopen)
c:/nxp/mcuxpressoide_11.6.1_8255/ide/plugins/com.nxp.mcuxpresso.tools.win32_11.6.1.202207200623/tools/bin/../lib/gcc/arm-none-eabi/10.3.1/../../../../arm-none-eabi/lib/thumb/v7e-m+fp/hard\libcr_c.a(_fflush.o)
[...]
Memory Configuration

Name             Origin             Length             Attributes
PROGRAM_FLASH    0x00000000         0x00200000         xr
SRAM_UPPER       0x20000000         0x00030000         xrw
SRAM_LOWER       0x1fff0000         0x00010000         xrw
FLEX_RAM         0x14000000         0x00001000         xrw
*default*        0x00000000         0xffffffff

Linker script and memory map

LOAD ./utilities/fsl_assert.o
LOAD ./utilities/fsl_debug_console.o
LOAD ./startup/startup_mk66f18.o
LOAD ./source/adc16_low_power_async_edma.o
LOAD ./source/semihost_hardfault.o
LOAD ./drivers/fsl_adc16.o
LOAD ./drivers/fsl_clock.o
LOAD ./drivers/fsl_common.o
LOAD ./drivers/fsl_common_arm.o
LOAD ./drivers/fsl_dmamux.o
LOAD ./drivers/fsl_edma.o
LOAD ./drivers/fsl_ftfx_cache.o
LOAD ./drivers/fsl_ftfx_controller.o
LOAD ./drivers/fsl_ftfx_flash.o
LOAD ./drivers/fsl_ftfx_flexnvm.o
LOAD ./drivers/fsl_gpio.o
LOAD ./drivers/fsl_lptmr.o
LOAD ./drivers/fsl_lpuart.o
LOAD ./drivers/fsl_pmc.o
LOAD ./drivers/fsl_sim.o
LOAD ./drivers/fsl_smc.o
LOAD ./drivers/fsl_uart.o
LOAD ./device/system_MK66F18.o
LOAD ./component/uart/fsl_adapter_uart.o
LOAD ./component/lists/fsl_component_generic_list.o
LOAD ./board/board.o
LOAD ./board/clock_config.o
LOAD ./board/pin_mux.o
START GROUP
LOAD c:/nxp/mcuxpressoide_11.6.1_8255/ide/plugins/com.nxp.mcuxpresso.tools.win32_11.6.1.202207200623/tools/bin/../lib/gcc/arm-none-eabi/10.3.1/../../../../arm-none-eabi/lib/thumb/v7e-m+fp/hard\libcr_semihost_nf.a
LOAD c:/nxp/mcuxpressoide_11.6.1_8255/ide/plugins/com.nxp.mcuxpresso.tools.win32_11.6.1.202207200623/tools/bin/../lib/gcc/arm-none-eabi/10.3.1/../../../../arm-none-eabi/lib/thumb/v7e-m+fp/hard\libcr_c.a
LOAD c:/nxp/mcuxpressoide_11.6.1_8255/ide/plugins/com.nxp.mcuxpresso.tools.win32_11.6.1.202207200623/tools/bin/../lib/gcc/arm-none-eabi/10.3.1/thumb/v7e-m+fp/hard\libcr_eabihelpers.a
LOAD c:/nxp/mcuxpressoide_11.6.1_8255/ide/plugins/com.nxp.mcuxpresso.tools.win32_11.6.1.202207200623/tools/bin/../lib/gcc/arm-none-eabi/10.3.1/thumb/v7e-m+fp/hard\libgcc.a
END GROUP
                0x00000000                __base_PROGRAM_FLASH = 0x0
                0x00000000                __base_Flash = 0x0
                0x00200000                __top_PROGRAM_FLASH = 0x200000
                0x00200000                __top_Flash = 0x200000
                0x20000000                __base_SRAM_UPPER = 0x20000000
                0x20000000                __base_RAM = 0x20000000
                0x20030000                __top_SRAM_UPPER = 0x20030000
                0x20030000                __top_RAM = 0x20030000
                0x1fff0000                __base_SRAM_LOWER = 0x1fff0000
                0x1fff0000                __base_RAM2 = 0x1fff0000
                0x20000000                __top_SRAM_LOWER = 0x20000000
                0x20000000                __top_RAM2 = 0x20000000
                0x14000000                __base_FLEX_RAM = 0x14000000
                0x14000000                __base_RAM3 = 0x14000000
                0x14001000                __top_FLEX_RAM = 0x14001000
                0x14001000                __top_RAM3 = 0x14001000

.text           0x00000000     0x59b0
 FILL mask 0xff
                0x00000000                __vectors_start__ = ABSOLUTE (.)
 *(SORT_BY_ALIGNMENT(.isr_vector))
 .isr_vector    0x00000000      0x1d0 ./startup/startup_mk66f18.o
                0x00000000                g_pfnVectors
                0x00000000                __Vectors
                0x000001d0                . = ALIGN (0x4)
                0x000001d0                __section_table_start = .
                0x000001d0                __data_section_table = .
                0x000001d0        0x4 LONG 0x59b0 LOADADDR (.data)
                0x000001d4        0x4 LONG 0x20000000 ADDR (.data)
                0x000001d8        0x4 LONG 0x28 SIZEOF (.data)
                0x000001dc        0x4 LONG 0x59b0 LOADADDR (.data_RAM2)
                0x000001e0        0x4 LONG 0x1fff0000 ADDR (.data_RAM2)
                0x000001e4        0x4 LONG 0x0 SIZEOF (.data_RAM2)
                0x000001e8        0x4 LONG 0x59b0 LOADADDR (.data_RAM3)
                0x000001ec        0x4 LONG 0x14000000 ADDR (.data_RAM3)
                0x000001f0        0x4 LONG 0x0 SIZEOF (.data_RAM3)
                0x000001f4                __data_section_table_end = .
                0x000001f4                __bss_section_table = .
                0x000001f4        0x4 LONG 0x20000028 ADDR (.bss)
                0x000001f8        0x4 LONG 0x1e8 SIZEOF (.bss)
                0x000001fc        0x4 LONG 0x1fff0000 ADDR (.bss_RAM2)
                0x00000200        0x4 LONG 0x0 SIZEOF (.bss_RAM2)
                0x00000204        0x4 LONG 0x14000000 ADDR (.bss_RAM3)
                0x00000208        0x4 LONG 0x0 SIZEOF (.bss_RAM3)
                0x0000020c                __bss_section_table_end = .
                0x0000020c                __section_table_end = .
 *(SORT_BY_ALIGNMENT(.after_vectors*))
 .after_vectors.reset
                0x0000020c       0x4c ./startup/startup_mk66f18.o
                0x0000020c                ResetISR
 .after_vectors.init_data
                0x00000258       0x1e ./startup/startup_mk66f18.o
                0x00000258                data_init
 .after_vectors.init_bss
                0x00000276       0x12 ./startup/startup_mk66f18.o
                0x00000276                bss_init
 .after_vectors
                0x00000288       0x14 ./startup/startup_mk66f18.o
                0x00000288                NMI_Handler
                0x0000028c                MemManage_Handler
                0x0000028e                BusFault_Handler
                0x00000290                UsageFault_Handler
                0x00000292                SVC_Handler
                0x00000294                DebugMon_Handler
                0x00000296                PendSV_Handler
                0x00000298                SysTick_Handler
                0x0000029a                FTM1_DriverIRQHandler
                0x0000029a                FTM2_DriverIRQHandler
                0x0000029a                PIT2_DriverIRQHandler
                0x0000029a                TPM2_DriverIRQHandler
                0x0000029a                SDHC_DriverIRQHandler
                0x0000029a                I2C3_DriverIRQHandler
                0x0000029a                I2S0_Tx_DriverIRQHandler
                0x0000029a                TSI0_DriverIRQHandler
                0x0000029a                RTC_Seconds_DriverIRQHandler
                0x0000029a                CMP3_DriverIRQHandler
                0x0000029a                LLWU_DriverIRQHandler
                0x0000029a                MCM_DriverIRQHandler
                0x0000029a                MCG_DriverIRQHandler
                0x0000029a                ENET_1588_Timer_DriverIRQHandler
                0x0000029a                I2C2_DriverIRQHandler
                0x0000029a                DAC1_DriverIRQHandler
                0x0000029a                DMA_Error_DriverIRQHandler
                0x0000029a                CMP1_DriverIRQHandler
                0x0000029a                USBHSDCD_DriverIRQHandler
                0x0000029a                FTM0_DriverIRQHandler
                0x0000029a                IntDefaultHandler
                0x0000029a                USB0_DriverIRQHandler
                0x0000029a                PORTC_DriverIRQHandler
                0x0000029a                DAC0_DriverIRQHandler
                0x0000029a                CMP2_DriverIRQHandler
                0x0000029a                UART2_ERR_DriverIRQHandler
                0x0000029a                LPTMR0_DriverIRQHandler
                0x0000029a                LVD_LVW_DriverIRQHandler
                0x0000029a                Reserved84_DriverIRQHandler
                0x0000029a                PIT0_DriverIRQHandler
                0x0000029a                RNG_DriverIRQHandler
                0x0000029a                USBDCD_DriverIRQHandler
                0x0000029a                UART3_ERR_DriverIRQHandler
                0x0000029a                UART0_ERR_DriverIRQHandler
                0x0000029a                CMT_DriverIRQHandler
                0x0000029a                Reserved71_DriverIRQHandler
                0x0000029a                ADC1_DriverIRQHandler
                0x0000029a                PORTA_DriverIRQHandler
                0x0000029a                PIT3_DriverIRQHandler
                0x0000029a                PIT1_DriverIRQHandler
                0x0000029a                TPM1_DriverIRQHandler
                0x0000029a                WDOG_EWM_DriverIRQHandler
                0x0000029a                PDB0_DriverIRQHandler
                0x0000029a                RTC_DriverIRQHandler
                0x0000029a                I2S0_Rx_DriverIRQHandler
                0x0000029a                Read_Collision_DriverIRQHandler
                0x0000029a                SWI_DriverIRQHandler
                0x0000029a                UART4_ERR_DriverIRQHandler
                0x0000029a                SPI1_DriverIRQHandler
                0x0000029a                PORTB_DriverIRQHandler
                0x0000029a                I2C1_DriverIRQHandler
                0x0000029a                ENET_Receive_DriverIRQHandler
                0x0000029a                ENET_Error_DriverIRQHandler
                0x0000029a                Reserved85_DriverIRQHandler
                0x0000029a                SPI0_DriverIRQHandler
                0x0000029a                ADC0_DriverIRQHandler
                0x0000029a                USBHS_DriverIRQHandler
                0x0000029a                CMP0_DriverIRQHandler
                0x0000029a                CAN0_DriverIRQHandler
                0x0000029a                FTM3_DriverIRQHandler
                0x0000029a                SPI2_DriverIRQHandler
                0x0000029a                UART1_ERR_DriverIRQHandler
                0x0000029a                ENET_Transmit_DriverIRQHandler
                0x0000029a                PORTD_DriverIRQHandler
                0x0000029a                Reserved46_DriverIRQHandler
                0x0000029a                PORTE_DriverIRQHandler
                0x0000029a                FTFE_DriverIRQHandler
                0x0000029a                I2C0_DriverIRQHandler
                0x0000029a                CAN1_DriverIRQHandler
                0x00000400                . = 0x400
 *fill*         0x0000029c      0x164 ff
                0x00000400                PROVIDE (__FLASH_CONFIG_START__ = .)
 *(SORT_BY_ALIGNMENT(.FlashConfig))
 .FlashConfig   0x00000400       0x10 ./startup/startup_mk66f18.o
                0x00000400                Flash_Config
                0x00000410                PROVIDE (__FLASH_CONFIG_END__ = .)
                0x00000001                ASSERT (! ((__FLASH_CONFIG_START__ == __FLASH_CONFIG_END__)), Linker Flash Config Support Enabled, but no .FlashConfig section provided within application)
 *(SORT_BY_ALIGNMENT(.text*))
 .text.__assertion_failed
                0x00000410       0x18 ./utilities/fsl_assert.o
                0x00000410                __assertion_failed
 .text.__NVIC_EnableIRQ
                0x00000428       0x3c ./source/adc16_low_power_async_edma.o
 .text.DMAMUX_EnableChannel
                0x00000464       0x3c ./source/adc16_low_power_async_edma.o
 .text.DMAMUX_SetSource
                0x000004a0       0x4c ./source/adc16_low_power_async_edma.o
 .text.LPTMR_SetTimerPeriod
                0x000004ec       0x2c ./source/adc16_low_power_async_edma.o
 .text.EDMA_EnableAsyncRequest
                0x00000518       0x58 ./source/adc16_low_power_async_edma.o
 .text.BOARD_ConfigTriggerSource
                0x00000570       0x28 ./source/adc16_low_power_async_edma.o
                0x00000570                BOARD_ConfigTriggerSource
 .text.LPTMR_Configuration
                0x00000598       0x2c ./source/adc16_low_power_async_edma.o
 .text.ADC16_Configuration
                0x000005c4       0x88 ./source/adc16_low_power_async_edma.o
 .text.EDMA_Configuration
                0x0000064c       0xb0 ./source/adc16_low_power_async_edma.o
 .text.ProcessSampleData
                0x000006fc       0x70 ./source/adc16_low_power_async_edma.o
 .text.Edma_Callback
                0x0000076c       0x70 ./source/adc16_low_power_async_edma.o
 .text.main     0x000007dc       0xa4 ./source/adc16_low_power_async_edma.o
                0x000007dc                main
 .text.ADC16_GetInstance
                0x00000880       0x4c ./drivers/fsl_adc16.o
 .text.ADC16_Init
                0x000008cc      0x118 ./drivers/fsl_adc16.o
                0x000008cc                ADC16_Init
 .text.ADC16_GetDefaultConfig
                0x000009e4       0x68 ./drivers/fsl_adc16.o
                0x000009e4                ADC16_GetDefaultConfig
 .text.ADC16_SetChannelConfig
                0x00000a4c       0x68 ./drivers/fsl_adc16.o
                0x00000a4c                ADC16_SetChannelConfig
 .text.ADC16_GetChannelStatusFlags
                0x00000ab4       0x40 ./drivers/fsl_adc16.o
                0x00000ab4                ADC16_GetChannelStatusFlags
 .text.CLOCK_SetEr32kClock
                0x00000af4       0x30 ./drivers/fsl_clock.o
 .text.CLOCK_SetPllFllSelClock
                0x00000b24       0x54 ./drivers/fsl_clock.o
 .text.CLOCK_GetMcgExtClkFreq
                0x00000b78       0x7c ./drivers/fsl_clock.o
 .text.CLOCK_GetFllExtRefClkFreq
                0x00000bf4       0xb0 ./drivers/fsl_clock.o
 .text.CLOCK_GetInternalRefClkSelectFreq
                0x00000ca4       0x4c ./drivers/fsl_clock.o
 .text.CLOCK_GetFllRefClkFreq
                0x00000cf0       0x34 ./drivers/fsl_clock.o
 .text.CLOCK_GetOscRangeFromFreq
                0x00000d24       0x3c ./drivers/fsl_clock.o
 .text.CLOCK_GetCoreSysClkFreq
                0x00000d60       0x28 ./drivers/fsl_clock.o
                0x00000d60                CLOCK_GetCoreSysClkFreq
 .text.CLOCK_SetSimConfig
                0x00000d88       0x40 ./drivers/fsl_clock.o
                0x00000d88                CLOCK_SetSimConfig
 .text.CLOCK_GetOutClkFreq
                0x00000dc8       0x90 ./drivers/fsl_clock.o
                0x00000dc8                CLOCK_GetOutClkFreq
 .text.CLOCK_GetFllFreq
                0x00000e58       0x84 ./drivers/fsl_clock.o
                0x00000e58                CLOCK_GetFllFreq
 .text.CLOCK_GetPll0Freq
                0x00000edc       0x7c ./drivers/fsl_clock.o
                0x00000edc                CLOCK_GetPll0Freq
 .text.CLOCK_GetExtPllFreq
                0x00000f58       0x18 ./drivers/fsl_clock.o
                0x00000f58                CLOCK_GetExtPllFreq
 .text.CLOCK_SetExternalRefClkConfig
                0x00000f70       0x6c ./drivers/fsl_clock.o
                0x00000f70                CLOCK_SetExternalRefClkConfig
 .text.CLOCK_SetInternalRefClkConfig
                0x00000fdc      0x104 ./drivers/fsl_clock.o
                0x00000fdc                CLOCK_SetInternalRefClkConfig
 .text.CLOCK_EnablePll0
                0x000010e0       0x88 ./drivers/fsl_clock.o
                0x000010e0                CLOCK_EnablePll0
 .text.CLOCK_GetStatusFlags
                0x00001168       0x98 ./drivers/fsl_clock.o
                0x00001168                CLOCK_GetStatusFlags
 .text.CLOCK_InitOsc0
                0x00001200       0x8c ./drivers/fsl_clock.o
                0x00001200                CLOCK_InitOsc0
 .text.CLOCK_GetMode
                0x0000128c       0xb4 ./drivers/fsl_clock.o
                0x0000128c                CLOCK_GetMode
 .text.CLOCK_SetPbeMode
                0x00001340       0xe8 ./drivers/fsl_clock.o
                0x00001340                CLOCK_SetPbeMode
 .text.CLOCK_SetPeeMode
                0x00001428       0x38 ./drivers/fsl_clock.o
                0x00001428                CLOCK_SetPeeMode
 .text.CLOCK_BootToPeeMode
                0x00001460       0x68 ./drivers/fsl_clock.o
                0x00001460                CLOCK_BootToPeeMode
 .text.DMAMUX_GetInstance
                0x000014c8       0x44 ./drivers/fsl_dmamux.o
 .text.DMAMUX_Init
                0x0000150c       0x24 ./drivers/fsl_dmamux.o
                0x0000150c                DMAMUX_Init
 .text.__NVIC_EnableIRQ
                0x00001530       0x3c ./drivers/fsl_edma.o
 .text.EDMA_GetInstance
                0x0000156c       0x44 ./drivers/fsl_edma.o
 .text.EDMA_InstallTCD
                0x000015b0      0x14c ./drivers/fsl_edma.o
                0x000015b0                EDMA_InstallTCD
 .text.EDMA_Init
                0x000016fc       0x98 ./drivers/fsl_edma.o
                0x000016fc                EDMA_Init
 .text.EDMA_GetDefaultConfig
                0x00001794       0x44 ./drivers/fsl_edma.o
                0x00001794                EDMA_GetDefaultConfig
 .text.EDMA_SetTransferConfig
                0x000017d8       0x60 ./drivers/fsl_edma.o
                0x000017d8                EDMA_SetTransferConfig
 .text.EDMA_EnableChannelInterrupts
                0x00001838       0xa8 ./drivers/fsl_edma.o
                0x00001838                EDMA_EnableChannelInterrupts
 .text.EDMA_TcdReset
                0x000018e0       0x78 ./drivers/fsl_edma.o
                0x000018e0                EDMA_TcdReset
 .text.EDMA_TcdSetTransferConfig
                0x00001958      0x12c ./drivers/fsl_edma.o
                0x00001958                EDMA_TcdSetTransferConfig
 .text.EDMA_GetChannelStatusFlags
                0x00001a84       0x74 ./drivers/fsl_edma.o
                0x00001a84                EDMA_GetChannelStatusFlags
 .text.EDMA_ClearChannelStatusFlags
                0x00001af8       0x5c ./drivers/fsl_edma.o
                0x00001af8                EDMA_ClearChannelStatusFlags
 .text.EDMA_GetInstanceOffset
                0x00001b54       0x48 ./drivers/fsl_edma.o
 .text.EDMA_CreateHandle
                0x00001b9c       0xe0 ./drivers/fsl_edma.o
                0x00001b9c                EDMA_CreateHandle
 .text.EDMA_SetCallback
                0x00001c7c       0x30 ./drivers/fsl_edma.o
                0x00001c7c                EDMA_SetCallback
 .text.EDMA_TransferWidthMapping
                0x00001cac       0xd0 ./drivers/fsl_edma.o
 .text.EDMA_PrepareTransferConfig
                0x00001d7c      0x134 ./drivers/fsl_edma.o
                0x00001d7c                EDMA_PrepareTransferConfig
 .text.EDMA_PrepareTransfer
                0x00001eb0       0xa4 ./drivers/fsl_edma.o
                0x00001eb0                EDMA_PrepareTransfer
 .text.EDMA_SubmitTransfer
                0x00001f54      0x304 ./drivers/fsl_edma.o
                0x00001f54                EDMA_SubmitTransfer
 .text.EDMA_StartTransfer
                0x00002258       0xb0 ./drivers/fsl_edma.o
                0x00002258                EDMA_StartTransfer
 .text.EDMA_HandleIRQ
                0x00002308      0x1b0 ./drivers/fsl_edma.o
                0x00002308                EDMA_HandleIRQ
 .text.DMA0_DMA16_DriverIRQHandler
                0x000024b8       0x50 ./drivers/fsl_edma.o
                0x000024b8                DMA0_DMA16_DriverIRQHandler
 .text.DMA1_DMA17_DriverIRQHandler
                0x00002508       0x50 ./drivers/fsl_edma.o
                0x00002508                DMA1_DMA17_DriverIRQHandler
 .text.DMA2_DMA18_DriverIRQHandler
                0x00002558       0x50 ./drivers/fsl_edma.o
                0x00002558                DMA2_DMA18_DriverIRQHandler
 .text.DMA3_DMA19_DriverIRQHandler
                0x000025a8       0x50 ./drivers/fsl_edma.o
                0x000025a8                DMA3_DMA19_DriverIRQHandler
 .text.DMA4_DMA20_DriverIRQHandler
                0x000025f8       0x50 ./drivers/fsl_edma.o
                0x000025f8                DMA4_DMA20_DriverIRQHandler
 .text.DMA5_DMA21_DriverIRQHandler
                0x00002648       0x50 ./drivers/fsl_edma.o
                0x00002648                DMA5_DMA21_DriverIRQHandler
 .text.DMA6_DMA22_DriverIRQHandler
                0x00002698       0x50 ./drivers/fsl_edma.o
                0x00002698                DMA6_DMA22_DriverIRQHandler
 .text.DMA7_DMA23_DriverIRQHandler
                0x000026e8       0x50 ./drivers/fsl_edma.o
                0x000026e8                DMA7_DMA23_DriverIRQHandler
 .text.DMA8_DMA24_DriverIRQHandler
                0x00002738       0x50 ./drivers/fsl_edma.o
                0x00002738                DMA8_DMA24_DriverIRQHandler
 .text.DMA9_DMA25_DriverIRQHandler
                0x00002788       0x50 ./drivers/fsl_edma.o
                0x00002788                DMA9_DMA25_DriverIRQHandler
 .text.DMA10_DMA26_DriverIRQHandler
                0x000027d8       0x50 ./drivers/fsl_edma.o
                0x000027d8                DMA10_DMA26_DriverIRQHandler
 .text.DMA11_DMA27_DriverIRQHandler
                0x00002828       0x50 ./drivers/fsl_edma.o
                0x00002828                DMA11_DMA27_DriverIRQHandler
 .text.DMA12_DMA28_DriverIRQHandler
                0x00002878       0x50 ./drivers/fsl_edma.o
                0x00002878                DMA12_DMA28_DriverIRQHandler
 .text.DMA13_DMA29_DriverIRQHandler
                0x000028c8       0x50 ./drivers/fsl_edma.o
                0x000028c8                DMA13_DMA29_DriverIRQHandler
 .text.DMA14_DMA30_DriverIRQHandler
                0x00002918       0x50 ./drivers/fsl_edma.o
                0x00002918                DMA14_DMA30_DriverIRQHandler
 .text.DMA15_DMA31_DriverIRQHandler
                0x00002968       0x50 ./drivers/fsl_edma.o
                0x00002968                DMA15_DMA31_DriverIRQHandler
 .text.LPTMR_GetInstance
                0x000029b8       0x44 ./drivers/fsl_lptmr.o
 .text.LPTMR_Init
                0x000029fc       0x8c ./drivers/fsl_lptmr.o
                0x000029fc                LPTMR_Init
 .text.LPTMR_GetDefaultConfig
                0x00002a88       0x54 ./drivers/fsl_lptmr.o
                0x00002a88                LPTMR_GetDefaultConfig
 .text.LPUART0_DriverIRQHandler
                0x00002adc       0x28 ./drivers/fsl_lpuart.o
                0x00002adc                LPUART0_DriverIRQHandler
 .text.SMC_EnterStopRamFunc
                0x00002b04       0x20 ./drivers/fsl_smc.o
 .text.SMC_SetPowerModeVlps
                0x00002b24       0x5c ./drivers/fsl_smc.o
                0x00002b24                SMC_SetPowerModeVlps
 .text.UART0_DriverIRQHandler
                0x00002b80       0x28 ./drivers/fsl_uart.o
                0x00002b80                UART0_DriverIRQHandler
 .text.UART1_DriverIRQHandler
                0x00002ba8       0x28 ./drivers/fsl_uart.o
                0x00002ba8                UART1_DriverIRQHandler
 .text.UART2_DriverIRQHandler
                0x00002bd0       0x28 ./drivers/fsl_uart.o
                0x00002bd0                UART2_DriverIRQHandler
 .text.UART3_DriverIRQHandler
                0x00002bf8       0x28 ./drivers/fsl_uart.o
                0x00002bf8                UART3_DriverIRQHandler
 .text.UART4_DriverIRQHandler
                0x00002c20       0x28 ./drivers/fsl_uart.o
                0x00002c20                UART4_DriverIRQHandler
 .text.SystemInit
                0x00002c48       0x3c ./device/system_MK66F18.o
                0x00002c48                SystemInit
 .text.CLOCK_SetSimSafeDivs
                0x00002c84       0x24 ./board/clock_config.o
 .text.CLOCK_SetXtal0Freq
                0x00002ca8       0x20 ./board/clock_config.o
 .text.CLOCK_CONFIG_SetFllExtRefDiv
                0x00002cc8       0x3c ./board/clock_config.o
 .text.BOARD_BootClockRUN
                0x00002d04       0x60 ./board/clock_config.o
                0x00002d04                BOARD_BootClockRUN
 .text.BOARD_InitPins
                0x00002d64       0x74 ./board/pin_mux.o
                0x00002d64                BOARD_InitPins
 .text.malloc   0x00002dd8       0xc8 c:/nxp/mcuxpressoide_11.6.1_8255/ide/plugins/com.nxp.mcuxpresso.tools.win32_11.6.1.202207200623/tools/bin/../lib/gcc/arm-none-eabi/10.3.1/../../../../arm-none-eabi/lib/thumb/v7e-m+fp/hard\libcr_c.a(alloc.o)
                0x00002dd8                malloc
 .text._Csys_alloc
                0x00002ea0       0x20 c:/nxp/mcuxpressoide_11.6.1_8255/ide/plugins/com.nxp.mcuxpresso.tools.win32_11.6.1.202207200623/tools/bin/../lib/gcc/arm-none-eabi/10.3.1/../../../../arm-none-eabi/lib/thumb/v7e-m+fp/hard\libcr_c.a(alloc.o)
                0x00002ea0                _Csys_alloc
 .text._initio  0x00002ec0       0x78 c:/nxp/mcuxpressoide_11.6.1_8255/ide/plugins/com.nxp.mcuxpresso.tools.win32_11.6.1.202207200623/tools/bin/../lib/gcc/arm-none-eabi/10.3.1/../../../../arm-none-eabi/lib/thumb/v7e-m+fp/hard\libcr_c.a(initio.o)
                0x00002ec0                _initio
 .text.__vfprintf
                0x00002f38      0xbf8 c:/nxp/mcuxpressoide_11.6.1_8255/ide/plugins/com.nxp.mcuxpresso.tools.win32_11.6.1.202207200623/tools/bin/../lib/gcc/arm-none-eabi/10.3.1/../../../../arm-none-eabi/lib/thumb/v7e-m+fp/hard\libcr_c.a(printf.o)
                0x00002f38                __vfprintf
 .text._vsnprintf
                0x00003b30       0x68 c:/nxp/mcuxpressoide_11.6.1_8255/ide/plugins/com.nxp.mcuxpresso.tools.win32_11.6.1.202207200623/tools/bin/../lib/gcc/arm-none-eabi/10.3.1/../../../../arm-none-eabi/lib/thumb/v7e-m+fp/hard\libcr_c.a(printf.o)
                0x00003b30                _vsnprintf
 .text._printf  0x00003b98       0x54 c:/nxp/mcuxpressoide_11.6.1_8255/ide/plugins/com.nxp.mcuxpresso.tools.win32_11.6.1.202207200623/tools/bin/../lib/gcc/arm-none-eabi/10.3.1/../../../../arm-none-eabi/lib/thumb/v7e-m+fp/hard\libcr_c.a(printf.o)
                0x00003b98                _printf
 .text._sbrk    0x00003bec       0x3c c:/nxp/mcuxpressoide_11.6.1_8255/ide/plugins/com.nxp.mcuxpresso.tools.win32_11.6.1.202207200623/tools/bin/../lib/gcc/arm-none-eabi/10.3.1/../../../../arm-none-eabi/lib/thumb/v7e-m+fp/hard\libcr_c.a(_cr_sbrk.o)
                0x00003bec                _sbrk
 .text._Cwritebuf
                0x00003c28       0x6c c:/nxp/mcuxpressoide_11.6.1_8255/ide/plugins/com.nxp.mcuxpresso.tools.win32_11.6.1.202207200623/tools/bin/../lib/gcc/arm-none-eabi/10.3.1/../../../../arm-none-eabi/lib/thumb/v7e-m+fp/hard\libcr_c.a(_writebuf.o)
                0x00003c28                _Cwritebuf
 .text.fflush   0x00003c94       0x3c c:/nxp/mcuxpressoide_11.6.1_8255/ide/plugins/com.nxp.mcuxpresso.tools.win32_11.6.1.202207200623/tools/bin/../lib/gcc/arm-none-eabi/10.3.1/../../../../arm-none-eabi/lib/thumb/v7e-m+fp/hard\libcr_c.a(fflush.o)
                0x00003c94                fflush
 .text.fseek    0x00003cd0       0xfc c:/nxp/mcuxpressoide_11.6.1_8255/ide/plugins/com.nxp.mcuxpresso.tools.win32_11.6.1.202207200623/tools/bin/../lib/gcc/arm-none-eabi/10.3.1/../../../../arm-none-eabi/lib/thumb/v7e-m+fp/hard\libcr_c.a(fseek.o)
                0x00003cd0                fseek
 .text.ftell    0x00003dcc       0x44 c:/nxp/mcuxpressoide_11.6.1_8255/ide/plugins/com.nxp.mcuxpresso.tools.win32_11.6.1.202207200623/tools/bin/../lib/gcc/arm-none-eabi/10.3.1/../../../../arm-none-eabi/lib/thumb/v7e-m+fp/hard\libcr_c.a(ftell.o)
                0x00003dcc                ftell
 .text.__check_heap_overflow
                0x00003e10       0x18 c:/nxp/mcuxpressoide_11.6.1_8255/ide/plugins/com.nxp.mcuxpresso.tools.win32_11.6.1.202207200623/tools/bin/../lib/gcc/arm-none-eabi/10.3.1/../../../../arm-none-eabi/lib/thumb/v7e-m+fp/hard\libcr_c.a(_cr_check_heap.o)
                0x00003e10                __check_heap_overflow
 .text.__sys_appexit
                0x00003e28        0xc c:/nxp/mcuxpressoide_11.6.1_8255/ide/plugins/com.nxp.mcuxpresso.tools.win32_11.6.1.202207200623/tools/bin/../lib/gcc/arm-none-eabi/10.3.1/../../../../arm-none-eabi/lib/thumb/v7e-m+fp/hard\libcr_semihost_nf.a(__sys_appexit.o)
                0x00003e28                __sys_appexit
                0x00003e28                __exit
 .text.DMA0_DMA16_IRQHandler
                0x00003e34        0x8 ./startup/startup_mk66f18.o
                0x00003e34                DMA0_DMA16_IRQHandler
 .text.DMA1_DMA17_IRQHandler
                0x00003e3c        0x8 ./startup/startup_mk66f18.o
                0x00003e3c                DMA1_DMA17_IRQHandler
 .text.DMA2_DMA18_IRQHandler
                0x00003e44        0x8 ./startup/startup_mk66f18.o
                0x00003e44                DMA2_DMA18_IRQHandler
 .text.DMA3_DMA19_IRQHandler
                0x00003e4c        0x8 ./startup/startup_mk66f18.o
                0x00003e4c                DMA3_DMA19_IRQHandler
 .text.DMA4_DMA20_IRQHandler
                0x00003e54        0x8 ./startup/startup_mk66f18.o
                0x00003e54                DMA4_DMA20_IRQHandler
 .text.DMA5_DMA21_IRQHandler
                0x00003e5c        0x8 ./startup/startup_mk66f18.o
                0x00003e5c                DMA5_DMA21_IRQHandler
 .text.DMA6_DMA22_IRQHandler
                0x00003e64        0x8 ./startup/startup_mk66f18.o
                0x00003e64                DMA6_DMA22_IRQHandler
 .text.DMA7_DMA23_IRQHandler
                0x00003e6c        0x8 ./startup/startup_mk66f18.o
                0x00003e6c                DMA7_DMA23_IRQHandler
 .text.DMA8_DMA24_IRQHandler
                0x00003e74        0x8 ./startup/startup_mk66f18.o
                0x00003e74                DMA8_DMA24_IRQHandler
 .text.DMA9_DMA25_IRQHandler
                0x00003e7c        0x8 ./startup/startup_mk66f18.o
                0x00003e7c                DMA9_DMA25_IRQHandler
 .text.DMA10_DMA26_IRQHandler
                0x00003e84        0x8 ./startup/startup_mk66f18.o
                0x00003e84                DMA10_DMA26_IRQHandler
 .text.DMA11_DMA27_IRQHandler
                0x00003e8c        0x8 ./startup/startup_mk66f18.o
                0x00003e8c                DMA11_DMA27_IRQHandler
 .text.DMA12_DMA28_IRQHandler
                0x00003e94        0x8 ./startup/startup_mk66f18.o
                0x00003e94                DMA12_DMA28_IRQHandler
 .text.DMA13_DMA29_IRQHandler
                0x00003e9c        0x8 ./startup/startup_mk66f18.o
                0x00003e9c                DMA13_DMA29_IRQHandler
 .text.DMA14_DMA30_IRQHandler
                0x00003ea4        0x8 ./startup/startup_mk66f18.o
                0x00003ea4                DMA14_DMA30_IRQHandler
 .text.DMA15_DMA31_IRQHandler
                0x00003eac        0x8 ./startup/startup_mk66f18.o
                0x00003eac                DMA15_DMA31_IRQHandler
 .text.DMA_Error_IRQHandler
                0x00003eb4        0x8 ./startup/startup_mk66f18.o
                0x00003eb4                DMA_Error_IRQHandler
 .text.MCM_IRQHandler
                0x00003ebc        0x8 ./startup/startup_mk66f18.o
                0x00003ebc                MCM_IRQHandler
 .text.FTFE_IRQHandler
                0x00003ec4        0x8 ./startup/startup_mk66f18.o
                0x00003ec4                FTFE_IRQHandler
 .text.Read_Collision_IRQHandler
                0x00003ecc        0x8 ./startup/startup_mk66f18.o
                0x00003ecc                Read_Collision_IRQHandler
 .text.LVD_LVW_IRQHandler
                0x00003ed4        0x8 ./startup/startup_mk66f18.o
                0x00003ed4                LVD_LVW_IRQHandler
 .text.LLWU_IRQHandler
                0x00003edc        0x8 ./startup/startup_mk66f18.o
                0x00003edc                LLWU_IRQHandler
 .text.WDOG_EWM_IRQHandler
                0x00003ee4        0x8 ./startup/startup_mk66f18.o
                0x00003ee4                WDOG_EWM_IRQHandler
 .text.RNG_IRQHandler
                0x00003eec        0x8 ./startup/startup_mk66f18.o
                0x00003eec                RNG_IRQHandler
 .text.I2C0_IRQHandler
                0x00003ef4        0x8 ./startup/startup_mk66f18.o
                0x00003ef4                I2C0_IRQHandler
 .text.I2C1_IRQHandler
                0x00003efc        0x8 ./startup/startup_mk66f18.o
                0x00003efc                I2C1_IRQHandler
 .text.SPI0_IRQHandler
                0x00003f04        0x8 ./startup/startup_mk66f18.o
                0x00003f04                SPI0_IRQHandler
 .text.SPI1_IRQHandler
                0x00003f0c        0x8 ./startup/startup_mk66f18.o
                0x00003f0c                SPI1_IRQHandler
 .text.I2S0_Tx_IRQHandler
                0x00003f14        0x8 ./startup/startup_mk66f18.o
                0x00003f14                I2S0_Tx_IRQHandler
 .text.I2S0_Rx_IRQHandler
                0x00003f1c        0x8 ./startup/startup_mk66f18.o
                0x00003f1c                I2S0_Rx_IRQHandler
 .text.Reserved46_IRQHandler
                0x00003f24        0x8 ./startup/startup_mk66f18.o
                0x00003f24                Reserved46_IRQHandler
 .text.UART0_RX_TX_IRQHandler
                0x00003f2c        0x8 ./startup/startup_mk66f18.o
                0x00003f2c                UART0_RX_TX_IRQHandler
 .text.UART0_ERR_IRQHandler
                0x00003f34        0x8 ./startup/startup_mk66f18.o
                0x00003f34                UART0_ERR_IRQHandler
 .text.UART1_RX_TX_IRQHandler
                0x00003f3c        0x8 ./startup/startup_mk66f18.o
                0x00003f3c                UART1_RX_TX_IRQHandler
 .text.UART1_ERR_IRQHandler
                0x00003f44        0x8 ./startup/startup_mk66f18.o
                0x00003f44                UART1_ERR_IRQHandler
 .text.UART2_RX_TX_IRQHandler
                0x00003f4c        0x8 ./startup/startup_mk66f18.o
                0x00003f4c                UART2_RX_TX_IRQHandler
 .text.UART2_ERR_IRQHandler
                0x00003f54        0x8 ./startup/startup_mk66f18.o
                0x00003f54                UART2_ERR_IRQHandler
 .text.UART3_RX_TX_IRQHandler
                0x00003f5c        0x8 ./startup/startup_mk66f18.o
                0x00003f5c                UART3_RX_TX_IRQHandler
 .text.UART3_ERR_IRQHandler
                0x00003f64        0x8 ./startup/startup_mk66f18.o
                0x00003f64                UART3_ERR_IRQHandler
 .text.ADC0_IRQHandler
                0x00003f6c        0x8 ./startup/startup_mk66f18.o
                0x00003f6c                ADC0_IRQHandler
 .text.CMP0_IRQHandler
                0x00003f74        0x8 ./startup/startup_mk66f18.o
                0x00003f74                CMP0_IRQHandler
 .text.CMP1_IRQHandler
                0x00003f7c        0x8 ./startup/startup_mk66f18.o
                0x00003f7c                CMP1_IRQHandler
 .text.FTM0_IRQHandler
                0x00003f84        0x8 ./startup/startup_mk66f18.o
                0x00003f84                FTM0_IRQHandler
 .text.FTM1_IRQHandler
                0x00003f8c        0x8 ./startup/startup_mk66f18.o
                0x00003f8c                FTM1_IRQHandler
 .text.FTM2_IRQHandler
                0x00003f94        0x8 ./startup/startup_mk66f18.o
                0x00003f94                FTM2_IRQHandler
 .text.CMT_IRQHandler
                0x00003f9c        0x8 ./startup/startup_mk66f18.o
                0x00003f9c                CMT_IRQHandler
 .text.RTC_IRQHandler
                0x00003fa4        0x8 ./startup/startup_mk66f18.o
                0x00003fa4                RTC_IRQHandler
 .text.RTC_Seconds_IRQHandler
                0x00003fac        0x8 ./startup/startup_mk66f18.o
                0x00003fac                RTC_Seconds_IRQHandler
 .text.PIT0_IRQHandler
                0x00003fb4        0x8 ./startup/startup_mk66f18.o
                0x00003fb4                PIT0_IRQHandler
 .text.PIT1_IRQHandler
                0x00003fbc        0x8 ./startup/startup_mk66f18.o
                0x00003fbc                PIT1_IRQHandler
 .text.PIT2_IRQHandler
                0x00003fc4        0x8 ./startup/startup_mk66f18.o
                0x00003fc4                PIT2_IRQHandler
 .text.PIT3_IRQHandler
                0x00003fcc        0x8 ./startup/startup_mk66f18.o
                0x00003fcc                PIT3_IRQHandler
 .text.PDB0_IRQHandler
                0x00003fd4        0x8 ./startup/startup_mk66f18.o
                0x00003fd4                PDB0_IRQHandler
 .text.USB0_IRQHandler
                0x00003fdc        0x8 ./startup/startup_mk66f18.o
                0x00003fdc                USB0_IRQHandler
 .text.USBDCD_IRQHandler
                0x00003fe4        0x8 ./startup/startup_mk66f18.o
                0x00003fe4                USBDCD_IRQHandler
 .text.Reserved71_IRQHandler
                0x00003fec        0x8 ./startup/startup_mk66f18.o
                0x00003fec                Reserved71_IRQHandler
 .text.DAC0_IRQHandler
                0x00003ff4        0x8 ./startup/startup_mk66f18.o
                0x00003ff4                DAC0_IRQHandler
 .text.MCG_IRQHandler
                0x00003ffc        0x8 ./startup/startup_mk66f18.o
                0x00003ffc                MCG_IRQHandler
 .text.LPTMR0_IRQHandler
                0x00004004        0x8 ./startup/startup_mk66f18.o
                0x00004004                LPTMR0_IRQHandler
 .text.PORTA_IRQHandler
                0x0000400c        0x8 ./startup/startup_mk66f18.o
                0x0000400c                PORTA_IRQHandler
 .text.PORTB_IRQHandler
                0x00004014        0x8 ./startup/startup_mk66f18.o
                0x00004014                PORTB_IRQHandler
 .text.PORTC_IRQHandler
                0x0000401c        0x8 ./startup/startup_mk66f18.o
                0x0000401c                PORTC_IRQHandler
 .text.PORTD_IRQHandler
                0x00004024        0x8 ./startup/startup_mk66f18.o
                0x00004024                PORTD_IRQHandler
 .text.PORTE_IRQHandler
                0x0000402c        0x8 ./startup/startup_mk66f18.o
                0x0000402c                PORTE_IRQHandler
 .text.SWI_IRQHandler
                0x00004034        0x8 ./startup/startup_mk66f18.o
                0x00004034                SWI_IRQHandler
 .text.SPI2_IRQHandler
                0x0000403c        0x8 ./startup/startup_mk66f18.o
                0x0000403c                SPI2_IRQHandler
 .text.UART4_RX_TX_IRQHandler
                0x00004044        0x8 ./startup/startup_mk66f18.o
                0x00004044                UART4_RX_TX_IRQHandler
 .text.UART4_ERR_IRQHandler
                0x0000404c        0x8 ./startup/startup_mk66f18.o
                0x0000404c                UART4_ERR_IRQHandler
 .text.Reserved84_IRQHandler
                0x00004054        0x8 ./startup/startup_mk66f18.o
                0x00004054                Reserved84_IRQHandler
 .text.Reserved85_IRQHandler
                0x0000405c        0x8 ./startup/startup_mk66f18.o
                0x0000405c                Reserved85_IRQHandler
 .text.CMP2_IRQHandler
                0x00004064        0x8 ./startup/startup_mk66f18.o
                0x00004064                CMP2_IRQHandler
 .text.FTM3_IRQHandler
                0x0000406c        0x8 ./startup/startup_mk66f18.o
                0x0000406c                FTM3_IRQHandler
 .text.DAC1_IRQHandler
                0x00004074        0x8 ./startup/startup_mk66f18.o
                0x00004074                DAC1_IRQHandler
 .text.ADC1_IRQHandler
                0x0000407c        0x8 ./startup/startup_mk66f18.o
                0x0000407c                ADC1_IRQHandler
 .text.I2C2_IRQHandler
                0x00004084        0x8 ./startup/startup_mk66f18.o
                0x00004084                I2C2_IRQHandler
 .text.CAN0_ORed_Message_buffer_IRQHandler
                0x0000408c        0x8 ./startup/startup_mk66f18.o
                0x0000408c                CAN0_ORed_Message_buffer_IRQHandler
 .text.CAN0_Bus_Off_IRQHandler
                0x00004094        0x8 ./startup/startup_mk66f18.o
                0x00004094                CAN0_Bus_Off_IRQHandler
 .text.CAN0_Error_IRQHandler
                0x0000409c        0x8 ./startup/startup_mk66f18.o
                0x0000409c                CAN0_Error_IRQHandler
 .text.CAN0_Tx_Warning_IRQHandler
                0x000040a4        0x8 ./startup/startup_mk66f18.o
                0x000040a4                CAN0_Tx_Warning_IRQHandler
 .text.CAN0_Rx_Warning_IRQHandler
                0x000040ac        0x8 ./startup/startup_mk66f18.o
                0x000040ac                CAN0_Rx_Warning_IRQHandler
 .text.CAN0_Wake_Up_IRQHandler
                0x000040b4        0x8 ./startup/startup_mk66f18.o
                0x000040b4                CAN0_Wake_Up_IRQHandler
 .text.SDHC_IRQHandler
                0x000040bc        0x8 ./startup/startup_mk66f18.o
                0x000040bc                SDHC_IRQHandler
 .text.ENET_1588_Timer_IRQHandler
                0x000040c4        0x8 ./startup/startup_mk66f18.o
                0x000040c4                ENET_1588_Timer_IRQHandler
 .text.ENET_Transmit_IRQHandler
                0x000040cc        0x8 ./startup/startup_mk66f18.o
                0x000040cc                ENET_Transmit_IRQHandler
 .text.ENET_Receive_IRQHandler
                0x000040d4        0x8 ./startup/startup_mk66f18.o
                0x000040d4                ENET_Receive_IRQHandler
 .text.ENET_Error_IRQHandler
                0x000040dc        0x8 ./startup/startup_mk66f18.o
                0x000040dc                ENET_Error_IRQHandler
 .text.LPUART0_IRQHandler
                0x000040e4        0x8 ./startup/startup_mk66f18.o
                0x000040e4                LPUART0_IRQHandler
 .text.TSI0_IRQHandler
                0x000040ec        0x8 ./startup/startup_mk66f18.o
                0x000040ec                TSI0_IRQHandler
 .text.TPM1_IRQHandler
                0x000040f4        0x8 ./startup/startup_mk66f18.o
                0x000040f4                TPM1_IRQHandler
 .text.TPM2_IRQHandler
                0x000040fc        0x8 ./startup/startup_mk66f18.o
                0x000040fc                TPM2_IRQHandler
 .text.USBHSDCD_IRQHandler
                0x00004104        0x8 ./startup/startup_mk66f18.o
                0x00004104                USBHSDCD_IRQHandler
 .text.I2C3_IRQHandler
                0x0000410c        0x8 ./startup/startup_mk66f18.o
                0x0000410c                I2C3_IRQHandler
 .text.CMP3_IRQHandler
                0x00004114        0x8 ./startup/startup_mk66f18.o
                0x00004114                CMP3_IRQHandler
 .text.USBHS_IRQHandler
                0x0000411c        0x8 ./startup/startup_mk66f18.o
                0x0000411c                USBHS_IRQHandler
 .text.CAN1_ORed_Message_buffer_IRQHandler
                0x00004124        0x8 ./startup/startup_mk66f18.o
                0x00004124                CAN1_ORed_Message_buffer_IRQHandler
 .text.CAN1_Bus_Off_IRQHandler
                0x0000412c        0x8 ./startup/startup_mk66f18.o
                0x0000412c                CAN1_Bus_Off_IRQHandler
 .text.CAN1_Error_IRQHandler
                0x00004134        0x8 ./startup/startup_mk66f18.o
                0x00004134                CAN1_Error_IRQHandler
 .text.CAN1_Tx_Warning_IRQHandler
                0x0000413c        0x8 ./startup/startup_mk66f18.o
                0x0000413c                CAN1_Tx_Warning_IRQHandler
 .text.CAN1_Rx_Warning_IRQHandler
                0x00004144        0x8 ./startup/startup_mk66f18.o
                0x00004144                CAN1_Rx_Warning_IRQHandler
 .text.CAN1_Wake_Up_IRQHandler
                0x0000414c        0x8 ./startup/startup_mk66f18.o
                0x0000414c                CAN1_Wake_Up_IRQHandler
 .text.DbgConsole_Deinit
                0x00004154       0x10 ./source/adc16_low_power_async_edma.o
 .text.SMC_SetPowerModeProtection
                0x00004164       0x1e ./source/adc16_low_power_async_edma.o
 .text.ADC16_EnableDMA
                0x00004182       0x38 ./source/adc16_low_power_async_edma.o
 .text.ADC16_EnableHardwareTrigger
                0x000041ba       0x38 ./source/adc16_low_power_async_edma.o
 .text.GPIO_PinWrite
                0x000041f2       0x36 ./source/adc16_low_power_async_edma.o
 .text.GPIO_PortToggle
                0x00004228       0x1c ./source/adc16_low_power_async_edma.o
 .text.LPTMR_StartTimer
                0x00004244       0x30 ./source/adc16_low_power_async_edma.o
 .text.LPTMR_StopTimer
                0x00004274       0x30 ./source/adc16_low_power_async_edma.o
 .text.APP_WaitClockStable
                0x000042a4       0x2a ./source/adc16_low_power_async_edma.o
 .text.Delay    0x000042ce       0x30 ./source/adc16_low_power_async_edma.o
 .text.HardFault_Handler
                0x000042fe       0x2c ./source/semihost_hardfault.o
                0x000042fe                HardFault_Handler
 .text.CLOCK_EnableClock
                0x0000432a       0x34 ./drivers/fsl_adc16.o
 .text.ADC16_DoAutoCalibration
                0x0000435e      0x130 ./drivers/fsl_adc16.o
                0x0000435e                ADC16_DoAutoCalibration
 .text.ADC16_SetHardwareAverage
                0x0000448e       0x3e ./drivers/fsl_adc16.o
                0x0000448e                ADC16_SetHardwareAverage
 .text.ADC16_GetStatusFlags
                0x000044cc       0x42 ./drivers/fsl_adc16.o
                0x000044cc                ADC16_GetStatusFlags
 .text.OSC_SetExtRefClkConfig
                0x0000450e       0x40 ./drivers/fsl_clock.o
 .text.OSC_SetCapLoad
                0x0000454e       0x34 ./drivers/fsl_clock.o
 .text.CLOCK_GetPll0RefFreq
                0x00004582        0xe ./drivers/fsl_clock.o
 .text.CLOCK_EnableClock
                0x00004590       0x34 ./drivers/fsl_dmamux.o
 .text.CLOCK_EnableClock
                0x000045c4       0x34 ./drivers/fsl_edma.o
 .text.EnableIRQ
                0x000045f8       0x32 ./drivers/fsl_edma.o
 .text.DisableGlobalIRQ
                0x0000462a       0x22 ./drivers/fsl_edma.o
 .text.EnableGlobalIRQ
                0x0000464c       0x20 ./drivers/fsl_edma.o
 .text.CLOCK_EnableClock
                0x0000466c       0x34 ./drivers/fsl_lptmr.o
 .text.UART0_RX_TX_DriverIRQHandler
                0x000046a0       0x12 ./drivers/fsl_uart.o
                0x000046a0                UART0_RX_TX_DriverIRQHandler
 .text.UART1_RX_TX_DriverIRQHandler
                0x000046b2       0x12 ./drivers/fsl_uart.o
                0x000046b2                UART1_RX_TX_DriverIRQHandler
 .text.UART2_RX_TX_DriverIRQHandler
                0x000046c4       0x12 ./drivers/fsl_uart.o
                0x000046c4                UART2_RX_TX_DriverIRQHandler
 .text.UART3_RX_TX_DriverIRQHandler
                0x000046d6       0x12 ./drivers/fsl_uart.o
                0x000046d6                UART3_RX_TX_DriverIRQHandler
 .text.UART4_RX_TX_DriverIRQHandler
                0x000046e8       0x12 ./drivers/fsl_uart.o
                0x000046e8                UART4_RX_TX_DriverIRQHandler
 .text.SystemInitHook
                0x000046fa        0xe ./device/system_MK66F18.o
                0x000046fa                SystemInitHook
 .text.DbgConsole_Init
                0x00004708       0x20 ./board/board.o
 .text.BOARD_InitDebugConsole
                0x00004728       0x22 ./board/board.o
                0x00004728                BOARD_InitDebugConsole
 .text.BOARD_InitBootClocks
                0x0000474a        0xc ./board/clock_config.o
                0x0000474a                BOARD_InitBootClocks
 .text.CLOCK_EnableClock
                0x00004756       0x34 ./board/pin_mux.o
 .text.PORT_SetPinMux
                0x0000478a       0x3a ./board/pin_mux.o
 .text.BOARD_InitBootPins
                0x000047c4        0xc ./board/pin_mux.o
                0x000047c4                BOARD_InitBootPins
 .text.__main   0x000047d0        0xe c:/nxp/mcuxpressoide_11.6.1_8255/ide/plugins/com.nxp.mcuxpresso.tools.win32_11.6.1.202207200623/tools/bin/../lib/gcc/arm-none-eabi/10.3.1/../../../../arm-none-eabi/lib/thumb/v7e-m+fp/hard\libcr_semihost_nf.a(_cr__main.o)
                0x000047d0                __CR_SEMIHOST
                0x000047d0                __main
 .text.memset   0x000047de        0x4 c:/nxp/mcuxpressoide_11.6.1_8255/ide/plugins/com.nxp.mcuxpresso.tools.win32_11.6.1.202207200623/tools/bin/../lib/gcc/arm-none-eabi/10.3.1/../../../../arm-none-eabi/lib/thumb/v7e-m+fp/hard\libcr_c.a(memset.o)
                0x000047de                memset
 .text.free     0x000047e2       0x30 c:/nxp/mcuxpressoide_11.6.1_8255/ide/plugins/com.nxp.mcuxpresso.tools.win32_11.6.1.202207200623/tools/bin/../lib/gcc/arm-none-eabi/10.3.1/../../../../arm-none-eabi/lib/thumb/v7e-m+fp/hard\libcr_c.a(alloc.o)
                0x000047e2                free
 .text.no_fp_display
                0x00004812        0x4 c:/nxp/mcuxpressoide_11.6.1_8255/ide/plugins/com.nxp.mcuxpresso.tools.win32_11.6.1.202207200623/tools/bin/../lib/gcc/arm-none-eabi/10.3.1/../../../../arm-none-eabi/lib/thumb/v7e-m+fp/hard\libcr_c.a(printf.o)
 .text.setvbuf  0x00004816       0x3e c:/nxp/mcuxpressoide_11.6.1_8255/ide/plugins/com.nxp.mcuxpresso.tools.win32_11.6.1.202207200623/tools/bin/../lib/gcc/arm-none-eabi/10.3.1/../../../../arm-none-eabi/lib/thumb/v7e-m+fp/hard\libcr_c.a(setvbuf.o)
                0x00004816                setvbuf
 .text.strlen   0x00004854       0x48 c:/nxp/mcuxpressoide_11.6.1_8255/ide/plugins/com.nxp.mcuxpresso.tools.win32_11.6.1.202207200623/tools/bin/../lib/gcc/arm-none-eabi/10.3.1/../../../../arm-none-eabi/lib/thumb/v7e-m+fp/hard\libcr_c.a(strlen.o)
                0x00004854                strlen
 .text._deferredlazyseek
                0x0000489c       0x40 c:/nxp/mcuxpressoide_11.6.1_8255/ide/plugins/com.nxp.mcuxpresso.tools.win32_11.6.1.202207200623/tools/bin/../lib/gcc/arm-none-eabi/10.3.1/../../../../arm-none-eabi/lib/thumb/v7e-m+fp/hard\libcr_c.a(_deferredlazyseek.o)
                0x0000489c                _deferredlazyseek
 .text.__flsbuf
                0x000048dc      0x140 c:/nxp/mcuxpressoide_11.6.1_8255/ide/plugins/com.nxp.mcuxpresso.tools.win32_11.6.1.202207200623/tools/bin/../lib/gcc/arm-none-eabi/10.3.1/../../../../arm-none-eabi/lib/thumb/v7e-m+fp/hard\libcr_c.a(_deferredlazyseek.o)
                0x000048dc                __flsbuf
 .text._fdopen  0x00004a1c       0x68 c:/nxp/mcuxpressoide_11.6.1_8255/ide/plugins/com.nxp.mcuxpresso.tools.win32_11.6.1.202207200623/tools/bin/../lib/gcc/arm-none-eabi/10.3.1/../../../../arm-none-eabi/lib/thumb/v7e-m+fp/hard\libcr_c.a(_fdopen.o)
                0x00004a1c                _fdopen
 .text._fflush  0x00004a84       0x52 c:/nxp/mcuxpressoide_11.6.1_8255/ide/plugins/com.nxp.mcuxpresso.tools.win32_11.6.1.202207200623/tools/bin/../lib/gcc/arm-none-eabi/10.3.1/../../../../arm-none-eabi/lib/thumb/v7e-m+fp/hard\libcr_c.a(_fflush.o)
                0x00004a84                _fflush
 .text.fclose   0x00004ad6       0x58 c:/nxp/mcuxpressoide_11.6.1_8255/ide/plugins/com.nxp.mcuxpresso.tools.win32_11.6.1.202207200623/tools/bin/../lib/gcc/arm-none-eabi/10.3.1/../../../../arm-none-eabi/lib/thumb/v7e-m+fp/hard\libcr_c.a(fclose.o)
                0x00004ad6                fclose
 .text.remove   0x00004b2e       0x14 c:/nxp/mcuxpressoide_11.6.1_8255/ide/plugins/com.nxp.mcuxpresso.tools.win32_11.6.1.202207200623/tools/bin/../lib/gcc/arm-none-eabi/10.3.1/../../../../arm-none-eabi/lib/thumb/v7e-m+fp/hard\libcr_c.a(remove.o)
                0x00004b2e                remove
 .text._do_fflush
                0x00004b42       0x40 c:/nxp/mcuxpressoide_11.6.1_8255/ide/plugins/com.nxp.mcuxpresso.tools.win32_11.6.1.202207200623/tools/bin/../lib/gcc/arm-none-eabi/10.3.1/../../../../arm-none-eabi/lib/thumb/v7e-m+fp/hard\libcr_c.a(_do_fflush.o)
                0x00004b42                _do_fflush
 .text.__aeabi_memset_lowlevel
                0x00004b82       0x32 c:/nxp/mcuxpressoide_11.6.1_8255/ide/plugins/com.nxp.mcuxpresso.tools.win32_11.6.1.202207200623/tools/bin/../lib/gcc/arm-none-eabi/10.3.1/thumb/v7e-m+fp/hard\libcr_eabihelpers.a(memcpy.o)
                0x00004b82                __aeabi_lowlevel_memset
 .text.__sys_close
                0x00004bb4        0xc c:/nxp/mcuxpressoide_11.6.1_8255/ide/plugins/com.nxp.mcuxpresso.tools.win32_11.6.1.202207200623/tools/bin/../lib/gcc/arm-none-eabi/10.3.1/../../../../arm-none-eabi/lib/thumb/v7e-m+fp/hard\libcr_semihost_nf.a(__sys_close.o)
                0x00004bb4                __sys_close
 .text.__sys_flen
                0x00004bc0        0xc c:/nxp/mcuxpressoide_11.6.1_8255/ide/plugins/com.nxp.mcuxpresso.tools.win32_11.6.1.202207200623/tools/bin/../lib/gcc/arm-none-eabi/10.3.1/../../../../arm-none-eabi/lib/thumb/v7e-m+fp/hard\libcr_semihost_nf.a(__sys_flen.o)
                0x00004bc0                __sys_flen
 .text.__sys_istty
                0x00004bcc        0xc c:/nxp/mcuxpressoide_11.6.1_8255/ide/plugins/com.nxp.mcuxpresso.tools.win32_11.6.1.202207200623/tools/bin/../lib/gcc/arm-none-eabi/10.3.1/../../../../arm-none-eabi/lib/thumb/v7e-m+fp/hard\libcr_semihost_nf.a(__sys_istty.o)
                0x00004bcc                __sys_istty
 .text.__sys_remove
                0x00004bd8        0xc c:/nxp/mcuxpressoide_11.6.1_8255/ide/plugins/com.nxp.mcuxpresso.tools.win32_11.6.1.202207200623/tools/bin/../lib/gcc/arm-none-eabi/10.3.1/../../../../arm-none-eabi/lib/thumb/v7e-m+fp/hard\libcr_semihost_nf.a(__sys_remove.o)
                0x00004bd8                __sys_remove
 .text.__sys_seek
                0x00004be4        0xc c:/nxp/mcuxpressoide_11.6.1_8255/ide/plugins/com.nxp.mcuxpresso.tools.win32_11.6.1.202207200623/tools/bin/../lib/gcc/arm-none-eabi/10.3.1/../../../../arm-none-eabi/lib/thumb/v7e-m+fp/hard\libcr_semihost_nf.a(__sys_seek.o)
                0x00004be4                __sys_seek
 .text.__sys_tmpnam
                0x00004bf0        0xc c:/nxp/mcuxpressoide_11.6.1_8255/ide/plugins/com.nxp.mcuxpresso.tools.win32_11.6.1.202207200623/tools/bin/../lib/gcc/arm-none-eabi/10.3.1/../../../../arm-none-eabi/lib/thumb/v7e-m+fp/hard\libcr_semihost_nf.a(__sys_tmpnam.o)
                0x00004bf0                __sys_tmpnam
 .text.__sys_write
                0x00004bfc        0xc c:/nxp/mcuxpressoide_11.6.1_8255/ide/plugins/com.nxp.mcuxpresso.tools.win32_11.6.1.202207200623/tools/bin/../lib/gcc/arm-none-eabi/10.3.1/../../../../arm-none-eabi/lib/thumb/v7e-m+fp/hard\libcr_semihost_nf.a(__sys_write.o)
                0x00004bfc                __sys_write
 *(SORT_BY_ALIGNMENT(.rodata) SORT_BY_ALIGNMENT(.rodata.*) SORT_BY_ALIGNMENT(.constdata) SORT_BY_ALIGNMENT(.constdata.*))
 .rodata.__assertion_failed.str1.4
                0x00004c08       0x14 ./utilities/fsl_assert.o
 .rodata.DMAMUX_EnableChannel.str1.4
                0x00004c1c       0x92 ./source/adc16_low_power_async_edma.o
 *fill*         0x00004cae        0x2 ff
 .rodata.DMAMUX_SetSource.str1.4
                0x00004cb0       0x93 ./source/adc16_low_power_async_edma.o
 *fill*         0x00004d43        0x1 ff
 .rodata.LPTMR_SetTimerPeriod.str1.4
                0x00004d44       0x67 ./source/adc16_low_power_async_edma.o
 *fill*         0x00004dab        0x1 ff
 .rodata.EDMA_EnableAsyncRequest.str1.4
                0x00004dac       0x91 ./source/adc16_low_power_async_edma.o
 *fill*         0x00004e3d        0x3 ff
 .rodata.ADC16_Configuration.str1.4
                0x00004e40       0x48 ./source/adc16_low_power_async_edma.o
 .rodata.main.str1.4
                0x00004e88       0x48 ./source/adc16_low_power_async_edma.o
 .rodata.s_adc16Bases
                0x00004ed0        0x8 ./drivers/fsl_adc16.o
 .rodata.s_adc16Clocks
                0x00004ed8        0x8 ./drivers/fsl_adc16.o
 .rodata.ADC16_GetInstance.str1.4
                0x00004ee0       0x35 ./drivers/fsl_adc16.o
 *fill*         0x00004f15        0x3 ff
 .rodata.ADC16_Init.str1.4
                0x00004f18       0x20 ./drivers/fsl_adc16.o
 .rodata.ADC16_GetDefaultConfig.str1.4
                0x00004f38       0x21 ./drivers/fsl_adc16.o
 *fill*         0x00004f59        0x3 ff
 .rodata.ADC16_SetChannelConfig.str1.4
                0x00004f5c       0x51 ./drivers/fsl_adc16.o
 *fill*         0x00004fad        0x3 ff
 .rodata.ADC16_GetChannelStatusFlags.str1.4
                0x00004fb0       0x2f ./drivers/fsl_adc16.o
 *fill*         0x00004fdf        0x1 ff
 .rodata.CLOCK_GetMcgExtClkFreq.str1.4
                0x00004fe0       0x49 ./drivers/fsl_clock.o
 *fill*         0x00005029        0x3 ff
 .rodata.CLOCK_GetPll0Freq.str1.4
                0x0000502c       0x1d ./drivers/fsl_clock.o
 *fill*         0x00005049        0x3 ff
 .rodata.CLOCK_EnablePll0.str1.4
                0x0000504c       0x1a ./drivers/fsl_clock.o
 *fill*         0x00005066        0x2 ff
 .rodata.CLOCK_SetPbeMode.str1.4
                0x00005068       0x1a ./drivers/fsl_clock.o
 *fill*         0x00005082        0x2 ff
 .rodata.CLOCK_BootToPeeMode.str1.4
                0x00005084       0x1a ./drivers/fsl_clock.o
 *fill*         0x0000509e        0x2 ff
 .rodata.fllFactorTable.1
                0x000050a0       0x10 ./drivers/fsl_clock.o
 .rodata.DMAMUX_GetInstance.str1.4
                0x000050b0       0x37 ./drivers/fsl_dmamux.o
 *fill*         0x000050e7        0x1 ff
 .rodata.s_edmaIRQNumber
                0x000050e8       0x20 ./drivers/fsl_edma.o
 .rodata.EDMA_GetInstance.str1.4
                0x00005108       0x33 ./drivers/fsl_edma.o
 *fill*         0x0000513b        0x1 ff
 .rodata.EDMA_InstallTCD.str1.4
                0x0000513c       0x8e ./drivers/fsl_edma.o
 *fill*         0x000051ca        0x2 ff
 .rodata.EDMA_Init.str1.4
                0x000051cc       0x20 ./drivers/fsl_edma.o
 .rodata.EDMA_GetDefaultConfig.str1.4
                0x000051ec       0x20 ./drivers/fsl_edma.o
 .rodata.EDMA_SetTransferConfig.str1.4
                0x0000520c       0x9b ./drivers/fsl_edma.o
 *fill*         0x000052a7        0x1 ff
 .rodata.EDMA_EnableChannelInterrupts.str1.4
                0x000052a8       0x45 ./drivers/fsl_edma.o
 *fill*         0x000052ed        0x3 ff
 .rodata.EDMA_TcdReset.str1.4
                0x000052f0       0x4f ./drivers/fsl_edma.o
 *fill*         0x0000533f        0x1 ff
 .rodata.EDMA_TcdSetTransferConfig.str1.4
                0x00005340      0x154 ./drivers/fsl_edma.o
 .rodata.EDMA_GetChannelStatusFlags.str1.4
                0x00005494       0x45 ./drivers/fsl_edma.o
 *fill*         0x000054d9        0x3 ff
 .rodata.EDMA_ClearChannelStatusFlags.str1.4
                0x000054dc       0x45 ./drivers/fsl_edma.o
 *fill*         0x00005521        0x3 ff
 .rodata.EDMA_GetInstanceOffset.str1.4
                0x00005524       0x2e ./drivers/fsl_edma.o
 *fill*         0x00005552        0x2 ff
 .rodata.EDMA_CreateHandle.str1.4
                0x00005554       0x65 ./drivers/fsl_edma.o
 *fill*         0x000055b9        0x3 ff
 .rodata.EDMA_SetCallback.str1.4
                0x000055bc       0x20 ./drivers/fsl_edma.o
 .rodata.EDMA_TransferWidthMapping.str1.4
                0x000055dc       0x17 ./drivers/fsl_edma.o
 *fill*         0x000055f3        0x1 ff
 .rodata.EDMA_PrepareTransferConfig.str1.4
                0x000055f4      0x1fb ./drivers/fsl_edma.o
 *fill*         0x000057ef        0x1 ff
 .rodata.EDMA_PrepareTransfer.str1.4
                0x000057f0       0x3c ./drivers/fsl_edma.o
 .rodata.EDMA_SubmitTransfer.str1.4
                0x0000582c       0x45 ./drivers/fsl_edma.o
 *fill*         0x00005871        0x3 ff
 .rodata.EDMA_StartTransfer.str1.4
                0x00005874       0x21 ./drivers/fsl_edma.o
 *fill*         0x00005895        0x3 ff
 .rodata.EDMA_HandleIRQ.str1.4
                0x00005898       0x21 ./drivers/fsl_edma.o
 *fill*         0x000058b9        0x3 ff
 .rodata.LPTMR_GetInstance.str1.4
                0x000058bc       0x35 ./drivers/fsl_lptmr.o
 *fill*         0x000058f1        0x3 ff
 .rodata.LPTMR_Init.str1.4
                0x000058f4       0x20 ./drivers/fsl_lptmr.o
 .rodata.LPTMR_GetDefaultConfig.str1.4
                0x00005914       0x21 ./drivers/fsl_lptmr.o
 *fill*         0x00005935        0x3 ff
 .rodata.mcgConfig_BOARD_BootClockRUN
                0x00005938        0xc ./board/clock_config.o
                0x00005938                mcgConfig_BOARD_BootClockRUN
 .rodata.simConfig_BOARD_BootClockRUN
                0x00005944        0x8 ./board/clock_config.o
                0x00005944                simConfig_BOARD_BootClockRUN
 .rodata.oscConfig_BOARD_BootClockRUN
                0x0000594c        0x8 ./board/clock_config.o
                0x0000594c                oscConfig_BOARD_BootClockRUN
 .rodata.__num_Ciob_streams
                0x00005954        0x4 c:/nxp/mcuxpressoide_11.6.1_8255/ide/plugins/com.nxp.mcuxpresso.tools.win32_11.6.1.202207200623/tools/bin/../lib/gcc/arm-none-eabi/10.3.1/../../../../arm-none-eabi/lib/thumb/v7e-m+fp/hard\libcr_semihost_nf.a(__ciob.o)
                0x00005954                __num_Ciob_streams
 .rodata._Csys_alloc.str1.1
                0x00005958       0x18 c:/nxp/mcuxpressoide_11.6.1_8255/ide/plugins/com.nxp.mcuxpresso.tools.win32_11.6.1.202207200623/tools/bin/../lib/gcc/arm-none-eabi/10.3.1/../../../../arm-none-eabi/lib/thumb/v7e-m+fp/hard\libcr_c.a(alloc.o)
 .rodata._initio.str1.1
                0x00005970        0x4 c:/nxp/mcuxpressoide_11.6.1_8255/ide/plugins/com.nxp.mcuxpresso.tools.win32_11.6.1.202207200623/tools/bin/../lib/gcc/arm-none-eabi/10.3.1/../../../../arm-none-eabi/lib/thumb/v7e-m+fp/hard\libcr_c.a(initio.o)
 .rodata.__vfprintf.str1.1
                0x00005974       0x37 c:/nxp/mcuxpressoide_11.6.1_8255/ide/plugins/com.nxp.mcuxpresso.tools.win32_11.6.1.202207200623/tools/bin/../lib/gcc/arm-none-eabi/10.3.1/../../../../arm-none-eabi/lib/thumb/v7e-m+fp/hard\libcr_c.a(printf.o)
                                 0x38 (size before relaxing)
                0x000059b0                . = ALIGN (0x8)
 *fill*         0x000059ab        0x5 ff
                0x000059b0                _etext = .

.glue_7         0x000059b0        0x0
 .glue_7        0x000059b0        0x0 linker stubs

.glue_7t        0x000059b0        0x0
 .glue_7t       0x000059b0        0x0 linker stubs

.vfp11_veneer   0x000059b0        0x0
 .vfp11_veneer  0x000059b0        0x0 linker stubs

.v4_bx          0x000059b0        0x0
 .v4_bx         0x000059b0        0x0 linker stubs

.iplt           0x000059b0        0x0
 .iplt          0x000059b0        0x0 ./utilities/fsl_assert.o

.rel.dyn        0x000059b0        0x0
 .rel.iplt      0x000059b0        0x0 ./utilities/fsl_assert.o

.m_usb_data
 *(SORT_BY_ALIGNMENT(m_usb_bdt))

.data_RAM2      0x1fff0000        0x0 load address 0x000059b0
 FILL mask 0xff
                [!provide]                PROVIDE (__start_data_RAM2 = .)
                [!provide]                PROVIDE (__start_data_SRAM_LOWER = .)
 *(SORT_BY_ALIGNMENT(.ramfunc.$RAM2))
 *(SORT_BY_ALIGNMENT(.ramfunc.$SRAM_LOWER))
 *(SORT_BY_ALIGNMENT(NonCacheable.init))
 *(SORT_BY_ALIGNMENT(.data.$RAM2))
 *(SORT_BY_ALIGNMENT(.data.$SRAM_LOWER))
 *(SORT_BY_ALIGNMENT(.data.$RAM2.*))
 *(SORT_BY_ALIGNMENT(.data.$SRAM_LOWER.*))
                0x1fff0000                . = ALIGN (0x8)
                [!provide]                PROVIDE (__end_data_RAM2 = .)
                [!provide]                PROVIDE (__end_data_SRAM_LOWER = .)

.data_RAM3      0x14000000        0x0 load address 0x000059b0
 FILL mask 0xff
                [!provide]                PROVIDE (__start_data_RAM3 = .)
                [!provide]                PROVIDE (__start_data_FLEX_RAM = .)
 *(SORT_BY_ALIGNMENT(.ramfunc.$RAM3))
 *(SORT_BY_ALIGNMENT(.ramfunc.$FLEX_RAM))
 *(SORT_BY_ALIGNMENT(.data.$RAM3))
 *(SORT_BY_ALIGNMENT(.data.$FLEX_RAM))
 *(SORT_BY_ALIGNMENT(.data.$RAM3.*))
 *(SORT_BY_ALIGNMENT(.data.$FLEX_RAM.*))
                0x14000000                . = ALIGN (0x8)
                [!provide]                PROVIDE (__end_data_RAM3 = .)
                [!provide]                PROVIDE (__end_data_FLEX_RAM = .)

.uninit_RESERVED
                0x20000000        0x0
                0x20000000                _start_uninit_RESERVED = .
 *(SORT_BY_ALIGNMENT(.bss.$RESERVED*))
                0x20000000                . = ALIGN (0x8)
                0x20000000                _end_uninit_RESERVED = .

.data           0x20000000       0x28 load address 0x000059b0
 FILL mask 0xff
                0x20000000                _data = .
                [!provide]                PROVIDE (__start_data_RAM = .)
                [!provide]                PROVIDE (__start_data_SRAM_UPPER = .)
 *(SORT_BY_ALIGNMENT(vtable))
 *(SORT_BY_ALIGNMENT(.ramfunc*))
 *(SORT_BY_ALIGNMENT(CodeQuickAccess))
 *(SORT_BY_ALIGNMENT(DataQuickAccess))
 *(SORT_BY_ALIGNMENT(RamFunction))
 *(SORT_BY_ALIGNMENT(.data*))
 .data.s_slowIrcFreq
                0x20000000        0x4 ./drivers/fsl_clock.o
 .data.s_fastIrcFreq
                0x20000004        0x4 ./drivers/fsl_clock.o
 .data.s_stopRamFuncArray
                0x20000008       0x18 ./drivers/fsl_smc.o
 .data.SystemCoreClock
                0x20000020        0x4 ./device/system_MK66F18.o
                0x20000020                SystemCoreClock
                0x20000028                . = ALIGN (0x8)
 *fill*         0x20000024        0x4 ff
                0x20000028                _edata = .
                [!provide]                PROVIDE (__end_data_RAM = .)
                [!provide]                PROVIDE (__end_data_SRAM_UPPER = .)

.igot.plt       0x20000028        0x0 load address 0x000059d8
 .igot.plt      0x20000028        0x0 ./utilities/fsl_assert.o

.bss_RAM2       0x1fff0000        0x0
                [!provide]                PROVIDE (__start_bss_RAM2 = .)
                [!provide]                PROVIDE (__start_bss_SRAM_LOWER = .)
 *(SORT_BY_ALIGNMENT(NonCacheable))
 *(SORT_BY_ALIGNMENT(.bss.$RAM2))
 *(SORT_BY_ALIGNMENT(.bss.$SRAM_LOWER))
 *(SORT_BY_ALIGNMENT(.bss.$RAM2.*))
 *(SORT_BY_ALIGNMENT(.bss.$SRAM_LOWER.*))
                0x1fff0000                . = ALIGN ((. != 0x0)?0x8:0x1)
                [!provide]                PROVIDE (__end_bss_RAM2 = .)
                [!provide]                PROVIDE (__end_bss_SRAM_LOWER = .)

.bss_RAM3       0x14000000        0x0
                [!provide]                PROVIDE (__start_bss_RAM3 = .)
                [!provide]                PROVIDE (__start_bss_FLEX_RAM = .)
 *(SORT_BY_ALIGNMENT(.bss.$RAM3))
 *(SORT_BY_ALIGNMENT(.bss.$FLEX_RAM))
 *(SORT_BY_ALIGNMENT(.bss.$RAM3.*))
 *(SORT_BY_ALIGNMENT(.bss.$FLEX_RAM.*))
                0x14000000                . = ALIGN ((. != 0x0)?0x8:0x1)
                [!provide]                PROVIDE (__end_bss_RAM3 = .)
                [!provide]                PROVIDE (__end_bss_FLEX_RAM = .)

.bss            0x20000028      0x1e8
                0x20000028                _bss = .
                [!provide]                PROVIDE (__start_bss_RAM = .)
                [!provide]                PROVIDE (__start_bss_SRAM_UPPER = .)
 *(SORT_BY_ALIGNMENT(.bss*))
 .bss.g_adc16SampleDataArray
                0x20000028       0x40 ./source/adc16_low_power_async_edma.o
 .bss.g_avgADCValue
                0x20000068        0x4 ./source/adc16_low_power_async_edma.o
 .bss.g_EDMA_Handle
                0x2000006c       0x18 ./source/adc16_low_power_async_edma.o
                0x2000006c                g_EDMA_Handle
 .bss.g_transferConfig
                0x20000084       0x18 ./source/adc16_low_power_async_edma.o
                0x20000084                g_transferConfig
 .bss.s_extPllFreq
                0x2000009c        0x4 ./drivers/fsl_clock.o
 .bss.g_xtal0Freq
                0x200000a0        0x4 ./drivers/fsl_clock.o
                0x200000a0                g_xtal0Freq
 .bss.g_xtal32Freq
                0x200000a4        0x4 ./drivers/fsl_clock.o
                0x200000a4                g_xtal32Freq
 .bss.s_EDMAHandle
                0x200000a8       0x80 ./drivers/fsl_edma.o
 .bss.s_lpuartHandle
                0x20000128        0x4 ./drivers/fsl_lpuart.o
                0x20000128                s_lpuartHandle
 .bss.s_lpuartIsr
                0x2000012c        0x4 ./drivers/fsl_lpuart.o
                0x2000012c                s_lpuartIsr
 .bss.s_uartHandle
                0x20000130       0x14 ./drivers/fsl_uart.o
                0x20000130                s_uartHandle
 .bss.s_uartIsr
                0x20000144        0x4 ./drivers/fsl_uart.o
                0x20000144                s_uartIsr
 .bss.__end_of_heap
                0x20000148        0x4 c:/nxp/mcuxpressoide_11.6.1_8255/ide/plugins/com.nxp.mcuxpresso.tools.win32_11.6.1.202207200623/tools/bin/../lib/gcc/arm-none-eabi/10.3.1/../../../../arm-none-eabi/lib/thumb/v7e-m+fp/hard\libcr_c.a(__init_alloc.o)
                0x20000148                __end_of_heap
 .bss.__heaps   0x2000014c        0x4 c:/nxp/mcuxpressoide_11.6.1_8255/ide/plugins/com.nxp.mcuxpresso.tools.win32_11.6.1.202207200623/tools/bin/../lib/gcc/arm-none-eabi/10.3.1/../../../../arm-none-eabi/lib/thumb/v7e-m+fp/hard\libcr_c.a(__init_alloc.o)
                0x2000014c                __heaps
 .bss.errno     0x20000150        0x4 c:/nxp/mcuxpressoide_11.6.1_8255/ide/plugins/com.nxp.mcuxpresso.tools.win32_11.6.1.202207200623/tools/bin/../lib/gcc/arm-none-eabi/10.3.1/../../../../arm-none-eabi/lib/thumb/v7e-m+fp/hard\libcr_c.a(errno.o)
                0x20000150                errno
 .bss.__Ciob    0x20000154       0xb4 c:/nxp/mcuxpressoide_11.6.1_8255/ide/plugins/com.nxp.mcuxpresso.tools.win32_11.6.1.202207200623/tools/bin/../lib/gcc/arm-none-eabi/10.3.1/../../../../arm-none-eabi/lib/thumb/v7e-m+fp/hard\libcr_semihost_nf.a(__ciob.o)
                0x20000154                __Ciob
 .bss.startInstanceNum.0
                0x20000208        0x1 ./drivers/fsl_edma.o
 *(SORT_BY_ALIGNMENT(COMMON))
                0x20000210                . = ALIGN (0x8)
 *fill*         0x20000209        0x7 
                0x20000210                _ebss = .
                [!provide]                PROVIDE (__end_bss_RAM = .)
                [!provide]                PROVIDE (__end_bss_SRAM_UPPER = .)
                [!provide]                PROVIDE (end = .)

.noinit_RAM2    0x1fff0000        0x0
                [!provide]                PROVIDE (__start_noinit_RAM2 = .)
                [!provide]                PROVIDE (__start_noinit_SRAM_LOWER = .)
 *(SORT_BY_ALIGNMENT(.noinit.$RAM2))
 *(SORT_BY_ALIGNMENT(.noinit.$SRAM_LOWER))
 *(SORT_BY_ALIGNMENT(.noinit.$RAM2.*))
 *(SORT_BY_ALIGNMENT(.noinit.$SRAM_LOWER.*))
                0x1fff0000                . = ALIGN (0x8)
                [!provide]                PROVIDE (__end_noinit_RAM2 = .)
                [!provide]                PROVIDE (__end_noinit_SRAM_LOWER = .)

.noinit_RAM3    0x14000000        0x0
                [!provide]                PROVIDE (__start_noinit_RAM3 = .)
                [!provide]                PROVIDE (__start_noinit_FLEX_RAM = .)
 *(SORT_BY_ALIGNMENT(.noinit.$RAM3))
 *(SORT_BY_ALIGNMENT(.noinit.$FLEX_RAM))
 *(SORT_BY_ALIGNMENT(.noinit.$RAM3.*))
 *(SORT_BY_ALIGNMENT(.noinit.$FLEX_RAM.*))
                0x14000000                . = ALIGN (0x8)
                [!provide]                PROVIDE (__end_noinit_RAM3 = .)
                [!provide]                PROVIDE (__end_noinit_FLEX_RAM = .)

.noinit         0x20000210        0x0
                0x20000210                _noinit = .
                [!provide]                PROVIDE (__start_noinit_RAM = .)
                [!provide]                PROVIDE (__start_noinit_SRAM_UPPER = .)
 *(SORT_BY_ALIGNMENT(.noinit*))
                0x20000210                . = ALIGN (0x8)
                0x20000210                _end_noinit = .
                [!provide]                PROVIDE (__end_noinit_RAM = .)
                [!provide]                PROVIDE (__end_noinit_SRAM_UPPER = .)

.ARM.extab
 *(SORT_BY_ALIGNMENT(.ARM.extab*) SORT_BY_ALIGNMENT(.gnu.linkonce.armextab.*))

.ARM.exidx      0x000059d8        0x0
                0x000059d8                __exidx_start = .
 *(SORT_BY_ALIGNMENT(.ARM.exidx*) SORT_BY_ALIGNMENT(.gnu.linkonce.armexidx.*))
                0x000059d8                __exidx_end = .
                0x00001000                _HeapSize = 0x1000

.heap           0x20000210     0x1000
                0x20000210                _pvHeapStart = .
                0x20001210                . = (. + _HeapSize)
 *fill*         0x20000210     0x1000 
                0x20001210                . = ALIGN (0x8)
                0x20001210                _pvHeapLimit = .
                0x00001000                _StackSize = 0x1000

.heap2stackfill
                0x20001210     0x1000
                0x20002210                . = (. + _StackSize)
 *fill*         0x20001210     0x1000 

.stack          0x2002f000        0x0
                0x2002f000                _vStackBase = .
                0x2002f000                . = ALIGN (0x8)
                0x20030000                _vStackTop = (. + _StackSize)
                0x00000000                _image_start = LOADADDR (.text)
                0x000059d8                _image_end = (LOADADDR (.data) + SIZEOF (.data))
                0x000059d8                _image_size = (_image_end - _image_start)
OUTPUT(frdmk66f_adc16_low_power_async_edma.axf elf32-littlearm)
LOAD linker stubs

.debug_info     0x00000000    0x1030a
 .debug_info    0x00000000       0xaa ./utilities/fsl_assert.o
 .debug_info    0x000000aa      0xa44 ./startup/startup_mk66f18.o
 .debug_info    0x00000aee     0x2047 ./source/adc16_low_power_async_edma.o
 .debug_info    0x00002b35       0x3c ./source/semihost_hardfault.o
 .debug_info    0x00002b71      0xec8 ./drivers/fsl_adc16.o
 .debug_info    0x00003a39     0x2950 ./drivers/fsl_clock.o
 .debug_info    0x00006389      0x6f5 ./drivers/fsl_dmamux.o
 .debug_info    0x00006a7e     0x2579 ./drivers/fsl_edma.o
 .debug_info    0x00008ff7      0x921 ./drivers/fsl_lptmr.o
 .debug_info    0x00009918     0x1e47 ./drivers/fsl_lpuart.o
 .debug_info    0x0000b75f      0xb86 ./drivers/fsl_smc.o
 .debug_info    0x0000c2e5     0x209e ./drivers/fsl_uart.o
 .debug_info    0x0000e383      0xa4e ./device/system_MK66F18.o
 .debug_info    0x0000edd1      0x190 ./board/board.o
 .debug_info    0x0000ef61      0xcfe ./board/clock_config.o
 .debug_info    0x0000fc5f      0x6ab ./board/pin_mux.o

.debug_abbrev   0x00000000     0x22e4
 .debug_abbrev  0x00000000       0x66 ./utilities/fsl_assert.o
 .debug_abbrev  0x00000066      0x185 ./startup/startup_mk66f18.o
 .debug_abbrev  0x000001eb      0x31c ./source/adc16_low_power_async_edma.o
 .debug_abbrev  0x00000507       0x31 ./source/semihost_hardfault.o
 .debug_abbrev  0x00000538      0x267 ./drivers/fsl_adc16.o
 .debug_abbrev  0x0000079f      0x362 ./drivers/fsl_clock.o
 .debug_abbrev  0x00000b01      0x17e ./drivers/fsl_dmamux.o
 .debug_abbrev  0x00000c7f      0x3cb ./drivers/fsl_edma.o
 .debug_abbrev  0x0000104a      0x1a0 ./drivers/fsl_lptmr.o
 .debug_abbrev  0x000011ea      0x410 ./drivers/fsl_lpuart.o
 .debug_abbrev  0x000015fa      0x312 ./drivers/fsl_smc.o
 .debug_abbrev  0x0000190c      0x42e ./drivers/fsl_uart.o
 .debug_abbrev  0x00001d3a      0x148 ./device/system_MK66F18.o
 .debug_abbrev  0x00001e82       0xc5 ./board/board.o
 .debug_abbrev  0x00001f47      0x214 ./board/clock_config.o
 .debug_abbrev  0x0000215b      0x189 ./board/pin_mux.o

.debug_aranges  0x00000000      0xe70
 .debug_aranges
                0x00000000       0x20 ./utilities/fsl_assert.o
 .debug_aranges
                0x00000020      0x3a0 ./startup/startup_mk66f18.o
 .debug_aranges
                0x000003c0       0xc8 ./source/adc16_low_power_async_edma.o
 .debug_aranges
                0x00000488       0x20 ./source/semihost_hardfault.o
 .debug_aranges
                0x000004a8       0x88 ./drivers/fsl_adc16.o
 .debug_aranges
                0x00000530      0x258 ./drivers/fsl_clock.o
 .debug_aranges
                0x00000788       0x40 ./drivers/fsl_dmamux.o
 .debug_aranges
                0x000007c8      0x1f8 ./drivers/fsl_edma.o
 .debug_aranges
                0x000009c0       0x48 ./drivers/fsl_lptmr.o
 .debug_aranges
                0x00000a08      0x138 ./drivers/fsl_lpuart.o
 .debug_aranges
                0x00000b40       0x98 ./drivers/fsl_smc.o
 .debug_aranges
                0x00000bd8      0x1a8 ./drivers/fsl_uart.o
 .debug_aranges
                0x00000d80       0x30 ./device/system_MK66F18.o
 .debug_aranges
                0x00000db0       0x28 ./board/board.o
 .debug_aranges
                0x00000dd8       0x60 ./board/clock_config.o
 .debug_aranges
                0x00000e38       0x38 ./board/pin_mux.o

.debug_ranges   0x00000000      0xd70
 .debug_ranges  0x00000000       0x10 ./utilities/fsl_assert.o
 .debug_ranges  0x00000010      0x390 ./startup/startup_mk66f18.o
 .debug_ranges  0x000003a0       0xb8 ./source/adc16_low_power_async_edma.o
 .debug_ranges  0x00000458       0x10 ./source/semihost_hardfault.o
 .debug_ranges  0x00000468       0x78 ./drivers/fsl_adc16.o
 .debug_ranges  0x000004e0      0x248 ./drivers/fsl_clock.o
 .debug_ranges  0x00000728       0x30 ./drivers/fsl_dmamux.o
 .debug_ranges  0x00000758      0x1e8 ./drivers/fsl_edma.o
 .debug_ranges  0x00000940       0x38 ./drivers/fsl_lptmr.o
 .debug_ranges  0x00000978      0x128 ./drivers/fsl_lpuart.o
 .debug_ranges  0x00000aa0       0x88 ./drivers/fsl_smc.o
 .debug_ranges  0x00000b28      0x198 ./drivers/fsl_uart.o
 .debug_ranges  0x00000cc0       0x20 ./device/system_MK66F18.o
 .debug_ranges  0x00000ce0       0x18 ./board/board.o
 .debug_ranges  0x00000cf8       0x50 ./board/clock_config.o
 .debug_ranges  0x00000d48       0x28 ./board/pin_mux.o

.debug_macro    0x00000000    0x1b567
 .debug_macro   0x00000000      0x12d ./utilities/fsl_assert.o
 .debug_macro   0x0000012d      0xaae ./utilities/fsl_assert.o
 .debug_macro   0x00000bdb       0x10 ./utilities/fsl_assert.o
 .debug_macro   0x00000beb       0x1c ./utilities/fsl_assert.o
 .debug_macro   0x00000c07       0x22 ./utilities/fsl_assert.o
 .debug_macro   0x00000c29      0x12e ./utilities/fsl_assert.o
 .debug_macro   0x00000d57      0x5b3 ./utilities/fsl_assert.o
 .debug_macro   0x0000130a       0x22 ./utilities/fsl_assert.o
 .debug_macro   0x0000132c       0x10 ./utilities/fsl_assert.o
 .debug_macro   0x0000133c       0x56 ./utilities/fsl_assert.o
 .debug_macro   0x00001392       0x1c ./utilities/fsl_assert.o
 .debug_macro   0x000013ae       0x22 ./utilities/fsl_assert.o
 .debug_macro   0x000013d0       0xfb ./utilities/fsl_assert.o
 .debug_macro   0x000014cb      0xeeb ./utilities/fsl_assert.o
 .debug_macro   0x000023b6       0x40 ./utilities/fsl_assert.o
 .debug_macro   0x000023f6    0x1626f ./utilities/fsl_assert.o
 .debug_macro   0x00018665     0x14b0 ./utilities/fsl_assert.o
 .debug_macro   0x00019b15       0x7a ./utilities/fsl_assert.o
 .debug_macro   0x00019b8f       0xaf ./utilities/fsl_assert.o
 .debug_macro   0x00019c3e      0x190 ./utilities/fsl_assert.o
 .debug_macro   0x00019dce       0x1c ./utilities/fsl_assert.o
 .debug_macro   0x00019dea       0xd2 ./utilities/fsl_assert.o
 .debug_macro   0x00019ebc       0x34 ./utilities/fsl_assert.o
 .debug_macro   0x00019ef0       0x29 ./startup/startup_mk66f18.o
 .debug_macro   0x00019f19      0x1f4 ./source/adc16_low_power_async_edma.o
 .debug_macro   0x0001a10d       0x10 ./source/adc16_low_power_async_edma.o
 .debug_macro   0x0001a11d       0x10 ./source/adc16_low_power_async_edma.o
 .debug_macro   0x0001a12d       0x10 ./source/adc16_low_power_async_edma.o
 .debug_macro   0x0001a13d       0x10 ./source/adc16_low_power_async_edma.o
 .debug_macro   0x0001a14d       0x70 ./source/adc16_low_power_async_edma.o
 .debug_macro   0x0001a1bd       0x22 ./source/adc16_low_power_async_edma.o
 .debug_macro   0x0001a1df       0x16 ./source/adc16_low_power_async_edma.o
 .debug_macro   0x0001a1f5       0x16 ./source/adc16_low_power_async_edma.o
 .debug_macro   0x0001a20b      0x243 ./source/adc16_low_power_async_edma.o
 .debug_macro   0x0001a44e       0x10 ./source/adc16_low_power_async_edma.o
 .debug_macro   0x0001a45e       0x16 ./source/adc16_low_power_async_edma.o
 .debug_macro   0x0001a474       0x11 ./source/semihost_hardfault.o
 .debug_macro   0x0001a485      0x122 ./drivers/fsl_adc16.o
 .debug_macro   0x0001a5a7      0x1e4 ./drivers/fsl_clock.o
 .debug_macro   0x0001a78b      0x122 ./drivers/fsl_dmamux.o
 .debug_macro   0x0001a8ad      0x127 ./drivers/fsl_edma.o
 .debug_macro   0x0001a9d4       0x10 ./drivers/fsl_edma.o
 .debug_macro   0x0001a9e4      0x122 ./drivers/fsl_lptmr.o
 .debug_macro   0x0001ab06      0x121 ./drivers/fsl_lpuart.o
 .debug_macro   0x0001ac27       0x10 ./drivers/fsl_lpuart.o
 .debug_macro   0x0001ac37      0x122 ./drivers/fsl_smc.o
 .debug_macro   0x0001ad59      0x127 ./drivers/fsl_uart.o
 .debug_macro   0x0001ae80       0x10 ./drivers/fsl_uart.o
 .debug_macro   0x0001ae90       0x98 ./device/system_MK66F18.o
 .debug_macro   0x0001af28      0x163 ./board/board.o
 .debug_macro   0x0001b08b       0x1c ./board/board.o
 .debug_macro   0x0001b0a7      0x24f ./board/board.o
 .debug_macro   0x0001b2f6      0x153 ./board/clock_config.o
 .debug_macro   0x0001b449      0x11e ./board/pin_mux.o

.debug_line     0x00000000     0x8dfa
 .debug_line    0x00000000      0x387 ./utilities/fsl_assert.o
 .debug_line    0x00000387      0xa61 ./startup/startup_mk66f18.o
 .debug_line    0x00000de8      0x888 ./source/adc16_low_power_async_edma.o
 .debug_line    0x00001670       0x59 ./source/semihost_hardfault.o
 .debug_line    0x000016c9      0x69f ./drivers/fsl_adc16.o
 .debug_line    0x00001d68     0x1834 ./drivers/fsl_clock.o
 .debug_line    0x0000359c      0x3d9 ./drivers/fsl_dmamux.o
 .debug_line    0x00003975     0x1505 ./drivers/fsl_edma.o
 .debug_line    0x00004e7a      0x447 ./drivers/fsl_lptmr.o
 .debug_line    0x000052c1      0xfd3 ./drivers/fsl_lpuart.o
 .debug_line    0x00006294      0x633 ./drivers/fsl_smc.o
 .debug_line    0x000068c7     0x1460 ./drivers/fsl_uart.o
 .debug_line    0x00007d27      0x429 ./device/system_MK66F18.o
 .debug_line    0x00008150      0x41c ./board/board.o
 .debug_line    0x0000856c      0x4a0 ./board/clock_config.o
 .debug_line    0x00008a0c      0x3ee ./board/pin_mux.o

.debug_str      0x00000000    0xbf32c
 .debug_str     0x00000000    0xb50b6 ./utilities/fsl_assert.o
                              0xb5153 (size before relaxing)
 .debug_str     0x000b50b6      0x959 ./startup/startup_mk66f18.o
                               0x37a6 (size before relaxing)
 .debug_str     0x000b5a0f     0x41ea ./source/adc16_low_power_async_edma.o
                              0xb9411 (size before relaxing)
 .debug_str     0x000b9bf9       0x1f ./source/semihost_hardfault.o
                               0x2dc2 (size before relaxing)
 .debug_str     0x000b9c18      0x6c1 ./drivers/fsl_adc16.o
                              0xb6439 (size before relaxing)
 .debug_str     0x000ba2d9     0x1f8e ./drivers/fsl_clock.o
                              0xb7c6e (size before relaxing)
 .debug_str     0x000bc267       0x90 ./drivers/fsl_dmamux.o
                              0xb5a77 (size before relaxing)
 .debug_str     0x000bc2f7      0xc45 ./drivers/fsl_edma.o
                              0xb7395 (size before relaxing)
 .debug_str     0x000bcf3c       0x9d ./drivers/fsl_lptmr.o
                              0xb5eaf (size before relaxing)
 .debug_str     0x000bcfd9      0xf65 ./drivers/fsl_lpuart.o
                              0xb714f (size before relaxing)
 .debug_str     0x000bdf3e      0x417 ./drivers/fsl_smc.o
                              0xb5bf7 (size before relaxing)
 .debug_str     0x000be355      0x9d7 ./drivers/fsl_uart.o
                              0xb70c0 (size before relaxing)
 .debug_str     0x000bed2c       0xcb ./device/system_MK66F18.o
                              0xb356e (size before relaxing)
 .debug_str     0x000bedf7       0x98 ./board/board.o
                              0xb622e (size before relaxing)
 .debug_str     0x000bee8f      0x326 ./board/clock_config.o
                              0xb6018 (size before relaxing)
 .debug_str     0x000bf1b5      0x177 ./board/pin_mux.o
                              0xb556b (size before relaxing)

.comment        0x00000000       0x49
 .comment       0x00000000       0x49 ./utilities/fsl_assert.o
                                 0x4a (size before relaxing)
 .comment       0x00000049       0x4a ./startup/startup_mk66f18.o
 .comment       0x00000049       0x4a ./source/adc16_low_power_async_edma.o
 .comment       0x00000049       0x4a ./source/semihost_hardfault.o
 .comment       0x00000049       0x4a ./drivers/fsl_adc16.o
 .comment       0x00000049       0x4a ./drivers/fsl_clock.o
 .comment       0x00000049       0x4a ./drivers/fsl_dmamux.o
 .comment       0x00000049       0x4a ./drivers/fsl_edma.o
 .comment       0x00000049       0x4a ./drivers/fsl_lptmr.o
 .comment       0x00000049       0x4a ./drivers/fsl_lpuart.o
 .comment       0x00000049       0x4a ./drivers/fsl_smc.o
 .comment       0x00000049       0x4a ./drivers/fsl_uart.o
 .comment       0x00000049       0x4a ./device/system_MK66F18.o
 .comment       0x00000049       0x4a ./board/board.o
 .comment       0x00000049       0x4a ./board/clock_config.o
 .comment       0x00000049       0x4a ./board/pin_mux.o
 .comment       0x00000049       0x4a c:/nxp/mcuxpressoide_11.6.1_8255/ide/plugins/com.nxp.mcuxpresso.tools.win32_11.6.1.202207200623/tools/bin/../lib/gcc/arm-none-eabi/10.3.1/../../../../arm-none-eabi/lib/thumb/v7e-m+fp/hard\libcr_semihost_nf.a(_cr__main.o)
 .comment       0x00000049       0x4a c:/nxp/mcuxpressoide_11.6.1_8255/ide/plugins/com.nxp.mcuxpresso.tools.win32_11.6.1.202207200623/tools/bin/../lib/gcc/arm-none-eabi/10.3.1/../../../../arm-none-eabi/lib/thumb/v7e-m+fp/hard\libcr_c.a(memset.o)
 .comment       0x00000049       0x4a c:/nxp/mcuxpressoide_11.6.1_8255/ide/plugins/com.nxp.mcuxpresso.tools.win32_11.6.1.202207200623/tools/bin/../lib/gcc/arm-none-eabi/10.3.1/../../../../arm-none-eabi/lib/thumb/v7e-m+fp/hard\libcr_c.a(alloc.o)
 .comment       0x00000049       0x4a c:/nxp/mcuxpressoide_11.6.1_8255/ide/plugins/com.nxp.mcuxpresso.tools.win32_11.6.1.202207200623/tools/bin/../lib/gcc/arm-none-eabi/10.3.1/../../../../arm-none-eabi/lib/thumb/v7e-m+fp/hard\libcr_c.a(initio.o)
 .comment       0x00000049       0x4a c:/nxp/mcuxpressoide_11.6.1_8255/ide/plugins/com.nxp.mcuxpresso.tools.win32_11.6.1.202207200623/tools/bin/../lib/gcc/arm-none-eabi/10.3.1/../../../../arm-none-eabi/lib/thumb/v7e-m+fp/hard\libcr_c.a(printf.o)
 .comment       0x00000049       0x4a c:/nxp/mcuxpressoide_11.6.1_8255/ide/plugins/com.nxp.mcuxpresso.tools.win32_11.6.1.202207200623/tools/bin/../lib/gcc/arm-none-eabi/10.3.1/../../../../arm-none-eabi/lib/thumb/v7e-m+fp/hard\libcr_c.a(setvbuf.o)
 .comment       0x00000049       0x4a c:/nxp/mcuxpressoide_11.6.1_8255/ide/plugins/com.nxp.mcuxpresso.tools.win32_11.6.1.202207200623/tools/bin/../lib/gcc/arm-none-eabi/10.3.1/../../../../arm-none-eabi/lib/thumb/v7e-m+fp/hard\libcr_c.a(strlen.o)
 .comment       0x00000049       0x4a c:/nxp/mcuxpressoide_11.6.1_8255/ide/plugins/com.nxp.mcuxpresso.tools.win32_11.6.1.202207200623/tools/bin/../lib/gcc/arm-none-eabi/10.3.1/../../../../arm-none-eabi/lib/thumb/v7e-m+fp/hard\libcr_c.a(__init_alloc.o)
 .comment       0x00000049       0x4a c:/nxp/mcuxpressoide_11.6.1_8255/ide/plugins/com.nxp.mcuxpresso.tools.win32_11.6.1.202207200623/tools/bin/../lib/gcc/arm-none-eabi/10.3.1/../../../../arm-none-eabi/lib/thumb/v7e-m+fp/hard\libcr_c.a(_cr_sbrk.o)
 .comment       0x00000049       0x4a c:/nxp/mcuxpressoide_11.6.1_8255/ide/plugins/com.nxp.mcuxpresso.tools.win32_11.6.1.202207200623/tools/bin/../lib/gcc/arm-none-eabi/10.3.1/../../../../arm-none-eabi/lib/thumb/v7e-m+fp/hard\libcr_c.a(_deferredlazyseek.o)
 .comment       0x00000049       0x4a c:/nxp/mcuxpressoide_11.6.1_8255/ide/plugins/com.nxp.mcuxpresso.tools.win32_11.6.1.202207200623/tools/bin/../lib/gcc/arm-none-eabi/10.3.1/../../../../arm-none-eabi/lib/thumb/v7e-m+fp/hard\libcr_c.a(_fdopen.o)
 .comment       0x00000049       0x4a c:/nxp/mcuxpressoide_11.6.1_8255/ide/plugins/com.nxp.mcuxpresso.tools.win32_11.6.1.202207200623/tools/bin/../lib/gcc/arm-none-eabi/10.3.1/../../../../arm-none-eabi/lib/thumb/v7e-m+fp/hard\libcr_c.a(_fflush.o)
 .comment       0x00000049       0x4a c:/nxp/mcuxpressoide_11.6.1_8255/ide/plugins/com.nxp.mcuxpresso.tools.win32_11.6.1.202207200623/tools/bin/../lib/gcc/arm-none-eabi/10.3.1/../../../../arm-none-eabi/lib/thumb/v7e-m+fp/hard\libcr_c.a(_writebuf.o)
 .comment       0x00000049       0x4a c:/nxp/mcuxpressoide_11.6.1_8255/ide/plugins/com.nxp.mcuxpresso.tools.win32_11.6.1.202207200623/tools/bin/../lib/gcc/arm-none-eabi/10.3.1/../../../../arm-none-eabi/lib/thumb/v7e-m+fp/hard\libcr_c.a(errno.o)
 .comment       0x00000049       0x4a c:/nxp/mcuxpressoide_11.6.1_8255/ide/plugins/com.nxp.mcuxpresso.tools.win32_11.6.1.202207200623/tools/bin/../lib/gcc/arm-none-eabi/10.3.1/../../../../arm-none-eabi/lib/thumb/v7e-m+fp/hard\libcr_c.a(fclose.o)
 .comment       0x00000049       0x4a c:/nxp/mcuxpressoide_11.6.1_8255/ide/plugins/com.nxp.mcuxpresso.tools.win32_11.6.1.202207200623/tools/bin/../lib/gcc/arm-none-eabi/10.3.1/../../../../arm-none-eabi/lib/thumb/v7e-m+fp/hard\libcr_c.a(fflush.o)
 .comment       0x00000049       0x4a c:/nxp/mcuxpressoide_11.6.1_8255/ide/plugins/com.nxp.mcuxpresso.tools.win32_11.6.1.202207200623/tools/bin/../lib/gcc/arm-none-eabi/10.3.1/../../../../arm-none-eabi/lib/thumb/v7e-m+fp/hard\libcr_c.a(fseek.o)
 .comment       0x00000049       0x4a c:/nxp/mcuxpressoide_11.6.1_8255/ide/plugins/com.nxp.mcuxpresso.tools.win32_11.6.1.202207200623/tools/bin/../lib/gcc/arm-none-eabi/10.3.1/../../../../arm-none-eabi/lib/thumb/v7e-m+fp/hard\libcr_c.a(ftell.o)
 .comment       0x00000049       0x4a c:/nxp/mcuxpressoide_11.6.1_8255/ide/plugins/com.nxp.mcuxpresso.tools.win32_11.6.1.202207200623/tools/bin/../lib/gcc/arm-none-eabi/10.3.1/../../../../arm-none-eabi/lib/thumb/v7e-m+fp/hard\libcr_c.a(remove.o)
 .comment       0x00000049       0x4a c:/nxp/mcuxpressoide_11.6.1_8255/ide/plugins/com.nxp.mcuxpresso.tools.win32_11.6.1.202207200623/tools/bin/../lib/gcc/arm-none-eabi/10.3.1/../../../../arm-none-eabi/lib/thumb/v7e-m+fp/hard\libcr_c.a(_cr_check_heap.o)
 .comment       0x00000049       0x4a c:/nxp/mcuxpressoide_11.6.1_8255/ide/plugins/com.nxp.mcuxpresso.tools.win32_11.6.1.202207200623/tools/bin/../lib/gcc/arm-none-eabi/10.3.1/../../../../arm-none-eabi/lib/thumb/v7e-m+fp/hard\libcr_c.a(_do_fflush.o)
 .comment       0x00000049       0x4a c:/nxp/mcuxpressoide_11.6.1_8255/ide/plugins/com.nxp.mcuxpresso.tools.win32_11.6.1.202207200623/tools/bin/../lib/gcc/arm-none-eabi/10.3.1/../../../../arm-none-eabi/lib/thumb/v7e-m+fp/hard\libcr_semihost_nf.a(__ciob.o)

.ARM.attributes
                0x00000000       0x32
 .ARM.attributes
                0x00000000       0x34 ./utilities/fsl_assert.o
 .ARM.attributes
                0x00000034       0x34 ./startup/startup_mk66f18.o
 .ARM.attributes
                0x00000068       0x34 ./source/adc16_low_power_async_edma.o
 .ARM.attributes
                0x0000009c       0x34 ./source/semihost_hardfault.o
 .ARM.attributes
                0x000000d0       0x34 ./drivers/fsl_adc16.o
 .ARM.attributes
                0x00000104       0x34 ./drivers/fsl_clock.o
 .ARM.attributes
                0x00000138       0x34 ./drivers/fsl_dmamux.o
 .ARM.attributes
                0x0000016c       0x34 ./drivers/fsl_edma.o
 .ARM.attributes
                0x000001a0       0x34 ./drivers/fsl_lptmr.o
 .ARM.attributes
                0x000001d4       0x34 ./drivers/fsl_lpuart.o
 .ARM.attributes
                0x00000208       0x34 ./drivers/fsl_smc.o
 .ARM.attributes
                0x0000023c       0x34 ./drivers/fsl_uart.o
 .ARM.attributes
                0x00000270       0x34 ./device/system_MK66F18.o
 .ARM.attributes
                0x000002a4       0x34 ./board/board.o
 .ARM.attributes
                0x000002d8       0x34 ./board/clock_config.o
 .ARM.attributes
                0x0000030c       0x34 ./board/pin_mux.o
 .ARM.attributes
                0x00000340       0x34 c:/nxp/mcuxpressoide_11.6.1_8255/ide/plugins/com.nxp.mcuxpresso.tools.win32_11.6.1.202207200623/tools/bin/../lib/gcc/arm-none-eabi/10.3.1/../../../../arm-none-eabi/lib/thumb/v7e-m+fp/hard\libcr_semihost_nf.a(_cr__main.o)
 .ARM.attributes
                0x00000374       0x34 c:/nxp/mcuxpressoide_11.6.1_8255/ide/plugins/com.nxp.mcuxpresso.tools.win32_11.6.1.202207200623/tools/bin/../lib/gcc/arm-none-eabi/10.3.1/../../../../arm-none-eabi/lib/thumb/v7e-m+fp/hard\libcr_c.a(memset.o)
 .ARM.attributes
                0x000003a8       0x34 c:/nxp/mcuxpressoide_11.6.1_8255/ide/plugins/com.nxp.mcuxpresso.tools.win32_11.6.1.202207200623/tools/bin/../lib/gcc/arm-none-eabi/10.3.1/../../../../arm-none-eabi/lib/thumb/v7e-m+fp/hard\libcr_c.a(alloc.o)
 .ARM.attributes
                0x000003dc       0x34 c:/nxp/mcuxpressoide_11.6.1_8255/ide/plugins/com.nxp.mcuxpresso.tools.win32_11.6.1.202207200623/tools/bin/../lib/gcc/arm-none-eabi/10.3.1/../../../../arm-none-eabi/lib/thumb/v7e-m+fp/hard\libcr_c.a(initio.o)
 .ARM.attributes
                0x00000410       0x34 c:/nxp/mcuxpressoide_11.6.1_8255/ide/plugins/com.nxp.mcuxpresso.tools.win32_11.6.1.202207200623/tools/bin/../lib/gcc/arm-none-eabi/10.3.1/../../../../arm-none-eabi/lib/thumb/v7e-m+fp/hard\libcr_c.a(printf.o)
 .ARM.attributes
                0x00000444       0x34 c:/nxp/mcuxpressoide_11.6.1_8255/ide/plugins/com.nxp.mcuxpresso.tools.win32_11.6.1.202207200623/tools/bin/../lib/gcc/arm-none-eabi/10.3.1/../../../../arm-none-eabi/lib/thumb/v7e-m+fp/hard\libcr_c.a(setvbuf.o)
 .ARM.attributes
                0x00000478       0x34 c:/nxp/mcuxpressoide_11.6.1_8255/ide/plugins/com.nxp.mcuxpresso.tools.win32_11.6.1.202207200623/tools/bin/../lib/gcc/arm-none-eabi/10.3.1/../../../../arm-none-eabi/lib/thumb/v7e-m+fp/hard\libcr_c.a(strlen.o)
 .ARM.attributes
                0x000004ac       0x34 c:/nxp/mcuxpressoide_11.6.1_8255/ide/plugins/com.nxp.mcuxpresso.tools.win32_11.6.1.202207200623/tools/bin/../lib/gcc/arm-none-eabi/10.3.1/../../../../arm-none-eabi/lib/thumb/v7e-m+fp/hard\libcr_c.a(__init_alloc.o)
 .ARM.attributes
                0x000004e0       0x34 c:/nxp/mcuxpressoide_11.6.1_8255/ide/plugins/com.nxp.mcuxpresso.tools.win32_11.6.1.202207200623/tools/bin/../lib/gcc/arm-none-eabi/10.3.1/../../../../arm-none-eabi/lib/thumb/v7e-m+fp/hard\libcr_c.a(_cr_sbrk.o)
 .ARM.attributes
                0x00000514       0x34 c:/nxp/mcuxpressoide_11.6.1_8255/ide/plugins/com.nxp.mcuxpresso.tools.win32_11.6.1.202207200623/tools/bin/../lib/gcc/arm-none-eabi/10.3.1/../../../../arm-none-eabi/lib/thumb/v7e-m+fp/hard\libcr_c.a(_deferredlazyseek.o)
 .ARM.attributes
                0x00000548       0x34 c:/nxp/mcuxpressoide_11.6.1_8255/ide/plugins/com.nxp.mcuxpresso.tools.win32_11.6.1.202207200623/tools/bin/../lib/gcc/arm-none-eabi/10.3.1/../../../../arm-none-eabi/lib/thumb/v7e-m+fp/hard\libcr_c.a(_fdopen.o)
 .ARM.attributes