C:\Users\guoj69\Desktop\lab 0\frdmk66f_adc16_low_power_async_edma\CMSIS/core_cm4.h:1679:22:__NVIC_EnableIRQ	16	static
C:\Users\guoj69\Desktop\lab 0\frdmk66f_adc16_low_power_async_edma\utilities/fsl_debug_console.h:169:24:DbgConsole_Deinit	4	static
C:\Users\guoj69\Desktop\lab 0\frdmk66f_adc16_low_power_async_edma\drivers/fsl_smc.h:256:20:SMC_SetPowerModeProtection	16	static
C:\Users\guoj69\Desktop\lab 0\frdmk66f_adc16_low_power_async_edma\drivers/fsl_adc16.h:348:20:ADC16_EnableDMA	16	static
C:\Users\guoj69\Desktop\lab 0\frdmk66f_adc16_low_power_async_edma\drivers/fsl_adc16.h:367:20:ADC16_EnableHardwareTrigger	16	static
C:\Users\guoj69\Desktop\lab 0\frdmk66f_adc16_low_power_async_edma\drivers/fsl_dmamux.h:75:20:DMAMUX_EnableChannel	16	static
C:\Users\guoj69\Desktop\lab 0\frdmk66f_adc16_low_power_async_edma\drivers/fsl_dmamux.h:109:20:DMAMUX_SetSource	24	static
C:\Users\guoj69\Desktop\lab 0\frdmk66f_adc16_low_power_async_edma\drivers/fsl_gpio.h:162:20:GPIO_PinWrite	24	static
C:\Users\guoj69\Desktop\lab 0\frdmk66f_adc16_low_power_async_edma\drivers/fsl_gpio.h:221:20:GPIO_PortToggle	16	static
C:\Users\guoj69\Desktop\lab 0\frdmk66f_adc16_low_power_async_edma\drivers/fsl_lptmr.h:295:20:LPTMR_SetTimerPeriod	16	static
C:\Users\guoj69\Desktop\lab 0\frdmk66f_adc16_low_power_async_edma\drivers/fsl_lptmr.h:339:20:LPTMR_StartTimer	24	static
C:\Users\guoj69\Desktop\lab 0\frdmk66f_adc16_low_power_async_edma\drivers/fsl_lptmr.h:356:20:LPTMR_StopTimer	24	static
C:\Users\guoj69\Desktop\lab 0\frdmk66f_adc16_low_power_async_edma\drivers/fsl_edma.h:488:20:EDMA_EnableAsyncRequest	24	static
../source/adc16_low_power_async_edma.c:102:6:BOARD_ConfigTriggerSource	4	static
../source/adc16_low_power_async_edma.c:108:13:LPTMR_Configuration	16	static
../source/adc16_low_power_async_edma.c:120:13:ADC16_Configuration	32	static
../source/adc16_low_power_async_edma.c:167:13:EDMA_Configuration	32	static
../source/adc16_low_power_async_edma.c:196:13:ProcessSampleData	16	static
../source/adc16_low_power_async_edma.c:215:13:APP_WaitClockStable	8	static
../source/adc16_low_power_async_edma.c:232:13:Delay	16	static
../source/adc16_low_power_async_edma.c:242:13:Edma_Callback	40	static
../source/adc16_low_power_async_edma.c:257:5:main	8	static
